#
# There is insufficient memory for the Java Runtime Environment to continue.
# Native memory allocation (malloc) failed to allocate 1905776 bytes. Error detail: Chunk::new
# Possible reasons:
#   The system is out of physical RAM or swap space
#   This process is running with CompressedOops enabled, and the Java Heap may be blocking the growth of the native heap
# Possible solutions:
#   Reduce memory load on the system
#   Increase physical memory or swap space
#   Check if swap backing store is full
#   Decrease Java heap size (-Xmx/-Xms)
#   Decrease number of Java threads
#   Decrease Java thread stack sizes (-Xss)
#   Set larger code cache with -XX:ReservedCodeCacheSize=
#   JVM is running with Unscaled Compressed Oops mode in which the Java heap is
#     placed in the first 4GB address space. The Java Heap base address is the
#     maximum limit for the native heap growth. Please use -XX:HeapBaseMinAddress
#     to set the Java Heap base and to place the Java Heap above 4GB virtual address.
# This output file may be truncated or incomplete.
#
#  Out of Memory Error (arena.cpp:168), pid=36412, tid=17828
#
# JRE version: OpenJDK Runtime Environment Temurin-21.0.11+10 (21.0.11+10) (build 21.0.11+10-LTS)
# Java VM: OpenJDK 64-Bit Server VM Temurin-21.0.11+10 (21.0.11+10-LTS, mixed mode, tiered, compressed oops, compressed class ptrs, g1 gc, windows-amd64)
# No core dump will be written. Minidumps are not enabled by default on client versions of Windows
#

---------------  S U M M A R Y ------------

Command Line: --add-opens=java.base/java.lang=ALL-UNNAMED --add-opens=java.base/java.lang.invoke=ALL-UNNAMED --add-opens=java.base/java.util=ALL-UNNAMED --add-opens=java.prefs/java.util.prefs=ALL-UNNAMED --add-exports=jdk.compiler/com.sun.tools.javac.api=ALL-UNNAMED --add-exports=jdk.compiler/com.sun.tools.javac.util=ALL-UNNAMED --add-opens=java.base/java.util=ALL-UNNAMED --add-opens=java.prefs/java.util.prefs=ALL-UNNAMED --add-opens=java.base/java.nio.charset=ALL-UNNAMED --add-opens=java.base/java.net=ALL-UNNAMED --add-opens=java.base/java.util.concurrent.atomic=ALL-UNNAMED --add-opens=java.xml/javax.xml.namespace=ALL-UNNAMED -XX:MaxMetaspaceSize=384m -XX:+HeapDumpOnOutOfMemoryError -Xms256m -Xmx512m -Dfile.encoding=UTF-8 -Duser.country=IN -Duser.language=en -Duser.variant -javaagent:C:\Users\AFIS\.gradle\wrapper\dists\gradle-8.14.3-bin\cv11ve7ro1n3o1j4so8xd9n66\gradle-8.14.3\lib\agents\gradle-instrumentation-agent-8.14.3.jar org.gradle.launcher.daemon.bootstrap.GradleDaemon 8.14.3

Host: 11th Gen Intel(R) Core(TM) i3-1115G4 @ 3.00GHz, 4 cores, 7G,  Windows 11 , 64 bit Build 26100 (10.0.26100.8521)
Time: Mon Jun 29 10:06:43 2026 India Standard Time elapsed time: 7.382761 seconds (0d 0h 0m 7s)

---------------  T H R E A D  ---------------

Current thread (0x0000013c3490c460):  JavaThread "C2 CompilerThread1" daemon [_thread_in_native, id=17828, stack(0x0000003a55d00000,0x0000003a55e00000) (1024K)]


Current CompileTask:
C2:7383 2740   !   4       java.lang.ClassLoader::loadClass (121 bytes)

Stack: [0x0000003a55d00000,0x0000003a55e00000]
Native frames: (J=compiled Java code, j=interpreted, Vv=VM code, C=native code)
V  [jvm.dll+0x6d7e19]
V  [jvm.dll+0x8b5096]
V  [jvm.dll+0x8b764e]
V  [jvm.dll+0x8b7d33]
V  [jvm.dll+0x284596]
V  [jvm.dll+0xc685d]
V  [jvm.dll+0xc6da1]
V  [jvm.dll+0x3bed31]
V  [jvm.dll+0x38b2b2]
V  [jvm.dll+0x38a6fa]
V  [jvm.dll+0x24c700]
V  [jvm.dll+0x24bce0]
V  [jvm.dll+0x1cb4ae]
V  [jvm.dll+0x25baad]
V  [jvm.dll+0x25a03a]
V  [jvm.dll+0x3f868e]
V  [jvm.dll+0x85fb0d]
V  [jvm.dll+0x6d664d]
C  [ucrtbase.dll+0x2cd30]
C  [KERNEL32.DLL+0x2e957]
C  [ntdll.dll+0x87c1c]


---------------  P R O C E S S  ---------------

Threads class SMR info:
_java_thread_list=0x0000013c35fd7350, length=25, elements={
0x0000013c1ad7f3b0, 0x0000013c3409f620, 0x0000013c340a0080, 0x0000013c340a1800,
0x0000013c340a3210, 0x0000013c340a3c70, 0x0000013c340a46d0, 0x0000013c340a5460,
0x0000013c341257e0, 0x0000013c343eeaf0, 0x0000013c343d9580, 0x0000013c35d02260,
0x0000013c3462daf0, 0x0000013c352fed90, 0x0000013c3490c460, 0x0000013c351f3620,
0x0000013c34a01000, 0x0000013c34534e90, 0x0000013c351eefe0, 0x0000013c351c5d60,
0x0000013c351c63f0, 0x0000013c351c7110, 0x0000013c351c84c0, 0x0000013c351c5040,
0x0000013c351c56d0
}

Java Threads: ( => current thread )
  0x0000013c1ad7f3b0 JavaThread "main"                              [_thread_blocked, id=5256, stack(0x0000003a54500000,0x0000003a54600000) (1024K)]
  0x0000013c3409f620 JavaThread "Reference Handler"          daemon [_thread_blocked, id=35764, stack(0x0000003a54d00000,0x0000003a54e00000) (1024K)]
  0x0000013c340a0080 JavaThread "Finalizer"                  daemon [_thread_blocked, id=9240, stack(0x0000003a54e00000,0x0000003a54f00000) (1024K)]
  0x0000013c340a1800 JavaThread "Signal Dispatcher"          daemon [_thread_blocked, id=32684, stack(0x0000003a54f00000,0x0000003a55000000) (1024K)]
  0x0000013c340a3210 JavaThread "Attach Listener"            daemon [_thread_blocked, id=32176, stack(0x0000003a55000000,0x0000003a55100000) (1024K)]
  0x0000013c340a3c70 JavaThread "Service Thread"             daemon [_thread_blocked, id=20888, stack(0x0000003a55100000,0x0000003a55200000) (1024K)]
  0x0000013c340a46d0 JavaThread "Monitor Deflation Thread"   daemon [_thread_blocked, id=35792, stack(0x0000003a55200000,0x0000003a55300000) (1024K)]
  0x0000013c340a5460 JavaThread "C2 CompilerThread0"         daemon [_thread_blocked, id=20320, stack(0x0000003a55300000,0x0000003a55400000) (1024K)]
  0x0000013c341257e0 JavaThread "C1 CompilerThread0"         daemon [_thread_blocked, id=21320, stack(0x0000003a55400000,0x0000003a55500000) (1024K)]
  0x0000013c343eeaf0 JavaThread "Common-Cleaner"             daemon [_thread_blocked, id=36032, stack(0x0000003a55500000,0x0000003a55600000) (1024K)]
  0x0000013c343d9580 JavaThread "Notification Thread"        daemon [_thread_blocked, id=27008, stack(0x0000003a55600000,0x0000003a55700000) (1024K)]
  0x0000013c35d02260 JavaThread "Daemon health stats"               [_thread_blocked, id=20956, stack(0x0000003a55a00000,0x0000003a55b00000) (1024K)]
  0x0000013c3462daf0 JavaThread "Incoming local TCP Connector on port 59620"        [_thread_in_native, id=26228, stack(0x0000003a55b00000,0x0000003a55c00000) (1024K)]
  0x0000013c352fed90 JavaThread "Daemon periodic checks"            [_thread_blocked, id=4368, stack(0x0000003a55c00000,0x0000003a55d00000) (1024K)]
=>0x0000013c3490c460 JavaThread "C2 CompilerThread1"         daemon [_thread_in_native, id=17828, stack(0x0000003a55d00000,0x0000003a55e00000) (1024K)]
  0x0000013c351f3620 JavaThread "Daemon"                            [_thread_blocked, id=24332, stack(0x0000003a55e00000,0x0000003a55f00000) (1024K)]
  0x0000013c34a01000 JavaThread "Handler for socket connection from /127.0.0.1:59620 to /127.0.0.1:59621"        [_thread_in_native, id=26988, stack(0x0000003a55f00000,0x0000003a56000000) (1024K)]
  0x0000013c34534e90 JavaThread "Cancel handler"                    [_thread_blocked, id=17852, stack(0x0000003a56000000,0x0000003a56100000) (1024K)]
  0x0000013c351eefe0 JavaThread "Daemon worker"                     [_thread_in_Java, id=31600, stack(0x0000003a56100000,0x0000003a56200000) (1024K)]
  0x0000013c351c5d60 JavaThread "Asynchronous log dispatcher for DefaultDaemonConnection: socket connection from /127.0.0.1:59620 to /127.0.0.1:59621"        [_thread_blocked, id=9956, stack(0x0000003a56200000,0x0000003a56300000) (1024K)]
  0x0000013c351c63f0 JavaThread "Stdin handler"                     [_thread_blocked, id=28280, stack(0x0000003a56300000,0x0000003a56400000) (1024K)]
  0x0000013c351c7110 JavaThread "Daemon client event forwarder"        [_thread_blocked, id=30744, stack(0x0000003a56400000,0x0000003a56500000) (1024K)]
  0x0000013c351c84c0 JavaThread "Cache worker for journal cache (C:\Users\AFIS\.gradle\caches\journal-1)"        [_thread_blocked, id=2744, stack(0x0000003a56500000,0x0000003a56600000) (1024K)]
  0x0000013c351c5040 JavaThread "File lock request listener"        [_thread_in_native, id=17452, stack(0x0000003a56600000,0x0000003a56700000) (1024K)]
  0x0000013c351c56d0 JavaThread "Cache worker for file hash cache (C:\Users\AFIS\.gradle\caches\8.14.3\fileHashes)"        [_thread_blocked, id=21476, stack(0x0000003a56700000,0x0000003a56800000) (1024K)]
Total: 25

Other Threads:
  0x0000013c2fec4d50 VMThread "VM Thread"                           [id=24480, stack(0x0000003a54c00000,0x0000003a54d00000) (1024K)]
  0x0000013c2fe85480 WatcherThread "VM Periodic Task Thread"        [id=20820, stack(0x0000003a54b00000,0x0000003a54c00000) (1024K)]
  0x0000013c1ada8ee0 WorkerThread "GC Thread#0"                     [id=34132, stack(0x0000003a54600000,0x0000003a54700000) (1024K)]
  0x0000013c344e89e0 WorkerThread "GC Thread#1"                     [id=34196, stack(0x0000003a55700000,0x0000003a55800000) (1024K)]
  0x0000013c34598290 WorkerThread "GC Thread#2"                     [id=18916, stack(0x0000003a55800000,0x0000003a55900000) (1024K)]
  0x0000013c34598640 WorkerThread "GC Thread#3"                     [id=1872, stack(0x0000003a55900000,0x0000003a55a00000) (1024K)]
  0x0000013c1adaedf0 ConcurrentGCThread "G1 Main Marker"            [id=7340, stack(0x0000003a54700000,0x0000003a54800000) (1024K)]
  0x0000013c1adb0820 WorkerThread "G1 Conc#0"                       [id=36336, stack(0x0000003a54800000,0x0000003a54900000) (1024K)]
  0x0000013c2fd54a10 ConcurrentGCThread "G1 Refine#0"               [id=36116, stack(0x0000003a54900000,0x0000003a54a00000) (1024K)]
  0x0000013c2fd559e0 ConcurrentGCThread "G1 Service"                [id=22256, stack(0x0000003a54a00000,0x0000003a54b00000) (1024K)]
Total: 10

Threads with active compile tasks:
C2 CompilerThread1  7416 2740   !   4       java.lang.ClassLoader::loadClass (121 bytes)
Total: 1

VM state: not at safepoint (normal execution)

VM Mutex/Monitor currently owned by a thread: None

Heap address: 0x00000000e0000000, size: 512 MB, Compressed Oops mode: 32-bit

CDS archive(s) not mapped
Compressed class space mapped at: 0x0000000100000000-0x0000000114000000, reserved size: 335544320
Narrow klass base: 0x0000000000000000, Narrow klass shift: 3, Narrow klass range: 0x114000000

GC Precious Log:
 CardTable entry size: 512
 Card Set container configuration: InlinePtr #cards 5 size 8 Array Of Cards #cards 12 size 40 Howl #buckets 4 coarsen threshold 1843 Howl Bitmap #cards 512 size 80 coarsen threshold 460 Card regions per heap region 1 cards per card region 2048
 CPUs: 4 total, 4 available
 Memory: 7834M
 Large Page Support: Disabled
 NUMA Support: Disabled
 Compressed Oops: Enabled (32-bit)
 Heap Region Size: 1M
 Heap Min Capacity: 256M
 Heap Initial Capacity: 256M
 Heap Max Capacity: 512M
 Pre-touch: Disabled
 Parallel Workers: 4
 Concurrent Workers: 1
 Concurrent Refinement Workers: 4
 Periodic GC: Disabled

Heap:
 garbage-first heap   total 262144K, used 39788K [0x00000000e0000000, 0x0000000100000000)
  region size 1024K, 33 young (33792K), 13 survivors (13312K)
 Metaspace       used 24328K, committed 24768K, reserved 393216K
  class space    used 2973K, committed 3200K, reserved 327680K

Heap Regions: E=young(eden), S=young(survivor), O=old, HS=humongous(starts), HC=humongous(continues), CS=collection set, F=free, TAMS=top-at-mark-start, PB=parsable bottom
|   0|0x00000000e0000000, 0x00000000e0100000, 0x00000000e0100000|100%|HS|  |TAMS 0x00000000e0000000| PB 0x00000000e0000000| Complete 
|   1|0x00000000e0100000, 0x00000000e0200000, 0x00000000e0200000|100%|HC|  |TAMS 0x00000000e0100000| PB 0x00000000e0100000| Complete 
|   2|0x00000000e0200000, 0x00000000e0300000, 0x00000000e0300000|100%|HC|  |TAMS 0x00000000e0200000| PB 0x00000000e0200000| Complete 
|   3|0x00000000e0300000, 0x00000000e0400000, 0x00000000e0400000|100%| O|  |TAMS 0x00000000e0300000| PB 0x00000000e0300000| Untracked 
|   4|0x00000000e0400000, 0x00000000e0500000, 0x00000000e0500000|100%| O|  |TAMS 0x00000000e0400000| PB 0x00000000e0400000| Untracked 
|   5|0x00000000e0500000, 0x00000000e05f3fc8, 0x00000000e0600000| 95%| O|  |TAMS 0x00000000e0500000| PB 0x00000000e0500000| Untracked 
|   6|0x00000000e0600000, 0x00000000e0700000, 0x00000000e0700000|100%|HS|  |TAMS 0x00000000e0600000| PB 0x00000000e0600000| Complete 
|   7|0x00000000e0700000, 0x00000000e0700000, 0x00000000e0800000|  0%| F|  |TAMS 0x00000000e0700000| PB 0x00000000e0700000| Untracked 
|   8|0x00000000e0800000, 0x00000000e0800000, 0x00000000e0900000|  0%| F|  |TAMS 0x00000000e0800000| PB 0x00000000e0800000| Untracked 
|   9|0x00000000e0900000, 0x00000000e0900000, 0x00000000e0a00000|  0%| F|  |TAMS 0x00000000e0900000| PB 0x00000000e0900000| Untracked 
|  10|0x00000000e0a00000, 0x00000000e0a00000, 0x00000000e0b00000|  0%| F|  |TAMS 0x00000000e0a00000| PB 0x00000000e0a00000| Untracked 
|  11|0x00000000e0b00000, 0x00000000e0b00000, 0x00000000e0c00000|  0%| F|  |TAMS 0x00000000e0b00000| PB 0x00000000e0b00000| Untracked 
|  12|0x00000000e0c00000, 0x00000000e0c00000, 0x00000000e0d00000|  0%| F|  |TAMS 0x00000000e0c00000| PB 0x00000000e0c00000| Untracked 
|  13|0x00000000e0d00000, 0x00000000e0d00000, 0x00000000e0e00000|  0%| F|  |TAMS 0x00000000e0d00000| PB 0x00000000e0d00000| Untracked 
|  14|0x00000000e0e00000, 0x00000000e0e00000, 0x00000000e0f00000|  0%| F|  |TAMS 0x00000000e0e00000| PB 0x00000000e0e00000| Untracked 
|  15|0x00000000e0f00000, 0x00000000e0f00000, 0x00000000e1000000|  0%| F|  |TAMS 0x00000000e0f00000| PB 0x00000000e0f00000| Untracked 
|  16|0x00000000e1000000, 0x00000000e1000000, 0x00000000e1100000|  0%| F|  |TAMS 0x00000000e1000000| PB 0x00000000e1000000| Untracked 
|  17|0x00000000e1100000, 0x00000000e1100000, 0x00000000e1200000|  0%| F|  |TAMS 0x00000000e1100000| PB 0x00000000e1100000| Untracked 
|  18|0x00000000e1200000, 0x00000000e1200000, 0x00000000e1300000|  0%| F|  |TAMS 0x00000000e1200000| PB 0x00000000e1200000| Untracked 
|  19|0x00000000e1300000, 0x00000000e1300000, 0x00000000e1400000|  0%| F|  |TAMS 0x00000000e1300000| PB 0x00000000e1300000| Untracked 
|  20|0x00000000e1400000, 0x00000000e1400000, 0x00000000e1500000|  0%| F|  |TAMS 0x00000000e1400000| PB 0x00000000e1400000| Untracked 
|  21|0x00000000e1500000, 0x00000000e1500000, 0x00000000e1600000|  0%| F|  |TAMS 0x00000000e1500000| PB 0x00000000e1500000| Untracked 
|  22|0x00000000e1600000, 0x00000000e1600000, 0x00000000e1700000|  0%| F|  |TAMS 0x00000000e1600000| PB 0x00000000e1600000| Untracked 
|  23|0x00000000e1700000, 0x00000000e1700000, 0x00000000e1800000|  0%| F|  |TAMS 0x00000000e1700000| PB 0x00000000e1700000| Untracked 
|  24|0x00000000e1800000, 0x00000000e1800000, 0x00000000e1900000|  0%| F|  |TAMS 0x00000000e1800000| PB 0x00000000e1800000| Untracked 
|  25|0x00000000e1900000, 0x00000000e1900000, 0x00000000e1a00000|  0%| F|  |TAMS 0x00000000e1900000| PB 0x00000000e1900000| Untracked 
|  26|0x00000000e1a00000, 0x00000000e1a00000, 0x00000000e1b00000|  0%| F|  |TAMS 0x00000000e1a00000| PB 0x00000000e1a00000| Untracked 
|  27|0x00000000e1b00000, 0x00000000e1b00000, 0x00000000e1c00000|  0%| F|  |TAMS 0x00000000e1b00000| PB 0x00000000e1b00000| Untracked 
|  28|0x00000000e1c00000, 0x00000000e1c00000, 0x00000000e1d00000|  0%| F|  |TAMS 0x00000000e1c00000| PB 0x00000000e1c00000| Untracked 
|  29|0x00000000e1d00000, 0x00000000e1d00000, 0x00000000e1e00000|  0%| F|  |TAMS 0x00000000e1d00000| PB 0x00000000e1d00000| Untracked 
|  30|0x00000000e1e00000, 0x00000000e1e00000, 0x00000000e1f00000|  0%| F|  |TAMS 0x00000000e1e00000| PB 0x00000000e1e00000| Untracked 
|  31|0x00000000e1f00000, 0x00000000e1f00000, 0x00000000e2000000|  0%| F|  |TAMS 0x00000000e1f00000| PB 0x00000000e1f00000| Untracked 
|  32|0x00000000e2000000, 0x00000000e2000000, 0x00000000e2100000|  0%| F|  |TAMS 0x00000000e2000000| PB 0x00000000e2000000| Untracked 
|  33|0x00000000e2100000, 0x00000000e2100000, 0x00000000e2200000|  0%| F|  |TAMS 0x00000000e2100000| PB 0x00000000e2100000| Untracked 
|  34|0x00000000e2200000, 0x00000000e2200000, 0x00000000e2300000|  0%| F|  |TAMS 0x00000000e2200000| PB 0x00000000e2200000| Untracked 
|  35|0x00000000e2300000, 0x00000000e2300000, 0x00000000e2400000|  0%| F|  |TAMS 0x00000000e2300000| PB 0x00000000e2300000| Untracked 
|  36|0x00000000e2400000, 0x00000000e2400000, 0x00000000e2500000|  0%| F|  |TAMS 0x00000000e2400000| PB 0x00000000e2400000| Untracked 
|  37|0x00000000e2500000, 0x00000000e2500000, 0x00000000e2600000|  0%| F|  |TAMS 0x00000000e2500000| PB 0x00000000e2500000| Untracked 
|  38|0x00000000e2600000, 0x00000000e2600000, 0x00000000e2700000|  0%| F|  |TAMS 0x00000000e2600000| PB 0x00000000e2600000| Untracked 
|  39|0x00000000e2700000, 0x00000000e2700000, 0x00000000e2800000|  0%| F|  |TAMS 0x00000000e2700000| PB 0x00000000e2700000| Untracked 
|  40|0x00000000e2800000, 0x00000000e2800000, 0x00000000e2900000|  0%| F|  |TAMS 0x00000000e2800000| PB 0x00000000e2800000| Untracked 
|  41|0x00000000e2900000, 0x00000000e2900000, 0x00000000e2a00000|  0%| F|  |TAMS 0x00000000e2900000| PB 0x00000000e2900000| Untracked 
|  42|0x00000000e2a00000, 0x00000000e2a00000, 0x00000000e2b00000|  0%| F|  |TAMS 0x00000000e2a00000| PB 0x00000000e2a00000| Untracked 
|  43|0x00000000e2b00000, 0x00000000e2b00000, 0x00000000e2c00000|  0%| F|  |TAMS 0x00000000e2b00000| PB 0x00000000e2b00000| Untracked 
|  44|0x00000000e2c00000, 0x00000000e2c00000, 0x00000000e2d00000|  0%| F|  |TAMS 0x00000000e2c00000| PB 0x00000000e2c00000| Untracked 
|  45|0x00000000e2d00000, 0x00000000e2d00000, 0x00000000e2e00000|  0%| F|  |TAMS 0x00000000e2d00000| PB 0x00000000e2d00000| Untracked 
|  46|0x00000000e2e00000, 0x00000000e2e00000, 0x00000000e2f00000|  0%| F|  |TAMS 0x00000000e2e00000| PB 0x00000000e2e00000| Untracked 
|  47|0x00000000e2f00000, 0x00000000e2f00000, 0x00000000e3000000|  0%| F|  |TAMS 0x00000000e2f00000| PB 0x00000000e2f00000| Untracked 
|  48|0x00000000e3000000, 0x00000000e3000000, 0x00000000e3100000|  0%| F|  |TAMS 0x00000000e3000000| PB 0x00000000e3000000| Untracked 
|  49|0x00000000e3100000, 0x00000000e3100000, 0x00000000e3200000|  0%| F|  |TAMS 0x00000000e3100000| PB 0x00000000e3100000| Untracked 
|  50|0x00000000e3200000, 0x00000000e3200000, 0x00000000e3300000|  0%| F|  |TAMS 0x00000000e3200000| PB 0x00000000e3200000| Untracked 
|  51|0x00000000e3300000, 0x00000000e3300000, 0x00000000e3400000|  0%| F|  |TAMS 0x00000000e3300000| PB 0x00000000e3300000| Untracked 
|  52|0x00000000e3400000, 0x00000000e3400000, 0x00000000e3500000|  0%| F|  |TAMS 0x00000000e3400000| PB 0x00000000e3400000| Untracked 
|  53|0x00000000e3500000, 0x00000000e3500000, 0x00000000e3600000|  0%| F|  |TAMS 0x00000000e3500000| PB 0x00000000e3500000| Untracked 
|  54|0x00000000e3600000, 0x00000000e3600000, 0x00000000e3700000|  0%| F|  |TAMS 0x00000000e3600000| PB 0x00000000e3600000| Untracked 
|  55|0x00000000e3700000, 0x00000000e3700000, 0x00000000e3800000|  0%| F|  |TAMS 0x00000000e3700000| PB 0x00000000e3700000| Untracked 
|  56|0x00000000e3800000, 0x00000000e3800000, 0x00000000e3900000|  0%| F|  |TAMS 0x00000000e3800000| PB 0x00000000e3800000| Untracked 
|  57|0x00000000e3900000, 0x00000000e3900000, 0x00000000e3a00000|  0%| F|  |TAMS 0x00000000e3900000| PB 0x00000000e3900000| Untracked 
|  58|0x00000000e3a00000, 0x00000000e3a00000, 0x00000000e3b00000|  0%| F|  |TAMS 0x00000000e3a00000| PB 0x00000000e3a00000| Untracked 
|  59|0x00000000e3b00000, 0x00000000e3b00000, 0x00000000e3c00000|  0%| F|  |TAMS 0x00000000e3b00000| PB 0x00000000e3b00000| Untracked 
|  60|0x00000000e3c00000, 0x00000000e3c00000, 0x00000000e3d00000|  0%| F|  |TAMS 0x00000000e3c00000| PB 0x00000000e3c00000| Untracked 
|  61|0x00000000e3d00000, 0x00000000e3d00000, 0x00000000e3e00000|  0%| F|  |TAMS 0x00000000e3d00000| PB 0x00000000e3d00000| Untracked 
|  62|0x00000000e3e00000, 0x00000000e3e00000, 0x00000000e3f00000|  0%| F|  |TAMS 0x00000000e3e00000| PB 0x00000000e3e00000| Untracked 
|  63|0x00000000e3f00000, 0x00000000e3f00000, 0x00000000e4000000|  0%| F|  |TAMS 0x00000000e3f00000| PB 0x00000000e3f00000| Untracked 
|  64|0x00000000e4000000, 0x00000000e4000000, 0x00000000e4100000|  0%| F|  |TAMS 0x00000000e4000000| PB 0x00000000e4000000| Untracked 
|  65|0x00000000e4100000, 0x00000000e4100000, 0x00000000e4200000|  0%| F|  |TAMS 0x00000000e4100000| PB 0x00000000e4100000| Untracked 
|  66|0x00000000e4200000, 0x00000000e4200000, 0x00000000e4300000|  0%| F|  |TAMS 0x00000000e4200000| PB 0x00000000e4200000| Untracked 
|  67|0x00000000e4300000, 0x00000000e4300000, 0x00000000e4400000|  0%| F|  |TAMS 0x00000000e4300000| PB 0x00000000e4300000| Untracked 
|  68|0x00000000e4400000, 0x00000000e4400000, 0x00000000e4500000|  0%| F|  |TAMS 0x00000000e4400000| PB 0x00000000e4400000| Untracked 
|  69|0x00000000e4500000, 0x00000000e4500000, 0x00000000e4600000|  0%| F|  |TAMS 0x00000000e4500000| PB 0x00000000e4500000| Untracked 
|  70|0x00000000e4600000, 0x00000000e4600000, 0x00000000e4700000|  0%| F|  |TAMS 0x00000000e4600000| PB 0x00000000e4600000| Untracked 
|  71|0x00000000e4700000, 0x00000000e4700000, 0x00000000e4800000|  0%| F|  |TAMS 0x00000000e4700000| PB 0x00000000e4700000| Untracked 
|  72|0x00000000e4800000, 0x00000000e4800000, 0x00000000e4900000|  0%| F|  |TAMS 0x00000000e4800000| PB 0x00000000e4800000| Untracked 
|  73|0x00000000e4900000, 0x00000000e4900000, 0x00000000e4a00000|  0%| F|  |TAMS 0x00000000e4900000| PB 0x00000000e4900000| Untracked 
|  74|0x00000000e4a00000, 0x00000000e4a00000, 0x00000000e4b00000|  0%| F|  |TAMS 0x00000000e4a00000| PB 0x00000000e4a00000| Untracked 
|  75|0x00000000e4b00000, 0x00000000e4b00000, 0x00000000e4c00000|  0%| F|  |TAMS 0x00000000e4b00000| PB 0x00000000e4b00000| Untracked 
|  76|0x00000000e4c00000, 0x00000000e4c00000, 0x00000000e4d00000|  0%| F|  |TAMS 0x00000000e4c00000| PB 0x00000000e4c00000| Untracked 
|  77|0x00000000e4d00000, 0x00000000e4d00000, 0x00000000e4e00000|  0%| F|  |TAMS 0x00000000e4d00000| PB 0x00000000e4d00000| Untracked 
|  78|0x00000000e4e00000, 0x00000000e4e00000, 0x00000000e4f00000|  0%| F|  |TAMS 0x00000000e4e00000| PB 0x00000000e4e00000| Untracked 
|  79|0x00000000e4f00000, 0x00000000e4f00000, 0x00000000e5000000|  0%| F|  |TAMS 0x00000000e4f00000| PB 0x00000000e4f00000| Untracked 
|  80|0x00000000e5000000, 0x00000000e5000000, 0x00000000e5100000|  0%| F|  |TAMS 0x00000000e5000000| PB 0x00000000e5000000| Untracked 
|  81|0x00000000e5100000, 0x00000000e5100000, 0x00000000e5200000|  0%| F|  |TAMS 0x00000000e5100000| PB 0x00000000e5100000| Untracked 
|  82|0x00000000e5200000, 0x00000000e5200000, 0x00000000e5300000|  0%| F|  |TAMS 0x00000000e5200000| PB 0x00000000e5200000| Untracked 
|  83|0x00000000e5300000, 0x00000000e5300000, 0x00000000e5400000|  0%| F|  |TAMS 0x00000000e5300000| PB 0x00000000e5300000| Untracked 
|  84|0x00000000e5400000, 0x00000000e5400000, 0x00000000e5500000|  0%| F|  |TAMS 0x00000000e5400000| PB 0x00000000e5400000| Untracked 
|  85|0x00000000e5500000, 0x00000000e5500000, 0x00000000e5600000|  0%| F|  |TAMS 0x00000000e5500000| PB 0x00000000e5500000| Untracked 
|  86|0x00000000e5600000, 0x00000000e5600000, 0x00000000e5700000|  0%| F|  |TAMS 0x00000000e5600000| PB 0x00000000e5600000| Untracked 
|  87|0x00000000e5700000, 0x00000000e5700000, 0x00000000e5800000|  0%| F|  |TAMS 0x00000000e5700000| PB 0x00000000e5700000| Untracked 
|  88|0x00000000e5800000, 0x00000000e5800000, 0x00000000e5900000|  0%| F|  |TAMS 0x00000000e5800000| PB 0x00000000e5800000| Untracked 
|  89|0x00000000e5900000, 0x00000000e5900000, 0x00000000e5a00000|  0%| F|  |TAMS 0x00000000e5900000| PB 0x00000000e5900000| Untracked 
|  90|0x00000000e5a00000, 0x00000000e5a00000, 0x00000000e5b00000|  0%| F|  |TAMS 0x00000000e5a00000| PB 0x00000000e5a00000| Untracked 
|  91|0x00000000e5b00000, 0x00000000e5b00000, 0x00000000e5c00000|  0%| F|  |TAMS 0x00000000e5b00000| PB 0x00000000e5b00000| Untracked 
|  92|0x00000000e5c00000, 0x00000000e5c00000, 0x00000000e5d00000|  0%| F|  |TAMS 0x00000000e5c00000| PB 0x00000000e5c00000| Untracked 
|  93|0x00000000e5d00000, 0x00000000e5d00000, 0x00000000e5e00000|  0%| F|  |TAMS 0x00000000e5d00000| PB 0x00000000e5d00000| Untracked 
|  94|0x00000000e5e00000, 0x00000000e5e00000, 0x00000000e5f00000|  0%| F|  |TAMS 0x00000000e5e00000| PB 0x00000000e5e00000| Untracked 
|  95|0x00000000e5f00000, 0x00000000e5f00000, 0x00000000e6000000|  0%| F|  |TAMS 0x00000000e5f00000| PB 0x00000000e5f00000| Untracked 
|  96|0x00000000e6000000, 0x00000000e6000000, 0x00000000e6100000|  0%| F|  |TAMS 0x00000000e6000000| PB 0x00000000e6000000| Untracked 
|  97|0x00000000e6100000, 0x00000000e6100000, 0x00000000e6200000|  0%| F|  |TAMS 0x00000000e6100000| PB 0x00000000e6100000| Untracked 
|  98|0x00000000e6200000, 0x00000000e6200000, 0x00000000e6300000|  0%| F|  |TAMS 0x00000000e6200000| PB 0x00000000e6200000| Untracked 
|  99|0x00000000e6300000, 0x00000000e6300000, 0x00000000e6400000|  0%| F|  |TAMS 0x00000000e6300000| PB 0x00000000e6300000| Untracked 
| 100|0x00000000e6400000, 0x00000000e6400000, 0x00000000e6500000|  0%| F|  |TAMS 0x00000000e6400000| PB 0x00000000e6400000| Untracked 
| 101|0x00000000e6500000, 0x00000000e6500000, 0x00000000e6600000|  0%| F|  |TAMS 0x00000000e6500000| PB 0x00000000e6500000| Untracked 
| 102|0x00000000e6600000, 0x00000000e6600000, 0x00000000e6700000|  0%| F|  |TAMS 0x00000000e6600000| PB 0x00000000e6600000| Untracked 
| 103|0x00000000e6700000, 0x00000000e6700000, 0x00000000e6800000|  0%| F|  |TAMS 0x00000000e6700000| PB 0x00000000e6700000| Untracked 
| 104|0x00000000e6800000, 0x00000000e6800000, 0x00000000e6900000|  0%| F|  |TAMS 0x00000000e6800000| PB 0x00000000e6800000| Untracked 
| 105|0x00000000e6900000, 0x00000000e6900000, 0x00000000e6a00000|  0%| F|  |TAMS 0x00000000e6900000| PB 0x00000000e6900000| Untracked 
| 106|0x00000000e6a00000, 0x00000000e6a00000, 0x00000000e6b00000|  0%| F|  |TAMS 0x00000000e6a00000| PB 0x00000000e6a00000| Untracked 
| 107|0x00000000e6b00000, 0x00000000e6b00000, 0x00000000e6c00000|  0%| F|  |TAMS 0x00000000e6b00000| PB 0x00000000e6b00000| Untracked 
| 108|0x00000000e6c00000, 0x00000000e6c00000, 0x00000000e6d00000|  0%| F|  |TAMS 0x00000000e6c00000| PB 0x00000000e6c00000| Untracked 
| 109|0x00000000e6d00000, 0x00000000e6d00000, 0x00000000e6e00000|  0%| F|  |TAMS 0x00000000e6d00000| PB 0x00000000e6d00000| Untracked 
| 110|0x00000000e6e00000, 0x00000000e6e00000, 0x00000000e6f00000|  0%| F|  |TAMS 0x00000000e6e00000| PB 0x00000000e6e00000| Untracked 
| 111|0x00000000e6f00000, 0x00000000e6f00000, 0x00000000e7000000|  0%| F|  |TAMS 0x00000000e6f00000| PB 0x00000000e6f00000| Untracked 
| 112|0x00000000e7000000, 0x00000000e7000000, 0x00000000e7100000|  0%| F|  |TAMS 0x00000000e7000000| PB 0x00000000e7000000| Untracked 
| 113|0x00000000e7100000, 0x00000000e7100000, 0x00000000e7200000|  0%| F|  |TAMS 0x00000000e7100000| PB 0x00000000e7100000| Untracked 
| 114|0x00000000e7200000, 0x00000000e7200000, 0x00000000e7300000|  0%| F|  |TAMS 0x00000000e7200000| PB 0x00000000e7200000| Untracked 
| 115|0x00000000e7300000, 0x00000000e7300000, 0x00000000e7400000|  0%| F|  |TAMS 0x00000000e7300000| PB 0x00000000e7300000| Untracked 
| 116|0x00000000e7400000, 0x00000000e7400000, 0x00000000e7500000|  0%| F|  |TAMS 0x00000000e7400000| PB 0x00000000e7400000| Untracked 
| 117|0x00000000e7500000, 0x00000000e7500000, 0x00000000e7600000|  0%| F|  |TAMS 0x00000000e7500000| PB 0x00000000e7500000| Untracked 
| 118|0x00000000e7600000, 0x00000000e7600000, 0x00000000e7700000|  0%| F|  |TAMS 0x00000000e7600000| PB 0x00000000e7600000| Untracked 
| 119|0x00000000e7700000, 0x00000000e7700000, 0x00000000e7800000|  0%| F|  |TAMS 0x00000000e7700000| PB 0x00000000e7700000| Untracked 
| 120|0x00000000e7800000, 0x00000000e7800000, 0x00000000e7900000|  0%| F|  |TAMS 0x00000000e7800000| PB 0x00000000e7800000| Untracked 
| 121|0x00000000e7900000, 0x00000000e7900000, 0x00000000e7a00000|  0%| F|  |TAMS 0x00000000e7900000| PB 0x00000000e7900000| Untracked 
| 122|0x00000000e7a00000, 0x00000000e7a00000, 0x00000000e7b00000|  0%| F|  |TAMS 0x00000000e7a00000| PB 0x00000000e7a00000| Untracked 
| 123|0x00000000e7b00000, 0x00000000e7b00000, 0x00000000e7c00000|  0%| F|  |TAMS 0x00000000e7b00000| PB 0x00000000e7b00000| Untracked 
| 124|0x00000000e7c00000, 0x00000000e7c00000, 0x00000000e7d00000|  0%| F|  |TAMS 0x00000000e7c00000| PB 0x00000000e7c00000| Untracked 
| 125|0x00000000e7d00000, 0x00000000e7d00000, 0x00000000e7e00000|  0%| F|  |TAMS 0x00000000e7d00000| PB 0x00000000e7d00000| Untracked 
| 126|0x00000000e7e00000, 0x00000000e7e00000, 0x00000000e7f00000|  0%| F|  |TAMS 0x00000000e7e00000| PB 0x00000000e7e00000| Untracked 
| 127|0x00000000e7f00000, 0x00000000e7f00000, 0x00000000e8000000|  0%| F|  |TAMS 0x00000000e7f00000| PB 0x00000000e7f00000| Untracked 
| 128|0x00000000e8000000, 0x00000000e8000000, 0x00000000e8100000|  0%| F|  |TAMS 0x00000000e8000000| PB 0x00000000e8000000| Untracked 
| 129|0x00000000e8100000, 0x00000000e8100000, 0x00000000e8200000|  0%| F|  |TAMS 0x00000000e8100000| PB 0x00000000e8100000| Untracked 
| 130|0x00000000e8200000, 0x00000000e8200000, 0x00000000e8300000|  0%| F|  |TAMS 0x00000000e8200000| PB 0x00000000e8200000| Untracked 
| 131|0x00000000e8300000, 0x00000000e8300000, 0x00000000e8400000|  0%| F|  |TAMS 0x00000000e8300000| PB 0x00000000e8300000| Untracked 
| 132|0x00000000e8400000, 0x00000000e8400000, 0x00000000e8500000|  0%| F|  |TAMS 0x00000000e8400000| PB 0x00000000e8400000| Untracked 
| 133|0x00000000e8500000, 0x00000000e8500000, 0x00000000e8600000|  0%| F|  |TAMS 0x00000000e8500000| PB 0x00000000e8500000| Untracked 
| 134|0x00000000e8600000, 0x00000000e8600000, 0x00000000e8700000|  0%| F|  |TAMS 0x00000000e8600000| PB 0x00000000e8600000| Untracked 
| 135|0x00000000e8700000, 0x00000000e8700000, 0x00000000e8800000|  0%| F|  |TAMS 0x00000000e8700000| PB 0x00000000e8700000| Untracked 
| 136|0x00000000e8800000, 0x00000000e8800000, 0x00000000e8900000|  0%| F|  |TAMS 0x00000000e8800000| PB 0x00000000e8800000| Untracked 
| 137|0x00000000e8900000, 0x00000000e8900000, 0x00000000e8a00000|  0%| F|  |TAMS 0x00000000e8900000| PB 0x00000000e8900000| Untracked 
| 138|0x00000000e8a00000, 0x00000000e8ae7220, 0x00000000e8b00000| 90%| S|CS|TAMS 0x00000000e8a00000| PB 0x00000000e8a00000| Complete 
| 139|0x00000000e8b00000, 0x00000000e8c00000, 0x00000000e8c00000|100%| S|CS|TAMS 0x00000000e8b00000| PB 0x00000000e8b00000| Complete 
| 140|0x00000000e8c00000, 0x00000000e8d00000, 0x00000000e8d00000|100%| S|CS|TAMS 0x00000000e8c00000| PB 0x00000000e8c00000| Complete 
| 141|0x00000000e8d00000, 0x00000000e8e00000, 0x00000000e8e00000|100%| S|CS|TAMS 0x00000000e8d00000| PB 0x00000000e8d00000| Complete 
| 142|0x00000000e8e00000, 0x00000000e8f00000, 0x00000000e8f00000|100%| S|CS|TAMS 0x00000000e8e00000| PB 0x00000000e8e00000| Complete 
| 143|0x00000000e8f00000, 0x00000000e9000000, 0x00000000e9000000|100%| S|CS|TAMS 0x00000000e8f00000| PB 0x00000000e8f00000| Complete 
| 144|0x00000000e9000000, 0x00000000e9100000, 0x00000000e9100000|100%| S|CS|TAMS 0x00000000e9000000| PB 0x00000000e9000000| Complete 
| 145|0x00000000e9100000, 0x00000000e9200000, 0x00000000e9200000|100%| S|CS|TAMS 0x00000000e9100000| PB 0x00000000e9100000| Complete 
| 146|0x00000000e9200000, 0x00000000e9300000, 0x00000000e9300000|100%| S|CS|TAMS 0x00000000e9200000| PB 0x00000000e9200000| Complete 
| 147|0x00000000e9300000, 0x00000000e9400000, 0x00000000e9400000|100%| S|CS|TAMS 0x00000000e9300000| PB 0x00000000e9300000| Complete 
| 148|0x00000000e9400000, 0x00000000e9500000, 0x00000000e9500000|100%| S|CS|TAMS 0x00000000e9400000| PB 0x00000000e9400000| Complete 
| 149|0x00000000e9500000, 0x00000000e9600000, 0x00000000e9600000|100%| S|CS|TAMS 0x00000000e9500000| PB 0x00000000e9500000| Complete 
| 150|0x00000000e9600000, 0x00000000e9700000, 0x00000000e9700000|100%| S|CS|TAMS 0x00000000e9600000| PB 0x00000000e9600000| Complete 
| 151|0x00000000e9700000, 0x00000000e9700000, 0x00000000e9800000|  0%| F|  |TAMS 0x00000000e9700000| PB 0x00000000e9700000| Untracked 
| 152|0x00000000e9800000, 0x00000000e9800000, 0x00000000e9900000|  0%| F|  |TAMS 0x00000000e9800000| PB 0x00000000e9800000| Untracked 
| 153|0x00000000e9900000, 0x00000000e9900000, 0x00000000e9a00000|  0%| F|  |TAMS 0x00000000e9900000| PB 0x00000000e9900000| Untracked 
| 154|0x00000000e9a00000, 0x00000000e9a00000, 0x00000000e9b00000|  0%| F|  |TAMS 0x00000000e9a00000| PB 0x00000000e9a00000| Untracked 
| 155|0x00000000e9b00000, 0x00000000e9b00000, 0x00000000e9c00000|  0%| F|  |TAMS 0x00000000e9b00000| PB 0x00000000e9b00000| Untracked 
| 156|0x00000000e9c00000, 0x00000000e9c00000, 0x00000000e9d00000|  0%| F|  |TAMS 0x00000000e9c00000| PB 0x00000000e9c00000| Untracked 
| 157|0x00000000e9d00000, 0x00000000e9d00000, 0x00000000e9e00000|  0%| F|  |TAMS 0x00000000e9d00000| PB 0x00000000e9d00000| Untracked 
| 158|0x00000000e9e00000, 0x00000000e9e00000, 0x00000000e9f00000|  0%| F|  |TAMS 0x00000000e9e00000| PB 0x00000000e9e00000| Untracked 
| 159|0x00000000e9f00000, 0x00000000e9f00000, 0x00000000ea000000|  0%| F|  |TAMS 0x00000000e9f00000| PB 0x00000000e9f00000| Untracked 
| 160|0x00000000ea000000, 0x00000000ea000000, 0x00000000ea100000|  0%| F|  |TAMS 0x00000000ea000000| PB 0x00000000ea000000| Untracked 
| 161|0x00000000ea100000, 0x00000000ea100000, 0x00000000ea200000|  0%| F|  |TAMS 0x00000000ea100000| PB 0x00000000ea100000| Untracked 
| 162|0x00000000ea200000, 0x00000000ea200000, 0x00000000ea300000|  0%| F|  |TAMS 0x00000000ea200000| PB 0x00000000ea200000| Untracked 
| 163|0x00000000ea300000, 0x00000000ea300000, 0x00000000ea400000|  0%| F|  |TAMS 0x00000000ea300000| PB 0x00000000ea300000| Untracked 
| 164|0x00000000ea400000, 0x00000000ea400000, 0x00000000ea500000|  0%| F|  |TAMS 0x00000000ea400000| PB 0x00000000ea400000| Untracked 
| 165|0x00000000ea500000, 0x00000000ea500000, 0x00000000ea600000|  0%| F|  |TAMS 0x00000000ea500000| PB 0x00000000ea500000| Untracked 
| 166|0x00000000ea600000, 0x00000000ea600000, 0x00000000ea700000|  0%| F|  |TAMS 0x00000000ea600000| PB 0x00000000ea600000| Untracked 
| 167|0x00000000ea700000, 0x00000000ea700000, 0x00000000ea800000|  0%| F|  |TAMS 0x00000000ea700000| PB 0x00000000ea700000| Untracked 
| 168|0x00000000ea800000, 0x00000000ea800000, 0x00000000ea900000|  0%| F|  |TAMS 0x00000000ea800000| PB 0x00000000ea800000| Untracked 
| 169|0x00000000ea900000, 0x00000000ea900000, 0x00000000eaa00000|  0%| F|  |TAMS 0x00000000ea900000| PB 0x00000000ea900000| Untracked 
| 170|0x00000000eaa00000, 0x00000000eaa00000, 0x00000000eab00000|  0%| F|  |TAMS 0x00000000eaa00000| PB 0x00000000eaa00000| Untracked 
| 171|0x00000000eab00000, 0x00000000eab00000, 0x00000000eac00000|  0%| F|  |TAMS 0x00000000eab00000| PB 0x00000000eab00000| Untracked 
| 172|0x00000000eac00000, 0x00000000eac00000, 0x00000000ead00000|  0%| F|  |TAMS 0x00000000eac00000| PB 0x00000000eac00000| Untracked 
| 173|0x00000000ead00000, 0x00000000ead00000, 0x00000000eae00000|  0%| F|  |TAMS 0x00000000ead00000| PB 0x00000000ead00000| Untracked 
| 174|0x00000000eae00000, 0x00000000eae00000, 0x00000000eaf00000|  0%| F|  |TAMS 0x00000000eae00000| PB 0x00000000eae00000| Untracked 
| 175|0x00000000eaf00000, 0x00000000eaf00000, 0x00000000eb000000|  0%| F|  |TAMS 0x00000000eaf00000| PB 0x00000000eaf00000| Untracked 
| 176|0x00000000eb000000, 0x00000000eb000000, 0x00000000eb100000|  0%| F|  |TAMS 0x00000000eb000000| PB 0x00000000eb000000| Untracked 
| 177|0x00000000eb100000, 0x00000000eb100000, 0x00000000eb200000|  0%| F|  |TAMS 0x00000000eb100000| PB 0x00000000eb100000| Untracked 
| 178|0x00000000eb200000, 0x00000000eb200000, 0x00000000eb300000|  0%| F|  |TAMS 0x00000000eb200000| PB 0x00000000eb200000| Untracked 
| 179|0x00000000eb300000, 0x00000000eb300000, 0x00000000eb400000|  0%| F|  |TAMS 0x00000000eb300000| PB 0x00000000eb300000| Untracked 
| 180|0x00000000eb400000, 0x00000000eb400000, 0x00000000eb500000|  0%| F|  |TAMS 0x00000000eb400000| PB 0x00000000eb400000| Untracked 
| 181|0x00000000eb500000, 0x00000000eb500000, 0x00000000eb600000|  0%| F|  |TAMS 0x00000000eb500000| PB 0x00000000eb500000| Untracked 
| 182|0x00000000eb600000, 0x00000000eb600000, 0x00000000eb700000|  0%| F|  |TAMS 0x00000000eb600000| PB 0x00000000eb600000| Untracked 
| 183|0x00000000eb700000, 0x00000000eb700000, 0x00000000eb800000|  0%| F|  |TAMS 0x00000000eb700000| PB 0x00000000eb700000| Untracked 
| 184|0x00000000eb800000, 0x00000000eb800000, 0x00000000eb900000|  0%| F|  |TAMS 0x00000000eb800000| PB 0x00000000eb800000| Untracked 
| 185|0x00000000eb900000, 0x00000000eb900000, 0x00000000eba00000|  0%| F|  |TAMS 0x00000000eb900000| PB 0x00000000eb900000| Untracked 
| 186|0x00000000eba00000, 0x00000000eba00000, 0x00000000ebb00000|  0%| F|  |TAMS 0x00000000eba00000| PB 0x00000000eba00000| Untracked 
| 187|0x00000000ebb00000, 0x00000000ebb00000, 0x00000000ebc00000|  0%| F|  |TAMS 0x00000000ebb00000| PB 0x00000000ebb00000| Untracked 
| 188|0x00000000ebc00000, 0x00000000ebc00000, 0x00000000ebd00000|  0%| F|  |TAMS 0x00000000ebc00000| PB 0x00000000ebc00000| Untracked 
| 189|0x00000000ebd00000, 0x00000000ebd00000, 0x00000000ebe00000|  0%| F|  |TAMS 0x00000000ebd00000| PB 0x00000000ebd00000| Untracked 
| 190|0x00000000ebe00000, 0x00000000ebe00000, 0x00000000ebf00000|  0%| F|  |TAMS 0x00000000ebe00000| PB 0x00000000ebe00000| Untracked 
| 191|0x00000000ebf00000, 0x00000000ebf00000, 0x00000000ec000000|  0%| F|  |TAMS 0x00000000ebf00000| PB 0x00000000ebf00000| Untracked 
| 192|0x00000000ec000000, 0x00000000ec000000, 0x00000000ec100000|  0%| F|  |TAMS 0x00000000ec000000| PB 0x00000000ec000000| Untracked 
| 193|0x00000000ec100000, 0x00000000ec100000, 0x00000000ec200000|  0%| F|  |TAMS 0x00000000ec100000| PB 0x00000000ec100000| Untracked 
| 194|0x00000000ec200000, 0x00000000ec200000, 0x00000000ec300000|  0%| F|  |TAMS 0x00000000ec200000| PB 0x00000000ec200000| Untracked 
| 195|0x00000000ec300000, 0x00000000ec300000, 0x00000000ec400000|  0%| F|  |TAMS 0x00000000ec300000| PB 0x00000000ec300000| Untracked 
| 196|0x00000000ec400000, 0x00000000ec400000, 0x00000000ec500000|  0%| F|  |TAMS 0x00000000ec400000| PB 0x00000000ec400000| Untracked 
| 197|0x00000000ec500000, 0x00000000ec500000, 0x00000000ec600000|  0%| F|  |TAMS 0x00000000ec500000| PB 0x00000000ec500000| Untracked 
| 198|0x00000000ec600000, 0x00000000ec600000, 0x00000000ec700000|  0%| F|  |TAMS 0x00000000ec600000| PB 0x00000000ec600000| Untracked 
| 199|0x00000000ec700000, 0x00000000ec700000, 0x00000000ec800000|  0%| F|  |TAMS 0x00000000ec700000| PB 0x00000000ec700000| Untracked 
| 200|0x00000000ec800000, 0x00000000ec800000, 0x00000000ec900000|  0%| F|  |TAMS 0x00000000ec800000| PB 0x00000000ec800000| Untracked 
| 201|0x00000000ec900000, 0x00000000ec900000, 0x00000000eca00000|  0%| F|  |TAMS 0x00000000ec900000| PB 0x00000000ec900000| Untracked 
| 202|0x00000000eca00000, 0x00000000eca00000, 0x00000000ecb00000|  0%| F|  |TAMS 0x00000000eca00000| PB 0x00000000eca00000| Untracked 
| 203|0x00000000ecb00000, 0x00000000ecb00000, 0x00000000ecc00000|  0%| F|  |TAMS 0x00000000ecb00000| PB 0x00000000ecb00000| Untracked 
| 204|0x00000000ecc00000, 0x00000000ecc00000, 0x00000000ecd00000|  0%| F|  |TAMS 0x00000000ecc00000| PB 0x00000000ecc00000| Untracked 
| 205|0x00000000ecd00000, 0x00000000ecd00000, 0x00000000ece00000|  0%| F|  |TAMS 0x00000000ecd00000| PB 0x00000000ecd00000| Untracked 
| 206|0x00000000ece00000, 0x00000000ece00000, 0x00000000ecf00000|  0%| F|  |TAMS 0x00000000ece00000| PB 0x00000000ece00000| Untracked 
| 207|0x00000000ecf00000, 0x00000000ecf00000, 0x00000000ed000000|  0%| F|  |TAMS 0x00000000ecf00000| PB 0x00000000ecf00000| Untracked 
| 208|0x00000000ed000000, 0x00000000ed000000, 0x00000000ed100000|  0%| F|  |TAMS 0x00000000ed000000| PB 0x00000000ed000000| Untracked 
| 209|0x00000000ed100000, 0x00000000ed100000, 0x00000000ed200000|  0%| F|  |TAMS 0x00000000ed100000| PB 0x00000000ed100000| Untracked 
| 210|0x00000000ed200000, 0x00000000ed200000, 0x00000000ed300000|  0%| F|  |TAMS 0x00000000ed200000| PB 0x00000000ed200000| Untracked 
| 211|0x00000000ed300000, 0x00000000ed300000, 0x00000000ed400000|  0%| F|  |TAMS 0x00000000ed300000| PB 0x00000000ed300000| Untracked 
| 212|0x00000000ed400000, 0x00000000ed400000, 0x00000000ed500000|  0%| F|  |TAMS 0x00000000ed400000| PB 0x00000000ed400000| Untracked 
| 213|0x00000000ed500000, 0x00000000ed500000, 0x00000000ed600000|  0%| F|  |TAMS 0x00000000ed500000| PB 0x00000000ed500000| Untracked 
| 214|0x00000000ed600000, 0x00000000ed600000, 0x00000000ed700000|  0%| F|  |TAMS 0x00000000ed600000| PB 0x00000000ed600000| Untracked 
| 215|0x00000000ed700000, 0x00000000ed700000, 0x00000000ed800000|  0%| F|  |TAMS 0x00000000ed700000| PB 0x00000000ed700000| Untracked 
| 216|0x00000000ed800000, 0x00000000ed800000, 0x00000000ed900000|  0%| F|  |TAMS 0x00000000ed800000| PB 0x00000000ed800000| Untracked 
| 217|0x00000000ed900000, 0x00000000ed900000, 0x00000000eda00000|  0%| F|  |TAMS 0x00000000ed900000| PB 0x00000000ed900000| Untracked 
| 218|0x00000000eda00000, 0x00000000eda00000, 0x00000000edb00000|  0%| F|  |TAMS 0x00000000eda00000| PB 0x00000000eda00000| Untracked 
| 219|0x00000000edb00000, 0x00000000edb00000, 0x00000000edc00000|  0%| F|  |TAMS 0x00000000edb00000| PB 0x00000000edb00000| Untracked 
| 220|0x00000000edc00000, 0x00000000edc00000, 0x00000000edd00000|  0%| F|  |TAMS 0x00000000edc00000| PB 0x00000000edc00000| Untracked 
| 221|0x00000000edd00000, 0x00000000edd00000, 0x00000000ede00000|  0%| F|  |TAMS 0x00000000edd00000| PB 0x00000000edd00000| Untracked 
| 222|0x00000000ede00000, 0x00000000ede00000, 0x00000000edf00000|  0%| F|  |TAMS 0x00000000ede00000| PB 0x00000000ede00000| Untracked 
| 223|0x00000000edf00000, 0x00000000edf00000, 0x00000000ee000000|  0%| F|  |TAMS 0x00000000edf00000| PB 0x00000000edf00000| Untracked 
| 224|0x00000000ee000000, 0x00000000ee000000, 0x00000000ee100000|  0%| F|  |TAMS 0x00000000ee000000| PB 0x00000000ee000000| Untracked 
| 225|0x00000000ee100000, 0x00000000ee100000, 0x00000000ee200000|  0%| F|  |TAMS 0x00000000ee100000| PB 0x00000000ee100000| Untracked 
| 226|0x00000000ee200000, 0x00000000ee200000, 0x00000000ee300000|  0%| F|  |TAMS 0x00000000ee200000| PB 0x00000000ee200000| Untracked 
| 227|0x00000000ee300000, 0x00000000ee300000, 0x00000000ee400000|  0%| F|  |TAMS 0x00000000ee300000| PB 0x00000000ee300000| Untracked 
| 228|0x00000000ee400000, 0x00000000ee400000, 0x00000000ee500000|  0%| F|  |TAMS 0x00000000ee400000| PB 0x00000000ee400000| Untracked 
| 229|0x00000000ee500000, 0x00000000ee500000, 0x00000000ee600000|  0%| F|  |TAMS 0x00000000ee500000| PB 0x00000000ee500000| Untracked 
| 230|0x00000000ee600000, 0x00000000ee600000, 0x00000000ee700000|  0%| F|  |TAMS 0x00000000ee600000| PB 0x00000000ee600000| Untracked 
| 231|0x00000000ee700000, 0x00000000ee700000, 0x00000000ee800000|  0%| F|  |TAMS 0x00000000ee700000| PB 0x00000000ee700000| Untracked 
| 232|0x00000000ee800000, 0x00000000ee800000, 0x00000000ee900000|  0%| F|  |TAMS 0x00000000ee800000| PB 0x00000000ee800000| Untracked 
| 233|0x00000000ee900000, 0x00000000ee900000, 0x00000000eea00000|  0%| F|  |TAMS 0x00000000ee900000| PB 0x00000000ee900000| Untracked 
| 234|0x00000000eea00000, 0x00000000eea00000, 0x00000000eeb00000|  0%| F|  |TAMS 0x00000000eea00000| PB 0x00000000eea00000| Untracked 
| 235|0x00000000eeb00000, 0x00000000eeb00000, 0x00000000eec00000|  0%| F|  |TAMS 0x00000000eeb00000| PB 0x00000000eeb00000| Untracked 
| 236|0x00000000eec00000, 0x00000000eec591e0, 0x00000000eed00000| 34%| E|  |TAMS 0x00000000eec00000| PB 0x00000000eec00000| Complete 
| 237|0x00000000eed00000, 0x00000000eee00000, 0x00000000eee00000|100%| E|CS|TAMS 0x00000000eed00000| PB 0x00000000eed00000| Complete 
| 238|0x00000000eee00000, 0x00000000eef00000, 0x00000000eef00000|100%| E|CS|TAMS 0x00000000eee00000| PB 0x00000000eee00000| Complete 
| 239|0x00000000eef00000, 0x00000000ef000000, 0x00000000ef000000|100%| E|CS|TAMS 0x00000000eef00000| PB 0x00000000eef00000| Complete 
| 240|0x00000000ef000000, 0x00000000ef100000, 0x00000000ef100000|100%| E|CS|TAMS 0x00000000ef000000| PB 0x00000000ef000000| Complete 
| 241|0x00000000ef100000, 0x00000000ef200000, 0x00000000ef200000|100%| E|CS|TAMS 0x00000000ef100000| PB 0x00000000ef100000| Complete 
| 242|0x00000000ef200000, 0x00000000ef300000, 0x00000000ef300000|100%| E|CS|TAMS 0x00000000ef200000| PB 0x00000000ef200000| Complete 
| 243|0x00000000ef300000, 0x00000000ef400000, 0x00000000ef400000|100%| E|CS|TAMS 0x00000000ef300000| PB 0x00000000ef300000| Complete 
| 244|0x00000000ef400000, 0x00000000ef500000, 0x00000000ef500000|100%| E|CS|TAMS 0x00000000ef400000| PB 0x00000000ef400000| Complete 
| 245|0x00000000ef500000, 0x00000000ef600000, 0x00000000ef600000|100%| E|CS|TAMS 0x00000000ef500000| PB 0x00000000ef500000| Complete 
| 246|0x00000000ef600000, 0x00000000ef700000, 0x00000000ef700000|100%| E|CS|TAMS 0x00000000ef600000| PB 0x00000000ef600000| Complete 
| 247|0x00000000ef700000, 0x00000000ef800000, 0x00000000ef800000|100%| E|CS|TAMS 0x00000000ef700000| PB 0x00000000ef700000| Complete 
| 248|0x00000000ef800000, 0x00000000ef900000, 0x00000000ef900000|100%| E|CS|TAMS 0x00000000ef800000| PB 0x00000000ef800000| Complete 
| 249|0x00000000ef900000, 0x00000000efa00000, 0x00000000efa00000|100%| E|CS|TAMS 0x00000000ef900000| PB 0x00000000ef900000| Complete 
| 250|0x00000000efa00000, 0x00000000efb00000, 0x00000000efb00000|100%| E|CS|TAMS 0x00000000efa00000| PB 0x00000000efa00000| Complete 
| 251|0x00000000efb00000, 0x00000000efc00000, 0x00000000efc00000|100%| E|CS|TAMS 0x00000000efb00000| PB 0x00000000efb00000| Complete 
| 252|0x00000000efc00000, 0x00000000efd00000, 0x00000000efd00000|100%| E|CS|TAMS 0x00000000efc00000| PB 0x00000000efc00000| Complete 
| 253|0x00000000efd00000, 0x00000000efe00000, 0x00000000efe00000|100%| E|CS|TAMS 0x00000000efd00000| PB 0x00000000efd00000| Complete 
| 254|0x00000000efe00000, 0x00000000eff00000, 0x00000000eff00000|100%| E|CS|TAMS 0x00000000efe00000| PB 0x00000000efe00000| Complete 
| 255|0x00000000eff00000, 0x00000000f0000000, 0x00000000f0000000|100%| E|CS|TAMS 0x00000000eff00000| PB 0x00000000eff00000| Complete 

Card table byte_map: [0x0000013c2cf80000,0x0000013c2d080000] _byte_map_base: 0x0000013c2c880000

Marking Bits: (CMBitMap*) 0x0000013c1adaa510
 Bits: [0x0000013c2d080000, 0x0000013c2d880000)

Polling page: 0x0000013c189e0000

Metaspace:

Usage:
  Non-class:     20.89 MB used.
      Class:      2.91 MB used.
       Both:     23.79 MB used.

Virtual space:
  Non-class space:       64.00 MB reserved,      21.06 MB ( 33%) committed,  1 nodes.
      Class space:      320.00 MB reserved,       3.12 MB ( <1%) committed,  1 nodes.
             Both:      384.00 MB reserved,      24.19 MB (  6%) committed. 

Chunk freelists:
   Non-Class:  10.75 MB
       Class:  12.87 MB
        Both:  23.61 MB

MaxMetaspaceSize: 384.00 MB
CompressedClassSpaceSize: 320.00 MB
Initial GC threshold: 21.00 MB
Current GC threshold: 35.12 MB
CDS: off
 - commit_granule_bytes: 65536.
 - commit_granule_words: 8192.
 - virtual_space_node_default_size: 8388608.
 - enlarge_chunks_in_place: 1.
 - use_allocation_guard: 0.


Internal statistics:

num_allocs_failed_limit: 3.
num_arena_births: 508.
num_arena_deaths: 0.
num_vsnodes_births: 2.
num_vsnodes_deaths: 0.
num_space_committed: 388.
num_space_uncommitted: 0.
num_chunks_returned_to_freelist: 3.
num_chunks_taken_from_freelist: 1048.
num_chunk_merges: 3.
num_chunk_splits: 680.
num_chunks_enlarged: 472.
num_inconsistent_stats: 0.

CodeHeap 'non-profiled nmethods': size=120000Kb used=1381Kb max_used=1381Kb free=118618Kb
 bounds [0x0000013c25a50000, 0x0000013c25cc0000, 0x0000013c2cf80000]
CodeHeap 'profiled nmethods': size=120000Kb used=5560Kb max_used=5560Kb free=114439Kb
 bounds [0x0000013c1df80000, 0x0000013c1e4f0000, 0x0000013c254b0000]
CodeHeap 'non-nmethods': size=5760Kb used=1525Kb max_used=1539Kb free=4235Kb
 bounds [0x0000013c254b0000, 0x0000013c25720000, 0x0000013c25a50000]
CodeCache: size=245760Kb, used=8466Kb, max_used=8480Kb, free=237292Kb
 total_blobs=3344, nmethods=2788, adapters=460, full_count=0
Compilation: enabled, stopped_count=0, restarted_count=0

Compilation events (20 events):
Event: 7.145 Thread 0x0000013c341257e0 nmethod 2757 0x0000013c1e4df710 code [0x0000013c1e4df8c0, 0x0000013c1e4dfa28]
Event: 7.147 Thread 0x0000013c340a5460 nmethod 2749 0x0000013c25ba5e10 code [0x0000013c25ba5fe0, 0x0000013c25ba6410]
Event: 7.157 Thread 0x0000013c341257e0 2758       3       org.gradle.internal.service.DefaultServiceRegistry::assertValidServiceType (51 bytes)
Event: 7.158 Thread 0x0000013c340a5460 2761       4       java.util.ArrayList::grow (60 bytes)
Event: 7.158 Thread 0x0000013c341257e0 nmethod 2758 0x0000013c1e4dfb10 code [0x0000013c1e4dfd20, 0x0000013c1e4e0260]
Event: 7.158 Thread 0x0000013c341257e0 2759       3       org.gradle.internal.service.DefaultServiceRegistry::find (151 bytes)
Event: 7.160 Thread 0x0000013c341257e0 nmethod 2759 0x0000013c1e4e0490 code [0x0000013c1e4e0880, 0x0000013c1e4e23d8]
Event: 7.160 Thread 0x0000013c341257e0 2760       3       org.gradle.internal.service.DefaultServiceRegistry::isSatisfiedBy (44 bytes)
Event: 7.160 Thread 0x0000013c341257e0 nmethod 2760 0x0000013c1e4e2c10 code [0x0000013c1e4e2e20, 0x0000013c1e4e3520]
Event: 7.164 Thread 0x0000013c340a5460 nmethod 2761 0x0000013c25ba6910 code [0x0000013c25ba6ac0, 0x0000013c25ba7190]
Event: 7.164 Thread 0x0000013c340a5460 2762       4       java.util.HashMap$KeyIterator::next (8 bytes)
Event: 7.170 Thread 0x0000013c340a5460 nmethod 2762 0x0000013c25ba7390 code [0x0000013c25ba7540, 0x0000013c25ba7970]
Event: 7.180 Thread 0x0000013c341257e0 2763       3       java.util.concurrent.locks.ReentrantLock$NonfairSync::initialTryLock (58 bytes)
Event: 7.180 Thread 0x0000013c341257e0 nmethod 2763 0x0000013c1e4e3690 code [0x0000013c1e4e3880, 0x0000013c1e4e3c78]
Event: 7.181 Thread 0x0000013c341257e0 2764  s    3       java.io.ByteArrayOutputStream::write (32 bytes)
Event: 7.181 Thread 0x0000013c341257e0 nmethod 2764 0x0000013c1e4e3d90 code [0x0000013c1e4e3f40, 0x0000013c1e4e4190]
Event: 7.337 Thread 0x0000013c340a5460 2766   !   4       java.security.AccessController::doPrivileged (26 bytes)
Event: 7.339 Thread 0x0000013c340a5460 nmethod 2766 0x0000013c25ba7e10 code [0x0000013c25ba7fc0, 0x0000013c25ba8100]
Event: 7.347 Thread 0x0000013c341257e0 2767       1       java.lang.reflect.Constructor::getConstructorAccessor (5 bytes)
Event: 7.347 Thread 0x0000013c341257e0 nmethod 2767 0x0000013c25ba8290 code [0x0000013c25ba8420, 0x0000013c25ba84e8]

GC Heap History (6 events):
Event: 1.128 GC heap before
{Heap before GC invocations=0 (full 0):
 garbage-first heap   total 262144K, used 12288K [0x00000000e0000000, 0x0000000100000000)
  region size 1024K, 13 young (13312K), 0 survivors (0K)
 Metaspace       used 7034K, committed 7168K, reserved 393216K
  class space    used 649K, committed 704K, reserved 327680K
}
Event: 1.133 GC heap after
{Heap after GC invocations=1 (full 0):
 garbage-first heap   total 262144K, used 1352K [0x00000000e0000000, 0x0000000100000000)
  region size 1024K, 2 young (2048K), 2 survivors (2048K)
 Metaspace       used 7034K, committed 7168K, reserved 393216K
  class space    used 649K, committed 704K, reserved 327680K
}
Event: 2.447 GC heap before
{Heap before GC invocations=1 (full 0):
 garbage-first heap   total 262144K, used 29000K [0x00000000e0000000, 0x0000000100000000)
  region size 1024K, 27 young (27648K), 2 survivors (2048K)
 Metaspace       used 10562K, committed 10752K, reserved 393216K
  class space    used 1129K, committed 1216K, reserved 327680K
}
Event: 2.455 GC heap after
{Heap after GC invocations=2 (full 0):
 garbage-first heap   total 262144K, used 10191K [0x00000000e0000000, 0x0000000100000000)
  region size 1024K, 4 young (4096K), 4 survivors (4096K)
 Metaspace       used 10562K, committed 10752K, reserved 393216K
  class space    used 1129K, committed 1216K, reserved 327680K
}
Event: 6.646 GC heap before
{Heap before GC invocations=2 (full 0):
 garbage-first heap   total 262144K, used 113615K [0x00000000e0000000, 0x0000000100000000)
  region size 1024K, 105 young (107520K), 4 survivors (4096K)
 Metaspace       used 21177K, committed 21504K, reserved 393216K
  class space    used 2505K, committed 2688K, reserved 327680K
}
Event: 6.659 GC heap after
{Heap after GC invocations=3 (full 0):
 garbage-first heap   total 262144K, used 20332K [0x00000000e0000000, 0x0000000100000000)
  region size 1024K, 13 young (13312K), 13 survivors (13312K)
 Metaspace       used 21177K, committed 21504K, reserved 393216K
  class space    used 2505K, committed 2688K, reserved 327680K
}

Dll operation events (14 events):
Event: 0.041 Loaded shared library C:\Users\AFIS\.antigravity-ide\extensions\redhat.java-1.55.0-win32-x64\jre\21.0.11-win32-x86_64\bin\java.dll
Event: 0.077 Loaded shared library C:\Users\AFIS\.antigravity-ide\extensions\redhat.java-1.55.0-win32-x64\jre\21.0.11-win32-x86_64\bin\zip.dll
Event: 0.488 Loaded shared library C:\Users\AFIS\.antigravity-ide\extensions\redhat.java-1.55.0-win32-x64\jre\21.0.11-win32-x86_64\bin\instrument.dll
Event: 0.509 Loaded shared library C:\Users\AFIS\.antigravity-ide\extensions\redhat.java-1.55.0-win32-x64\jre\21.0.11-win32-x86_64\bin\net.dll
Event: 0.512 Loaded shared library C:\Users\AFIS\.antigravity-ide\extensions\redhat.java-1.55.0-win32-x64\jre\21.0.11-win32-x86_64\bin\nio.dll
Event: 0.529 Loaded shared library C:\Users\AFIS\.antigravity-ide\extensions\redhat.java-1.55.0-win32-x64\jre\21.0.11-win32-x86_64\bin\zip.dll
Event: 1.344 Loaded shared library C:\Users\AFIS\.antigravity-ide\extensions\redhat.java-1.55.0-win32-x64\jre\21.0.11-win32-x86_64\bin\jimage.dll
Event: 1.778 Loaded shared library C:\Users\AFIS\.antigravity-ide\extensions\redhat.java-1.55.0-win32-x64\jre\21.0.11-win32-x86_64\bin\verify.dll
Event: 2.017 Loaded shared library C:\Users\AFIS\.gradle\native\1def1411415f61bf3af743bc5b6707747c0891f09f0c88961ee8f79bc544acac\windows-amd64\native-platform.dll
Event: 2.061 Loaded shared library C:\Users\AFIS\.gradle\native\0.2.7\x86_64-windows-gnu\gradle-fileevents.dll
Event: 5.316 Loaded shared library C:\Users\AFIS\.antigravity-ide\extensions\redhat.java-1.55.0-win32-x64\jre\21.0.11-win32-x86_64\bin\management.dll
Event: 5.325 Loaded shared library C:\Users\AFIS\.antigravity-ide\extensions\redhat.java-1.55.0-win32-x64\jre\21.0.11-win32-x86_64\bin\management_ext.dll
Event: 5.579 Loaded shared library C:\Users\AFIS\.antigravity-ide\extensions\redhat.java-1.55.0-win32-x64\jre\21.0.11-win32-x86_64\bin\extnet.dll
Event: 6.052 Loaded shared library C:\Users\AFIS\.antigravity-ide\extensions\redhat.java-1.55.0-win32-x64\jre\21.0.11-win32-x86_64\bin\sunmscapi.dll

Deoptimization events (20 events):
Event: 6.630 Thread 0x0000013c351eefe0 DEOPT PACKING pc=0x0000013c25b80f88 sp=0x0000003a561fc9b0
Event: 6.630 Thread 0x0000013c351eefe0 DEOPT UNPACKING pc=0x0000013c25507aa2 sp=0x0000003a561fc940 mode 2
Event: 6.699 Thread 0x0000013c351eefe0 Uncommon trap: trap_request=0xffffff45 fr.pc=0x0000013c25b5ee4c relative=0x000000000000046c
Event: 6.699 Thread 0x0000013c351eefe0 Uncommon trap: reason=unstable_if action=reinterpret pc=0x0000013c25b5ee4c method=java.util.HashMap.getNode(Ljava/lang/Object;)Ljava/util/HashMap$Node; @ 66 c2
Event: 6.699 Thread 0x0000013c351eefe0 DEOPT PACKING pc=0x0000013c25b5ee4c sp=0x0000003a561fbf90
Event: 6.699 Thread 0x0000013c351eefe0 DEOPT UNPACKING pc=0x0000013c25507aa2 sp=0x0000003a561fbeb0 mode 2
Event: 6.700 Thread 0x0000013c351eefe0 Uncommon trap: trap_request=0xffffff45 fr.pc=0x0000013c25b5e0d4 relative=0x00000000000003f4
Event: 6.700 Thread 0x0000013c351eefe0 Uncommon trap: reason=unstable_if action=reinterpret pc=0x0000013c25b5e0d4 method=java.util.HashMap.getNode(Ljava/lang/Object;)Ljava/util/HashMap$Node; @ 66 c2
Event: 6.700 Thread 0x0000013c351eefe0 DEOPT PACKING pc=0x0000013c25b5e0d4 sp=0x0000003a561fbf30
Event: 6.700 Thread 0x0000013c351eefe0 DEOPT UNPACKING pc=0x0000013c25507aa2 sp=0x0000003a561fbeb0 mode 2
Event: 6.714 Thread 0x0000013c351eefe0 Uncommon trap: trap_request=0xffffff45 fr.pc=0x0000013c25b6442c relative=0x000000000000026c
Event: 6.714 Thread 0x0000013c351eefe0 Uncommon trap: reason=unstable_if action=reinterpret pc=0x0000013c25b6442c method=java.util.concurrent.ConcurrentHashMap.get(Ljava/lang/Object;)Ljava/lang/Object; @ 76 c2
Event: 6.714 Thread 0x0000013c351eefe0 DEOPT PACKING pc=0x0000013c25b6442c sp=0x0000003a561fb480
Event: 6.714 Thread 0x0000013c351eefe0 DEOPT UNPACKING pc=0x0000013c25507aa2 sp=0x0000003a561fb3e8 mode 2
Event: 7.106 Thread 0x0000013c351c5040 Uncommon trap: trap_request=0xffffff45 fr.pc=0x0000013c25b5441c relative=0x000000000000017c
Event: 7.106 Thread 0x0000013c351c5040 Uncommon trap: reason=unstable_if action=reinterpret pc=0x0000013c25b5441c method=java.util.concurrent.locks.ReentrantLock$NonfairSync.initialTryLock()Z @ 25 c2
Event: 7.106 Thread 0x0000013c351c5040 DEOPT PACKING pc=0x0000013c25b5441c sp=0x0000003a566fedb0
Event: 7.106 Thread 0x0000013c351c5040 DEOPT UNPACKING pc=0x0000013c25507aa2 sp=0x0000003a566fed50 mode 2
Event: 7.139 Thread 0x0000013c351eefe0 DEOPT PACKING pc=0x0000013c1e076459 sp=0x0000003a561fa710
Event: 7.139 Thread 0x0000013c351eefe0 DEOPT UNPACKING pc=0x0000013c255085e2 sp=0x0000003a561f9ba8 mode 0

Classes loaded (20 events):
Event: 7.033 Loading class java/nio/file/attribute/PosixFilePermissions
Event: 7.033 Loading class java/nio/file/attribute/PosixFilePermissions done
Event: 7.034 Loading class java/util/RegularEnumSet$EnumSetIterator
Event: 7.034 Loading class java/util/RegularEnumSet$EnumSetIterator done
Event: 7.034 Loading class java/nio/file/attribute/PosixFilePermissions$1
Event: 7.034 Loading class java/nio/file/attribute/PosixFilePermissions$1 done
Event: 7.071 Loading class java/util/concurrent/ArrayBlockingQueue
Event: 7.072 Loading class java/util/concurrent/ArrayBlockingQueue done
Event: 7.072 Loading class java/util/concurrent/locks/ReentrantLock$FairSync
Event: 7.073 Loading class java/util/concurrent/locks/ReentrantLock$FairSync done
Event: 7.107 Loading class java/net/DatagramPacket
Event: 7.108 Loading class java/net/DatagramPacket done
Event: 7.108 Loading class sun/nio/ch/DatagramChannelImpl$DatagramPackets
Event: 7.109 Loading class sun/nio/ch/DatagramChannelImpl$DatagramPackets done
Event: 7.345 Loading class sun/security/provider/MD5
Event: 7.346 Loading class sun/security/provider/MD5 done
Event: 7.346 Loading class sun/security/provider/SHA5$SHA512
Event: 7.346 Loading class sun/security/provider/SHA5
Event: 7.347 Loading class sun/security/provider/SHA5 done
Event: 7.347 Loading class sun/security/provider/SHA5$SHA512 done

Classes unloaded (0 events):
No events

Classes redefined (0 events):
No events

Internal exceptions (20 events):
Event: 5.423 Thread 0x0000013c1ad7f3b0 Exception <a 'java/lang/NoSuchMethodError'{0x00000000eb0881f0}: 'java.lang.Object java.lang.invoke.DirectMethodHandle$Holder.invokeStatic(java.lang.Object, java.lang.Object, java.lang.Object, java.lang.Object, java.lang.Object, java.lang.Object, java.lang.Object, java.lang.Object, java.lang.Object, java.lang.Object, java.lang.Object, java.lang.Object, java.lang.Object, java.lang.Object, java.lang.Object, java.lang.Object)'> (0x00000000eb0881f0) 
thrown [s\src\hotspot\share\interpreter\linkResolver.cpp, lin
Event: 5.609 Thread 0x0000013c1ad7f3b0 Exception <a 'java/lang/NoSuchMethodError'{0x00000000ead7a2a0}: 'java.lang.Object java.lang.invoke.DirectMethodHandle$Holder.invokeVirtual(java.lang.Object, java.lang.Object, java.lang.Object, java.lang.Object, java.lang.Object, java.lang.Object, java.lang.Object)'> (0x00000000ead7a2a0) 
thrown [s\src\hotspot\share\interpreter\linkResolver.cpp, line 773]
Event: 5.632 Thread 0x0000013c1ad7f3b0 Exception <a 'java/lang/NoSuchMethodError'{0x00000000eac0c4c0}: 'java.lang.Object java.lang.invoke.DirectMethodHandle$Holder.invokeVirtual(java.lang.Object, java.lang.Object, java.lang.Object, java.lang.Object, java.lang.Object, java.lang.Object, java.lang.Object, java.lang.Object, java.lang.Object)'> (0x00000000eac0c4c0) 
thrown [s\src\hotspot\share\interpreter\linkResolver.cpp, line 773]
Event: 5.710 Thread 0x0000013c1ad7f3b0 Exception <a 'java/lang/NoSuchMethodError'{0x00000000eaba7cb0}: 'java.lang.Object java.lang.invoke.DirectMethodHandle$Holder.invokeStaticInit(java.lang.Object, int, int, int, int)'> (0x00000000eaba7cb0) 
thrown [s\src\hotspot\share\interpreter\linkResolver.cpp, line 773]
Event: 5.794 Thread 0x0000013c1ad7f3b0 Exception <a 'java/lang/NoSuchMethodError'{0x00000000eaa7f590}: 'java.lang.Object java.lang.invoke.DirectMethodHandle$Holder.invokeStaticInit(java.lang.Object, java.lang.Object, int, int, int, int)'> (0x00000000eaa7f590) 
thrown [s\src\hotspot\share\interpreter\linkResolver.cpp, line 773]
Event: 5.963 Thread 0x0000013c1ad7f3b0 Exception <a 'java/io/IOException'{0x00000000ea7173a0}> (0x00000000ea7173a0) 
thrown [s\src\hotspot\share\prims\jni.cpp, line 520]
Event: 5.976 Thread 0x0000013c1ad7f3b0 Implicit null exception at 0x0000013c25aaf624 to 0x0000013c25aafcec
Event: 5.981 Thread 0x0000013c1ad7f3b0 Exception <a 'java/lang/NoSuchMethodError'{0x00000000ea78aa00}: 'java.lang.Object java.lang.invoke.DirectMethodHandle$Holder.newInvokeSpecial(java.lang.Object, java.lang.Object, java.lang.Object, java.lang.Object, java.lang.Object)'> (0x00000000ea78aa00) 
thrown [s\src\hotspot\share\interpreter\linkResolver.cpp, line 773]
Event: 6.229 Thread 0x0000013c351f3620 Exception <a 'java/lang/NoSuchMethodError'{0x00000000ea4e6c78}: 'void java.lang.invoke.DirectMethodHandle$Holder.invokeSpecial(java.lang.Object, java.lang.Object, java.lang.Object)'> (0x00000000ea4e6c78) 
thrown [s\src\hotspot\share\interpreter\linkResolver.cpp, line 773]
Event: 6.416 Thread 0x0000013c351eefe0 Exception <a 'java/lang/NoSuchMethodError'{0x00000000e9c28260}: 'long java.lang.invoke.DirectMethodHandle$Holder.invokeInterface(java.lang.Object, java.lang.Object)'> (0x00000000e9c28260) 
thrown [s\src\hotspot\share\interpreter\linkResolver.cpp, line 773]
Event: 6.612 Thread 0x0000013c351eefe0 Exception <a 'java/lang/NoSuchMethodError'{0x00000000e985f870}: 'void java.lang.invoke.DirectMethodHandle$Holder.invokeStatic(java.lang.Object, java.lang.Object)'> (0x00000000e985f870) 
thrown [s\src\hotspot\share\interpreter\linkResolver.cpp, line 773]
Event: 6.624 Thread 0x0000013c351eefe0 Exception <a 'java/lang/NoSuchMethodError'{0x00000000e98998f8}: 'java.lang.Object java.lang.invoke.DirectMethodHandle$Holder.invokeVirtual(java.lang.Object, java.lang.Object, java.lang.Object, java.lang.Object, java.lang.Object, java.lang.Object, java.lang.Object, java.lang.Object, java.lang.Object, java.lang.Object, java.lang.Object, java.lang.Object)'> (0x00000000e98998f8) 
thrown [s\src\hotspot\share\interpreter\linkResolver.cpp, line 773]
Event: 6.625 Thread 0x0000013c351eefe0 Exception <a 'java/lang/NoSuchMethodError'{0x00000000e989e920}: 'java.lang.Object java.lang.invoke.DirectMethodHandle$Holder.invokeSpecial(java.lang.Object, java.lang.Object, java.lang.Object, java.lang.Object, java.lang.Object, java.lang.Object, java.lang.Object, java.lang.Object, java.lang.Object, java.lang.Object, java.lang.Object, java.lang.Object, java.lang.Object)'> (0x00000000e989e920) 
thrown [s\src\hotspot\share\interpreter\linkResolver.cpp, line 773]
Event: 6.726 Thread 0x0000013c351eefe0 Exception <a 'java/lang/NoSuchMethodError'{0x00000000efd84088}: 'int java.lang.invoke.DirectMethodHandle$Holder.invokeVirtual(java.lang.Object, java.lang.Object, java.lang.Object)'> (0x00000000efd84088) 
thrown [s\src\hotspot\share\interpreter\linkResolver.cpp, line 773]
Event: 6.781 Thread 0x0000013c351eefe0 Exception <a 'java/lang/NoSuchMethodError'{0x00000000efbf73a8}: 'java.lang.Object java.lang.invoke.DirectMethodHandle$Holder.newInvokeSpecial(java.lang.Object, java.lang.Object, java.lang.Object, java.lang.Object, java.lang.Object, java.lang.Object)'> (0x00000000efbf73a8) 
thrown [s\src\hotspot\share\interpreter\linkResolver.cpp, line 773]
Event: 6.851 Thread 0x0000013c351eefe0 Exception <a 'java/lang/NoSuchMethodError'{0x00000000ef8cabb0}: 'void java.lang.invoke.DelegatingMethodHandle$Holder.reinvoke_L(java.lang.Object, java.lang.Object, java.lang.Object, java.lang.Object, java.lang.Object, java.lang.Object, java.lang.Object, java.lang.Object, java.lang.Object, java.lang.Object)'> (0x00000000ef8cabb0) 
thrown [s\src\hotspot\share\interpreter\linkResolver.cpp, line 773]
Event: 6.851 Thread 0x0000013c351eefe0 Exception <a 'java/lang/NoSuchMethodError'{0x00000000ef8d2690}: 'java.lang.Object java.lang.invoke.Invokers$Holder.invoker(java.lang.Object, java.lang.Object, java.lang.Object, java.lang.Object, java.lang.Object, java.lang.Object, java.lang.Object, java.lang.Object, java.lang.Object, java.lang.Object)'> (0x00000000ef8d2690) 
thrown [s\src\hotspot\share\interpreter\linkResolver.cpp, line 773]
Event: 7.043 Thread 0x0000013c351eefe0 Exception <a 'java/lang/NoSuchMethodError'{0x00000000ef11a270}: 'void java.lang.invoke.DirectMethodHandle$Holder.invokeInterface(java.lang.Object, java.lang.Object)'> (0x00000000ef11a270) 
thrown [s\src\hotspot\share\interpreter\linkResolver.cpp, line 773]
Event: 7.043 Thread 0x0000013c351eefe0 Exception <a 'java/lang/IncompatibleClassChangeError'{0x00000000ef11d7f0}: Found class java.lang.Object, but interface was expected> (0x00000000ef11d7f0) 
thrown [s\src\hotspot\share\interpreter\linkResolver.cpp, line 840]
Event: 7.075 Thread 0x0000013c351eefe0 Exception <a 'java/lang/NoSuchMethodError'{0x00000000ef043f78}: 'java.lang.Object java.lang.invoke.DirectMethodHandle$Holder.newInvokeSpecial(java.lang.Object, java.lang.Object, int)'> (0x00000000ef043f78) 
thrown [s\src\hotspot\share\interpreter\linkResolver.cpp, line 773]

ZGC Phase Switch (0 events):
No events

VM Operations (20 events):
Event: 5.572 Executing non-safepoint VM operation: HandshakeAllThreads (Deoptimize)
Event: 5.572 Executing non-safepoint VM operation: HandshakeAllThreads (Deoptimize) done
Event: 5.607 Executing non-safepoint VM operation: HandshakeAllThreads (Deoptimize)
Event: 5.607 Executing non-safepoint VM operation: HandshakeAllThreads (Deoptimize) done
Event: 5.666 Executing non-safepoint VM operation: HandshakeAllThreads (Deoptimize)
Event: 5.666 Executing non-safepoint VM operation: HandshakeAllThreads (Deoptimize) done
Event: 5.735 Executing non-safepoint VM operation: HandshakeAllThreads (Deoptimize)
Event: 5.735 Executing non-safepoint VM operation: HandshakeAllThreads (Deoptimize) done
Event: 5.877 Executing safepoint VM operation: ICBufferFull
Event: 5.877 Executing safepoint VM operation: ICBufferFull done
Event: 6.063 Executing non-safepoint VM operation: HandshakeAllThreads (Deoptimize)
Event: 6.063 Executing non-safepoint VM operation: HandshakeAllThreads (Deoptimize) done
Event: 6.646 Executing safepoint VM operation: CollectForMetadataAllocation (Metadata GC Threshold)
Event: 6.659 Executing safepoint VM operation: CollectForMetadataAllocation (Metadata GC Threshold) done
Event: 6.667 Executing safepoint VM operation: G1PauseRemark
Event: 6.670 Executing safepoint VM operation: G1PauseRemark done
Event: 6.670 Executing safepoint VM operation: G1PauseCleanup
Event: 6.671 Executing safepoint VM operation: G1PauseCleanup done
Event: 7.073 Executing non-safepoint VM operation: HandshakeAllThreads (Deoptimize)
Event: 7.073 Executing non-safepoint VM operation: HandshakeAllThreads (Deoptimize) done

Memory protections (0 events):
No events

Nmethod flushes (0 events):
No events

Events (20 events):
Event: 1.318 Thread 0x0000013c341257e0 Thread added: 0x0000013c34496b70
Event: 1.700 Thread 0x0000013c34496b70 Thread exited: 0x0000013c34496b70
Event: 1.785 Thread 0x0000013c341257e0 Thread added: 0x0000013c34797940
Event: 2.399 Thread 0x0000013c34797940 Thread exited: 0x0000013c34797940
Event: 2.546 Thread 0x0000013c341257e0 Thread added: 0x0000013c35212150
Event: 3.334 Thread 0x0000013c35212150 Thread exited: 0x0000013c35212150
Event: 5.388 Thread 0x0000013c1ad7f3b0 Thread added: 0x0000013c35d02260
Event: 5.824 Thread 0x0000013c1ad7f3b0 Thread added: 0x0000013c3462daf0
Event: 5.993 Thread 0x0000013c1ad7f3b0 Thread added: 0x0000013c352fed90
Event: 6.083 Thread 0x0000013c341257e0 Thread added: 0x0000013c3490c460
Event: 6.148 Thread 0x0000013c3462daf0 Thread added: 0x0000013c351f3620
Event: 6.154 Thread 0x0000013c351f3620 Thread added: 0x0000013c34a01000
Event: 6.216 Thread 0x0000013c351f3620 Thread added: 0x0000013c34534e90
Event: 6.230 Thread 0x0000013c351f3620 Thread added: 0x0000013c351eefe0
Event: 6.251 Thread 0x0000013c351eefe0 Thread added: 0x0000013c351c5d60
Event: 6.258 Thread 0x0000013c351eefe0 Thread added: 0x0000013c351c63f0
Event: 6.261 Thread 0x0000013c351eefe0 Thread added: 0x0000013c351c7110
Event: 7.074 Thread 0x0000013c351eefe0 Thread added: 0x0000013c351c84c0
Event: 7.106 Thread 0x0000013c351eefe0 Thread added: 0x0000013c351c5040
Event: 7.161 Thread 0x0000013c351eefe0 Thread added: 0x0000013c351c56d0


Dynamic libraries:
0x00007ff716240000 - 0x00007ff71624e000 	C:\Users\AFIS\.antigravity-ide\extensions\redhat.java-1.55.0-win32-x64\jre\21.0.11-win32-x86_64\bin\java.exe
0x00007ffce87c0000 - 0x00007ffce8a26000 	C:\WINDOWS\SYSTEM32\ntdll.dll
0x00007ffce76e0000 - 0x00007ffce77a9000 	C:\WINDOWS\System32\KERNEL32.DLL
0x00007ffce5a50000 - 0x00007ffce5e4a000 	C:\WINDOWS\System32\KERNELBASE.dll
0x00007ffce6170000 - 0x00007ffce62bc000 	C:\WINDOWS\System32\ucrtbase.dll
0x00007ffcb3760000 - 0x00007ffcb3778000 	C:\Users\AFIS\.antigravity-ide\extensions\redhat.java-1.55.0-win32-x64\jre\21.0.11-win32-x86_64\bin\jli.dll
0x00007ffce66e0000 - 0x00007ffce68a7000 	C:\WINDOWS\System32\USER32.dll
0x00007ffce6500000 - 0x00007ffce6527000 	C:\WINDOWS\System32\win32u.dll
0x00007ffce7ab0000 - 0x00007ffce7adb000 	C:\WINDOWS\System32\GDI32.dll
0x00007ffce5f90000 - 0x00007ffce60bb000 	C:\WINDOWS\System32\gdi32full.dll
0x00007ffce5ee0000 - 0x00007ffce5f83000 	C:\WINDOWS\System32\msvcp_win.dll
0x00007ffcb3740000 - 0x00007ffcb375e000 	C:\Users\AFIS\.antigravity-ide\extensions\redhat.java-1.55.0-win32-x64\jre\21.0.11-win32-x86_64\bin\VCRUNTIME140.dll
0x00007ffcc4700000 - 0x00007ffcc4992000 	C:\WINDOWS\WinSxS\amd64_microsoft.windows.common-controls_6595b64144ccf1df_6.0.26100.8521_none_3e08b75ce33403b3\COMCTL32.dll
0x00007ffce75a0000 - 0x00007ffce7649000 	C:\WINDOWS\System32\msvcrt.dll
0x00007ffce7bd0000 - 0x00007ffce7c02000 	C:\WINDOWS\System32\IMM32.DLL
0x00007ffcb3fc0000 - 0x00007ffcb3fcc000 	C:\Users\AFIS\.antigravity-ide\extensions\redhat.java-1.55.0-win32-x64\jre\21.0.11-win32-x86_64\bin\vcruntime140_1.dll
0x00007ffc29b40000 - 0x00007ffc29bcd000 	C:\Users\AFIS\.antigravity-ide\extensions\redhat.java-1.55.0-win32-x64\jre\21.0.11-win32-x86_64\bin\msvcp140.dll
0x00007ffc20390000 - 0x00007ffc21132000 	C:\Users\AFIS\.antigravity-ide\extensions\redhat.java-1.55.0-win32-x64\jre\21.0.11-win32-x86_64\bin\server\jvm.dll
0x00007ffce8110000 - 0x00007ffce81c6000 	C:\WINDOWS\System32\ADVAPI32.dll
0x00007ffce7a00000 - 0x00007ffce7aaa000 	C:\WINDOWS\System32\sechost.dll
0x00007ffce6530000 - 0x00007ffce6648000 	C:\WINDOWS\System32\RPCRT4.dll
0x00007ffce7650000 - 0x00007ffce76d0000 	C:\WINDOWS\System32\WS2_32.dll
0x00007ffce58b0000 - 0x00007ffce590e000 	C:\WINDOWS\SYSTEM32\POWRPROF.dll
0x00007ffcd35a0000 - 0x00007ffcd35ab000 	C:\WINDOWS\SYSTEM32\VERSION.dll
0x00007ffcdb2c0000 - 0x00007ffcdb2f6000 	C:\WINDOWS\SYSTEM32\WINMM.dll
0x00007ffce5890000 - 0x00007ffce58a4000 	C:\WINDOWS\SYSTEM32\UMPDC.dll
0x00007ffce47e0000 - 0x00007ffce47fb000 	C:\WINDOWS\SYSTEM32\kernel.appcore.dll
0x00007ffccc960000 - 0x00007ffccc96a000 	C:\Users\AFIS\.antigravity-ide\extensions\redhat.java-1.55.0-win32-x64\jre\21.0.11-win32-x86_64\bin\jimage.dll
0x00007ffce30d0000 - 0x00007ffce3312000 	C:\WINDOWS\SYSTEM32\DBGHELP.DLL
0x00007ffce7c40000 - 0x00007ffce7fc3000 	C:\WINDOWS\System32\combase.dll
0x00007ffce7ae0000 - 0x00007ffce7bb9000 	C:\WINDOWS\System32\OLEAUT32.dll
0x00007ffccae20000 - 0x00007ffccae5b000 	C:\WINDOWS\SYSTEM32\dbgcore.DLL
0x00007ffce60c0000 - 0x00007ffce6168000 	C:\WINDOWS\System32\bcryptPrimitives.dll
0x00007ffcb4000000 - 0x00007ffcb400f000 	C:\Users\AFIS\.antigravity-ide\extensions\redhat.java-1.55.0-win32-x64\jre\21.0.11-win32-x86_64\bin\instrument.dll
0x00007ffcb37b0000 - 0x00007ffcb37d0000 	C:\Users\AFIS\.antigravity-ide\extensions\redhat.java-1.55.0-win32-x64\jre\21.0.11-win32-x86_64\bin\java.dll
0x00007ffcb3720000 - 0x00007ffcb3738000 	C:\Users\AFIS\.antigravity-ide\extensions\redhat.java-1.55.0-win32-x64\jre\21.0.11-win32-x86_64\bin\zip.dll
0x00007ffce6bb0000 - 0x00007ffce7334000 	C:\WINDOWS\System32\SHELL32.dll
0x00007ffce35e0000 - 0x00007ffce3e60000 	C:\WINDOWS\SYSTEM32\windows.storage.dll
0x00007ffce6ab0000 - 0x00007ffce6ba6000 	C:\WINDOWS\System32\SHCORE.dll
0x00007ffce7340000 - 0x00007ffce73a7000 	C:\WINDOWS\System32\shlwapi.dll
0x00007ffce5970000 - 0x00007ffce5999000 	C:\WINDOWS\SYSTEM32\profapi.dll
0x00007ffcb3ff0000 - 0x00007ffcb4000000 	C:\Users\AFIS\.antigravity-ide\extensions\redhat.java-1.55.0-win32-x64\jre\21.0.11-win32-x86_64\bin\net.dll
0x00007ffcd5e40000 - 0x00007ffcd5f69000 	C:\WINDOWS\SYSTEM32\WINHTTP.dll
0x00007ffce4d50000 - 0x00007ffce4dbc000 	C:\WINDOWS\system32\mswsock.dll
0x00007ffc70f30000 - 0x00007ffc70f46000 	C:\Users\AFIS\.antigravity-ide\extensions\redhat.java-1.55.0-win32-x64\jre\21.0.11-win32-x86_64\bin\nio.dll
0x00007ffc90b50000 - 0x00007ffc90b60000 	C:\Users\AFIS\.antigravity-ide\extensions\redhat.java-1.55.0-win32-x64\jre\21.0.11-win32-x86_64\bin\verify.dll
0x00007ffc92210000 - 0x00007ffc92237000 	C:\Users\AFIS\.gradle\native\1def1411415f61bf3af743bc5b6707747c0891f09f0c88961ee8f79bc544acac\windows-amd64\native-platform.dll
0x00007ffcb3600000 - 0x00007ffcb3678000 	C:\Users\AFIS\.gradle\native\0.2.7\x86_64-windows-gnu\gradle-fileevents.dll
0x00007ffc91a20000 - 0x00007ffc91a2a000 	C:\Users\AFIS\.antigravity-ide\extensions\redhat.java-1.55.0-win32-x64\jre\21.0.11-win32-x86_64\bin\management.dll
0x00007ffc906a0000 - 0x00007ffc906ac000 	C:\Users\AFIS\.antigravity-ide\extensions\redhat.java-1.55.0-win32-x64\jre\21.0.11-win32-x86_64\bin\management_ext.dll
0x00007ffce8770000 - 0x00007ffce8778000 	C:\WINDOWS\System32\PSAPI.DLL
0x00007ffce4250000 - 0x00007ffce4283000 	C:\WINDOWS\SYSTEM32\IPHLPAPI.DLL
0x00007ffce7510000 - 0x00007ffce751a000 	C:\WINDOWS\System32\NSI.dll
0x00007ffc8d670000 - 0x00007ffc8d679000 	C:\Users\AFIS\.antigravity-ide\extensions\redhat.java-1.55.0-win32-x64\jre\21.0.11-win32-x86_64\bin\extnet.dll
0x00007ffce5030000 - 0x00007ffce504b000 	C:\WINDOWS\SYSTEM32\CRYPTSP.dll
0x00007ffce4740000 - 0x00007ffce4779000 	C:\WINDOWS\system32\rsaenh.dll
0x00007ffce4e00000 - 0x00007ffce4e33000 	C:\WINDOWS\SYSTEM32\USERENV.dll
0x00007ffce5940000 - 0x00007ffce596a000 	C:\WINDOWS\SYSTEM32\bcrypt.dll
0x00007ffce5050000 - 0x00007ffce505c000 	C:\WINDOWS\SYSTEM32\CRYPTBASE.dll
0x00007ffc8e5f0000 - 0x00007ffc8e5fe000 	C:\Users\AFIS\.antigravity-ide\extensions\redhat.java-1.55.0-win32-x64\jre\21.0.11-win32-x86_64\bin\sunmscapi.dll
0x00007ffce6380000 - 0x00007ffce64f8000 	C:\WINDOWS\System32\CRYPT32.dll
0x00007ffce5250000 - 0x00007ffce5280000 	C:\WINDOWS\SYSTEM32\ncrypt.dll
0x00007ffce5200000 - 0x00007ffce523f000 	C:\WINDOWS\SYSTEM32\NTASN1.dll
0x00007ffc88ab0000 - 0x00007ffc88ab8000 	C:\WINDOWS\system32\wshunix.dll

JVMTI agents:
C:\Users\AFIS\.gradle\wrapper\dists\gradle-8.14.3-bin\cv11ve7ro1n3o1j4so8xd9n66\gradle-8.14.3\lib\agents\gradle-instrumentation-agent-8.14.3.jar path:C:\Users\AFIS\.antigravity-ide\extensions\redhat.java-1.55.0-win32-x64\jre\21.0.11-win32-x86_64\bin\instrument.dll, loaded, initialized, instrumentlib options:none

dbghelp: loaded successfully - version: 4.0.5 - missing functions: none
symbol engine: initialized successfully - sym options: 0x614 - pdb path: .;C:\Users\AFIS\.antigravity-ide\extensions\redhat.java-1.55.0-win32-x64\jre\21.0.11-win32-x86_64\bin;C:\WINDOWS\SYSTEM32;C:\WINDOWS\WinSxS\amd64_microsoft.windows.common-controls_6595b64144ccf1df_6.0.26100.8521_none_3e08b75ce33403b3;C:\Users\AFIS\.antigravity-ide\extensions\redhat.java-1.55.0-win32-x64\jre\21.0.11-win32-x86_64\bin\server;C:\Users\AFIS\.gradle\native\1def1411415f61bf3af743bc5b6707747c0891f09f0c88961ee8f79bc544acac\windows-amd64;C:\Users\AFIS\.gradle\native\0.2.7\x86_64-windows-gnu

VM Arguments:
jvm_args: --add-opens=java.base/java.lang=ALL-UNNAMED --add-opens=java.base/java.lang.invoke=ALL-UNNAMED --add-opens=java.base/java.util=ALL-UNNAMED --add-opens=java.prefs/java.util.prefs=ALL-UNNAMED --add-exports=jdk.compiler/com.sun.tools.javac.api=ALL-UNNAMED --add-exports=jdk.compiler/com.sun.tools.javac.util=ALL-UNNAMED --add-opens=java.base/java.util=ALL-UNNAMED --add-opens=java.prefs/java.util.prefs=ALL-UNNAMED --add-opens=java.base/java.nio.charset=ALL-UNNAMED --add-opens=java.base/java.net=ALL-UNNAMED --add-opens=java.base/java.util.concurrent.atomic=ALL-UNNAMED --add-opens=java.xml/javax.xml.namespace=ALL-UNNAMED -XX:MaxMetaspaceSize=384m -XX:+HeapDumpOnOutOfMemoryError -Xms256m -Xmx512m -Dfile.encoding=UTF-8 -Duser.country=IN -Duser.language=en -Duser.variant -javaagent:C:\Users\AFIS\.gradle\wrapper\dists\gradle-8.14.3-bin\cv11ve7ro1n3o1j4so8xd9n66\gradle-8.14.3\lib\agents\gradle-instrumentation-agent-8.14.3.jar 
java_command: org.gradle.launcher.daemon.bootstrap.GradleDaemon 8.14.3
java_class_path (initial): C:\Users\AFIS\.gradle\wrapper\dists\gradle-8.14.3-bin\cv11ve7ro1n3o1j4so8xd9n66\gradle-8.14.3\lib\gradle-daemon-main-8.14.3.jar
Launcher Type: SUN_STANDARD

[Global flags]
     intx CICompilerCount                          = 3                                         {product} {ergonomic}
   size_t CompressedClassSpaceSize                 = 335544320                                 {product} {ergonomic}
     uint ConcGCThreads                            = 1                                         {product} {ergonomic}
     uint G1ConcRefinementThreads                  = 4                                         {product} {ergonomic}
   size_t G1HeapRegionSize                         = 1048576                                   {product} {ergonomic}
    uintx GCDrainStackTargetSize                   = 64                                        {product} {ergonomic}
     bool HeapDumpOnOutOfMemoryError               = true                                   {manageable} {command line}
   size_t InitialHeapSize                          = 268435456                                 {product} {command line}
   size_t MarkStackSize                            = 4194304                                   {product} {ergonomic}
   size_t MaxHeapSize                              = 536870912                                 {product} {command line}
   size_t MaxMetaspaceSize                         = 402653184                                 {product} {command line}
   size_t MaxNewSize                               = 321912832                                 {product} {ergonomic}
   size_t MinHeapDeltaBytes                        = 1048576                                   {product} {ergonomic}
   size_t MinHeapSize                              = 268435456                                 {product} {command line}
    uintx NonNMethodCodeHeapSize                   = 5832780                                {pd product} {ergonomic}
    uintx NonProfiledCodeHeapSize                  = 122912730                              {pd product} {ergonomic}
    uintx ProfiledCodeHeapSize                     = 122912730                              {pd product} {ergonomic}
    uintx ReservedCodeCacheSize                    = 251658240                              {pd product} {ergonomic}
     bool SegmentedCodeCache                       = true                                      {product} {ergonomic}
   size_t SoftMaxHeapSize                          = 536870912                              {manageable} {ergonomic}
     bool UseCompressedOops                        = true                           {product lp64_product} {ergonomic}
     bool UseG1GC                                  = true                                      {product} {ergonomic}
     bool UseLargePagesIndividualAllocation        = false                                  {pd product} {ergonomic}

Logging:
Log output configuration:
 #0: stdout all=warning uptime,level,tags foldmultilines=false
 #1: stderr all=off uptime,level,tags foldmultilines=false

Release file:
JAVA_VERSION="21.0.11" 
MODULES="java.base java.compiler java.datatransfer java.xml java.prefs java.desktop java.instrument java.logging java.management java.security.sasl java.naming java.rmi java.management.rmi java.net.http java.scripting java.security.jgss java.transaction.xa java.sql java.sql.rowset java.xml.crypto java.se java.smartcardio jdk.accessibility jdk.internal.jvmstat jdk.attach jdk.charsets jdk.internal.opt jdk.zipfs jdk.compiler jdk.crypto.ec jdk.crypto.cryptoki jdk.crypto.mscapi jdk.dynalink jdk.internal.ed jdk.editpad jdk.hotspot.agent jdk.httpserver jdk.internal.le jdk.internal.vm.ci jdk.internal.vm.compiler jdk.internal.vm.compiler.management jdk.jartool jdk.javadoc jdk.jcmd jdk.management jdk.management.agent jdk.jconsole jdk.jdeps jdk.jdwp.agent jdk.jdi jdk.jfr jdk.jshell jdk.jsobject jdk.jstatd jdk.localedata jdk.management.jfr jdk.naming.dns jdk.naming.rmi jdk.net jdk.nio.mapmode jdk.random jdk.sctp jdk.security.auth jdk.security.jgss jdk.unsupported jdk.unsupported.desktop jdk.xml.dom" 

Environment Variables:
JAVA_HOME=C:\Program Files\Eclipse Adoptium\jdk-17.0.18.8-hotspot
PATH=C:\Program Files\Eclipse Adoptium\jdk-17.0.18.8-hotspot\bin;C:\Program Files (x86)\VMware\VMware Workstation\bin\;C:\WINDOWS\system32;C:\WINDOWS;C:\WINDOWS\System32\Wbem;C:\WINDOWS\System32\WindowsPowerShell\v1.0\;C:\WINDOWS\System32\OpenSSH\;C:\Users\AFIS\AppData\Local\Android\Sdk;C:\Program Files\Git\cmd;C:\Program Files\php-8.3.4-Win32-vs16-x64;C:\Program Files\MySQL\MySQL Server 9.0\bin;C:\Program Files\Amazon\AWSCLIV2\;C:\Users\AFIS\Desktop\Flutter\flutter\bin;C:\Program Files\cursor\resources\app\bin;C:\Program Files\SQL Anywhere 17\bin64;C:\Program Files\SQL Anywhere 17\bin32;%NVM_HOME%;%NVM_SYMLINK%;C:\Users\AFIS\AppData\Local\Programs\Python\Python313\Scripts\;C:\Users\AFIS\AppData\Local\Programs\Python\Python313\;C:\Users\AFIS\AppData\Local\Programs\Python\Launcher\;C:\Users\AFIS\AppData\Local\Microsoft\WindowsApps;C:\Users\AFIS\AppData\Local\Programs\Microsoft VS Code\bin;C:\Users\AFIS\AppData\Local\Android\Sdk;C:\Users\AFIS\AppData\Local\GitHubDesktop\bin;C:\Users\AFIS\Desktop\Flutter\flutter\bin;C:\Users\AFIS\AppData\Roaming\npm;C:\Users\AFIS\AppData\Local\Programs\Antigravity\bin;C:\Users\AFIS\AppData\Local\Android\Sdk\platform-tools;C:\Users\AFIS\AppData\Local\Programs\Antigravity IDE\bin;C:\Users\AFIS\AppData\Local\Programs\Kiro\bin;C:\Users\AFIS\AppData\Local\nvm;C:\nvm4w\nodejs
USERNAME=AFIS
OS=Windows_NT
PROCESSOR_IDENTIFIER=Intel64 Family 6 Model 140 Stepping 1, GenuineIntel
TMP=C:\Users\AFIS\AppData\Local\Temp
TEMP=C:\Users\AFIS\AppData\Local\Temp




Periodic native trim disabled

---------------  S Y S T E M  ---------------

OS:
 Windows 11 , 64 bit Build 26100 (10.0.26100.8521)
OS uptime: 8 days 6:46 hours
Hyper-V role detected

CPU: total 4 (initial active 4) (2 cores per cpu, 2 threads per core) family 6 model 140 stepping 1 microcode 0xb4, cx8, cmov, fxsr, ht, mmx, 3dnowpref, sse, sse2, sse3, ssse3, sse4.1, sse4.2, popcnt, lzcnt, tsc, tscinvbit, avx, avx2, aes, erms, clmul, bmi1, bmi2, adx, avx512f, avx512dq, avx512cd, avx512bw, avx512vl, sha, fma, vzeroupper, avx512_vpopcntdq, avx512_vpclmulqdq, avx512_vaes, avx512_vnni, clflush, clflushopt, clwb, avx512_vbmi2, avx512_vbmi, hv, rdtscp, rdpid, fsrm, gfni, avx512_bitalg, f16c, cet_ibt, cet_ss, avx512_ifma
Processor Information for the first 4 processors :
  Max Mhz: 2901, Current Mhz: 2901, Mhz Limit: 2901

Memory: 4k page, system-wide physical 7834M (418M free)
TotalPageFile size 31386M (AvailPageFile size 3M)
current process WorkingSet (physical memory assigned to process): 227M, peak: 227M
current process commit charge ("private bytes"): 391M, peak: 393M

vm_info: OpenJDK 64-Bit Server VM (21.0.11+10-LTS) for windows-amd64 JRE (21.0.11+10-LTS), built on 2026-04-21T00:00:00Z by "admin" with MS VC++ 17.12 (VS2022)

END.
