#
# There is insufficient memory for the Java Runtime Environment to continue.
# Native memory allocation (mmap) failed to map 20971520 bytes. Error detail: G1 virtual space
# Possible reasons:
#   The system is out of physical RAM or swap space
#   This process is running with CompressedOops enabled, and the Java Heap may be blocking the growth of the native heap
# Possible solutions:
#   Reduce memory load on the system
#   Increase physical memory or swap space
#   Check if swap backing store is full
#   Decrease Java heap size (-Xmx/-Xms)
#   Decrease number of Java threads
#   Decrease Java thread stack sizes (-Xss)
#   Set larger code cache with -XX:ReservedCodeCacheSize=
#   JVM is running with Unscaled Compressed Oops mode in which the Java heap is
#     placed in the first 4GB address space. The Java Heap base address is the
#     maximum limit for the native heap growth. Please use -XX:HeapBaseMinAddress
#     to set the Java Heap base and to place the Java Heap above 4GB virtual address.
# This output file may be truncated or incomplete.
#
#  Out of Memory Error (os_windows.cpp:3714), pid=5752, tid=18788
#
# JRE version: OpenJDK Runtime Environment Temurin-21.0.11+10 (21.0.11+10) (build 21.0.11+10-LTS)
# Java VM: OpenJDK 64-Bit Server VM Temurin-21.0.11+10 (21.0.11+10-LTS, mixed mode, sharing, tiered, compressed oops, compressed class ptrs, g1 gc, windows-amd64)
# No core dump will be written. Minidumps are not enabled by default on client versions of Windows
#

---------------  S U M M A R Y ------------

Command Line: --add-opens=java.base/java.lang=ALL-UNNAMED --add-opens=java.base/java.lang.invoke=ALL-UNNAMED --add-opens=java.base/java.util=ALL-UNNAMED --add-opens=java.prefs/java.util.prefs=ALL-UNNAMED --add-exports=jdk.compiler/com.sun.tools.javac.api=ALL-UNNAMED --add-exports=jdk.compiler/com.sun.tools.javac.util=ALL-UNNAMED --add-opens=java.base/java.util=ALL-UNNAMED --add-opens=java.prefs/java.util.prefs=ALL-UNNAMED --add-opens=java.base/java.nio.charset=ALL-UNNAMED --add-opens=java.base/java.net=ALL-UNNAMED --add-opens=java.base/java.util.concurrent.atomic=ALL-UNNAMED --add-opens=java.xml/javax.xml.namespace=ALL-UNNAMED -XX:+HeapDumpOnOutOfMemoryError --add-exports=jdk.compiler/com.sun.tools.javac.api=ALL-UNNAMED --add-exports=jdk.compiler/com.sun.tools.javac.file=ALL-UNNAMED --add-exports=jdk.compiler/com.sun.tools.javac.parser=ALL-UNNAMED --add-exports=jdk.compiler/com.sun.tools.javac.tree=ALL-UNNAMED --add-exports=jdk.compiler/com.sun.tools.javac.util=ALL-UNNAMED -Xmx2048m -Dfile.encoding=UTF-8A -Duser.country=IN -Duser.language=en -Duser.variant -javaagent:C:\Users\AFIS\.gradle\wrapper\dists\gradle-8.13-bin\5xuhj0ry160q40clulazy9h7d\gradle-8.13\lib\agents\gradle-instrumentation-agent-8.13.jar org.gradle.launcher.daemon.bootstrap.GradleDaemon 8.13

Host: 11th Gen Intel(R) Core(TM) i3-1115G4 @ 3.00GHz, 4 cores, 7G,  Windows 11 , 64 bit Build 26100 (10.0.26100.8875)
Time: Tue Aug 11 15:39:53 2026 India Standard Time elapsed time: 283.236411 seconds (0d 0h 4m 43s)

---------------  T H R E A D  ---------------

Current thread (0x000001f1687ddfe0):  VMThread "VM Thread"          [id=18788, stack(0x00000049bd600000,0x00000049bd700000) (1024K)]

Stack: [0x00000049bd600000,0x00000049bd700000]
Native frames: (J=compiled Java code, j=interpreted, Vv=VM code, C=native code)
V  [jvm.dll+0x6d7e19]
V  [jvm.dll+0x8b5096]
V  [jvm.dll+0x8b764e]
V  [jvm.dll+0x8b7d33]
V  [jvm.dll+0x284596]
V  [jvm.dll+0x6d4735]
V  [jvm.dll+0x6c845a]
V  [jvm.dll+0x35ef08]
V  [jvm.dll+0x366b46]
V  [jvm.dll+0x3b7c2e]
V  [jvm.dll+0x3b7ed8]
V  [jvm.dll+0x33310c]
V  [jvm.dll+0x335926]
V  [jvm.dll+0x33f91d]
V  [jvm.dll+0x374fdf]
V  [jvm.dll+0x8bda20]
V  [jvm.dll+0x8bed94]
V  [jvm.dll+0x8bf2c0]
V  [jvm.dll+0x8bf563]
V  [jvm.dll+0x85fb0d]
V  [jvm.dll+0x6d664d]
C  [ucrtbase.dll+0x2cd30]
C  [KERNEL32.DLL+0x2e957]
C  [ntdll.dll+0xaad6c]

VM_Operation (0x00000049bd1ff8b0): G1PauseRemark, mode: safepoint, requested by thread 0x000001f15199f580


---------------  P R O C E S S  ---------------

Threads class SMR info:
_java_thread_list=0x000001f171df2f20, length=48, elements={
0x000001f14f74a500, 0x000001f168801b80, 0x000001f168803150, 0x000001f168806130,
0x000001f168808ba0, 0x000001f168809600, 0x000001f16880a060, 0x000001f16880adf0,
0x000001f168812f90, 0x000001f168a7ddd0, 0x000001f168a44930, 0x000001f16e1a0e30,
0x000001f16e21b640, 0x000001f16e22df30, 0x000001f16d5cd0d0, 0x000001f16d5cddf0,
0x000001f16d5cfec0, 0x000001f16e5931e0, 0x000001f16e594590, 0x000001f16e591e30,
0x000001f16e592b50, 0x000001f16e593870, 0x000001f16e595940, 0x000001f16e596cf0,
0x000001f16e5a8750, 0x000001f170939420, 0x000001f17093a7d0, 0x000001f17093a140,
0x000001f170938700, 0x000001f17093c210, 0x000001f170938d90, 0x000001f17093c8a0,
0x000001f17093cf30, 0x000001f17093d5c0, 0x000001f17093dc50, 0x000001f17093e2e0,
0x000001f17093e970, 0x000001f17093f000, 0x000001f17093f690, 0x000001f16e5a3f20,
0x000001f16e5a24e0, 0x000001f16e5a45b0, 0x000001f16e5a52d0, 0x000001f16e5a1e50,
0x000001f16e5a3890, 0x000001f16e5a4c40, 0x000001f16e5a2b70, 0x000001f16e5a7a30
}

Java Threads: ( => current thread )
  0x000001f14f74a500 JavaThread "main"                              [_thread_blocked, id=25676, stack(0x00000049bcf00000,0x00000049bd000000) (1024K)]
  0x000001f168801b80 JavaThread "Reference Handler"          daemon [_thread_blocked, id=18852, stack(0x00000049bd700000,0x00000049bd800000) (1024K)]
  0x000001f168803150 JavaThread "Finalizer"                  daemon [_thread_blocked, id=12560, stack(0x00000049bd800000,0x00000049bd900000) (1024K)]
  0x000001f168806130 JavaThread "Signal Dispatcher"          daemon [_thread_blocked, id=17348, stack(0x00000049bd900000,0x00000049bda00000) (1024K)]
  0x000001f168808ba0 JavaThread "Attach Listener"            daemon [_thread_blocked, id=15032, stack(0x00000049bda00000,0x00000049bdb00000) (1024K)]
  0x000001f168809600 JavaThread "Service Thread"             daemon [_thread_blocked, id=27052, stack(0x00000049bdb00000,0x00000049bdc00000) (1024K)]
  0x000001f16880a060 JavaThread "Monitor Deflation Thread"   daemon [_thread_blocked, id=26240, stack(0x00000049bdc00000,0x00000049bdd00000) (1024K)]
  0x000001f16880adf0 JavaThread "C2 CompilerThread0"         daemon [_thread_blocked, id=20744, stack(0x00000049bdd00000,0x00000049bde00000) (1024K)]
  0x000001f168812f90 JavaThread "C1 CompilerThread0"         daemon [_thread_blocked, id=12096, stack(0x00000049bde00000,0x00000049bdf00000) (1024K)]
  0x000001f168a7ddd0 JavaThread "Common-Cleaner"             daemon [_thread_blocked, id=34944, stack(0x00000049bdf00000,0x00000049be000000) (1024K)]
  0x000001f168a44930 JavaThread "Notification Thread"        daemon [_thread_blocked, id=34348, stack(0x00000049be000000,0x00000049be100000) (1024K)]
  0x000001f16e1a0e30 JavaThread "Daemon health stats"               [_thread_blocked, id=25456, stack(0x00000049be400000,0x00000049be500000) (1024K)]
  0x000001f16e21b640 JavaThread "Incoming local TCP Connector on port 54592"        [_thread_in_native, id=27572, stack(0x00000049be500000,0x00000049be600000) (1024K)]
  0x000001f16e22df30 JavaThread "Daemon periodic checks"            [_thread_blocked, id=2424, stack(0x00000049be600000,0x00000049be700000) (1024K)]
  0x000001f16d5cd0d0 JavaThread "Cache worker for journal cache (C:\Users\AFIS\.gradle\caches\journal-1)"        [_thread_blocked, id=13900, stack(0x00000049bee00000,0x00000049bef00000) (1024K)]
  0x000001f16d5cddf0 JavaThread "File lock request listener"        [_thread_in_native, id=22936, stack(0x00000049bef00000,0x00000049bf000000) (1024K)]
  0x000001f16d5cfec0 JavaThread "Cache worker for file hash cache (C:\Users\AFIS\.gradle\caches\8.13\fileHashes)"        [_thread_blocked, id=28836, stack(0x00000049bf000000,0x00000049bf100000) (1024K)]
  0x000001f16e5931e0 JavaThread "File watcher server"        daemon [_thread_in_native, id=21824, stack(0x00000049bf300000,0x00000049bf400000) (1024K)]
  0x000001f16e594590 JavaThread "File watcher consumer"      daemon [_thread_blocked, id=16664, stack(0x00000049bf400000,0x00000049bf500000) (1024K)]
  0x000001f16e591e30 JavaThread "jar transforms"                    [_thread_blocked, id=30012, stack(0x00000049bf500000,0x00000049bf600000) (1024K)]
  0x000001f16e592b50 JavaThread "jar transforms Thread 2"           [_thread_blocked, id=12604, stack(0x00000049bf600000,0x00000049bf700000) (1024K)]
  0x000001f16e593870 JavaThread "jar transforms Thread 3"           [_thread_blocked, id=31476, stack(0x00000049bf700000,0x00000049bf800000) (1024K)]
  0x000001f16e595940 JavaThread "Cache worker for file content cache (C:\Users\AFIS\.gradle\caches\8.13\fileContent)"        [_thread_blocked, id=36192, stack(0x00000049bf900000,0x00000049bfa00000) (1024K)]
  0x000001f16e596cf0 JavaThread "jar transforms Thread 4"           [_thread_blocked, id=33948, stack(0x00000049bfe00000,0x00000049bff00000) (1024K)]
  0x000001f16e5a8750 JavaThread "Memory manager"                    [_thread_blocked, id=22064, stack(0x00000049bcc00000,0x00000049bcd00000) (1024K)]
  0x000001f170939420 JavaThread "Daemon Thread 2"                   [_thread_blocked, id=25012, stack(0x00000049bcd00000,0x00000049bce00000) (1024K)]
  0x000001f17093a7d0 JavaThread "Handler for socket connection from /127.0.0.1:54592 to /127.0.0.1:51502"        [_thread_in_native, id=4248, stack(0x00000049bce00000,0x00000049bcf00000) (1024K)]
  0x000001f17093a140 JavaThread "Cancel handler"                    [_thread_blocked, id=36392, stack(0x00000049be700000,0x00000049be800000) (1024K)]
  0x000001f170938700 JavaThread "Daemon worker Thread 2"            [_thread_blocked, id=16024, stack(0x00000049be800000,0x00000049be900000) (1024K)]
  0x000001f17093c210 JavaThread "Asynchronous log dispatcher for DefaultDaemonConnection: socket connection from /127.0.0.1:54592 to /127.0.0.1:51502"        [_thread_blocked, id=13876, stack(0x00000049be900000,0x00000049bea00000) (1024K)]
  0x000001f170938d90 JavaThread "Stdin handler"                     [_thread_blocked, id=26012, stack(0x00000049bea00000,0x00000049beb00000) (1024K)]
  0x000001f17093c8a0 JavaThread "Daemon client event forwarder"        [_thread_blocked, id=27708, stack(0x00000049beb00000,0x00000049bec00000) (1024K)]
  0x000001f17093cf30 JavaThread "Cache worker for file hash cache (C:\Users\AFIS\Desktop\ReactNativeIMC\MeloneLite\node_modules\react-native-reanimated\android\.gradle\8.13\fileHashes)"        [_thread_blocked, id=12052, stack(0x00000049bec00000,0x00000049bed00000) (1024K)]
  0x000001f17093d5c0 JavaThread "Cache worker for Build Output Cleanup Cache (C:\Users\AFIS\Desktop\ReactNativeIMC\MeloneLite\node_modules\react-native-reanimated\android\.gradle\buildOutputCleanup)"        [_thread_blocked, id=2168, stack(0x00000049bed00000,0x00000049bee00000) (1024K)]
  0x000001f17093dc50 JavaThread "Cache worker for checksums cache (C:\Users\AFIS\Desktop\ReactNativeIMC\MeloneLite\node_modules\react-native-reanimated\android\.gradle\8.13\checksums)"        [_thread_blocked, id=2128, stack(0x00000049bf100000,0x00000049bf200000) (1024K)]
  0x000001f17093e2e0 JavaThread "Cache worker for cache directory md-supplier (C:\Users\AFIS\.gradle\caches\8.13\md-supplier)"        [_thread_blocked, id=35696, stack(0x00000049bf200000,0x00000049bf300000) (1024K)]
  0x000001f17093e970 JavaThread "Cache worker for cache directory md-rule (C:\Users\AFIS\.gradle\caches\8.13\md-rule)"        [_thread_blocked, id=18668, stack(0x00000049bf800000,0x00000049bf900000) (1024K)]
  0x000001f17093f000 JavaThread "Problems report writer"            [_thread_blocked, id=14816, stack(0x00000049bfa00000,0x00000049bfb00000) (1024K)]
  0x000001f17093f690 JavaThread "Unconstrained build operations"        [_thread_blocked, id=6820, stack(0x00000049bfb00000,0x00000049bfc00000) (1024K)]
  0x000001f16e5a3f20 JavaThread "Unconstrained build operations Thread 2"        [_thread_blocked, id=23420, stack(0x00000049bfc00000,0x00000049bfd00000) (1024K)]
  0x000001f16e5a24e0 JavaThread "Unconstrained build operations Thread 3"        [_thread_blocked, id=2676, stack(0x00000049bfd00000,0x00000049bfe00000) (1024K)]
  0x000001f16e5a45b0 JavaThread "Unconstrained build operations Thread 4"        [_thread_blocked, id=31176, stack(0x00000049bff00000,0x00000049c0000000) (1024K)]
  0x000001f16e5a52d0 JavaThread "Unconstrained build operations Thread 5"        [_thread_blocked, id=35492, stack(0x00000049c0000000,0x00000049c0100000) (1024K)]
  0x000001f16e5a1e50 JavaThread "Unconstrained build operations Thread 6"        [_thread_blocked, id=3292, stack(0x00000049c0100000,0x00000049c0200000) (1024K)]
  0x000001f16e5a3890 JavaThread "Exec process Thread 4"             [_thread_blocked, id=11036, stack(0x00000049c0200000,0x00000049c0300000) (1024K)]
  0x000001f16e5a4c40 JavaThread "Exec process Thread 5"             [_thread_blocked, id=32844, stack(0x00000049c0300000,0x00000049c0400000) (1024K)]
  0x000001f16e5a2b70 JavaThread "Exec process Thread 6"             [_thread_blocked, id=30112, stack(0x00000049c0400000,0x00000049c0500000) (1024K)]
  0x000001f16e5a7a30 JavaThread "build event listener"              [_thread_blocked, id=25028, stack(0x00000049c0500000,0x00000049c0600000) (1024K)]
Total: 48

Other Threads:
=>0x000001f1687ddfe0 VMThread "VM Thread"                           [id=18788, stack(0x00000049bd600000,0x00000049bd700000) (1024K)]
  0x000001f15192b080 WatcherThread "VM Periodic Task Thread"        [id=25088, stack(0x00000049bd500000,0x00000049bd600000) (1024K)]
  0x000001f15198e780 WorkerThread "GC Thread#0"                     [id=12592, stack(0x00000049bd000000,0x00000049bd100000) (1024K)]
  0x000001f168ae4ac0 WorkerThread "GC Thread#1"                     [id=10384, stack(0x00000049be100000,0x00000049be200000) (1024K)]
  0x000001f168afad10 WorkerThread "GC Thread#2"                     [id=30432, stack(0x00000049be200000,0x00000049be300000) (1024K)]
  0x000001f16da18590 WorkerThread "GC Thread#3"                     [id=14356, stack(0x00000049be300000,0x00000049be400000) (1024K)]
  0x000001f15199f580 ConcurrentGCThread "G1 Main Marker"            [id=24024, stack(0x00000049bd100000,0x00000049bd200000) (1024K)]
  0x000001f1519a0eb0 WorkerThread "G1 Conc#0"                       [id=6680, stack(0x00000049bd200000,0x00000049bd300000) (1024K)]
  0x000001f1686a0150 ConcurrentGCThread "G1 Refine#0"               [id=27760, stack(0x00000049bd300000,0x00000049bd400000) (1024K)]
  0x000001f1686a0980 ConcurrentGCThread "G1 Service"                [id=23568, stack(0x00000049bd400000,0x00000049bd500000) (1024K)]
Total: 10

Threads with active compile tasks:
Total: 0

VM state: at safepoint (normal execution)

VM Mutex/Monitor currently owned by a thread:  ([mutex/lock_event])
[0x00007ffacb21f570] Threads_lock - owner thread: 0x000001f1687ddfe0
[0x00007ffacb21f670] Heap_lock - owner thread: 0x000001f15199f580

Heap address: 0x0000000080000000, size: 2048 MB, Compressed Oops mode: 32-bit

CDS archive(s) mapped at: [0x000001f100000000-0x000001f100ba0000-0x000001f100ba0000), size 12189696, SharedBaseAddress: 0x000001f100000000, ArchiveRelocationMode: 1.
Compressed class space mapped at: 0x000001f101000000-0x000001f141000000, reserved size: 1073741824
Narrow klass base: 0x000001f100000000, Narrow klass shift: 0, Narrow klass range: 0x100000000

GC Precious Log:
 CardTable entry size: 512
 Card Set container configuration: InlinePtr #cards 5 size 8 Array Of Cards #cards 12 size 40 Howl #buckets 4 coarsen threshold 1843 Howl Bitmap #cards 512 size 80 coarsen threshold 460 Card regions per heap region 1 cards per card region 2048
 CPUs: 4 total, 4 available
 Memory: 7834M
 Large Page Support: Disabled
 NUMA Support: Disabled
 Compressed Oops: Enabled (32-bit)
 Heap Region Size: 1M
 Heap Min Capacity: 8M
 Heap Initial Capacity: 124M
 Heap Max Capacity: 2G
 Pre-touch: Disabled
 Parallel Workers: 4
 Concurrent Workers: 1
 Concurrent Refinement Workers: 4
 Periodic GC: Disabled

Heap:
 garbage-first heap   total 155648K, used 107520K [0x0000000080000000, 0x0000000100000000)
  region size 1024K, 10 young (10240K), 7 survivors (7168K)
 Metaspace       used 88328K, committed 90688K, reserved 1179648K
  class space    used 12608K, committed 13760K, reserved 1048576K

Heap Regions: E=young(eden), S=young(survivor), O=old, HS=humongous(starts), HC=humongous(continues), CS=collection set, F=free, TAMS=top-at-mark-start, PB=parsable bottom
|   0|0x0000000080000000, 0x0000000080100000, 0x0000000080100000|100%|HS|  |TAMS 0x0000000080100000| PB 0x0000000080000000| Complete 
|   1|0x0000000080100000, 0x0000000080200000, 0x0000000080200000|100%|HC|  |TAMS 0x0000000080200000| PB 0x0000000080100000| Complete 
|   2|0x0000000080200000, 0x0000000080300000, 0x0000000080300000|100%|HC|  |TAMS 0x0000000080300000| PB 0x0000000080200000| Complete 
|   3|0x0000000080300000, 0x0000000080400000, 0x0000000080400000|100%| O|  |TAMS 0x0000000080400000| PB 0x0000000080400000| Untracked 
|   4|0x0000000080400000, 0x0000000080500000, 0x0000000080500000|100%| O|  |TAMS 0x0000000080500000| PB 0x0000000080500000| Untracked 
|   5|0x0000000080500000, 0x0000000080600000, 0x0000000080600000|100%| O|  |TAMS 0x0000000080600000| PB 0x0000000080600000| Untracked 
|   6|0x0000000080600000, 0x0000000080700000, 0x0000000080700000|100%| O|  |TAMS 0x0000000080700000| PB 0x0000000080700000| Untracked 
|   7|0x0000000080700000, 0x0000000080800000, 0x0000000080800000|100%|HS|  |TAMS 0x0000000080800000| PB 0x0000000080700000| Complete 
|   8|0x0000000080800000, 0x0000000080900000, 0x0000000080900000|100%| O|  |TAMS 0x0000000080900000| PB 0x0000000080900000| Updating 
|   9|0x0000000080900000, 0x0000000080a00000, 0x0000000080a00000|100%| O|  |TAMS 0x0000000080a00000| PB 0x0000000080a00000| Untracked 
|  10|0x0000000080a00000, 0x0000000080b00000, 0x0000000080b00000|100%| O|  |TAMS 0x0000000080b00000| PB 0x0000000080b00000| Untracked 
|  11|0x0000000080b00000, 0x0000000080c00000, 0x0000000080c00000|100%| O|  |TAMS 0x0000000080c00000| PB 0x0000000080c00000| Untracked 
|  12|0x0000000080c00000, 0x0000000080d00000, 0x0000000080d00000|100%| O|  |TAMS 0x0000000080d00000| PB 0x0000000080d00000| Untracked 
|  13|0x0000000080d00000, 0x0000000080e00000, 0x0000000080e00000|100%| O|  |TAMS 0x0000000080e00000| PB 0x0000000080e00000| Untracked 
|  14|0x0000000080e00000, 0x0000000080f00000, 0x0000000080f00000|100%| O|  |TAMS 0x0000000080f00000| PB 0x0000000080f00000| Untracked 
|  15|0x0000000080f00000, 0x0000000081000000, 0x0000000081000000|100%| O|  |TAMS 0x0000000081000000| PB 0x0000000081000000| Untracked 
|  16|0x0000000081000000, 0x0000000081100000, 0x0000000081100000|100%| O|  |TAMS 0x0000000081100000| PB 0x0000000081100000| Untracked 
|  17|0x0000000081100000, 0x0000000081200000, 0x0000000081200000|100%| O|  |TAMS 0x0000000081200000| PB 0x0000000081200000| Untracked 
|  18|0x0000000081200000, 0x0000000081300000, 0x0000000081300000|100%| O|  |TAMS 0x0000000081300000| PB 0x0000000081300000| Untracked 
|  19|0x0000000081300000, 0x0000000081400000, 0x0000000081400000|100%| O|  |TAMS 0x0000000081400000| PB 0x0000000081400000| Untracked 
|  20|0x0000000081400000, 0x0000000081500000, 0x0000000081500000|100%| O|  |TAMS 0x0000000081500000| PB 0x0000000081500000| Untracked 
|  21|0x0000000081500000, 0x0000000081600000, 0x0000000081600000|100%| O|  |TAMS 0x0000000081600000| PB 0x0000000081600000| Untracked 
|  22|0x0000000081600000, 0x0000000081700000, 0x0000000081700000|100%| O|  |TAMS 0x0000000081600000| PB 0x0000000081600000| Untracked 
|  23|0x0000000081700000, 0x0000000081800000, 0x0000000081800000|100%| O|  |TAMS 0x0000000081800000| PB 0x0000000081800000| Untracked 
|  24|0x0000000081800000, 0x0000000081900000, 0x0000000081900000|100%| O|  |TAMS 0x0000000081900000| PB 0x0000000081900000| Untracked 
|  25|0x0000000081900000, 0x0000000081a00000, 0x0000000081a00000|100%| O|  |TAMS 0x0000000081a00000| PB 0x0000000081a00000| Updating 
|  26|0x0000000081a00000, 0x0000000081b00000, 0x0000000081b00000|100%| O|  |TAMS 0x0000000081b00000| PB 0x0000000081b00000| Updating 
|  27|0x0000000081b00000, 0x0000000081c00000, 0x0000000081c00000|100%| O|  |TAMS 0x0000000081c00000| PB 0x0000000081c00000| Untracked 
|  28|0x0000000081c00000, 0x0000000081d00000, 0x0000000081d00000|100%| O|  |TAMS 0x0000000081d00000| PB 0x0000000081d00000| Updating 
|  29|0x0000000081d00000, 0x0000000081e00000, 0x0000000081e00000|100%| O|  |TAMS 0x0000000081e00000| PB 0x0000000081e00000| Untracked 
|  30|0x0000000081e00000, 0x0000000081f00000, 0x0000000081f00000|100%| O|  |TAMS 0x0000000081f00000| PB 0x0000000081f00000| Untracked 
|  31|0x0000000081f00000, 0x0000000082000000, 0x0000000082000000|100%| O|  |TAMS 0x0000000082000000| PB 0x0000000082000000| Untracked 
|  32|0x0000000082000000, 0x0000000082100000, 0x0000000082100000|100%| O|  |TAMS 0x0000000082100000| PB 0x0000000082100000| Untracked 
|  33|0x0000000082100000, 0x0000000082200000, 0x0000000082200000|100%| O|  |TAMS 0x0000000082200000| PB 0x0000000082200000| Untracked 
|  34|0x0000000082200000, 0x0000000082300000, 0x0000000082300000|100%| O|  |TAMS 0x0000000082300000| PB 0x0000000082300000| Untracked 
|  35|0x0000000082300000, 0x0000000082400000, 0x0000000082400000|100%| O|  |TAMS 0x0000000082400000| PB 0x0000000082400000| Untracked 
|  36|0x0000000082400000, 0x0000000082500000, 0x0000000082500000|100%| O|  |TAMS 0x0000000082500000| PB 0x0000000082500000| Updating 
|  37|0x0000000082500000, 0x0000000082600000, 0x0000000082600000|100%| O|  |TAMS 0x0000000082600000| PB 0x0000000082600000| Untracked 
|  38|0x0000000082600000, 0x0000000082700000, 0x0000000082700000|100%| O|  |TAMS 0x0000000082700000| PB 0x0000000082700000| Updating 
|  39|0x0000000082700000, 0x0000000082800000, 0x0000000082800000|100%| O|  |TAMS 0x0000000082800000| PB 0x0000000082800000| Untracked 
|  40|0x0000000082800000, 0x0000000082900000, 0x0000000082900000|100%| O|  |TAMS 0x0000000082900000| PB 0x0000000082900000| Untracked 
|  41|0x0000000082900000, 0x0000000082a00000, 0x0000000082a00000|100%| O|  |TAMS 0x0000000082a00000| PB 0x0000000082a00000| Updating 
|  42|0x0000000082a00000, 0x0000000082b00000, 0x0000000082b00000|100%| O|  |TAMS 0x0000000082b00000| PB 0x0000000082b00000| Updating 
|  43|0x0000000082b00000, 0x0000000082c00000, 0x0000000082c00000|100%| O|  |TAMS 0x0000000082c00000| PB 0x0000000082c00000| Untracked 
|  44|0x0000000082c00000, 0x0000000082d00000, 0x0000000082d00000|100%| O|  |TAMS 0x0000000082d00000| PB 0x0000000082d00000| Updating 
|  45|0x0000000082d00000, 0x0000000082e00000, 0x0000000082e00000|100%| O|  |TAMS 0x0000000082e00000| PB 0x0000000082e00000| Untracked 
|  46|0x0000000082e00000, 0x0000000082f00000, 0x0000000082f00000|100%| O|  |TAMS 0x0000000082f00000| PB 0x0000000082f00000| Updating 
|  47|0x0000000082f00000, 0x0000000083000000, 0x0000000083000000|100%| O|  |TAMS 0x0000000083000000| PB 0x0000000083000000| Updating 
|  48|0x0000000083000000, 0x0000000083100000, 0x0000000083100000|100%|HS|  |TAMS 0x0000000083100000| PB 0x0000000083000000| Complete 
|  49|0x0000000083100000, 0x0000000083200000, 0x0000000083200000|100%|HS|  |TAMS 0x0000000083200000| PB 0x0000000083100000| Complete 
|  50|0x0000000083200000, 0x0000000083300000, 0x0000000083300000|100%|HS|  |TAMS 0x0000000083300000| PB 0x0000000083200000| Complete 
|  51|0x0000000083300000, 0x0000000083400000, 0x0000000083400000|100%|HS|  |TAMS 0x0000000083400000| PB 0x0000000083300000| Complete 
|  52|0x0000000083400000, 0x0000000083500000, 0x0000000083500000|100%| O|  |TAMS 0x0000000083500000| PB 0x0000000083500000| Untracked 
|  53|0x0000000083500000, 0x0000000083600000, 0x0000000083600000|100%| O|  |TAMS 0x0000000083600000| PB 0x0000000083600000| Untracked 
|  54|0x0000000083600000, 0x0000000083700000, 0x0000000083700000|100%| O|  |TAMS 0x0000000083700000| PB 0x0000000083700000| Updating 
|  55|0x0000000083700000, 0x0000000083800000, 0x0000000083800000|100%| O|  |TAMS 0x0000000083800000| PB 0x0000000083800000| Updating 
|  56|0x0000000083800000, 0x0000000083900000, 0x0000000083900000|100%| O|  |TAMS 0x0000000083900000| PB 0x0000000083900000| Untracked 
|  57|0x0000000083900000, 0x0000000083a00000, 0x0000000083a00000|100%| O|  |TAMS 0x0000000083a00000| PB 0x0000000083a00000| Untracked 
|  58|0x0000000083a00000, 0x0000000083b00000, 0x0000000083b00000|100%|HS|  |TAMS 0x0000000083b00000| PB 0x0000000083a00000| Complete 
|  59|0x0000000083b00000, 0x0000000083c00000, 0x0000000083c00000|100%| O|  |TAMS 0x0000000083c00000| PB 0x0000000083c00000| Updating 
|  60|0x0000000083c00000, 0x0000000083d00000, 0x0000000083d00000|100%| O|  |TAMS 0x0000000083c00000| PB 0x0000000083c00000| Untracked 
|  61|0x0000000083d00000, 0x0000000083e00000, 0x0000000083e00000|100%| O|  |TAMS 0x0000000083e00000| PB 0x0000000083e00000| Untracked 
|  62|0x0000000083e00000, 0x0000000083f00000, 0x0000000083f00000|100%| O|  |TAMS 0x0000000083f00000| PB 0x0000000083f00000| Untracked 
|  63|0x0000000083f00000, 0x0000000084000000, 0x0000000084000000|100%| O|  |TAMS 0x0000000084000000| PB 0x0000000084000000| Untracked 
|  64|0x0000000084000000, 0x0000000084100000, 0x0000000084100000|100%| O|  |TAMS 0x0000000084100000| PB 0x0000000084100000| Updating 
|  65|0x0000000084100000, 0x0000000084200000, 0x0000000084200000|100%| O|  |TAMS 0x0000000084200000| PB 0x0000000084200000| Untracked 
|  66|0x0000000084200000, 0x0000000084300000, 0x0000000084300000|100%| O|  |TAMS 0x0000000084300000| PB 0x0000000084300000| Untracked 
|  67|0x0000000084300000, 0x0000000084400000, 0x0000000084400000|100%| O|  |TAMS 0x0000000084400000| PB 0x0000000084400000| Untracked 
|  68|0x0000000084400000, 0x0000000084500000, 0x0000000084500000|100%| O|  |TAMS 0x0000000084500000| PB 0x0000000084500000| Untracked 
|  69|0x0000000084500000, 0x0000000084600000, 0x0000000084600000|100%| O|  |TAMS 0x0000000084600000| PB 0x0000000084600000| Untracked 
|  70|0x0000000084600000, 0x0000000084700000, 0x0000000084700000|100%| O|  |TAMS 0x0000000084700000| PB 0x0000000084700000| Untracked 
|  71|0x0000000084700000, 0x0000000084800000, 0x0000000084800000|100%| O|  |TAMS 0x0000000084800000| PB 0x0000000084800000| Untracked 
|  72|0x0000000084800000, 0x0000000084900000, 0x0000000084900000|100%| O|  |TAMS 0x0000000084900000| PB 0x0000000084900000| Updating 
|  73|0x0000000084900000, 0x0000000084a00000, 0x0000000084a00000|100%| O|  |TAMS 0x0000000084a00000| PB 0x0000000084a00000| Untracked 
|  74|0x0000000084a00000, 0x0000000084b00000, 0x0000000084b00000|100%| O|  |TAMS 0x0000000084b00000| PB 0x0000000084b00000| Untracked 
|  75|0x0000000084b00000, 0x0000000084c00000, 0x0000000084c00000|100%| O|  |TAMS 0x0000000084c00000| PB 0x0000000084c00000| Updating 
|  76|0x0000000084c00000, 0x0000000084d00000, 0x0000000084d00000|100%| O|  |TAMS 0x0000000084d00000| PB 0x0000000084d00000| Untracked 
|  77|0x0000000084d00000, 0x0000000084e00000, 0x0000000084e00000|100%| O|  |TAMS 0x0000000084e00000| PB 0x0000000084e00000| Untracked 
|  78|0x0000000084e00000, 0x0000000084f00000, 0x0000000084f00000|100%| O|  |TAMS 0x0000000084f00000| PB 0x0000000084f00000| Untracked 
|  79|0x0000000084f00000, 0x0000000085000000, 0x0000000085000000|100%| O|  |TAMS 0x0000000085000000| PB 0x0000000085000000| Untracked 
|  80|0x0000000085000000, 0x0000000085100000, 0x0000000085100000|100%| O|  |TAMS 0x0000000085100000| PB 0x0000000085100000| Untracked 
|  81|0x0000000085100000, 0x0000000085200000, 0x0000000085200000|100%| O|  |TAMS 0x0000000085200000| PB 0x0000000085200000| Untracked 
|  82|0x0000000085200000, 0x0000000085300000, 0x0000000085300000|100%| O|  |TAMS 0x0000000085300000| PB 0x0000000085300000| Untracked 
|  83|0x0000000085300000, 0x0000000085400000, 0x0000000085400000|100%| O|  |TAMS 0x0000000085400000| PB 0x0000000085400000| Untracked 
|  84|0x0000000085400000, 0x0000000085500000, 0x0000000085500000|100%| O|  |TAMS 0x0000000085500000| PB 0x0000000085500000| Untracked 
|  85|0x0000000085500000, 0x0000000085600000, 0x0000000085600000|100%| O|  |TAMS 0x0000000085600000| PB 0x0000000085600000| Untracked 
|  86|0x0000000085600000, 0x0000000085700000, 0x0000000085700000|100%| O|  |TAMS 0x0000000085700000| PB 0x0000000085700000| Untracked 
|  87|0x0000000085700000, 0x0000000085800000, 0x0000000085800000|100%| O|  |TAMS 0x0000000085800000| PB 0x0000000085800000| Untracked 
|  88|0x0000000085800000, 0x0000000085900000, 0x0000000085900000|100%| O|  |TAMS 0x0000000085900000| PB 0x0000000085900000| Updating 
|  89|0x0000000085900000, 0x0000000085a00000, 0x0000000085a00000|100%| O|  |TAMS 0x0000000085a00000| PB 0x0000000085a00000| Untracked 
|  90|0x0000000085a00000, 0x0000000085b00000, 0x0000000085b00000|100%| O|  |TAMS 0x0000000085b00000| PB 0x0000000085b00000| Untracked 
|  91|0x0000000085b00000, 0x0000000085c00000, 0x0000000085c00000|100%| O|  |TAMS 0x0000000085bb0180| PB 0x0000000085bb0180| Updating 
|  92|0x0000000085c00000, 0x0000000085d00000, 0x0000000085d00000|100%| O|  |TAMS 0x0000000085c00000| PB 0x0000000085c00000| Untracked 
|  93|0x0000000085d00000, 0x0000000085d00000, 0x0000000085e00000|  0%| F|  |TAMS 0x0000000085d00000| PB 0x0000000085d00000| Untracked 
|  94|0x0000000085e00000, 0x0000000085e00000, 0x0000000085f00000|  0%| F|  |TAMS 0x0000000085e00000| PB 0x0000000085e00000| Untracked 
|  95|0x0000000085f00000, 0x0000000085f00000, 0x0000000086000000|  0%| F|  |TAMS 0x0000000085f00000| PB 0x0000000085f00000| Untracked 
|  96|0x0000000086000000, 0x0000000086000000, 0x0000000086100000|  0%| F|  |TAMS 0x0000000086000000| PB 0x0000000086000000| Untracked 
|  97|0x0000000086100000, 0x0000000086100000, 0x0000000086200000|  0%| F|  |TAMS 0x0000000086100000| PB 0x0000000086100000| Untracked 
|  98|0x0000000086200000, 0x0000000086200000, 0x0000000086300000|  0%| F|  |TAMS 0x0000000086200000| PB 0x0000000086200000| Untracked 
|  99|0x0000000086300000, 0x0000000086300000, 0x0000000086400000|  0%| F|  |TAMS 0x0000000086300000| PB 0x0000000086300000| Untracked 
| 100|0x0000000086400000, 0x0000000086500000, 0x0000000086500000|100%| O|  |TAMS 0x0000000086400000| PB 0x0000000086400000| Untracked 
| 101|0x0000000086500000, 0x0000000086600000, 0x0000000086600000|100%| S|CS|TAMS 0x0000000086500000| PB 0x0000000086500000| Complete 
| 102|0x0000000086600000, 0x0000000086700000, 0x0000000086700000|100%| S|CS|TAMS 0x0000000086600000| PB 0x0000000086600000| Complete 
| 103|0x0000000086700000, 0x0000000086800000, 0x0000000086800000|100%| S|CS|TAMS 0x0000000086700000| PB 0x0000000086700000| Complete 
| 104|0x0000000086800000, 0x0000000086900000, 0x0000000086900000|100%| S|CS|TAMS 0x0000000086800000| PB 0x0000000086800000| Complete 
| 105|0x0000000086900000, 0x0000000086a00000, 0x0000000086a00000|100%| S|CS|TAMS 0x0000000086900000| PB 0x0000000086900000| Complete 
| 106|0x0000000086a00000, 0x0000000086b00000, 0x0000000086b00000|100%| S|CS|TAMS 0x0000000086a00000| PB 0x0000000086a00000| Complete 
| 107|0x0000000086b00000, 0x0000000086c00000, 0x0000000086c00000|100%| S|CS|TAMS 0x0000000086b00000| PB 0x0000000086b00000| Complete 
| 108|0x0000000086c00000, 0x0000000086c00000, 0x0000000086d00000|  0%| F|  |TAMS 0x0000000086c00000| PB 0x0000000086c00000| Untracked 
| 109|0x0000000086d00000, 0x0000000086d00000, 0x0000000086e00000|  0%| F|  |TAMS 0x0000000086d00000| PB 0x0000000086d00000| Untracked 
| 110|0x0000000086e00000, 0x0000000086e00000, 0x0000000086f00000|  0%| F|  |TAMS 0x0000000086e00000| PB 0x0000000086e00000| Untracked 
| 111|0x0000000086f00000, 0x0000000086f00000, 0x0000000087000000|  0%| F|  |TAMS 0x0000000086f00000| PB 0x0000000086f00000| Untracked 
| 112|0x0000000087000000, 0x0000000087000000, 0x0000000087100000|  0%| F|  |TAMS 0x0000000087000000| PB 0x0000000087000000| Untracked 
| 113|0x0000000087100000, 0x0000000087100000, 0x0000000087200000|  0%| F|  |TAMS 0x0000000087100000| PB 0x0000000087100000| Untracked 
| 114|0x0000000087200000, 0x0000000087200000, 0x0000000087300000|  0%| F|  |TAMS 0x0000000087200000| PB 0x0000000087200000| Untracked 
| 115|0x0000000087300000, 0x0000000087300000, 0x0000000087400000|  0%| F|  |TAMS 0x0000000087300000| PB 0x0000000087300000| Untracked 
| 116|0x0000000087400000, 0x0000000087400000, 0x0000000087500000|  0%| F|  |TAMS 0x0000000087400000| PB 0x0000000087400000| Untracked 
| 117|0x0000000087500000, 0x0000000087500000, 0x0000000087600000|  0%| F|  |TAMS 0x0000000087500000| PB 0x0000000087500000| Untracked 
| 118|0x0000000087600000, 0x0000000087600000, 0x0000000087700000|  0%| F|  |TAMS 0x0000000087600000| PB 0x0000000087600000| Untracked 
| 119|0x0000000087700000, 0x0000000087700000, 0x0000000087800000|  0%| F|  |TAMS 0x0000000087700000| PB 0x0000000087700000| Untracked 
| 120|0x0000000087800000, 0x0000000087800000, 0x0000000087900000|  0%| F|  |TAMS 0x0000000087800000| PB 0x0000000087800000| Untracked 
| 121|0x0000000087900000, 0x0000000087900000, 0x0000000087a00000|  0%| F|  |TAMS 0x0000000087900000| PB 0x0000000087900000| Untracked 
| 122|0x0000000087a00000, 0x0000000087a00000, 0x0000000087b00000|  0%| F|  |TAMS 0x0000000087a00000| PB 0x0000000087a00000| Untracked 
| 123|0x0000000087b00000, 0x0000000087b00000, 0x0000000087c00000|  0%| F|  |TAMS 0x0000000087b00000| PB 0x0000000087b00000| Untracked 
| 124|0x0000000087c00000, 0x0000000087c00000, 0x0000000087d00000|  0%| F|  |TAMS 0x0000000087c00000| PB 0x0000000087c00000| Untracked 
| 125|0x0000000087d00000, 0x0000000087d00000, 0x0000000087e00000|  0%| F|  |TAMS 0x0000000087d00000| PB 0x0000000087d00000| Untracked 
| 126|0x0000000087e00000, 0x0000000087e00000, 0x0000000087f00000|  0%| F|  |TAMS 0x0000000087e00000| PB 0x0000000087e00000| Untracked 
| 127|0x0000000087f00000, 0x0000000087f00000, 0x0000000088000000|  0%| F|  |TAMS 0x0000000087f00000| PB 0x0000000087f00000| Untracked 
| 128|0x0000000088000000, 0x0000000088000000, 0x0000000088100000|  0%| F|  |TAMS 0x0000000088000000| PB 0x0000000088000000| Untracked 
| 129|0x0000000088100000, 0x0000000088100000, 0x0000000088200000|  0%| F|  |TAMS 0x0000000088100000| PB 0x0000000088100000| Untracked 
| 130|0x0000000088200000, 0x0000000088200000, 0x0000000088300000|  0%| F|  |TAMS 0x0000000088200000| PB 0x0000000088200000| Untracked 
| 131|0x0000000088300000, 0x0000000088300000, 0x0000000088400000|  0%| F|  |TAMS 0x0000000088300000| PB 0x0000000088300000| Untracked 
| 132|0x0000000088400000, 0x0000000088400000, 0x0000000088500000|  0%| F|  |TAMS 0x0000000088400000| PB 0x0000000088400000| Untracked 
| 133|0x0000000088500000, 0x0000000088500000, 0x0000000088600000|  0%| F|  |TAMS 0x0000000088500000| PB 0x0000000088500000| Untracked 
| 134|0x0000000088600000, 0x0000000088600000, 0x0000000088700000|  0%| F|  |TAMS 0x0000000088600000| PB 0x0000000088600000| Untracked 
| 135|0x0000000088700000, 0x0000000088700000, 0x0000000088800000|  0%| F|  |TAMS 0x0000000088700000| PB 0x0000000088700000| Untracked 
| 136|0x0000000088800000, 0x0000000088800000, 0x0000000088900000|  0%| F|  |TAMS 0x0000000088800000| PB 0x0000000088800000| Untracked 
| 137|0x0000000088900000, 0x0000000088900000, 0x0000000088a00000|  0%| F|  |TAMS 0x0000000088900000| PB 0x0000000088900000| Untracked 
| 138|0x0000000088a00000, 0x0000000088a00000, 0x0000000088b00000|  0%| F|  |TAMS 0x0000000088a00000| PB 0x0000000088a00000| Untracked 
| 139|0x0000000088b00000, 0x0000000088b00000, 0x0000000088c00000|  0%| F|  |TAMS 0x0000000088b00000| PB 0x0000000088b00000| Untracked 
| 140|0x0000000088c00000, 0x0000000088c00000, 0x0000000088d00000|  0%| F|  |TAMS 0x0000000088c00000| PB 0x0000000088c00000| Untracked 
| 141|0x0000000088d00000, 0x0000000088d00000, 0x0000000088e00000|  0%| F|  |TAMS 0x0000000088d00000| PB 0x0000000088d00000| Untracked 
| 142|0x0000000088e00000, 0x0000000088e00000, 0x0000000088f00000|  0%| F|  |TAMS 0x0000000088e00000| PB 0x0000000088e00000| Untracked 
| 143|0x0000000088f00000, 0x0000000088f00000, 0x0000000089000000|  0%| F|  |TAMS 0x0000000088f00000| PB 0x0000000088f00000| Untracked 
| 144|0x0000000089000000, 0x0000000089000000, 0x0000000089100000|  0%| F|  |TAMS 0x0000000089000000| PB 0x0000000089000000| Untracked 
| 145|0x0000000089100000, 0x0000000089100000, 0x0000000089200000|  0%| F|  |TAMS 0x0000000089100000| PB 0x0000000089100000| Untracked 
| 146|0x0000000089200000, 0x0000000089200000, 0x0000000089300000|  0%| F|  |TAMS 0x0000000089200000| PB 0x0000000089200000| Untracked 
| 147|0x0000000089300000, 0x000000008934eef8, 0x0000000089400000| 30%| E|  |TAMS 0x0000000089300000| PB 0x0000000089300000| Complete 
| 148|0x0000000089400000, 0x0000000089500000, 0x0000000089500000|100%| E|CS|TAMS 0x0000000089400000| PB 0x0000000089400000| Complete 
|2045|0x00000000ffd00000, 0x00000000ffe00000, 0x00000000ffe00000|100%| O|  |TAMS 0x00000000ffd00000| PB 0x00000000ffd00000| Untracked 
|2046|0x00000000ffe00000, 0x00000000fff00000, 0x00000000fff00000|100%| O|  |TAMS 0x00000000ffe00000| PB 0x00000000ffe00000| Untracked 
|2047|0x00000000fff00000, 0x0000000100000000, 0x0000000100000000|100%| E|CS|TAMS 0x00000000fff00000| PB 0x00000000fff00000| Complete 

Card table byte_map: [0x000001f163f30000,0x000001f164330000] _byte_map_base: 0x000001f163b30000

Marking Bits: (CMBitMap*) 0x000001f15198eca0
 Bits: [0x000001f164330000, 0x000001f166330000)

Polling page: 0x000001f14fbb0000

Metaspace:

Usage:
  Non-class:     73.95 MB used.
      Class:     12.31 MB used.
       Both:     86.26 MB used.

Virtual space:
  Non-class space:      128.00 MB reserved,      75.12 MB ( 59%) committed,  2 nodes.
      Class space:        1.00 GB reserved,      13.44 MB (  1%) committed,  1 nodes.
             Both:        1.12 GB reserved,      88.56 MB (  8%) committed. 

Chunk freelists:
   Non-Class:  4.73 MB
       Class:  2.48 MB
        Both:  7.22 MB

MaxMetaspaceSize: unlimited
CompressedClassSpaceSize: 1.00 GB
Initial GC threshold: 21.00 MB
Current GC threshold: 138.69 MB
CDS: on
 - commit_granule_bytes: 65536.
 - commit_granule_words: 8192.
 - virtual_space_node_default_size: 8388608.
 - enlarge_chunks_in_place: 1.
 - use_allocation_guard: 0.


Internal statistics:

num_allocs_failed_limit: 9.
num_arena_births: 4032.
num_arena_deaths: 0.
num_vsnodes_births: 3.
num_vsnodes_deaths: 0.
num_space_committed: 1417.
num_space_uncommitted: 0.
num_chunks_returned_to_freelist: 9.
num_chunks_taken_from_freelist: 8394.
num_chunk_merges: 9.
num_chunk_splits: 5314.
num_chunks_enlarged: 3182.
num_inconsistent_stats: 0.

CodeHeap 'non-profiled nmethods': size=120000Kb used=7239Kb max_used=7361Kb free=112760Kb
 bounds [0x000001f15c600000, 0x000001f15cd40000, 0x000001f163b30000]
CodeHeap 'profiled nmethods': size=120000Kb used=21679Kb max_used=22327Kb free=98320Kb
 bounds [0x000001f154b30000, 0x000001f156100000, 0x000001f15c060000]
CodeHeap 'non-nmethods': size=5760Kb used=2936Kb max_used=2980Kb free=2823Kb
 bounds [0x000001f15c060000, 0x000001f15c360000, 0x000001f15c600000]
CodeCache: size=245760Kb, used=31854Kb, max_used=32668Kb, free=213903Kb
 total_blobs=12227, nmethods=11266, adapters=864, full_count=0
Compilation: enabled, stopped_count=0, restarted_count=0

Compilation events (20 events):
Event: 282.686 Thread 0x000001f168812f90 13350       3       com.google.common.collect.BaseImmutableMultimap::<init> (5 bytes)
Event: 282.686 Thread 0x000001f168812f90 nmethod 13350 0x000001f1560fbb10 code [0x000001f1560fbcc0, 0x000001f1560fbe88]
Event: 282.686 Thread 0x000001f168812f90 13351       3       org.gradle.api.internal.artifacts.result.DefaultResolvedComponentResult::addDependent (13 bytes)
Event: 282.686 Thread 0x000001f16880adf0 13353       4       java.lang.Boolean::hashCode (8 bytes)
Event: 282.687 Thread 0x000001f168812f90 nmethod 13351 0x000001f1560fbf90 code [0x000001f1560fc140, 0x000001f1560fc320]
Event: 282.687 Thread 0x000001f168812f90 13352       3       com.google.common.collect.ImmutableSetMultimap$Builder::put (9 bytes)
Event: 282.687 Thread 0x000001f16880adf0 nmethod 13353 0x000001f15cd2e910 code [0x000001f15cd2eaa0, 0x000001f15cd2eb40]
Event: 282.687 Thread 0x000001f168812f90 nmethod 13352 0x000001f1560fc410 code [0x000001f1560fc5c0, 0x000001f1560fc710]
Event: 282.688 Thread 0x000001f168812f90 13354       3       org.gradle.api.internal.artifacts.result.AbstractDependencyResult::<init> (56 bytes)
Event: 282.689 Thread 0x000001f168812f90 nmethod 13354 0x000001f1560fc810 code [0x000001f1560fc9c0, 0x000001f1560fcc08]
Event: 282.692 Thread 0x000001f168812f90 13355       1       com.google.common.collect.ImmutableMultimap::size (5 bytes)
Event: 282.692 Thread 0x000001f168812f90 nmethod 13355 0x000001f15cd2ec10 code [0x000001f15cd2eda0, 0x000001f15cd2ee68]
Event: 282.694 Thread 0x000001f16880adf0 13356       4       com.esotericsoftware.kryo.io.Input::readVarLong (329 bytes)
Event: 282.696 Thread 0x000001f168812f90 13358       3       it.unimi.dsi.fastutil.longs.Long2ObjectOpenHashMap$MapIterator::nextEntry (158 bytes)
Event: 282.696 Thread 0x000001f168812f90 nmethod 13358 0x000001f1560fcd10 code [0x000001f1560fcf20, 0x000001f1560fd5c0]
Event: 282.696 Thread 0x000001f168812f90 13357       3       it.unimi.dsi.fastutil.longs.Long2ObjectOpenHashMap$ValueIterator::next (13 bytes)
Event: 282.697 Thread 0x000001f168812f90 nmethod 13357 0x000001f1560fd890 code [0x000001f1560fda40, 0x000001f1560fdc40]
Event: 282.702 Thread 0x000001f16880adf0 nmethod 13356 0x000001f15cd2ef10 code [0x000001f15cd2f100, 0x000001f15cd2f6b0]
Event: 282.703 Thread 0x000001f16880adf0 13359       4       java.util.LinkedHashMap::afterNodeAccess (266 bytes)
Event: 282.711 Thread 0x000001f16880adf0 nmethod 13359 0x000001f15cd2fa90 code [0x000001f15cd2fc40, 0x000001f15cd30488]

GC Heap History (20 events):
Event: 70.604 GC heap before
{Heap before GC invocations=33 (full 0):
 garbage-first heap   total 124928K, used 109757K [0x0000000080000000, 0x0000000100000000)
  region size 1024K, 37 young (37888K), 3 survivors (3072K)
 Metaspace       used 68492K, committed 70528K, reserved 1114112K
  class space    used 9712K, committed 10688K, reserved 1048576K
}
Event: 70.611 GC heap after
{Heap after GC invocations=34 (full 0):
 garbage-first heap   total 124928K, used 78241K [0x0000000080000000, 0x0000000100000000)
  region size 1024K, 5 young (5120K), 5 survivors (5120K)
 Metaspace       used 68492K, committed 70528K, reserved 1114112K
  class space    used 9712K, committed 10688K, reserved 1048576K
}
Event: 71.557 GC heap before
{Heap before GC invocations=35 (full 0):
 garbage-first heap   total 132096K, used 112033K [0x0000000080000000, 0x0000000100000000)
  region size 1024K, 38 young (38912K), 5 survivors (5120K)
 Metaspace       used 69353K, committed 71552K, reserved 1114112K
  class space    used 9863K, committed 10944K, reserved 1048576K
}
Event: 71.574 GC heap after
{Heap after GC invocations=36 (full 0):
 garbage-first heap   total 132096K, used 82346K [0x0000000080000000, 0x0000000100000000)
  region size 1024K, 4 young (4096K), 4 survivors (4096K)
 Metaspace       used 69353K, committed 71552K, reserved 1114112K
  class space    used 9863K, committed 10944K, reserved 1048576K
}
Event: 73.839 GC heap before
{Heap before GC invocations=36 (full 0):
 garbage-first heap   total 132096K, used 119210K [0x0000000080000000, 0x0000000100000000)
  region size 1024K, 39 young (39936K), 4 survivors (4096K)
 Metaspace       used 72046K, committed 74176K, reserved 1114112K
  class space    used 10227K, committed 11264K, reserved 1048576K
}
Event: 73.856 GC heap after
{Heap after GC invocations=37 (full 0):
 garbage-first heap   total 132096K, used 84265K [0x0000000080000000, 0x0000000100000000)
  region size 1024K, 3 young (3072K), 3 survivors (3072K)
 Metaspace       used 72046K, committed 74176K, reserved 1114112K
  class space    used 10227K, committed 11264K, reserved 1048576K
}
Event: 75.563 GC heap before
{Heap before GC invocations=37 (full 0):
 garbage-first heap   total 132096K, used 119081K [0x0000000080000000, 0x0000000100000000)
  region size 1024K, 37 young (37888K), 3 survivors (3072K)
 Metaspace       used 74911K, committed 77056K, reserved 1179648K
  class space    used 10788K, committed 11840K, reserved 1048576K
}
Event: 75.568 GC heap after
{Heap after GC invocations=38 (full 0):
 garbage-first heap   total 132096K, used 84659K [0x0000000080000000, 0x0000000100000000)
  region size 1024K, 2 young (2048K), 2 survivors (2048K)
 Metaspace       used 74911K, committed 77056K, reserved 1179648K
  class space    used 10788K, committed 11840K, reserved 1048576K
}
Event: 77.273 GC heap before
{Heap before GC invocations=39 (full 0):
 garbage-first heap   total 143360K, used 120499K [0x0000000080000000, 0x0000000100000000)
  region size 1024K, 37 young (37888K), 2 survivors (2048K)
 Metaspace       used 77365K, committed 79616K, reserved 1179648K
  class space    used 11071K, committed 12160K, reserved 1048576K
}
Event: 77.279 GC heap after
{Heap after GC invocations=40 (full 0):
 garbage-first heap   total 143360K, used 85946K [0x0000000080000000, 0x0000000100000000)
  region size 1024K, 3 young (3072K), 3 survivors (3072K)
 Metaspace       used 77365K, committed 79616K, reserved 1179648K
  class space    used 11071K, committed 12160K, reserved 1048576K
}
Event: 80.145 GC heap before
{Heap before GC invocations=40 (full 0):
 garbage-first heap   total 143360K, used 129978K [0x0000000080000000, 0x0000000100000000)
  region size 1024K, 46 young (47104K), 3 survivors (3072K)
 Metaspace       used 80052K, committed 82304K, reserved 1179648K
  class space    used 11483K, committed 12608K, reserved 1048576K
}
Event: 80.154 GC heap after
{Heap after GC invocations=41 (full 0):
 garbage-first heap   total 143360K, used 88895K [0x0000000080000000, 0x0000000100000000)
  region size 1024K, 6 young (6144K), 6 survivors (6144K)
 Metaspace       used 80052K, committed 82304K, reserved 1179648K
  class space    used 11483K, committed 12608K, reserved 1048576K
}
Event: 82.385 GC heap before
{Heap before GC invocations=41 (full 0):
 garbage-first heap   total 143360K, used 131903K [0x0000000080000000, 0x0000000100000000)
  region size 1024K, 48 young (49152K), 6 survivors (6144K)
 Metaspace       used 82729K, committed 85056K, reserved 1179648K
  class space    used 11851K, committed 12992K, reserved 1048576K
}
Event: 82.398 GC heap after
{Heap after GC invocations=42 (full 0):
 garbage-first heap   total 143360K, used 91550K [0x0000000080000000, 0x0000000100000000)
  region size 1024K, 6 young (6144K), 6 survivors (6144K)
 Metaspace       used 82729K, committed 85056K, reserved 1179648K
  class space    used 11851K, committed 12992K, reserved 1048576K
}
Event: 84.973 GC heap before
{Heap before GC invocations=43 (full 0):
 garbage-first heap   total 153600K, used 132510K [0x0000000080000000, 0x0000000100000000)
  region size 1024K, 46 young (47104K), 6 survivors (6144K)
 Metaspace       used 84933K, committed 87168K, reserved 1179648K
  class space    used 12168K, committed 13248K, reserved 1048576K
}
Event: 84.994 GC heap after
{Heap after GC invocations=44 (full 0):
 garbage-first heap   total 153600K, used 95326K [0x0000000080000000, 0x0000000100000000)
  region size 1024K, 6 young (6144K), 6 survivors (6144K)
 Metaspace       used 84933K, committed 87168K, reserved 1179648K
  class space    used 12168K, committed 13248K, reserved 1048576K
}
Event: 269.041 GC heap before
{Heap before GC invocations=44 (full 0):
 garbage-first heap   total 153600K, used 139358K [0x0000000080000000, 0x0000000100000000)
  region size 1024K, 50 young (51200K), 6 survivors (6144K)
 Metaspace       used 87563K, committed 89792K, reserved 1179648K
  class space    used 12580K, committed 13696K, reserved 1048576K
}
Event: 269.209 GC heap after
{Heap after GC invocations=45 (full 0):
 garbage-first heap   total 153600K, used 98879K [0x0000000080000000, 0x0000000100000000)
  region size 1024K, 7 young (7168K), 7 survivors (7168K)
 Metaspace       used 87563K, committed 89792K, reserved 1179648K
  class space    used 12580K, committed 13696K, reserved 1048576K
}
Event: 282.406 GC heap before
{Heap before GC invocations=45 (full 0):
 garbage-first heap   total 153600K, used 140863K [0x0000000080000000, 0x0000000100000000)
  region size 1024K, 49 young (50176K), 7 survivors (7168K)
 Metaspace       used 88190K, committed 90496K, reserved 1179648K
  class space    used 12597K, committed 13760K, reserved 1048576K
}
Event: 282.442 GC heap after
{Heap after GC invocations=46 (full 0):
 garbage-first heap   total 155648K, used 105472K [0x0000000080000000, 0x0000000100000000)
  region size 1024K, 7 young (7168K), 7 survivors (7168K)
 Metaspace       used 88190K, committed 90496K, reserved 1179648K
  class space    used 12597K, committed 13760K, reserved 1048576K
}

Dll operation events (14 events):
Event: 0.114 Loaded shared library C:\Users\AFIS\.antigravity-ide\extensions\redhat.java-1.55.0-win32-x64\jre\21.0.11-win32-x86_64\bin\java.dll
Event: 1.606 Loaded shared library C:\Users\AFIS\.antigravity-ide\extensions\redhat.java-1.55.0-win32-x64\jre\21.0.11-win32-x86_64\bin\zip.dll
Event: 1.719 Loaded shared library C:\Users\AFIS\.antigravity-ide\extensions\redhat.java-1.55.0-win32-x64\jre\21.0.11-win32-x86_64\bin\instrument.dll
Event: 1.753 Loaded shared library C:\Users\AFIS\.antigravity-ide\extensions\redhat.java-1.55.0-win32-x64\jre\21.0.11-win32-x86_64\bin\net.dll
Event: 1.768 Loaded shared library C:\Users\AFIS\.antigravity-ide\extensions\redhat.java-1.55.0-win32-x64\jre\21.0.11-win32-x86_64\bin\nio.dll
Event: 1.789 Loaded shared library C:\Users\AFIS\.antigravity-ide\extensions\redhat.java-1.55.0-win32-x64\jre\21.0.11-win32-x86_64\bin\zip.dll
Event: 4.349 Loaded shared library C:\Users\AFIS\.antigravity-ide\extensions\redhat.java-1.55.0-win32-x64\jre\21.0.11-win32-x86_64\bin\jimage.dll
Event: 9.439 Loaded shared library C:\Users\AFIS\.antigravity-ide\extensions\redhat.java-1.55.0-win32-x64\jre\21.0.11-win32-x86_64\bin\verify.dll
Event: 10.871 Loaded shared library C:\Users\AFIS\.gradle\native\1def1411415f61bf3af743bc5b6707747c0891f09f0c88961ee8f79bc544acac\windows-amd64\native-platform.dll
Event: 10.951 Loaded shared library C:\Users\AFIS\.gradle\native\0.2.7\x86_64-windows-gnu\gradle-fileevents.dll
Event: 19.595 Loaded shared library C:\Users\AFIS\.antigravity-ide\extensions\redhat.java-1.55.0-win32-x64\jre\21.0.11-win32-x86_64\bin\management.dll
Event: 19.607 Loaded shared library C:\Users\AFIS\.antigravity-ide\extensions\redhat.java-1.55.0-win32-x64\jre\21.0.11-win32-x86_64\bin\management_ext.dll
Event: 20.189 Loaded shared library C:\Users\AFIS\.antigravity-ide\extensions\redhat.java-1.55.0-win32-x64\jre\21.0.11-win32-x86_64\bin\extnet.dll
Event: 22.118 Loaded shared library C:\Users\AFIS\.antigravity-ide\extensions\redhat.java-1.55.0-win32-x64\jre\21.0.11-win32-x86_64\bin\sunmscapi.dll

Deoptimization events (20 events):
Event: 275.531 Thread 0x000001f170938700 Uncommon trap: trap_request=0xffffffbe fr.pc=0x000001f15cccf6c0 relative=0x0000000000001a20
Event: 275.531 Thread 0x000001f170938700 Uncommon trap: reason=profile_predicate action=maybe_recompile pc=0x000001f15cccf6c0 method=java.util.TimSort.reverseRange([Ljava/lang/Object;II)V @ 5 c2
Event: 275.531 Thread 0x000001f170938700 DEOPT PACKING pc=0x000001f15cccf6c0 sp=0x00000049be8f7430
Event: 275.531 Thread 0x000001f170938700 DEOPT UNPACKING pc=0x000001f15c0b7ba2 sp=0x00000049be8f7268 mode 2
Event: 275.644 Thread 0x000001f170938700 Uncommon trap: trap_request=0xffffffd6 fr.pc=0x000001f15ccd3268 relative=0x0000000000001cc8
Event: 275.644 Thread 0x000001f170938700 Uncommon trap: reason=array_check action=maybe_recompile pc=0x000001f15ccd3268 method=java.util.TimSort.reverseRange([Ljava/lang/Object;II)V @ 27 c2
Event: 275.645 Thread 0x000001f170938700 DEOPT PACKING pc=0x000001f15ccd3268 sp=0x00000049be8f7420
Event: 275.645 Thread 0x000001f170938700 DEOPT UNPACKING pc=0x000001f15c0b7ba2 sp=0x00000049be8f7260 mode 2
Event: 275.645 Thread 0x000001f170938700 Uncommon trap: trap_request=0xffffffd6 fr.pc=0x000001f15ccd3268 relative=0x0000000000001cc8
Event: 275.645 Thread 0x000001f170938700 Uncommon trap: reason=array_check action=maybe_recompile pc=0x000001f15ccd3268 method=java.util.TimSort.reverseRange([Ljava/lang/Object;II)V @ 27 c2
Event: 275.645 Thread 0x000001f170938700 DEOPT PACKING pc=0x000001f15ccd3268 sp=0x00000049be8f7420
Event: 275.645 Thread 0x000001f170938700 DEOPT UNPACKING pc=0x000001f15c0b7ba2 sp=0x00000049be8f7260 mode 2
Event: 278.370 Thread 0x000001f170938700 DEOPT PACKING pc=0x000001f15521ba06 sp=0x00000049be8f90e0
Event: 278.370 Thread 0x000001f170938700 DEOPT UNPACKING pc=0x000001f15c0b86e2 sp=0x00000049be8f85c8 mode 0
Event: 281.707 Thread 0x000001f170938700 DEOPT PACKING pc=0x000001f155458775 sp=0x00000049be8f8ed0
Event: 281.708 Thread 0x000001f170938700 DEOPT UNPACKING pc=0x000001f15c0b86e2 sp=0x00000049be8f8460 mode 0
Event: 281.801 Thread 0x000001f170938700 DEOPT PACKING pc=0x000001f155458775 sp=0x00000049be8f90a0
Event: 281.801 Thread 0x000001f170938700 DEOPT UNPACKING pc=0x000001f15c0b86e2 sp=0x00000049be8f8630 mode 0
Event: 281.811 Thread 0x000001f170938700 DEOPT PACKING pc=0x000001f155458775 sp=0x00000049be8f8f60
Event: 281.811 Thread 0x000001f170938700 DEOPT UNPACKING pc=0x000001f15c0b86e2 sp=0x00000049be8f84f0 mode 0

Classes loaded (20 events):
Event: 86.257 Loading class java/nio/file/StandardCopyOption
Event: 86.260 Loading class java/nio/file/StandardCopyOption done
Event: 86.261 Loading class sun/nio/fs/WindowsFileCopy
Event: 86.261 Loading class sun/nio/fs/WindowsFileCopy done
Event: 86.368 Loading class java/util/concurrent/ConcurrentLinkedQueue$Itr
Event: 86.369 Loading class java/util/concurrent/ConcurrentLinkedQueue$Itr done
Event: 86.613 Loading class java/net/UrlDeserializedState
Event: 86.613 Loading class java/net/UrlDeserializedState done
Event: 86.630 Loading class java/util/concurrent/CompletableFuture$AsyncRun
Event: 86.632 Loading class java/util/concurrent/CompletableFuture$AsyncRun done
Event: 262.849 Loading class jdk/internal/math/FormattedFPDecimal
Event: 262.972 Loading class jdk/internal/math/FormattedFPDecimal done
Event: 276.226 Loading class java/util/AbstractList$ListItr
Event: 276.229 Loading class java/util/AbstractList$ListItr done
Event: 279.913 Loading class java/util/AbstractList$RandomAccessSubList
Event: 279.924 Loading class java/util/AbstractList$SubList
Event: 279.930 Loading class java/util/AbstractList$SubList done
Event: 279.930 Loading class java/util/AbstractList$RandomAccessSubList done
Event: 279.930 Loading class java/util/AbstractList$SubList$1
Event: 279.937 Loading class java/util/AbstractList$SubList$1 done

Classes unloaded (0 events):
No events

Classes redefined (0 events):
No events

Internal exceptions (20 events):
Event: 86.232 Thread 0x000001f16e153cc0 Exception <a 'java/lang/NoSuchMethodError'{0x0000000087dc1ce0}: 'void java.lang.invoke.DelegatingMethodHandle$Holder.reinvoke_L(java.lang.Object, java.lang.Object, java.lang.Object, int)'> (0x0000000087dc1ce0) 
thrown [s\src\hotspot\share\interpreter\linkResolver.cpp, line 773]
Event: 86.235 Thread 0x000001f16e153cc0 Exception <a 'sun/nio/fs/WindowsException'{0x0000000087ddb3d8}> (0x0000000087ddb3d8) 
thrown [s\src\hotspot\share\prims\jni.cpp, line 520]
Event: 86.363 Thread 0x000001f16e153cc0 Exception <a 'java/lang/IncompatibleClassChangeError'{0x0000000087a205b0}: Found class java.lang.Object, but interface was expected> (0x0000000087a205b0) 
thrown [s\src\hotspot\share\interpreter\linkResolver.cpp, line 840]
Event: 86.421 Thread 0x000001f16e153cc0 Implicit null exception at 0x000001f15cba453d to 0x000001f15cba459c
Event: 86.426 Thread 0x000001f16e153cc0 Exception <a 'java/lang/IncompatibleClassChangeError'{0x0000000087af0998}: Found class java.lang.Object, but interface was expected> (0x0000000087af0998) 
thrown [s\src\hotspot\share\interpreter\linkResolver.cpp, line 840]
Event: 86.607 Thread 0x000001f16d5a5380 Exception <a 'java/lang/NoSuchMethodError'{0x00000000877ec0e8}: static [Ljava/lang/Object;.<clinit>()V> (0x00000000877ec0e8) 
thrown [s\src\hotspot\share\prims\jni.cpp, line 1111]
Event: 86.611 Thread 0x000001f16d5a5380 Exception <a 'java/lang/NoSuchMethodError'{0x00000000877fb2a0}: static Lorg/gradle/internal/classloader/ClassLoaderSpec;.<clinit>()V> (0x00000000877fb2a0) 
thrown [s\src\hotspot\share\prims\jni.cpp, line 1111]
Event: 86.612 Thread 0x000001f16d5a5380 Exception <a 'java/lang/NoSuchMethodError'{0x0000000087609b48}: static Lorg/gradle/internal/classloader/VisitableURLClassLoader$Spec;.<clinit>()V> (0x0000000087609b48) 
thrown [s\src\hotspot\share\prims\jni.cpp, line 1111]
Event: 86.618 Thread 0x000001f16d5a5380 Exception <a 'java/lang/NoSuchMethodError'{0x000000008762d1c8}: static [Ljava/net/URL;.<clinit>()V> (0x000000008762d1c8) 
thrown [s\src\hotspot\share\prims\jni.cpp, line 1111]
Event: 86.622 Thread 0x000001f16d5a5380 Exception <a 'java/lang/NoSuchMethodError'{0x0000000087641ce8}: static Lorg/gradle/internal/classloader/FilteringClassLoader$Spec;.<clinit>()V> (0x0000000087641ce8) 
thrown [s\src\hotspot\share\prims\jni.cpp, line 1111]
Event: 86.628 Thread 0x000001f16d5a5380 Exception <a 'java/lang/NoSuchMethodError'{0x000000008765ab80}: static Lorg/gradle/internal/classloader/CachingClassLoader$Spec;.<clinit>()V> (0x000000008765ab80) 
thrown [s\src\hotspot\share\prims\jni.cpp, line 1111]
Event: 268.538 Thread 0x000001f170938700 Exception <a 'java/lang/ClassNotFoundException'{0x00000000865c57b0}: _7a8e64f5bbef3257c8b4fb566794a_8kv75neae7obwm0xfqke90txzBeanInfo> (0x00000000865c57b0) 
thrown [s\src\hotspot\share\classfile\systemDictionary.cpp, line 313]
Event: 268.541 Thread 0x000001f170938700 Exception <a 'java/lang/ClassNotFoundException'{0x00000000865cb9e8}: _7a8e64f5bbef3257c8b4fb566794a_8kv75neae7obwm0xfqke90txzCustomizer> (0x00000000865cb9e8) 
thrown [s\src\hotspot\share\classfile\systemDictionary.cpp, line 313]
Event: 268.856 Thread 0x000001f170938700 Exception <a 'sun/nio/fs/WindowsException'{0x0000000086428420}> (0x0000000086428420) 
thrown [s\src\hotspot\share\prims\jni.cpp, line 520]
Event: 268.858 Thread 0x000001f170938700 Exception <a 'sun/nio/fs/WindowsException'{0x00000000864298e8}> (0x00000000864298e8) 
thrown [s\src\hotspot\share\prims\jni.cpp, line 520]
Event: 268.859 Thread 0x000001f170938700 Exception <a 'sun/nio/fs/WindowsException'{0x000000008642ada8}> (0x000000008642ada8) 
thrown [s\src\hotspot\share\prims\jni.cpp, line 520]
Event: 268.860 Thread 0x000001f170938700 Exception <a 'sun/nio/fs/WindowsException'{0x000000008642be70}> (0x000000008642be70) 
thrown [s\src\hotspot\share\prims\jni.cpp, line 520]
Event: 269.388 Thread 0x000001f170938700 Exception <a 'java/lang/ClassNotFoundException'{0x00000000894c71e8}: org/gradle/configuration/internal/DefaultListenerBuildOperationDecorator$BuildOperationEmittingClosureBeanInfo> (0x00000000894c71e8) 
thrown [s\src\hotspot\share\classfile\systemDictionary.cpp, line 313]
Event: 269.389 Thread 0x000001f170938700 Exception <a 'java/lang/ClassNotFoundException'{0x00000000894d4250}: org/gradle/configuration/internal/DefaultListenerBuildOperationDecorator$BuildOperationEmittingClosureCustomizer> (0x00000000894d4250) 
thrown [s\src\hotspot\share\classfile\systemDictionary.cpp, line 313]
Event: 282.296 Thread 0x000001f170938700 Exception <a 'java/lang/NoClassDefFoundError'{0x0000000086c285d8}: org/jetbrains/kotlin/gradle/plugin/KotlinBasePluginWrapper> (0x0000000086c285d8) 
thrown [s\src\hotspot\share\oops\constantPool.cpp, line 873]

ZGC Phase Switch (0 events):
No events

VM Operations (20 events):
Event: 274.291 Executing safepoint VM operation: Cleanup done
Event: 275.294 Executing safepoint VM operation: Cleanup
Event: 275.310 Executing safepoint VM operation: Cleanup done
Event: 276.236 Executing non-safepoint VM operation: HandshakeAllThreads (Deoptimize)
Event: 276.242 Executing non-safepoint VM operation: HandshakeAllThreads (Deoptimize) done
Event: 277.242 Executing safepoint VM operation: Cleanup
Event: 277.243 Executing safepoint VM operation: Cleanup done
Event: 278.256 Executing safepoint VM operation: Cleanup
Event: 278.256 Executing safepoint VM operation: Cleanup done
Event: 279.270 Executing safepoint VM operation: Cleanup
Event: 279.286 Executing safepoint VM operation: Cleanup done
Event: 280.291 Executing safepoint VM operation: Cleanup
Event: 280.292 Executing safepoint VM operation: Cleanup done
Event: 281.294 Executing safepoint VM operation: Cleanup
Event: 281.310 Executing safepoint VM operation: Cleanup done
Event: 282.324 Executing safepoint VM operation: Cleanup
Event: 282.371 Executing safepoint VM operation: Cleanup done
Event: 282.406 Executing safepoint VM operation: G1CollectForAllocation (G1 Evacuation Pause)
Event: 282.443 Executing safepoint VM operation: G1CollectForAllocation (G1 Evacuation Pause) done
Event: 283.081 Executing safepoint VM operation: G1PauseRemark

Memory protections (0 events):
No events

Nmethod flushes (20 events):
Event: 283.158 Thread 0x000001f1687ddfe0 flushing  nmethod 0x000001f15536f010
Event: 283.158 Thread 0x000001f1687ddfe0 flushing  nmethod 0x000001f155384510
Event: 283.158 Thread 0x000001f1687ddfe0 flushing  nmethod 0x000001f15538a110
Event: 283.158 Thread 0x000001f1687ddfe0 flushing  nmethod 0x000001f15538b090
Event: 283.158 Thread 0x000001f1687ddfe0 flushing  nmethod 0x000001f1553aaf90
Event: 283.158 Thread 0x000001f1687ddfe0 flushing  nmethod 0x000001f155446510
Event: 283.158 Thread 0x000001f1687ddfe0 flushing  nmethod 0x000001f155449790
Event: 283.158 Thread 0x000001f1687ddfe0 flushing  nmethod 0x000001f15549cf10
Event: 283.158 Thread 0x000001f1687ddfe0 flushing  nmethod 0x000001f1554b9190
Event: 283.158 Thread 0x000001f1687ddfe0 flushing  nmethod 0x000001f15551ea10
Event: 283.158 Thread 0x000001f1687ddfe0 flushing  nmethod 0x000001f15551f310
Event: 283.160 Thread 0x000001f1687ddfe0 flushing  nmethod 0x000001f155524190
Event: 283.160 Thread 0x000001f1687ddfe0 flushing  nmethod 0x000001f155596b10
Event: 283.160 Thread 0x000001f1687ddfe0 flushing  nmethod 0x000001f1555b7a90
Event: 283.160 Thread 0x000001f1687ddfe0 flushing  nmethod 0x000001f15572d490
Event: 283.160 Thread 0x000001f1687ddfe0 flushing  nmethod 0x000001f1557f8490
Event: 283.160 Thread 0x000001f1687ddfe0 flushing  nmethod 0x000001f15581f610
Event: 283.162 Thread 0x000001f1687ddfe0 flushing  nmethod 0x000001f155bac310
Event: 283.162 Thread 0x000001f1687ddfe0 flushing  nmethod 0x000001f155c0f990
Event: 283.162 Thread 0x000001f1687ddfe0 flushing  nmethod 0x000001f155c14990

Events (20 events):
Event: 262.692 Thread 0x000001f170939420 Thread added: 0x000001f170938700
Event: 262.780 Thread 0x000001f170938700 Thread added: 0x000001f17093c210
Event: 263.006 Thread 0x000001f170938700 Thread added: 0x000001f170938d90
Event: 263.014 Thread 0x000001f170938700 Thread added: 0x000001f17093c8a0
Event: 265.663 Thread 0x000001f170938700 Thread added: 0x000001f17093cf30
Event: 266.187 Thread 0x000001f170938700 Thread added: 0x000001f17093d5c0
Event: 268.567 Thread 0x000001f170938700 Thread added: 0x000001f17093dc50
Event: 268.921 Thread 0x000001f170938700 Thread added: 0x000001f17093e2e0
Event: 268.945 Thread 0x000001f170938700 Thread added: 0x000001f17093e970
Event: 269.235 Thread 0x000001f170938700 Thread added: 0x000001f17093f000
Event: 273.648 Thread 0x000001f170938700 Thread added: 0x000001f17093f690
Event: 273.740 Thread 0x000001f170938700 Thread added: 0x000001f16e5a3f20
Event: 273.740 Thread 0x000001f170938700 Thread added: 0x000001f16e5a24e0
Event: 275.392 Thread 0x000001f170938700 Thread added: 0x000001f16e5a45b0
Event: 275.394 Thread 0x000001f170938700 Thread added: 0x000001f16e5a52d0
Event: 275.396 Thread 0x000001f170938700 Thread added: 0x000001f16e5a1e50
Event: 276.459 Thread 0x000001f170938700 Thread added: 0x000001f16e5a3890
Event: 276.609 Thread 0x000001f16e5a3890 Thread added: 0x000001f16e5a4c40
Event: 276.609 Thread 0x000001f16e5a3890 Thread added: 0x000001f16e5a2b70
Event: 279.088 Thread 0x000001f170938700 Thread added: 0x000001f16e5a7a30


Dynamic libraries:
0x00007ff76c8f0000 - 0x00007ff76c8fe000 	C:\Users\AFIS\.antigravity-ide\extensions\redhat.java-1.55.0-win32-x64\jre\21.0.11-win32-x86_64\bin\java.exe
0x00007ffb7d780000 - 0x00007ffb7d9e6000 	C:\WINDOWS\SYSTEM32\ntdll.dll
0x00007ffb7bd30000 - 0x00007ffb7bdf9000 	C:\WINDOWS\System32\KERNEL32.DLL
0x00007ffb7a9a0000 - 0x00007ffb7ad9e000 	C:\WINDOWS\System32\KERNELBASE.dll
0x00007ffb7b0e0000 - 0x00007ffb7b22c000 	C:\WINDOWS\System32\ucrtbase.dll
0x00007ffb613d0000 - 0x00007ffb613e8000 	C:\Users\AFIS\.antigravity-ide\extensions\redhat.java-1.55.0-win32-x64\jre\21.0.11-win32-x86_64\bin\jli.dll
0x00007ffb7d0e0000 - 0x00007ffb7d2a7000 	C:\WINDOWS\System32\USER32.dll
0x00007ffb7b480000 - 0x00007ffb7b4a7000 	C:\WINDOWS\System32\win32u.dll
0x00007ffb7ca30000 - 0x00007ffb7ca5b000 	C:\WINDOWS\System32\GDI32.dll
0x00007ffb7af20000 - 0x00007ffb7b04a000 	C:\WINDOWS\System32\gdi32full.dll
0x00007ffb7adb0000 - 0x00007ffb7ae53000 	C:\WINDOWS\System32\msvcp_win.dll
0x00007ffb5d6a0000 - 0x00007ffb5d932000 	C:\WINDOWS\WinSxS\amd64_microsoft.windows.common-controls_6595b64144ccf1df_6.0.26100.8875_none_3e0d5d42e32fe9dd\COMCTL32.dll
0x00007ffb7cf00000 - 0x00007ffb7cfa9000 	C:\WINDOWS\System32\msvcrt.dll
0x00007ffb61020000 - 0x00007ffb6103e000 	C:\Users\AFIS\.antigravity-ide\extensions\redhat.java-1.55.0-win32-x64\jre\21.0.11-win32-x86_64\bin\VCRUNTIME140.dll
0x00007ffb7b5e0000 - 0x00007ffb7b612000 	C:\WINDOWS\System32\IMM32.DLL
0x00007ffb74920000 - 0x00007ffb7492c000 	C:\Users\AFIS\.antigravity-ide\extensions\redhat.java-1.55.0-win32-x64\jre\21.0.11-win32-x86_64\bin\vcruntime140_1.dll
0x00007ffb4fcd0000 - 0x00007ffb4fd5d000 	C:\Users\AFIS\.antigravity-ide\extensions\redhat.java-1.55.0-win32-x64\jre\21.0.11-win32-x86_64\bin\msvcp140.dll
0x00007ffaca560000 - 0x00007ffacb302000 	C:\Users\AFIS\.antigravity-ide\extensions\redhat.java-1.55.0-win32-x64\jre\21.0.11-win32-x86_64\bin\server\jvm.dll
0x00007ffb7b6f0000 - 0x00007ffb7b7a7000 	C:\WINDOWS\System32\ADVAPI32.dll
0x00007ffb7b620000 - 0x00007ffb7b6ca000 	C:\WINDOWS\System32\sechost.dll
0x00007ffb7ccd0000 - 0x00007ffb7cde8000 	C:\WINDOWS\System32\RPCRT4.dll
0x00007ffb7cdf0000 - 0x00007ffb7ce70000 	C:\WINDOWS\System32\WS2_32.dll
0x00007ffb7a820000 - 0x00007ffb7a87e000 	C:\WINDOWS\SYSTEM32\POWRPROF.dll
0x00007ffb6fe90000 - 0x00007ffb6fec6000 	C:\WINDOWS\SYSTEM32\WINMM.dll
0x00007ffb69480000 - 0x00007ffb6948b000 	C:\WINDOWS\SYSTEM32\VERSION.dll
0x00007ffb7a800000 - 0x00007ffb7a814000 	C:\WINDOWS\SYSTEM32\UMPDC.dll
0x00007ffb79660000 - 0x00007ffb7967b000 	C:\WINDOWS\SYSTEM32\kernel.appcore.dll
0x00007ffb748b0000 - 0x00007ffb748ba000 	C:\Users\AFIS\.antigravity-ide\extensions\redhat.java-1.55.0-win32-x64\jre\21.0.11-win32-x86_64\bin\jimage.dll
0x00007ffb780d0000 - 0x00007ffb78312000 	C:\WINDOWS\SYSTEM32\DBGHELP.DLL
0x00007ffb7b7b0000 - 0x00007ffb7bb33000 	C:\WINDOWS\System32\combase.dll
0x00007ffb7d000000 - 0x00007ffb7d0d9000 	C:\WINDOWS\System32\OLEAUT32.dll
0x00007ffb60e10000 - 0x00007ffb60e4b000 	C:\WINDOWS\SYSTEM32\dbgcore.DLL
0x00007ffb7b240000 - 0x00007ffb7b2ec000 	C:\WINDOWS\System32\bcryptPrimitives.dll
0x00007ffb72390000 - 0x00007ffb7239f000 	C:\Users\AFIS\.antigravity-ide\extensions\redhat.java-1.55.0-win32-x64\jre\21.0.11-win32-x86_64\bin\instrument.dll
0x00007ffb68270000 - 0x00007ffb68290000 	C:\Users\AFIS\.antigravity-ide\extensions\redhat.java-1.55.0-win32-x64\jre\21.0.11-win32-x86_64\bin\java.dll
0x00007ffb7bff0000 - 0x00007ffb7c782000 	C:\WINDOWS\System32\SHELL32.dll
0x00007ffb78400000 - 0x00007ffb78c92000 	C:\WINDOWS\SYSTEM32\windows.storage.dll
0x00007ffb7c790000 - 0x00007ffb7c887000 	C:\WINDOWS\System32\SHCORE.dll
0x00007ffb7b4b0000 - 0x00007ffb7b517000 	C:\WINDOWS\System32\shlwapi.dll
0x00007ffb7a8c0000 - 0x00007ffb7a8e9000 	C:\WINDOWS\SYSTEM32\profapi.dll
0x00007ffb61060000 - 0x00007ffb61078000 	C:\Users\AFIS\.antigravity-ide\extensions\redhat.java-1.55.0-win32-x64\jre\21.0.11-win32-x86_64\bin\zip.dll
0x00007ffb6b0a0000 - 0x00007ffb6b0b0000 	C:\Users\AFIS\.antigravity-ide\extensions\redhat.java-1.55.0-win32-x64\jre\21.0.11-win32-x86_64\bin\net.dll
0x00007ffb6fd60000 - 0x00007ffb6fe87000 	C:\WINDOWS\SYSTEM32\WINHTTP.dll
0x00007ffb79c30000 - 0x00007ffb79c9c000 	C:\WINDOWS\system32\mswsock.dll
0x00007ffb61040000 - 0x00007ffb61056000 	C:\Users\AFIS\.antigravity-ide\extensions\redhat.java-1.55.0-win32-x64\jre\21.0.11-win32-x86_64\bin\nio.dll
0x00007ffb69cf0000 - 0x00007ffb69d00000 	C:\Users\AFIS\.antigravity-ide\extensions\redhat.java-1.55.0-win32-x64\jre\21.0.11-win32-x86_64\bin\verify.dll
0x00007ffb5c070000 - 0x00007ffb5c097000 	C:\Users\AFIS\.gradle\native\1def1411415f61bf3af743bc5b6707747c0891f09f0c88961ee8f79bc544acac\windows-amd64\native-platform.dll
0x00007ffb4ff30000 - 0x00007ffb4ffa8000 	C:\Users\AFIS\.gradle\native\0.2.7\x86_64-windows-gnu\gradle-fileevents.dll
0x00007ffb64fb0000 - 0x00007ffb64fba000 	C:\Users\AFIS\.antigravity-ide\extensions\redhat.java-1.55.0-win32-x64\jre\21.0.11-win32-x86_64\bin\management.dll
0x00007ffb613a0000 - 0x00007ffb613ac000 	C:\Users\AFIS\.antigravity-ide\extensions\redhat.java-1.55.0-win32-x64\jre\21.0.11-win32-x86_64\bin\management_ext.dll
0x00007ffb7bfe0000 - 0x00007ffb7bfe8000 	C:\WINDOWS\System32\PSAPI.DLL
0x00007ffb79000000 - 0x00007ffb79033000 	C:\WINDOWS\SYSTEM32\IPHLPAPI.DLL
0x00007ffb7ccb0000 - 0x00007ffb7ccba000 	C:\WINDOWS\System32\NSI.dll
0x00007ffb61330000 - 0x00007ffb61339000 	C:\Users\AFIS\.antigravity-ide\extensions\redhat.java-1.55.0-win32-x64\jre\21.0.11-win32-x86_64\bin\extnet.dll
0x00007ffb79f30000 - 0x00007ffb79f4b000 	C:\WINDOWS\SYSTEM32\CRYPTSP.dll
0x00007ffb795c0000 - 0x00007ffb795f9000 	C:\WINDOWS\system32\rsaenh.dll
0x00007ffb79cf0000 - 0x00007ffb79d22000 	C:\WINDOWS\SYSTEM32\USERENV.dll
0x00007ffb7a890000 - 0x00007ffb7a8ba000 	C:\WINDOWS\SYSTEM32\bcrypt.dll
0x00007ffb79f50000 - 0x00007ffb79f5c000 	C:\WINDOWS\SYSTEM32\CRYPTBASE.dll
0x00007ffb61320000 - 0x00007ffb6132e000 	C:\Users\AFIS\.antigravity-ide\extensions\redhat.java-1.55.0-win32-x64\jre\21.0.11-win32-x86_64\bin\sunmscapi.dll
0x00007ffb7b300000 - 0x00007ffb7b478000 	C:\WINDOWS\System32\CRYPT32.dll
0x00007ffb7a170000 - 0x00007ffb7a1a0000 	C:\WINDOWS\SYSTEM32\ncrypt.dll
0x00007ffb7a120000 - 0x00007ffb7a15f000 	C:\WINDOWS\SYSTEM32\NTASN1.dll
0x00007ffb13320000 - 0x00007ffb13328000 	C:\WINDOWS\system32\wshunix.dll

JVMTI agents:
C:\Users\AFIS\.gradle\wrapper\dists\gradle-8.13-bin\5xuhj0ry160q40clulazy9h7d\gradle-8.13\lib\agents\gradle-instrumentation-agent-8.13.jar path:C:\Users\AFIS\.antigravity-ide\extensions\redhat.java-1.55.0-win32-x64\jre\21.0.11-win32-x86_64\bin\instrument.dll, loaded, initialized, instrumentlib options:none

dbghelp: loaded successfully - version: 4.0.5 - missing functions: none
symbol engine: initialized successfully - sym options: 0x614 - pdb path: .;C:\Users\AFIS\.antigravity-ide\extensions\redhat.java-1.55.0-win32-x64\jre\21.0.11-win32-x86_64\bin;C:\WINDOWS\SYSTEM32;C:\WINDOWS\WinSxS\amd64_microsoft.windows.common-controls_6595b64144ccf1df_6.0.26100.8875_none_3e0d5d42e32fe9dd;C:\Users\AFIS\.antigravity-ide\extensions\redhat.java-1.55.0-win32-x64\jre\21.0.11-win32-x86_64\bin\server;C:\Users\AFIS\.gradle\native\1def1411415f61bf3af743bc5b6707747c0891f09f0c88961ee8f79bc544acac\windows-amd64;C:\Users\AFIS\.gradle\native\0.2.7\x86_64-windows-gnu

VM Arguments:
jvm_args: --add-opens=java.base/java.lang=ALL-UNNAMED --add-opens=java.base/java.lang.invoke=ALL-UNNAMED --add-opens=java.base/java.util=ALL-UNNAMED --add-opens=java.prefs/java.util.prefs=ALL-UNNAMED --add-exports=jdk.compiler/com.sun.tools.javac.api=ALL-UNNAMED --add-exports=jdk.compiler/com.sun.tools.javac.util=ALL-UNNAMED --add-opens=java.base/java.util=ALL-UNNAMED --add-opens=java.prefs/java.util.prefs=ALL-UNNAMED --add-opens=java.base/java.nio.charset=ALL-UNNAMED --add-opens=java.base/java.net=ALL-UNNAMED --add-opens=java.base/java.util.concurrent.atomic=ALL-UNNAMED --add-opens=java.xml/javax.xml.namespace=ALL-UNNAMED -XX:+HeapDumpOnOutOfMemoryError --add-exports=jdk.compiler/com.sun.tools.javac.api=ALL-UNNAMED --add-exports=jdk.compiler/com.sun.tools.javac.file=ALL-UNNAMED --add-exports=jdk.compiler/com.sun.tools.javac.parser=ALL-UNNAMED --add-exports=jdk.compiler/com.sun.tools.javac.tree=ALL-UNNAMED --add-exports=jdk.compiler/com.sun.tools.javac.util=ALL-UNNAMED -Xmx2048m -Dfile.encoding=UTF-8A -Duser.country=IN -Duser.language=en -Duser.variant -javaagent:C:\Users\AFIS\.gradle\wrapper\dists\gradle-8.13-bin\5xuhj0ry160q40clulazy9h7d\gradle-8.13\lib\agents\gradle-instrumentation-agent-8.13.jar 
java_command: org.gradle.launcher.daemon.bootstrap.GradleDaemon 8.13
java_class_path (initial): C:\Users\AFIS\.gradle\wrapper\dists\gradle-8.13-bin\5xuhj0ry160q40clulazy9h7d\gradle-8.13\lib\gradle-daemon-main-8.13.jar
Launcher Type: SUN_STANDARD

[Global flags]
     intx CICompilerCount                          = 3                                         {product} {ergonomic}
     uint ConcGCThreads                            = 1                                         {product} {ergonomic}
     uint G1ConcRefinementThreads                  = 4                                         {product} {ergonomic}
   size_t G1HeapRegionSize                         = 1048576                                   {product} {ergonomic}
    uintx GCDrainStackTargetSize                   = 64                                        {product} {ergonomic}
     bool HeapDumpOnOutOfMemoryError               = true                                   {manageable} {command line}
   size_t InitialHeapSize                          = 130023424                                 {product} {ergonomic}
   size_t MarkStackSize                            = 4194304                                   {product} {ergonomic}
   size_t MaxHeapSize                              = 2147483648                                {product} {command line}
   size_t MaxNewSize                               = 1287651328                                {product} {ergonomic}
   size_t MinHeapDeltaBytes                        = 1048576                                   {product} {ergonomic}
   size_t MinHeapSize                              = 8388608                                   {product} {ergonomic}
    uintx NonNMethodCodeHeapSize                   = 5832780                                {pd product} {ergonomic}
    uintx NonProfiledCodeHeapSize                  = 122912730                              {pd product} {ergonomic}
    uintx ProfiledCodeHeapSize                     = 122912730                              {pd product} {ergonomic}
    uintx ReservedCodeCacheSize                    = 251658240                              {pd product} {ergonomic}
     bool SegmentedCodeCache                       = true                                      {product} {ergonomic}
   size_t SoftMaxHeapSize                          = 2147483648                             {manageable} {ergonomic}
     bool UseCompressedOops                        = true                           {product lp64_product} {ergonomic}
     bool UseG1GC                                  = true                                      {product} {ergonomic}
     bool UseLargePagesIndividualAllocation        = false                                  {pd product} {ergonomic}

Logging:
Log output configuration:
 #0: stdout all=warning uptime,level,tags foldmultilines=false
 #1: stderr all=off uptime,level,tags foldmultilines=false

Release file:
JAVA_VERSION="21.0.11" 
MODULES="java.base java.compiler java.datatransfer java.xml java.prefs java.desktop java.instrument java.logging java.management java.security.sasl java.naming java.rmi java.management.rmi java.net.http java.scripting java.security.jgss java.transaction.xa java.sql java.sql.rowset java.xml.crypto java.se java.smartcardio jdk.accessibility jdk.internal.jvmstat jdk.attach jdk.charsets jdk.internal.opt jdk.zipfs jdk.compiler jdk.crypto.ec jdk.crypto.cryptoki jdk.crypto.mscapi jdk.dynalink jdk.internal.ed jdk.editpad jdk.hotspot.agent jdk.httpserver jdk.internal.le jdk.internal.vm.ci jdk.internal.vm.compiler jdk.internal.vm.compiler.management jdk.jartool jdk.javadoc jdk.jcmd jdk.management jdk.management.agent jdk.jconsole jdk.jdeps jdk.jdwp.agent jdk.jdi jdk.jfr jdk.jshell jdk.jsobject jdk.jstatd jdk.localedata jdk.management.jfr jdk.naming.dns jdk.naming.rmi jdk.net jdk.nio.mapmode jdk.random jdk.sctp jdk.security.auth jdk.security.jgss jdk.unsupported jdk.unsupported.desktop jdk.xml.dom" 

Environment Variables:
JAVA_HOME=C:\Program Files\Eclipse Adoptium\jdk-17.0.18.8-hotspot
CLASSPATH=c:\Users\AFIS\.antigravity-ide\extensions\vscjava.vscode-gradle-3.18.0-universal\lib\gradle-server.jar
PATH=C:\Program Files\Eclipse Adoptium\jdk-17.0.18.8-hotspot\bin;C:\Program Files (x86)\VMware\VMware Workstation\bin\;C:\WINDOWS\system32;C:\WINDOWS;C:\WINDOWS\System32\Wbem;C:\WINDOWS\System32\WindowsPowerShell\v1.0\;C:\WINDOWS\System32\OpenSSH\;C:\Users\AFIS\AppData\Local\Android\Sdk;C:\Program Files\Git\cmd;C:\Program Files\php-8.3.4-Win32-vs16-x64;C:\Program Files\MySQL\MySQL Server 9.0\bin;C:\Program Files\Amazon\AWSCLIV2\;C:\Users\AFIS\Desktop\Flutter\flutter\bin;C:\Program Files\cursor\resources\app\bin;C:\Program Files\SQL Anywhere 17\bin64;C:\Program Files\SQL Anywhere 17\bin32;C:\Users\AFIS\AppData\Local\nvm;C:\nvm4w\nodejs;C:\Users\AFIS\AppData\Local\Programs\Python\Python313\Scripts\;C:\Users\AFIS\AppData\Local\Programs\Python\Python313\;C:\Users\AFIS\AppData\Local\Programs\Python\Launcher\;C:\Users\AFIS\AppData\Local\Microsoft\WindowsApps;C:\Users\AFIS\AppData\Local\Programs\Microsoft VS Code\bin;C:\Users\AFIS\AppData\Local\Android\Sdk;C:\Users\AFIS\AppData\Local\GitHubDesktop\bin;C:\Users\AFIS\Desktop\Flutter\flutter\bin;C:\Users\AFIS\AppData\Roaming\npm;C:\Users\AFIS\AppData\Local\Programs\Antigravity\bin;C:\Users\AFIS\AppData\Local\Android\Sdk\platform-tools;C:\Users\AFIS\AppData\Local\Programs\Antigravity IDE\bin;C:\Users\AFIS\AppData\Local\Programs\Kiro\bin;C:\Users\AFIS\AppData\Local\nvm;C:\nvm4w\nodejs
USERNAME=AFIS
OS=Windows_NT
PROCESSOR_IDENTIFIER=Intel64 Family 6 Model 140 Stepping 1, GenuineIntel
TMP=C:\Users\AFIS\AppData\Local\Temp
TEMP=C:\Users\AFIS\AppData\Local\Temp




Periodic native trim disabled

---------------  S Y S T E M  ---------------

OS:
 Windows 11 , 64 bit Build 26100 (10.0.26100.8875)
OS uptime: 6 days 5:55 hours
Hyper-V role detected

CPU: total 4 (initial active 4) (2 cores per cpu, 2 threads per core) family 6 model 140 stepping 1 microcode 0xb4, cx8, cmov, fxsr, ht, mmx, 3dnowpref, sse, sse2, sse3, ssse3, sse4.1, sse4.2, popcnt, lzcnt, tsc, tscinvbit, avx, avx2, aes, erms, clmul, bmi1, bmi2, adx, avx512f, avx512dq, avx512cd, avx512bw, avx512vl, sha, fma, vzeroupper, avx512_vpopcntdq, avx512_vpclmulqdq, avx512_vaes, avx512_vnni, clflush, clflushopt, clwb, avx512_vbmi2, avx512_vbmi, hv, rdtscp, rdpid, fsrm, gfni, avx512_bitalg, f16c, cet_ibt, cet_ss, avx512_ifma
Processor Information for the first 4 processors :
  Max Mhz: 2901, Current Mhz: 2901, Mhz Limit: 2901

Memory: 4k page, system-wide physical 7834M (203M free)
TotalPageFile size 31386M (AvailPageFile size 12M)
current process WorkingSet (physical memory assigned to process): 285M, peak: 320M
current process commit charge ("private bytes"): 429M, peak: 449M

vm_info: OpenJDK 64-Bit Server VM (21.0.11+10-LTS) for windows-amd64 JRE (21.0.11+10-LTS), built on 2026-04-21T00:00:00Z by "admin" with MS VC++ 17.12 (VS2022)

END.
