#
# There is insufficient memory for the Java Runtime Environment to continue.
# Native memory allocation (mmap) failed to map 1048576 bytes. Error detail: G1 virtual space
# Possible reasons:
#   The system is out of physical RAM or swap space
#   This process is running with CompressedOops enabled, and the Java Heap may be blocking the growth of the native heap
# Possible solutions:
#   Reduce memory load on the system
#   Increase physical memory or swap space
#   Check if swap backing store is full
#   Decrease Java heap size (-Xmx/-Xms)
#   Decrease number of Java threads
#   Decrease Java thread stack sizes (-Xss)
#   Set larger code cache with -XX:ReservedCodeCacheSize=
#   JVM is running with Unscaled Compressed Oops mode in which the Java heap is
#     placed in the first 4GB address space. The Java Heap base address is the
#     maximum limit for the native heap growth. Please use -XX:HeapBaseMinAddress
#     to set the Java Heap base and to place the Java Heap above 4GB virtual address.
# This output file may be truncated or incomplete.
#
#  Out of Memory Error (os_windows.cpp:3714), pid=27988, tid=46632
#
# JRE version: OpenJDK Runtime Environment Temurin-21.0.11+10 (21.0.11+10) (build 21.0.11+10-LTS)
# Java VM: OpenJDK 64-Bit Server VM Temurin-21.0.11+10 (21.0.11+10-LTS, mixed mode, sharing, tiered, compressed oops, compressed class ptrs, g1 gc, windows-amd64)
# No core dump will be written. Minidumps are not enabled by default on client versions of Windows
#

---------------  S U M M A R Y ------------

Command Line: --add-opens=java.base/java.util=ALL-UNNAMED --add-opens=java.base/java.lang=ALL-UNNAMED --add-opens=java.base/java.lang.invoke=ALL-UNNAMED --add-opens=java.prefs/java.util.prefs=ALL-UNNAMED --add-exports=jdk.compiler/com.sun.tools.javac.api=ALL-UNNAMED --add-exports=jdk.compiler/com.sun.tools.javac.util=ALL-UNNAMED --add-opens=java.base/java.nio.charset=ALL-UNNAMED --add-opens=java.base/java.net=ALL-UNNAMED --add-opens=java.base/java.util.concurrent.atomic=ALL-UNNAMED -XX:MaxMetaspaceSize=384m -XX:+HeapDumpOnOutOfMemoryError -Xms256m -Xmx512m -Dfile.encoding=utf8 -Duser.country=IN -Duser.language=en -Duser.variant -javaagent:C:\Users\AFIS\.gradle\wrapper\dists\gradle-8.9-bin\90cnw93cvbtalezasaz0blq0a\gradle-8.9\lib\agents\gradle-instrumentation-agent-8.9.jar org.gradle.launcher.daemon.bootstrap.GradleDaemon 8.9

Host: 11th Gen Intel(R) Core(TM) i3-1115G4 @ 3.00GHz, 4 cores, 7G,  Windows 11 , 64 bit Build 26100 (10.0.26100.8521)
Time: Mon Aug  3 11:10:55 2026 India Standard Time elapsed time: 60.196915 seconds (0d 0h 1m 0s)

---------------  T H R E A D  ---------------

Current thread (0x0000027c3d2ad6d0):  WorkerThread "GC Thread#1"    [id=46632, stack(0x0000009753900000,0x0000009753a00000) (1024K)]

Stack: [0x0000009753900000,0x0000009753a00000]
Native frames: (J=compiled Java code, j=interpreted, Vv=VM code, C=native code)
V  [jvm.dll+0x6d7e19]
V  [jvm.dll+0x8b5096]
V  [jvm.dll+0x8b764e]
V  [jvm.dll+0x8b7d33]
V  [jvm.dll+0x284596]
V  [jvm.dll+0x6d4735]
V  [jvm.dll+0x6c845a]
V  [jvm.dll+0x35ef08]
V  [jvm.dll+0x366b46]
V  [jvm.dll+0x3b792f]
V  [jvm.dll+0x3b7fc4]
V  [jvm.dll+0x3b808f]
V  [jvm.dll+0x33469c]
V  [jvm.dll+0x3343f5]
V  [jvm.dll+0x323106]
V  [jvm.dll+0x323f1a]
V  [jvm.dll+0x324302]
V  [jvm.dll+0x323d7d]
V  [jvm.dll+0x360d46]
V  [jvm.dll+0x3610ba]
V  [jvm.dll+0x3621a3]
V  [jvm.dll+0x361e1b]
V  [jvm.dll+0x375f59]
V  [jvm.dll+0x37660a]
V  [jvm.dll+0x3766f7]
V  [jvm.dll+0x3775ab]
V  [jvm.dll+0x8e30b1]
V  [jvm.dll+0x85fb0d]
V  [jvm.dll+0x6d664d]
C  [ucrtbase.dll+0x2cd30]
C  [KERNEL32.DLL+0x2e957]
C  [ntdll.dll+0x87c1c]


---------------  P R O C E S S  ---------------

Threads class SMR info:
_java_thread_list=0x0000027c3fca9360, length=45, elements={
0x0000027c0ec0f970, 0x0000027c23d340e0, 0x0000027c23d356b0, 0x0000027c23d38c90,
0x0000027c23d396f0, 0x0000027c23d3a150, 0x0000027c23d3abb0, 0x0000027c23d3b940,
0x0000027c23d40710, 0x0000027c3d1e8690, 0x0000027c3d283be0, 0x0000027c3dbc4850,
0x0000027c3d0906e0, 0x0000027c3e8baf20, 0x0000027c3dd8fe10, 0x0000027c3d12ea80,
0x0000027c3de5b9c0, 0x0000027c3de44280, 0x0000027c3ebaea80, 0x0000027c3ebb04c0,
0x0000027c3ebadd60, 0x0000027c3ebaf110, 0x0000027c3ebaf7a0, 0x0000027c3ebae3f0,
0x0000027c3ebad6d0, 0x0000027c3ebb0b50, 0x0000027c3de6dcf0, 0x0000027c3de6f730,
0x0000027c3de6ea10, 0x0000027c3de6cfd0, 0x0000027c3de6f0a0, 0x0000027c3de6d660,
0x0000027c3de6c2b0, 0x0000027c3de6e380, 0x0000027c3de6fdc0, 0x0000027c3de72bb0,
0x0000027c3de738d0, 0x0000027c3de70450, 0x0000027c3de71170, 0x0000027c3de70ae0,
0x0000027c3de71800, 0x0000027c4256f060, 0x0000027c425717c0, 0x0000027c42571e50,
0x0000027c425724e0
}

Java Threads: ( => current thread )
  0x0000027c0ec0f970 JavaThread "main"                              [_thread_blocked, id=49544, stack(0x0000009752700000,0x0000009752800000) (1024K)]
  0x0000027c23d340e0 JavaThread "Reference Handler"          daemon [_thread_blocked, id=14408, stack(0x0000009752f00000,0x0000009753000000) (1024K)]
  0x0000027c23d356b0 JavaThread "Finalizer"                  daemon [_thread_blocked, id=40012, stack(0x0000009753000000,0x0000009753100000) (1024K)]
  0x0000027c23d38c90 JavaThread "Signal Dispatcher"          daemon [_thread_blocked, id=59996, stack(0x0000009753100000,0x0000009753200000) (1024K)]
  0x0000027c23d396f0 JavaThread "Attach Listener"            daemon [_thread_blocked, id=976, stack(0x0000009753200000,0x0000009753300000) (1024K)]
  0x0000027c23d3a150 JavaThread "Service Thread"             daemon [_thread_blocked, id=41476, stack(0x0000009753300000,0x0000009753400000) (1024K)]
  0x0000027c23d3abb0 JavaThread "Monitor Deflation Thread"   daemon [_thread_blocked, id=20548, stack(0x0000009753400000,0x0000009753500000) (1024K)]
  0x0000027c23d3b940 JavaThread "C2 CompilerThread0"         daemon [_thread_blocked, id=22480, stack(0x0000009753500000,0x0000009753600000) (1024K)]
  0x0000027c23d40710 JavaThread "C1 CompilerThread0"         daemon [_thread_blocked, id=18352, stack(0x0000009753600000,0x0000009753700000) (1024K)]
  0x0000027c3d1e8690 JavaThread "Common-Cleaner"             daemon [_thread_blocked, id=53740, stack(0x0000009753700000,0x0000009753800000) (1024K)]
  0x0000027c3d283be0 JavaThread "Notification Thread"        daemon [_thread_blocked, id=6360, stack(0x0000009753800000,0x0000009753900000) (1024K)]
  0x0000027c3dbc4850 JavaThread "Daemon health stats"               [_thread_blocked, id=27444, stack(0x0000009753c00000,0x0000009753d00000) (1024K)]
  0x0000027c3d0906e0 JavaThread "Incoming local TCP Connector on port 55587"        [_thread_in_native, id=33552, stack(0x0000009753d00000,0x0000009753e00000) (1024K)]
  0x0000027c3e8baf20 JavaThread "Daemon periodic checks"            [_thread_blocked, id=3888, stack(0x0000009753e00000,0x0000009753f00000) (1024K)]
  0x0000027c3dd8fe10 JavaThread "Daemon"                            [_thread_blocked, id=35792, stack(0x0000009753f00000,0x0000009754000000) (1024K)]
  0x0000027c3d12ea80 JavaThread "Handler for socket connection from /127.0.0.1:55587 to /127.0.0.1:55588"        [_thread_in_native, id=52804, stack(0x0000009754000000,0x0000009754100000) (1024K)]
  0x0000027c3de5b9c0 JavaThread "Cancel handler"                    [_thread_blocked, id=29792, stack(0x0000009754100000,0x0000009754200000) (1024K)]
  0x0000027c3de44280 JavaThread "Daemon worker"                     [_thread_blocked, id=19084, stack(0x0000009754200000,0x0000009754300000) (1024K)]
  0x0000027c3ebaea80 JavaThread "Asynchronous log dispatcher for DefaultDaemonConnection: socket connection from /127.0.0.1:55587 to /127.0.0.1:55588"        [_thread_blocked, id=8388, stack(0x0000009754300000,0x0000009754400000) (1024K)]
  0x0000027c3ebb04c0 JavaThread "Stdin handler"                     [_thread_blocked, id=56036, stack(0x0000009754400000,0x0000009754500000) (1024K)]
  0x0000027c3ebadd60 JavaThread "Daemon client event forwarder"        [_thread_blocked, id=45220, stack(0x0000009754500000,0x0000009754600000) (1024K)]
  0x0000027c3ebaf110 JavaThread "Cache worker for journal cache (C:\Users\AFIS\.gradle\caches\journal-1)"        [_thread_blocked, id=38920, stack(0x0000009754600000,0x0000009754700000) (1024K)]
  0x0000027c3ebaf7a0 JavaThread "File lock request listener"        [_thread_in_native, id=28784, stack(0x0000009754700000,0x0000009754800000) (1024K)]
  0x0000027c3ebae3f0 JavaThread "Cache worker for file hash cache (C:\Users\AFIS\.gradle\caches\8.9\fileHashes)"        [_thread_blocked, id=23144, stack(0x0000009754800000,0x0000009754900000) (1024K)]
  0x0000027c3ebad6d0 JavaThread "File lock release action executor"        [_thread_blocked, id=60716, stack(0x0000009754900000,0x0000009754a00000) (1024K)]
  0x0000027c3ebb0b50 JavaThread "Cache worker for file hash cache (C:\Users\AFIS\Desktop\ReactNativeIMC\MeloneLite\node_modules\react-native-safe-area-context\android\.gradle\8.9\fileHashes)"        [_thread_blocked, id=59096, stack(0x0000009754a00000,0x0000009754b00000) (1024K)]
  0x0000027c3de6dcf0 JavaThread "Cache worker for Build Output Cleanup Cache (C:\Users\AFIS\Desktop\ReactNativeIMC\MeloneLite\node_modules\react-native-safe-area-context\android\.gradle\buildOutputCleanup)"        [_thread_blocked, id=42336, stack(0x0000009754b00000,0x0000009754c00000) (1024K)]
  0x0000027c3de6f730 JavaThread "File watcher server"        daemon [_thread_in_native, id=33040, stack(0x0000009754c00000,0x0000009754d00000) (1024K)]
  0x0000027c3de6ea10 JavaThread "File watcher consumer"      daemon [_thread_blocked, id=53036, stack(0x0000009754d00000,0x0000009754e00000) (1024K)]
  0x0000027c3de6cfd0 JavaThread "Cache worker for checksums cache (C:\Users\AFIS\Desktop\ReactNativeIMC\MeloneLite\node_modules\react-native-safe-area-context\android\.gradle\8.9\checksums)"        [_thread_blocked, id=30776, stack(0x0000009754e00000,0x0000009754f00000) (1024K)]
  0x0000027c3de6f0a0 JavaThread "Cache worker for file content cache (C:\Users\AFIS\.gradle\caches\8.9\fileContent)"        [_thread_blocked, id=520, stack(0x0000009754f00000,0x0000009755000000) (1024K)]
  0x0000027c3de6d660 JavaThread "Cache worker for cache directory md-rule (C:\Users\AFIS\.gradle\caches\8.9\md-rule)"        [_thread_blocked, id=10232, stack(0x0000009755000000,0x0000009755100000) (1024K)]
  0x0000027c3de6c2b0 JavaThread "Cache worker for cache directory md-supplier (C:\Users\AFIS\.gradle\caches\8.9\md-supplier)"        [_thread_blocked, id=33736, stack(0x0000009755100000,0x0000009755200000) (1024K)]
  0x0000027c3de6e380 JavaThread "jar transforms"                    [_thread_blocked, id=55836, stack(0x0000009755200000,0x0000009755300000) (1024K)]
  0x0000027c3de6fdc0 JavaThread "jar transforms Thread 2"           [_thread_blocked, id=31352, stack(0x0000009755300000,0x0000009755400000) (1024K)]
  0x0000027c3de72bb0 JavaThread "jar transforms Thread 3"           [_thread_blocked, id=46392, stack(0x0000009755400000,0x0000009755500000) (1024K)]
  0x0000027c3de738d0 JavaThread "Unconstrained build operations"        [_thread_blocked, id=21104, stack(0x0000009755500000,0x0000009755600000) (1024K)]
  0x0000027c3de70450 JavaThread "Unconstrained build operations Thread 2"        [_thread_blocked, id=51944, stack(0x0000009755600000,0x0000009755700000) (1024K)]
  0x0000027c3de71170 JavaThread "Unconstrained build operations Thread 3"        [_thread_blocked, id=8284, stack(0x0000009755700000,0x0000009755800000) (1024K)]
  0x0000027c3de70ae0 JavaThread "Unconstrained build operations Thread 4"        [_thread_blocked, id=61224, stack(0x0000009755800000,0x0000009755900000) (1024K)]
  0x0000027c3de71800 JavaThread "Unconstrained build operations Thread 5"        [_thread_blocked, id=35100, stack(0x0000009755900000,0x0000009755a00000) (1024K)]
  0x0000027c4256f060 JavaThread "Unconstrained build operations Thread 6"        [_thread_blocked, id=10468, stack(0x0000009755a00000,0x0000009755b00000) (1024K)]
  0x0000027c425717c0 JavaThread "Unconstrained build operations Thread 7"        [_thread_blocked, id=45024, stack(0x0000009755b00000,0x0000009755c00000) (1024K)]
  0x0000027c42571e50 JavaThread "Unconstrained build operations Thread 8"        [_thread_blocked, id=5292, stack(0x0000009755c00000,0x0000009755d00000) (1024K)]
  0x0000027c425724e0 JavaThread "Unconstrained build operations Thread 9"        [_thread_blocked, id=16100, stack(0x0000009755d00000,0x0000009755e00000) (1024K)]
Total: 45

Other Threads:
  0x0000027c23d17400 VMThread "VM Thread"                           [id=9368, stack(0x0000009752e00000,0x0000009752f00000) (1024K)]
  0x0000027c23d03fe0 WatcherThread "VM Periodic Task Thread"        [id=52572, stack(0x0000009752d00000,0x0000009752e00000) (1024K)]
  0x0000027c0ec39520 WorkerThread "GC Thread#0"                     [id=39256, stack(0x0000009752800000,0x0000009752900000) (1024K)]
=>0x0000027c3d2ad6d0 WorkerThread "GC Thread#1"                     [id=46632, stack(0x0000009753900000,0x0000009753a00000) (1024K)]
  0x0000027c3d2adf80 WorkerThread "GC Thread#2"                     [id=31384, stack(0x0000009753a00000,0x0000009753b00000) (1024K)]
  0x0000027c3d2ae330 WorkerThread "GC Thread#3"                     [id=5128, stack(0x0000009753b00000,0x0000009753c00000) (1024K)]
  0x0000027c0ec3ec30 ConcurrentGCThread "G1 Main Marker"            [id=52092, stack(0x0000009752900000,0x0000009752a00000) (1024K)]
  0x0000027c0ec423e0 WorkerThread "G1 Conc#0"                       [id=24216, stack(0x0000009752a00000,0x0000009752b00000) (1024K)]
  0x0000027c0ecce430 ConcurrentGCThread "G1 Refine#0"               [id=43756, stack(0x0000009752b00000,0x0000009752c00000) (1024K)]
  0x0000027c23bd61f0 ConcurrentGCThread "G1 Service"                [id=14144, stack(0x0000009752c00000,0x0000009752d00000) (1024K)]
Total: 10

Threads with active compile tasks:
C2 CompilerThread0  60250 9512       4       org.gradle.internal.serialize.AbstractCollectionSerializer::read (6 bytes)
Total: 1

VM state: at safepoint (normal execution)

VM Mutex/Monitor currently owned by a thread:  ([mutex/lock_event])
[0x00007ffaa9cccff0] FreeList_lock - owner thread: 0x0000027c3d2ad6d0
[0x00007ffaa9ccf570] Threads_lock - owner thread: 0x0000027c23d17400
[0x00007ffaa9ccf670] Heap_lock - owner thread: 0x0000027c425724e0

Heap address: 0x00000000e0000000, size: 512 MB, Compressed Oops mode: 32-bit

CDS archive(s) mapped at: [0x0000027c24000000-0x0000027c24ba0000-0x0000027c24ba0000), size 12189696, SharedBaseAddress: 0x0000027c24000000, ArchiveRelocationMode: 1.
Compressed class space mapped at: 0x0000027c25000000-0x0000027c39000000, reserved size: 335544320
Narrow klass base: 0x0000027c24000000, Narrow klass shift: 0, Narrow klass range: 0x100000000

GC Precious Log:
 CardTable entry size: 512
 Card Set container configuration: InlinePtr #cards 5 size 8 Array Of Cards #cards 12 size 40 Howl #buckets 4 coarsen threshold 1843 Howl Bitmap #cards 512 size 80 coarsen threshold 460 Card regions per heap region 1 cards per card region 2048
 CPUs: 4 total, 4 available
 Memory: 7834M
 Large Page Support: Disabled
 NUMA Support: Disabled
 Compressed Oops: Enabled (32-bit)
 Heap Region Size: 1M
 Heap Min Capacity: 256M
 Heap Initial Capacity: 256M
 Heap Max Capacity: 512M
 Pre-touch: Disabled
 Parallel Workers: 4
 Concurrent Workers: 1
 Concurrent Refinement Workers: 4
 Periodic GC: Disabled

Heap:
 garbage-first heap   total 287744K, used 238592K [0x00000000e0000000, 0x0000000100000000)
  region size 1024K, 150 young (153600K), 19 survivors (19456K)
 Metaspace       used 56612K, committed 58304K, reserved 393216K
  class space    used 8080K, committed 8896K, reserved 327680K

Heap Regions: E=young(eden), S=young(survivor), O=old, HS=humongous(starts), HC=humongous(continues), CS=collection set, F=free, TAMS=top-at-mark-start, PB=parsable bottom
|   0|0x00000000e0000000, 0x00000000e0100000, 0x00000000e0100000|100%|HS|  |TAMS 0x00000000e0000000| PB 0x00000000e0000000| Complete 
|   1|0x00000000e0100000, 0x00000000e0200000, 0x00000000e0200000|100%|HC|  |TAMS 0x00000000e0100000| PB 0x00000000e0100000| Complete 
|   2|0x00000000e0200000, 0x00000000e0300000, 0x00000000e0300000|100%|HC|  |TAMS 0x00000000e0200000| PB 0x00000000e0200000| Complete 
|   3|0x00000000e0300000, 0x00000000e0400000, 0x00000000e0400000|100%|HC|  |TAMS 0x00000000e0300000| PB 0x00000000e0300000| Complete 
|   4|0x00000000e0400000, 0x00000000e0500000, 0x00000000e0500000|100%| O|  |TAMS 0x00000000e0400000| PB 0x00000000e0400000| Untracked 
|   5|0x00000000e0500000, 0x00000000e0600000, 0x00000000e0600000|100%| O|  |TAMS 0x00000000e0500000| PB 0x00000000e0500000| Untracked 
|   6|0x00000000e0600000, 0x00000000e0700000, 0x00000000e0700000|100%| O|  |TAMS 0x00000000e0600000| PB 0x00000000e0600000| Untracked 
|   7|0x00000000e0700000, 0x00000000e0800000, 0x00000000e0800000|100%| O|  |TAMS 0x00000000e0700000| PB 0x00000000e0700000| Untracked 
|   8|0x00000000e0800000, 0x00000000e0900000, 0x00000000e0900000|100%|HS|  |TAMS 0x00000000e0800000| PB 0x00000000e0800000| Complete 
|   9|0x00000000e0900000, 0x00000000e0a00000, 0x00000000e0a00000|100%| O|  |TAMS 0x00000000e0900000| PB 0x00000000e0900000| Untracked 
|  10|0x00000000e0a00000, 0x00000000e0b00000, 0x00000000e0b00000|100%| O|  |TAMS 0x00000000e0a00000| PB 0x00000000e0a00000| Untracked 
|  11|0x00000000e0b00000, 0x00000000e0c00000, 0x00000000e0c00000|100%| O|  |TAMS 0x00000000e0b00000| PB 0x00000000e0b00000| Untracked 
|  12|0x00000000e0c00000, 0x00000000e0d00000, 0x00000000e0d00000|100%| O|  |TAMS 0x00000000e0c00000| PB 0x00000000e0c00000| Untracked 
|  13|0x00000000e0d00000, 0x00000000e0e00000, 0x00000000e0e00000|100%| O|  |TAMS 0x00000000e0d00000| PB 0x00000000e0d00000| Untracked 
|  14|0x00000000e0e00000, 0x00000000e0f00000, 0x00000000e0f00000|100%| O|  |TAMS 0x00000000e0e00000| PB 0x00000000e0e00000| Untracked 
|  15|0x00000000e0f00000, 0x00000000e1000000, 0x00000000e1000000|100%| O|  |TAMS 0x00000000e0f00000| PB 0x00000000e0f00000| Untracked 
|  16|0x00000000e1000000, 0x00000000e1100000, 0x00000000e1100000|100%| O|  |TAMS 0x00000000e1000000| PB 0x00000000e1000000| Untracked 
|  17|0x00000000e1100000, 0x00000000e1200000, 0x00000000e1200000|100%| O|  |TAMS 0x00000000e1100000| PB 0x00000000e1100000| Untracked 
|  18|0x00000000e1200000, 0x00000000e1300000, 0x00000000e1300000|100%| O|  |TAMS 0x00000000e1200000| PB 0x00000000e1200000| Untracked 
|  19|0x00000000e1300000, 0x00000000e1400000, 0x00000000e1400000|100%| O|  |TAMS 0x00000000e1300000| PB 0x00000000e1300000| Untracked 
|  20|0x00000000e1400000, 0x00000000e1500000, 0x00000000e1500000|100%| O|  |TAMS 0x00000000e1400000| PB 0x00000000e1400000| Untracked 
|  21|0x00000000e1500000, 0x00000000e1600000, 0x00000000e1600000|100%| O|  |TAMS 0x00000000e1500000| PB 0x00000000e1500000| Untracked 
|  22|0x00000000e1600000, 0x00000000e1700000, 0x00000000e1700000|100%| O|  |TAMS 0x00000000e1600000| PB 0x00000000e1600000| Untracked 
|  23|0x00000000e1700000, 0x00000000e1800000, 0x00000000e1800000|100%| O|  |TAMS 0x00000000e1700000| PB 0x00000000e1700000| Untracked 
|  24|0x00000000e1800000, 0x00000000e1900000, 0x00000000e1900000|100%| O|  |TAMS 0x00000000e1800000| PB 0x00000000e1800000| Untracked 
|  25|0x00000000e1900000, 0x00000000e1a00000, 0x00000000e1a00000|100%| O|  |TAMS 0x00000000e1900000| PB 0x00000000e1900000| Untracked 
|  26|0x00000000e1a00000, 0x00000000e1b00000, 0x00000000e1b00000|100%| O|  |TAMS 0x00000000e1a00000| PB 0x00000000e1a00000| Untracked 
|  27|0x00000000e1b00000, 0x00000000e1c00000, 0x00000000e1c00000|100%| O|  |TAMS 0x00000000e1b00000| PB 0x00000000e1b00000| Untracked 
|  28|0x00000000e1c00000, 0x00000000e1d00000, 0x00000000e1d00000|100%| O|  |TAMS 0x00000000e1c00000| PB 0x00000000e1c00000| Untracked 
|  29|0x00000000e1d00000, 0x00000000e1e00000, 0x00000000e1e00000|100%| O|  |TAMS 0x00000000e1d00000| PB 0x00000000e1d00000| Untracked 
|  30|0x00000000e1e00000, 0x00000000e1f00000, 0x00000000e1f00000|100%| O|  |TAMS 0x00000000e1e00000| PB 0x00000000e1e00000| Untracked 
|  31|0x00000000e1f00000, 0x00000000e2000000, 0x00000000e2000000|100%| O|  |TAMS 0x00000000e1f00000| PB 0x00000000e1f00000| Untracked 
|  32|0x00000000e2000000, 0x00000000e2100000, 0x00000000e2100000|100%| O|  |TAMS 0x00000000e2000000| PB 0x00000000e2000000| Untracked 
|  33|0x00000000e2100000, 0x00000000e2200000, 0x00000000e2200000|100%| O|  |TAMS 0x00000000e2100000| PB 0x00000000e2100000| Untracked 
|  34|0x00000000e2200000, 0x00000000e2300000, 0x00000000e2300000|100%| O|  |TAMS 0x00000000e2200000| PB 0x00000000e2200000| Untracked 
|  35|0x00000000e2300000, 0x00000000e2400000, 0x00000000e2400000|100%| O|  |TAMS 0x00000000e2300000| PB 0x00000000e2300000| Untracked 
|  36|0x00000000e2400000, 0x00000000e2500000, 0x00000000e2500000|100%| O|  |TAMS 0x00000000e2400000| PB 0x00000000e2400000| Untracked 
|  37|0x00000000e2500000, 0x00000000e2600000, 0x00000000e2600000|100%| O|  |TAMS 0x00000000e2500000| PB 0x00000000e2500000| Untracked 
|  38|0x00000000e2600000, 0x00000000e2700000, 0x00000000e2700000|100%| O|  |TAMS 0x00000000e2600000| PB 0x00000000e2600000| Untracked 
|  39|0x00000000e2700000, 0x00000000e2800000, 0x00000000e2800000|100%| O|  |TAMS 0x00000000e2700000| PB 0x00000000e2700000| Untracked 
|  40|0x00000000e2800000, 0x00000000e2900000, 0x00000000e2900000|100%| O|  |TAMS 0x00000000e2800000| PB 0x00000000e2800000| Untracked 
|  41|0x00000000e2900000, 0x00000000e2a00000, 0x00000000e2a00000|100%| O|  |TAMS 0x00000000e2900000| PB 0x00000000e2900000| Untracked 
|  42|0x00000000e2a00000, 0x00000000e2b00000, 0x00000000e2b00000|100%| O|  |TAMS 0x00000000e2a00000| PB 0x00000000e2a00000| Untracked 
|  43|0x00000000e2b00000, 0x00000000e2c00000, 0x00000000e2c00000|100%| O|  |TAMS 0x00000000e2b00000| PB 0x00000000e2b00000| Untracked 
|  44|0x00000000e2c00000, 0x00000000e2d00000, 0x00000000e2d00000|100%| O|  |TAMS 0x00000000e2c00000| PB 0x00000000e2c00000| Untracked 
|  45|0x00000000e2d00000, 0x00000000e2e00000, 0x00000000e2e00000|100%| O|  |TAMS 0x00000000e2d00000| PB 0x00000000e2d00000| Untracked 
|  46|0x00000000e2e00000, 0x00000000e2f00000, 0x00000000e2f00000|100%| O|  |TAMS 0x00000000e2e00000| PB 0x00000000e2e00000| Untracked 
|  47|0x00000000e2f00000, 0x00000000e3000000, 0x00000000e3000000|100%| O|  |TAMS 0x00000000e2f00000| PB 0x00000000e2f00000| Untracked 
|  48|0x00000000e3000000, 0x00000000e3100000, 0x00000000e3100000|100%| O|  |TAMS 0x00000000e3000000| PB 0x00000000e3000000| Untracked 
|  49|0x00000000e3100000, 0x00000000e3200000, 0x00000000e3200000|100%| O|  |TAMS 0x00000000e3100000| PB 0x00000000e3100000| Untracked 
|  50|0x00000000e3200000, 0x00000000e3300000, 0x00000000e3300000|100%|HS|  |TAMS 0x00000000e3200000| PB 0x00000000e3200000| Complete 
|  51|0x00000000e3300000, 0x00000000e3400000, 0x00000000e3400000|100%|HS|  |TAMS 0x00000000e3300000| PB 0x00000000e3300000| Complete 
|  52|0x00000000e3400000, 0x00000000e3500000, 0x00000000e3500000|100%|HC|  |TAMS 0x00000000e3400000| PB 0x00000000e3400000| Complete 
|  53|0x00000000e3500000, 0x00000000e3600000, 0x00000000e3600000|100%| O|  |TAMS 0x00000000e3500000| PB 0x00000000e3500000| Untracked 
|  54|0x00000000e3600000, 0x00000000e3700000, 0x00000000e3700000|100%| O|  |TAMS 0x00000000e3600000| PB 0x00000000e3600000| Untracked 
|  55|0x00000000e3700000, 0x00000000e3800000, 0x00000000e3800000|100%| O|  |TAMS 0x00000000e3700000| PB 0x00000000e3700000| Untracked 
|  56|0x00000000e3800000, 0x00000000e3900000, 0x00000000e3900000|100%| O|  |TAMS 0x00000000e3800000| PB 0x00000000e3800000| Untracked 
|  57|0x00000000e3900000, 0x00000000e3a00000, 0x00000000e3a00000|100%| O|  |TAMS 0x00000000e3900000| PB 0x00000000e3900000| Untracked 
|  58|0x00000000e3a00000, 0x00000000e3b00000, 0x00000000e3b00000|100%| O|  |TAMS 0x00000000e3a00000| PB 0x00000000e3a00000| Untracked 
|  59|0x00000000e3b00000, 0x00000000e3c00000, 0x00000000e3c00000|100%| O|  |TAMS 0x00000000e3b00000| PB 0x00000000e3b00000| Untracked 
|  60|0x00000000e3c00000, 0x00000000e3d00000, 0x00000000e3d00000|100%| O|  |TAMS 0x00000000e3c00000| PB 0x00000000e3c00000| Untracked 
|  61|0x00000000e3d00000, 0x00000000e3e00000, 0x00000000e3e00000|100%| O|  |TAMS 0x00000000e3d00000| PB 0x00000000e3d00000| Untracked 
|  62|0x00000000e3e00000, 0x00000000e3f00000, 0x00000000e3f00000|100%| O|  |TAMS 0x00000000e3e00000| PB 0x00000000e3e00000| Untracked 
|  63|0x00000000e3f00000, 0x00000000e4000000, 0x00000000e4000000|100%| O|  |TAMS 0x00000000e3f00000| PB 0x00000000e3f00000| Untracked 
|  64|0x00000000e4000000, 0x00000000e4100000, 0x00000000e4100000|100%| O|  |TAMS 0x00000000e4000000| PB 0x00000000e4000000| Untracked 
|  65|0x00000000e4100000, 0x00000000e4200000, 0x00000000e4200000|100%| O|  |TAMS 0x00000000e4100000| PB 0x00000000e4100000| Untracked 
|  66|0x00000000e4200000, 0x00000000e4300000, 0x00000000e4300000|100%| O|  |TAMS 0x00000000e4200000| PB 0x00000000e4200000| Untracked 
|  67|0x00000000e4300000, 0x00000000e4400000, 0x00000000e4400000|100%| O|  |TAMS 0x00000000e4300000| PB 0x00000000e4300000| Untracked 
|  68|0x00000000e4400000, 0x00000000e4500000, 0x00000000e4500000|100%|HS|  |TAMS 0x00000000e4400000| PB 0x00000000e4400000| Complete 
|  69|0x00000000e4500000, 0x00000000e4600000, 0x00000000e4600000|100%| O|  |TAMS 0x00000000e4500000| PB 0x00000000e4500000| Untracked 
|  70|0x00000000e4600000, 0x00000000e4700000, 0x00000000e4700000|100%| O|  |TAMS 0x00000000e4600000| PB 0x00000000e4600000| Untracked 
|  71|0x00000000e4700000, 0x00000000e4800000, 0x00000000e4800000|100%| O|  |TAMS 0x00000000e4700000| PB 0x00000000e4700000| Untracked 
|  72|0x00000000e4800000, 0x00000000e4900000, 0x00000000e4900000|100%| O|  |TAMS 0x00000000e4800000| PB 0x00000000e4800000| Untracked 
|  73|0x00000000e4900000, 0x00000000e4a00000, 0x00000000e4a00000|100%|HS|  |TAMS 0x00000000e4900000| PB 0x00000000e4900000| Complete 
|  74|0x00000000e4a00000, 0x00000000e4b00000, 0x00000000e4b00000|100%| O|  |TAMS 0x00000000e4a00000| PB 0x00000000e4a00000| Untracked 
|  75|0x00000000e4b00000, 0x00000000e4c00000, 0x00000000e4c00000|100%| O|  |TAMS 0x00000000e4b00000| PB 0x00000000e4b00000| Untracked 
|  76|0x00000000e4c00000, 0x00000000e4d00000, 0x00000000e4d00000|100%| O|  |TAMS 0x00000000e4c00000| PB 0x00000000e4c00000| Untracked 
|  77|0x00000000e4d00000, 0x00000000e4e00000, 0x00000000e4e00000|100%| O|  |TAMS 0x00000000e4d00000| PB 0x00000000e4d00000| Untracked 
|  78|0x00000000e4e00000, 0x00000000e4f00000, 0x00000000e4f00000|100%| O|  |TAMS 0x00000000e4e00000| PB 0x00000000e4e00000| Untracked 
|  79|0x00000000e4f00000, 0x00000000e5000000, 0x00000000e5000000|100%| O|  |TAMS 0x00000000e4f00000| PB 0x00000000e4f00000| Untracked 
|  80|0x00000000e5000000, 0x00000000e5100000, 0x00000000e5100000|100%| O|  |TAMS 0x00000000e5000000| PB 0x00000000e5000000| Untracked 
|  81|0x00000000e5100000, 0x00000000e5200000, 0x00000000e5200000|100%|HS|  |TAMS 0x00000000e5100000| PB 0x00000000e5100000| Complete 
|  82|0x00000000e5200000, 0x00000000e5300000, 0x00000000e5300000|100%| O|  |TAMS 0x00000000e5200000| PB 0x00000000e5200000| Untracked 
|  83|0x00000000e5300000, 0x00000000e5400000, 0x00000000e5400000|100%| E|CS|TAMS 0x00000000e5300000| PB 0x00000000e5300000| Complete 
|  84|0x00000000e5400000, 0x00000000e5500000, 0x00000000e5500000|100%| E|CS|TAMS 0x00000000e5400000| PB 0x00000000e5400000| Complete 
|  85|0x00000000e5500000, 0x00000000e5600000, 0x00000000e5600000|100%| E|CS|TAMS 0x00000000e5500000| PB 0x00000000e5500000| Complete 
|  86|0x00000000e5600000, 0x00000000e5700000, 0x00000000e5700000|100%| E|CS|TAMS 0x00000000e5600000| PB 0x00000000e5600000| Complete 
|  87|0x00000000e5700000, 0x00000000e5800000, 0x00000000e5800000|100%| E|CS|TAMS 0x00000000e5700000| PB 0x00000000e5700000| Complete 
|  88|0x00000000e5800000, 0x00000000e5900000, 0x00000000e5900000|100%| E|CS|TAMS 0x00000000e5800000| PB 0x00000000e5800000| Complete 
|  89|0x00000000e5900000, 0x00000000e5a00000, 0x00000000e5a00000|100%| E|CS|TAMS 0x00000000e5900000| PB 0x00000000e5900000| Complete 
|  90|0x00000000e5a00000, 0x00000000e5b00000, 0x00000000e5b00000|100%| E|CS|TAMS 0x00000000e5a00000| PB 0x00000000e5a00000| Complete 
|  91|0x00000000e5b00000, 0x00000000e5c00000, 0x00000000e5c00000|100%| E|CS|TAMS 0x00000000e5b00000| PB 0x00000000e5b00000| Complete 
|  92|0x00000000e5c00000, 0x00000000e5d00000, 0x00000000e5d00000|100%| E|CS|TAMS 0x00000000e5c00000| PB 0x00000000e5c00000| Complete 
|  93|0x00000000e5d00000, 0x00000000e5e00000, 0x00000000e5e00000|100%| E|CS|TAMS 0x00000000e5d00000| PB 0x00000000e5d00000| Complete 
|  94|0x00000000e5e00000, 0x00000000e5f00000, 0x00000000e5f00000|100%| E|CS|TAMS 0x00000000e5e00000| PB 0x00000000e5e00000| Complete 
|  95|0x00000000e5f00000, 0x00000000e6000000, 0x00000000e6000000|100%| E|CS|TAMS 0x00000000e5f00000| PB 0x00000000e5f00000| Complete 
|  96|0x00000000e6000000, 0x00000000e6100000, 0x00000000e6100000|100%| O|  |TAMS 0x00000000e6000000| PB 0x00000000e6000000| Untracked 
|  97|0x00000000e6100000, 0x00000000e6200000, 0x00000000e6200000|100%| O|  |TAMS 0x00000000e6100000| PB 0x00000000e6100000| Untracked 
|  98|0x00000000e6200000, 0x00000000e6300000, 0x00000000e6300000|100%| O|  |TAMS 0x00000000e6200000| PB 0x00000000e6200000| Untracked 
|  99|0x00000000e6300000, 0x00000000e6400000, 0x00000000e6400000|100%| O|  |TAMS 0x00000000e6300000| PB 0x00000000e6300000| Untracked 
| 100|0x00000000e6400000, 0x00000000e6500000, 0x00000000e6500000|100%| O|  |TAMS 0x00000000e6400000| PB 0x00000000e6400000| Untracked 
| 101|0x00000000e6500000, 0x00000000e6600000, 0x00000000e6600000|100%| O|  |TAMS 0x00000000e6500000| PB 0x00000000e6500000| Untracked 
| 102|0x00000000e6600000, 0x00000000e6700000, 0x00000000e6700000|100%| O|  |TAMS 0x00000000e6600000| PB 0x00000000e6600000| Untracked 
| 103|0x00000000e6700000, 0x00000000e6800000, 0x00000000e6800000|100%| E|CS|TAMS 0x00000000e6700000| PB 0x00000000e6700000| Complete 
| 104|0x00000000e6800000, 0x00000000e6900000, 0x00000000e6900000|100%| E|CS|TAMS 0x00000000e6800000| PB 0x00000000e6800000| Complete 
| 105|0x00000000e6900000, 0x00000000e6a00000, 0x00000000e6a00000|100%| E|CS|TAMS 0x00000000e6900000| PB 0x00000000e6900000| Complete 
| 106|0x00000000e6a00000, 0x00000000e6b00000, 0x00000000e6b00000|100%| E|CS|TAMS 0x00000000e6a00000| PB 0x00000000e6a00000| Complete 
| 107|0x00000000e6b00000, 0x00000000e6c00000, 0x00000000e6c00000|100%| E|CS|TAMS 0x00000000e6b00000| PB 0x00000000e6b00000| Complete 
| 108|0x00000000e6c00000, 0x00000000e6d00000, 0x00000000e6d00000|100%| E|CS|TAMS 0x00000000e6c00000| PB 0x00000000e6c00000| Complete 
| 109|0x00000000e6d00000, 0x00000000e6e00000, 0x00000000e6e00000|100%| E|CS|TAMS 0x00000000e6d00000| PB 0x00000000e6d00000| Complete 
| 110|0x00000000e6e00000, 0x00000000e6f00000, 0x00000000e6f00000|100%| O|  |TAMS 0x00000000e6e00000| PB 0x00000000e6e00000| Untracked 
| 111|0x00000000e6f00000, 0x00000000e7000000, 0x00000000e7000000|100%| O|  |TAMS 0x00000000e6f00000| PB 0x00000000e6f00000| Untracked 
| 112|0x00000000e7000000, 0x00000000e7100000, 0x00000000e7100000|100%| S|  |TAMS 0x00000000e7000000| PB 0x00000000e7000000| Complete 
| 113|0x00000000e7100000, 0x00000000e7200000, 0x00000000e7200000|100%| S|  |TAMS 0x00000000e7100000| PB 0x00000000e7100000| Complete 
| 114|0x00000000e7200000, 0x00000000e7300000, 0x00000000e7300000|100%| S|  |TAMS 0x00000000e7200000| PB 0x00000000e7200000| Complete 
| 115|0x00000000e7300000, 0x00000000e7400000, 0x00000000e7400000|100%| S|  |TAMS 0x00000000e7300000| PB 0x00000000e7300000| Complete 
| 116|0x00000000e7400000, 0x00000000e7500000, 0x00000000e7500000|100%| S|  |TAMS 0x00000000e7400000| PB 0x00000000e7400000| Complete 
| 117|0x00000000e7500000, 0x00000000e7600000, 0x00000000e7600000|100%| S|  |TAMS 0x00000000e7500000| PB 0x00000000e7500000| Complete 
| 118|0x00000000e7600000, 0x00000000e7700000, 0x00000000e7700000|100%| S|  |TAMS 0x00000000e7600000| PB 0x00000000e7600000| Complete 
| 119|0x00000000e7700000, 0x00000000e7800000, 0x00000000e7800000|100%| S|  |TAMS 0x00000000e7700000| PB 0x00000000e7700000| Complete 
| 120|0x00000000e7800000, 0x00000000e7900000, 0x00000000e7900000|100%| S|  |TAMS 0x00000000e7800000| PB 0x00000000e7800000| Complete 
| 121|0x00000000e7900000, 0x00000000e7a00000, 0x00000000e7a00000|100%| S|  |TAMS 0x00000000e7900000| PB 0x00000000e7900000| Complete 
| 122|0x00000000e7a00000, 0x00000000e7b00000, 0x00000000e7b00000|100%| S|  |TAMS 0x00000000e7a00000| PB 0x00000000e7a00000| Complete 
| 123|0x00000000e7b00000, 0x00000000e7c00000, 0x00000000e7c00000|100%| S|  |TAMS 0x00000000e7b00000| PB 0x00000000e7b00000| Complete 
| 124|0x00000000e7c00000, 0x00000000e7d00000, 0x00000000e7d00000|100%| S|  |TAMS 0x00000000e7c00000| PB 0x00000000e7c00000| Complete 
| 125|0x00000000e7d00000, 0x00000000e7e00000, 0x00000000e7e00000|100%| E|CS|TAMS 0x00000000e7d00000| PB 0x00000000e7d00000| Complete 
| 126|0x00000000e7e00000, 0x00000000e7f00000, 0x00000000e7f00000|100%| E|CS|TAMS 0x00000000e7e00000| PB 0x00000000e7e00000| Complete 
| 127|0x00000000e7f00000, 0x00000000e8000000, 0x00000000e8000000|100%| E|CS|TAMS 0x00000000e7f00000| PB 0x00000000e7f00000| Complete 
| 128|0x00000000e8000000, 0x00000000e8100000, 0x00000000e8100000|100%| E|CS|TAMS 0x00000000e8000000| PB 0x00000000e8000000| Complete 
| 129|0x00000000e8100000, 0x00000000e8200000, 0x00000000e8200000|100%| E|CS|TAMS 0x00000000e8100000| PB 0x00000000e8100000| Complete 
| 130|0x00000000e8200000, 0x00000000e8300000, 0x00000000e8300000|100%| E|CS|TAMS 0x00000000e8200000| PB 0x00000000e8200000| Complete 
| 131|0x00000000e8300000, 0x00000000e8400000, 0x00000000e8400000|100%| E|CS|TAMS 0x00000000e8300000| PB 0x00000000e8300000| Complete 
| 132|0x00000000e8400000, 0x00000000e8500000, 0x00000000e8500000|100%| E|CS|TAMS 0x00000000e8400000| PB 0x00000000e8400000| Complete 
| 133|0x00000000e8500000, 0x00000000e8600000, 0x00000000e8600000|100%| E|CS|TAMS 0x00000000e8500000| PB 0x00000000e8500000| Complete 
| 134|0x00000000e8600000, 0x00000000e8700000, 0x00000000e8700000|100%| E|CS|TAMS 0x00000000e8600000| PB 0x00000000e8600000| Complete 
| 135|0x00000000e8700000, 0x00000000e8800000, 0x00000000e8800000|100%| E|CS|TAMS 0x00000000e8700000| PB 0x00000000e8700000| Complete 
| 136|0x00000000e8800000, 0x00000000e8900000, 0x00000000e8900000|100%| E|CS|TAMS 0x00000000e8800000| PB 0x00000000e8800000| Complete 
| 137|0x00000000e8900000, 0x00000000e8a00000, 0x00000000e8a00000|100%| E|CS|TAMS 0x00000000e8900000| PB 0x00000000e8900000| Complete 
| 138|0x00000000e8a00000, 0x00000000e8b00000, 0x00000000e8b00000|100%| E|CS|TAMS 0x00000000e8a00000| PB 0x00000000e8a00000| Complete 
| 139|0x00000000e8b00000, 0x00000000e8c00000, 0x00000000e8c00000|100%| E|CS|TAMS 0x00000000e8b00000| PB 0x00000000e8b00000| Complete 
| 140|0x00000000e8c00000, 0x00000000e8d00000, 0x00000000e8d00000|100%| E|CS|TAMS 0x00000000e8c00000| PB 0x00000000e8c00000| Complete 
| 141|0x00000000e8d00000, 0x00000000e8e00000, 0x00000000e8e00000|100%| E|CS|TAMS 0x00000000e8d00000| PB 0x00000000e8d00000| Complete 
| 142|0x00000000e8e00000, 0x00000000e8f00000, 0x00000000e8f00000|100%| E|CS|TAMS 0x00000000e8e00000| PB 0x00000000e8e00000| Complete 
| 143|0x00000000e8f00000, 0x00000000e9000000, 0x00000000e9000000|100%| E|CS|TAMS 0x00000000e8f00000| PB 0x00000000e8f00000| Complete 
| 144|0x00000000e9000000, 0x00000000e9100000, 0x00000000e9100000|100%| E|CS|TAMS 0x00000000e9000000| PB 0x00000000e9000000| Complete 
| 145|0x00000000e9100000, 0x00000000e9200000, 0x00000000e9200000|100%| E|CS|TAMS 0x00000000e9100000| PB 0x00000000e9100000| Complete 
| 146|0x00000000e9200000, 0x00000000e9300000, 0x00000000e9300000|100%| E|CS|TAMS 0x00000000e9200000| PB 0x00000000e9200000| Complete 
| 147|0x00000000e9300000, 0x00000000e9400000, 0x00000000e9400000|100%| E|CS|TAMS 0x00000000e9300000| PB 0x00000000e9300000| Complete 
| 148|0x00000000e9400000, 0x00000000e9500000, 0x00000000e9500000|100%| E|CS|TAMS 0x00000000e9400000| PB 0x00000000e9400000| Complete 
| 149|0x00000000e9500000, 0x00000000e9600000, 0x00000000e9600000|100%| E|CS|TAMS 0x00000000e9500000| PB 0x00000000e9500000| Complete 
| 150|0x00000000e9600000, 0x00000000e9700000, 0x00000000e9700000|100%| E|CS|TAMS 0x00000000e9600000| PB 0x00000000e9600000| Complete 
| 151|0x00000000e9700000, 0x00000000e9800000, 0x00000000e9800000|100%| E|CS|TAMS 0x00000000e9700000| PB 0x00000000e9700000| Complete 
| 152|0x00000000e9800000, 0x00000000e9900000, 0x00000000e9900000|100%| E|CS|TAMS 0x00000000e9800000| PB 0x00000000e9800000| Complete 
| 153|0x00000000e9900000, 0x00000000e9a00000, 0x00000000e9a00000|100%| E|CS|TAMS 0x00000000e9900000| PB 0x00000000e9900000| Complete 
| 154|0x00000000e9a00000, 0x00000000e9b00000, 0x00000000e9b00000|100%| E|CS|TAMS 0x00000000e9a00000| PB 0x00000000e9a00000| Complete 
| 155|0x00000000e9b00000, 0x00000000e9c00000, 0x00000000e9c00000|100%| E|CS|TAMS 0x00000000e9b00000| PB 0x00000000e9b00000| Complete 
| 156|0x00000000e9c00000, 0x00000000e9d00000, 0x00000000e9d00000|100%| E|CS|TAMS 0x00000000e9c00000| PB 0x00000000e9c00000| Complete 
| 157|0x00000000e9d00000, 0x00000000e9e00000, 0x00000000e9e00000|100%| E|CS|TAMS 0x00000000e9d00000| PB 0x00000000e9d00000| Complete 
| 158|0x00000000e9e00000, 0x00000000e9f00000, 0x00000000e9f00000|100%| E|CS|TAMS 0x00000000e9e00000| PB 0x00000000e9e00000| Complete 
| 159|0x00000000e9f00000, 0x00000000ea000000, 0x00000000ea000000|100%| E|CS|TAMS 0x00000000e9f00000| PB 0x00000000e9f00000| Complete 
| 160|0x00000000ea000000, 0x00000000ea100000, 0x00000000ea100000|100%| E|CS|TAMS 0x00000000ea000000| PB 0x00000000ea000000| Complete 
| 161|0x00000000ea100000, 0x00000000ea200000, 0x00000000ea200000|100%| E|CS|TAMS 0x00000000ea100000| PB 0x00000000ea100000| Complete 
| 162|0x00000000ea200000, 0x00000000ea300000, 0x00000000ea300000|100%| E|CS|TAMS 0x00000000ea200000| PB 0x00000000ea200000| Complete 
| 163|0x00000000ea300000, 0x00000000ea400000, 0x00000000ea400000|100%| E|CS|TAMS 0x00000000ea300000| PB 0x00000000ea300000| Complete 
| 164|0x00000000ea400000, 0x00000000ea500000, 0x00000000ea500000|100%| E|CS|TAMS 0x00000000ea400000| PB 0x00000000ea400000| Complete 
| 165|0x00000000ea500000, 0x00000000ea600000, 0x00000000ea600000|100%| E|CS|TAMS 0x00000000ea500000| PB 0x00000000ea500000| Complete 
| 166|0x00000000ea600000, 0x00000000ea700000, 0x00000000ea700000|100%| E|CS|TAMS 0x00000000ea600000| PB 0x00000000ea600000| Complete 
| 167|0x00000000ea700000, 0x00000000ea800000, 0x00000000ea800000|100%| E|CS|TAMS 0x00000000ea700000| PB 0x00000000ea700000| Complete 
| 168|0x00000000ea800000, 0x00000000ea900000, 0x00000000ea900000|100%| E|CS|TAMS 0x00000000ea800000| PB 0x00000000ea800000| Complete 
| 169|0x00000000ea900000, 0x00000000eaa00000, 0x00000000eaa00000|100%| E|CS|TAMS 0x00000000ea900000| PB 0x00000000ea900000| Complete 
| 170|0x00000000eaa00000, 0x00000000eab00000, 0x00000000eab00000|100%| E|CS|TAMS 0x00000000eaa00000| PB 0x00000000eaa00000| Complete 
| 171|0x00000000eab00000, 0x00000000eac00000, 0x00000000eac00000|100%| E|CS|TAMS 0x00000000eab00000| PB 0x00000000eab00000| Complete 
| 172|0x00000000eac00000, 0x00000000ead00000, 0x00000000ead00000|100%| E|CS|TAMS 0x00000000eac00000| PB 0x00000000eac00000| Complete 
| 173|0x00000000ead00000, 0x00000000eae00000, 0x00000000eae00000|100%| E|CS|TAMS 0x00000000ead00000| PB 0x00000000ead00000| Complete 
| 174|0x00000000eae00000, 0x00000000eaf00000, 0x00000000eaf00000|100%| E|CS|TAMS 0x00000000eae00000| PB 0x00000000eae00000| Complete 
| 175|0x00000000eaf00000, 0x00000000eb000000, 0x00000000eb000000|100%| E|CS|TAMS 0x00000000eaf00000| PB 0x00000000eaf00000| Complete 
| 176|0x00000000eb000000, 0x00000000eb100000, 0x00000000eb100000|100%| E|CS|TAMS 0x00000000eb000000| PB 0x00000000eb000000| Complete 
| 177|0x00000000eb100000, 0x00000000eb200000, 0x00000000eb200000|100%| E|CS|TAMS 0x00000000eb100000| PB 0x00000000eb100000| Complete 
| 178|0x00000000eb200000, 0x00000000eb300000, 0x00000000eb300000|100%| E|CS|TAMS 0x00000000eb200000| PB 0x00000000eb200000| Complete 
| 179|0x00000000eb300000, 0x00000000eb400000, 0x00000000eb400000|100%| E|CS|TAMS 0x00000000eb300000| PB 0x00000000eb300000| Complete 
| 180|0x00000000eb400000, 0x00000000eb500000, 0x00000000eb500000|100%| E|CS|TAMS 0x00000000eb400000| PB 0x00000000eb400000| Complete 
| 181|0x00000000eb500000, 0x00000000eb600000, 0x00000000eb600000|100%| E|CS|TAMS 0x00000000eb500000| PB 0x00000000eb500000| Complete 
| 182|0x00000000eb600000, 0x00000000eb700000, 0x00000000eb700000|100%| E|CS|TAMS 0x00000000eb600000| PB 0x00000000eb600000| Complete 
| 183|0x00000000eb700000, 0x00000000eb800000, 0x00000000eb800000|100%| E|CS|TAMS 0x00000000eb700000| PB 0x00000000eb700000| Complete 
| 184|0x00000000eb800000, 0x00000000eb900000, 0x00000000eb900000|100%| E|CS|TAMS 0x00000000eb800000| PB 0x00000000eb800000| Complete 
| 185|0x00000000eb900000, 0x00000000eba00000, 0x00000000eba00000|100%| E|CS|TAMS 0x00000000eb900000| PB 0x00000000eb900000| Complete 
| 186|0x00000000eba00000, 0x00000000ebb00000, 0x00000000ebb00000|100%| E|CS|TAMS 0x00000000eba00000| PB 0x00000000eba00000| Complete 
| 187|0x00000000ebb00000, 0x00000000ebc00000, 0x00000000ebc00000|100%| E|CS|TAMS 0x00000000ebb00000| PB 0x00000000ebb00000| Complete 
| 188|0x00000000ebc00000, 0x00000000ebd00000, 0x00000000ebd00000|100%| E|CS|TAMS 0x00000000ebc00000| PB 0x00000000ebc00000| Complete 
| 189|0x00000000ebd00000, 0x00000000ebe00000, 0x00000000ebe00000|100%| E|CS|TAMS 0x00000000ebd00000| PB 0x00000000ebd00000| Complete 
| 190|0x00000000ebe00000, 0x00000000ebf00000, 0x00000000ebf00000|100%| E|CS|TAMS 0x00000000ebe00000| PB 0x00000000ebe00000| Complete 
| 191|0x00000000ebf00000, 0x00000000ec000000, 0x00000000ec000000|100%| E|CS|TAMS 0x00000000ebf00000| PB 0x00000000ebf00000| Complete 
| 192|0x00000000ec000000, 0x00000000ec100000, 0x00000000ec100000|100%| E|CS|TAMS 0x00000000ec000000| PB 0x00000000ec000000| Complete 
| 193|0x00000000ec100000, 0x00000000ec200000, 0x00000000ec200000|100%| E|CS|TAMS 0x00000000ec100000| PB 0x00000000ec100000| Complete 
| 194|0x00000000ec200000, 0x00000000ec300000, 0x00000000ec300000|100%| E|CS|TAMS 0x00000000ec200000| PB 0x00000000ec200000| Complete 
| 195|0x00000000ec300000, 0x00000000ec400000, 0x00000000ec400000|100%| E|CS|TAMS 0x00000000ec300000| PB 0x00000000ec300000| Complete 
| 196|0x00000000ec400000, 0x00000000ec500000, 0x00000000ec500000|100%| E|CS|TAMS 0x00000000ec400000| PB 0x00000000ec400000| Complete 
| 197|0x00000000ec500000, 0x00000000ec600000, 0x00000000ec600000|100%| E|CS|TAMS 0x00000000ec500000| PB 0x00000000ec500000| Complete 
| 198|0x00000000ec600000, 0x00000000ec700000, 0x00000000ec700000|100%| E|CS|TAMS 0x00000000ec600000| PB 0x00000000ec600000| Complete 
| 199|0x00000000ec700000, 0x00000000ec800000, 0x00000000ec800000|100%| E|CS|TAMS 0x00000000ec700000| PB 0x00000000ec700000| Complete 
| 200|0x00000000ec800000, 0x00000000ec900000, 0x00000000ec900000|100%| E|CS|TAMS 0x00000000ec800000| PB 0x00000000ec800000| Complete 
| 201|0x00000000ec900000, 0x00000000eca00000, 0x00000000eca00000|100%| E|CS|TAMS 0x00000000ec900000| PB 0x00000000ec900000| Complete 
| 202|0x00000000eca00000, 0x00000000ecb00000, 0x00000000ecb00000|100%| E|CS|TAMS 0x00000000eca00000| PB 0x00000000eca00000| Complete 
| 203|0x00000000ecb00000, 0x00000000ecc00000, 0x00000000ecc00000|100%| E|CS|TAMS 0x00000000ecb00000| PB 0x00000000ecb00000| Complete 
| 204|0x00000000ecc00000, 0x00000000ecd00000, 0x00000000ecd00000|100%| E|CS|TAMS 0x00000000ecc00000| PB 0x00000000ecc00000| Complete 
| 205|0x00000000ecd00000, 0x00000000ece00000, 0x00000000ece00000|100%| E|CS|TAMS 0x00000000ecd00000| PB 0x00000000ecd00000| Complete 
| 206|0x00000000ece00000, 0x00000000ecf00000, 0x00000000ecf00000|100%| E|CS|TAMS 0x00000000ece00000| PB 0x00000000ece00000| Complete 
| 207|0x00000000ecf00000, 0x00000000ed000000, 0x00000000ed000000|100%| E|CS|TAMS 0x00000000ecf00000| PB 0x00000000ecf00000| Complete 
| 208|0x00000000ed000000, 0x00000000ed100000, 0x00000000ed100000|100%| E|CS|TAMS 0x00000000ed000000| PB 0x00000000ed000000| Complete 
| 209|0x00000000ed100000, 0x00000000ed200000, 0x00000000ed200000|100%| E|CS|TAMS 0x00000000ed100000| PB 0x00000000ed100000| Complete 
| 210|0x00000000ed200000, 0x00000000ed300000, 0x00000000ed300000|100%| E|CS|TAMS 0x00000000ed200000| PB 0x00000000ed200000| Complete 
| 211|0x00000000ed300000, 0x00000000ed400000, 0x00000000ed400000|100%| E|CS|TAMS 0x00000000ed300000| PB 0x00000000ed300000| Complete 
| 212|0x00000000ed400000, 0x00000000ed500000, 0x00000000ed500000|100%| E|CS|TAMS 0x00000000ed400000| PB 0x00000000ed400000| Complete 
| 213|0x00000000ed500000, 0x00000000ed600000, 0x00000000ed600000|100%| E|CS|TAMS 0x00000000ed500000| PB 0x00000000ed500000| Complete 
| 214|0x00000000ed600000, 0x00000000ed700000, 0x00000000ed700000|100%| E|CS|TAMS 0x00000000ed600000| PB 0x00000000ed600000| Complete 
| 215|0x00000000ed700000, 0x00000000ed800000, 0x00000000ed800000|100%| E|CS|TAMS 0x00000000ed700000| PB 0x00000000ed700000| Complete 
| 216|0x00000000ed800000, 0x00000000ed900000, 0x00000000ed900000|100%| E|CS|TAMS 0x00000000ed800000| PB 0x00000000ed800000| Complete 
| 217|0x00000000ed900000, 0x00000000eda00000, 0x00000000eda00000|100%| E|CS|TAMS 0x00000000ed900000| PB 0x00000000ed900000| Complete 
| 218|0x00000000eda00000, 0x00000000edb00000, 0x00000000edb00000|100%| E|CS|TAMS 0x00000000eda00000| PB 0x00000000eda00000| Complete 
| 219|0x00000000edb00000, 0x00000000edc00000, 0x00000000edc00000|100%| E|CS|TAMS 0x00000000edb00000| PB 0x00000000edb00000| Complete 
| 220|0x00000000edc00000, 0x00000000edd00000, 0x00000000edd00000|100%| E|CS|TAMS 0x00000000edc00000| PB 0x00000000edc00000| Complete 
| 221|0x00000000edd00000, 0x00000000ede00000, 0x00000000ede00000|100%| E|CS|TAMS 0x00000000edd00000| PB 0x00000000edd00000| Complete 
| 222|0x00000000ede00000, 0x00000000edf00000, 0x00000000edf00000|100%| E|CS|TAMS 0x00000000ede00000| PB 0x00000000ede00000| Complete 
| 223|0x00000000edf00000, 0x00000000ee000000, 0x00000000ee000000|100%| E|CS|TAMS 0x00000000edf00000| PB 0x00000000edf00000| Complete 
| 224|0x00000000ee000000, 0x00000000ee100000, 0x00000000ee100000|100%| E|CS|TAMS 0x00000000ee000000| PB 0x00000000ee000000| Complete 
| 225|0x00000000ee100000, 0x00000000ee200000, 0x00000000ee200000|100%| E|CS|TAMS 0x00000000ee100000| PB 0x00000000ee100000| Complete 
| 226|0x00000000ee200000, 0x00000000ee300000, 0x00000000ee300000|100%| E|CS|TAMS 0x00000000ee200000| PB 0x00000000ee200000| Complete 
| 227|0x00000000ee300000, 0x00000000ee400000, 0x00000000ee400000|100%| E|CS|TAMS 0x00000000ee300000| PB 0x00000000ee300000| Complete 
| 228|0x00000000ee400000, 0x00000000ee500000, 0x00000000ee500000|100%| E|CS|TAMS 0x00000000ee400000| PB 0x00000000ee400000| Complete 
| 229|0x00000000ee500000, 0x00000000ee600000, 0x00000000ee600000|100%| E|CS|TAMS 0x00000000ee500000| PB 0x00000000ee500000| Complete 
| 230|0x00000000ee600000, 0x00000000ee700000, 0x00000000ee700000|100%| E|CS|TAMS 0x00000000ee600000| PB 0x00000000ee600000| Complete 
| 231|0x00000000ee700000, 0x00000000ee800000, 0x00000000ee800000|100%| E|CS|TAMS 0x00000000ee700000| PB 0x00000000ee700000| Complete 
| 232|0x00000000ee800000, 0x00000000ee900000, 0x00000000ee900000|100%| E|CS|TAMS 0x00000000ee800000| PB 0x00000000ee800000| Complete 
| 233|0x00000000ee900000, 0x00000000eea00000, 0x00000000eea00000|100%| E|CS|TAMS 0x00000000ee900000| PB 0x00000000ee900000| Complete 
| 234|0x00000000eea00000, 0x00000000eeb00000, 0x00000000eeb00000|100%| E|CS|TAMS 0x00000000eea00000| PB 0x00000000eea00000| Complete 
| 235|0x00000000eeb00000, 0x00000000eec00000, 0x00000000eec00000|100%| E|CS|TAMS 0x00000000eeb00000| PB 0x00000000eeb00000| Complete 
| 236|0x00000000eec00000, 0x00000000eed00000, 0x00000000eed00000|100%| E|CS|TAMS 0x00000000eec00000| PB 0x00000000eec00000| Complete 
| 237|0x00000000eed00000, 0x00000000eee00000, 0x00000000eee00000|100%| E|CS|TAMS 0x00000000eed00000| PB 0x00000000eed00000| Complete 
| 238|0x00000000eee00000, 0x00000000eef00000, 0x00000000eef00000|100%| E|CS|TAMS 0x00000000eee00000| PB 0x00000000eee00000| Complete 
| 239|0x00000000eef00000, 0x00000000ef000000, 0x00000000ef000000|100%| E|CS|TAMS 0x00000000eef00000| PB 0x00000000eef00000| Complete 
| 240|0x00000000ef000000, 0x00000000ef100000, 0x00000000ef100000|100%| E|CS|TAMS 0x00000000ef000000| PB 0x00000000ef000000| Complete 
| 241|0x00000000ef100000, 0x00000000ef200000, 0x00000000ef200000|100%| E|CS|TAMS 0x00000000ef100000| PB 0x00000000ef100000| Complete 
| 242|0x00000000ef200000, 0x00000000ef300000, 0x00000000ef300000|100%| E|CS|TAMS 0x00000000ef200000| PB 0x00000000ef200000| Complete 
| 243|0x00000000ef300000, 0x00000000ef400000, 0x00000000ef400000|100%| E|CS|TAMS 0x00000000ef300000| PB 0x00000000ef300000| Complete 
| 244|0x00000000ef400000, 0x00000000ef500000, 0x00000000ef500000|100%| E|CS|TAMS 0x00000000ef400000| PB 0x00000000ef400000| Complete 
| 245|0x00000000ef500000, 0x00000000ef600000, 0x00000000ef600000|100%| E|CS|TAMS 0x00000000ef500000| PB 0x00000000ef500000| Complete 
| 246|0x00000000ef600000, 0x00000000ef700000, 0x00000000ef700000|100%| E|CS|TAMS 0x00000000ef600000| PB 0x00000000ef600000| Complete 
| 247|0x00000000ef700000, 0x00000000ef800000, 0x00000000ef800000|100%| E|CS|TAMS 0x00000000ef700000| PB 0x00000000ef700000| Complete 
| 248|0x00000000ef800000, 0x00000000ef900000, 0x00000000ef900000|100%| E|CS|TAMS 0x00000000ef800000| PB 0x00000000ef800000| Complete 
| 249|0x00000000ef900000, 0x00000000efa00000, 0x00000000efa00000|100%| E|CS|TAMS 0x00000000ef900000| PB 0x00000000ef900000| Complete 
| 250|0x00000000efa00000, 0x00000000efb00000, 0x00000000efb00000|100%| E|CS|TAMS 0x00000000efa00000| PB 0x00000000efa00000| Complete 
| 251|0x00000000efb00000, 0x00000000efc00000, 0x00000000efc00000|100%| E|CS|TAMS 0x00000000efb00000| PB 0x00000000efb00000| Complete 
| 252|0x00000000efc00000, 0x00000000efd00000, 0x00000000efd00000|100%| E|CS|TAMS 0x00000000efc00000| PB 0x00000000efc00000| Complete 
| 253|0x00000000efd00000, 0x00000000efe00000, 0x00000000efe00000|100%| E|CS|TAMS 0x00000000efd00000| PB 0x00000000efd00000| Complete 
| 254|0x00000000efe00000, 0x00000000eff00000, 0x00000000eff00000|100%| E|CS|TAMS 0x00000000efe00000| PB 0x00000000efe00000| Complete 
| 255|0x00000000eff00000, 0x00000000f0000000, 0x00000000f0000000|100%| E|CS|TAMS 0x00000000eff00000| PB 0x00000000eff00000| Complete 
| 256|0x00000000f0000000, 0x00000000f0100000, 0x00000000f0100000|100%| S|  |TAMS 0x00000000f0000000| PB 0x00000000f0000000| Complete 
| 257|0x00000000f0100000, 0x00000000f0200000, 0x00000000f0200000|100%| S|  |TAMS 0x00000000f0100000| PB 0x00000000f0100000| Complete 
| 258|0x00000000f0200000, 0x00000000f0300000, 0x00000000f0300000|100%| S|  |TAMS 0x00000000f0200000| PB 0x00000000f0200000| Complete 
| 259|0x00000000f0300000, 0x00000000f0400000, 0x00000000f0400000|100%| S|  |TAMS 0x00000000f0300000| PB 0x00000000f0300000| Complete 
| 260|0x00000000f0400000, 0x00000000f0500000, 0x00000000f0500000|100%| S|  |TAMS 0x00000000f0400000| PB 0x00000000f0400000| Complete 
| 261|0x00000000f0500000, 0x00000000f0600000, 0x00000000f0600000|100%| S|  |TAMS 0x00000000f0500000| PB 0x00000000f0500000| Complete 
| 493|0x00000000fed00000, 0x00000000fee00000, 0x00000000fee00000|100%| O|  |TAMS 0x00000000fed00000| PB 0x00000000fed00000| Untracked 
| 494|0x00000000fee00000, 0x00000000fef00000, 0x00000000fef00000|100%| O|  |TAMS 0x00000000fee00000| PB 0x00000000fee00000| Untracked 
| 495|0x00000000fef00000, 0x00000000ff000000, 0x00000000ff000000|100%| O|  |TAMS 0x00000000fef00000| PB 0x00000000fef00000| Untracked 
| 496|0x00000000ff000000, 0x00000000ff100000, 0x00000000ff100000|100%| O|  |TAMS 0x00000000ff000000| PB 0x00000000ff000000| Untracked 
| 497|0x00000000ff100000, 0x00000000ff200000, 0x00000000ff200000|100%| O|  |TAMS 0x00000000ff100000| PB 0x00000000ff100000| Untracked 
| 498|0x00000000ff200000, 0x00000000ff300000, 0x00000000ff300000|100%| O|  |TAMS 0x00000000ff200000| PB 0x00000000ff200000| Untracked 
| 499|0x00000000ff300000, 0x00000000ff400000, 0x00000000ff400000|100%| O|  |TAMS 0x00000000ff300000| PB 0x00000000ff300000| Untracked 
| 500|0x00000000ff400000, 0x00000000ff500000, 0x00000000ff500000|100%| O|  |TAMS 0x00000000ff400000| PB 0x00000000ff400000| Untracked 
| 501|0x00000000ff500000, 0x00000000ff600000, 0x00000000ff600000|100%| O|  |TAMS 0x00000000ff500000| PB 0x00000000ff500000| Untracked 
| 502|0x00000000ff600000, 0x00000000ff700000, 0x00000000ff700000|100%| O|  |TAMS 0x00000000ff600000| PB 0x00000000ff600000| Untracked 
| 503|0x00000000ff700000, 0x00000000ff800000, 0x00000000ff800000|100%| O|  |TAMS 0x00000000ff700000| PB 0x00000000ff700000| Untracked 
| 504|0x00000000ff800000, 0x00000000ff900000, 0x00000000ff900000|100%| O|  |TAMS 0x00000000ff800000| PB 0x00000000ff800000| Untracked 
| 505|0x00000000ff900000, 0x00000000ffa00000, 0x00000000ffa00000|100%| O|  |TAMS 0x00000000ff900000| PB 0x00000000ff900000| Untracked 
| 506|0x00000000ffa00000, 0x00000000ffb00000, 0x00000000ffb00000|100%| O|  |TAMS 0x00000000ffa00000| PB 0x00000000ffa00000| Untracked 
| 507|0x00000000ffb00000, 0x00000000ffc00000, 0x00000000ffc00000|100%| O|  |TAMS 0x00000000ffb00000| PB 0x00000000ffb00000| Untracked 
| 508|0x00000000ffc00000, 0x00000000ffd00000, 0x00000000ffd00000|100%| O|  |TAMS 0x00000000ffc00000| PB 0x00000000ffc00000| Untracked 
| 509|0x00000000ffd00000, 0x00000000ffe00000, 0x00000000ffe00000|100%| O|  |TAMS 0x00000000ffd00000| PB 0x00000000ffd00000| Untracked 
| 510|0x00000000ffe00000, 0x00000000fff00000, 0x00000000fff00000|100%| O|  |TAMS 0x00000000ffe00000| PB 0x00000000ffe00000| Untracked 
| 511|0x00000000fff00000, 0x0000000100000000, 0x0000000100000000|100%| O|  |TAMS 0x00000000fff00000| PB 0x00000000fff00000| Untracked 

Card table byte_map: [0x0000027c20e10000,0x0000027c20f10000] _byte_map_base: 0x0000027c20710000

Marking Bits: (CMBitMap*) 0x0000027c0ec39b40
 Bits: [0x0000027c20f10000, 0x0000027c21710000)

Polling page: 0x0000027c0e3d0000

Metaspace:

Usage:
  Non-class:     47.39 MB used.
      Class:      7.89 MB used.
       Both:     55.29 MB used.

Virtual space:
  Non-class space:       64.00 MB reserved,      48.25 MB ( 75%) committed,  1 nodes.
      Class space:      320.00 MB reserved,       8.69 MB (  3%) committed,  1 nodes.
             Both:      384.00 MB reserved,      56.94 MB ( 15%) committed. 

Chunk freelists:
   Non-Class:  15.73 MB
       Class:  7.25 MB
        Both:  22.98 MB

MaxMetaspaceSize: 384.00 MB
CompressedClassSpaceSize: 320.00 MB
Initial GC threshold: 21.00 MB
Current GC threshold: 59.81 MB
CDS: on
 - commit_granule_bytes: 65536.
 - commit_granule_words: 8192.
 - virtual_space_node_default_size: 8388608.
 - enlarge_chunks_in_place: 1.
 - use_allocation_guard: 0.


Internal statistics:

num_allocs_failed_limit: 12.
num_arena_births: 2926.
num_arena_deaths: 0.
num_vsnodes_births: 2.
num_vsnodes_deaths: 0.
num_space_committed: 911.
num_space_uncommitted: 0.
num_chunks_returned_to_freelist: 12.
num_chunks_taken_from_freelist: 5586.
num_chunk_merges: 9.
num_chunk_splits: 3613.
num_chunks_enlarged: 2235.
num_inconsistent_stats: 0.

CodeHeap 'non-profiled nmethods': size=120000Kb used=5935Kb max_used=5935Kb free=114064Kb
 bounds [0x0000027c198e0000, 0x0000027c19eb0000, 0x0000027c20e10000]
CodeHeap 'profiled nmethods': size=120000Kb used=17257Kb max_used=17257Kb free=102742Kb
 bounds [0x0000027c11e10000, 0x0000027c12ef0000, 0x0000027c19340000]
CodeHeap 'non-nmethods': size=5760Kb used=2823Kb max_used=2869Kb free=2936Kb
 bounds [0x0000027c19340000, 0x0000027c19620000, 0x0000027c198e0000]
CodeCache: size=245760Kb, used=26015Kb, max_used=26061Kb, free=219742Kb
 total_blobs=9871, nmethods=8992, adapters=783, full_count=0
Compilation: enabled, stopped_count=0, restarted_count=0

Compilation events (20 events):
Event: 60.073 Thread 0x0000027c23d40710 nmethod 9502 0x0000027c12ee4110 code [0x0000027c12ee42e0, 0x0000027c12ee45f8]
Event: 60.073 Thread 0x0000027c23d40710 9503       3       org.gradle.internal.classpath.types.ExternalPluginsInstrumentationTypeRegistry::lambda$computeInstrumentedSuperTypes$0 (7 bytes)
Event: 60.073 Thread 0x0000027c23d40710 nmethod 9503 0x0000027c12ee4710 code [0x0000027c12ee48c0, 0x0000027c12ee4a68]
Event: 60.073 Thread 0x0000027c23d40710 9504       3       org.gradle.internal.classpath.types.ExternalPluginsInstrumentationTypeRegistry::computeAndCacheInstrumentedSuperTypes (39 bytes)
Event: 60.073 Thread 0x0000027c23d40710 nmethod 9504 0x0000027c12ee4b90 code [0x0000027c12ee4d80, 0x0000027c12ee51e0]
Event: 60.074 Thread 0x0000027c23d40710 9505       3       java.util.Collections::reverse (125 bytes)
Event: 60.075 Thread 0x0000027c23d40710 nmethod 9505 0x0000027c12ee5390 code [0x0000027c12ee5600, 0x0000027c12ee6090]
Event: 60.075 Thread 0x0000027c23d40710 9507       3       org.gradle.internal.classpath.types.ExternalPluginsInstrumentationTypeRegistry::computeSuperTypesWithRecursiveCaching (80 bytes)
Event: 60.075 Thread 0x0000027c23d3b940 9509       4       java.util.HashMap$HashMapSpliterator::estimateSize (11 bytes)
Event: 60.076 Thread 0x0000027c23d40710 nmethod 9507 0x0000027c12ee6390 code [0x0000027c12ee6640, 0x0000027c12ee74c8]
Event: 60.076 Thread 0x0000027c23d40710 9506       3       com.google.common.collect.ImmutableMap::getOrDefault (14 bytes)
Event: 60.076 Thread 0x0000027c23d40710 nmethod 9506 0x0000027c12ee7910 code [0x0000027c12ee7ac0, 0x0000027c12ee7cf0]
Event: 60.076 Thread 0x0000027c23d40710 9508       3       org.gradle.internal.classpath.types.ExternalPluginsInstrumentationTypeRegistry::getSuperTypes (70 bytes)
Event: 60.076 Thread 0x0000027c23d3b940 nmethod 9509 0x0000027c19eabb90 code [0x0000027c19eabd20, 0x0000027c19eabe08]
Event: 60.076 Thread 0x0000027c23d40710 nmethod 9508 0x0000027c12ee7d90 code [0x0000027c12ee8000, 0x0000027c12ee8ab8]
Event: 60.076 Thread 0x0000027c23d40710 9510       3       org.gradle.internal.classpath.types.ExternalPluginsInstrumentationTypeRegistry::computeInstrumentedSuperTypes (53 bytes)
Event: 60.077 Thread 0x0000027c23d40710 nmethod 9510 0x0000027c12ee8e90 code [0x0000027c12ee90e0, 0x0000027c12ee98f0]
Event: 60.077 Thread 0x0000027c23d40710 9511       3       org.gradle.internal.classpath.types.ExternalPluginsInstrumentationTypeRegistry::getDirectSuperTypes (48 bytes)
Event: 60.078 Thread 0x0000027c23d40710 nmethod 9511 0x0000027c12ee9b90 code [0x0000027c12ee9da0, 0x0000027c12eea3f0]
Event: 60.080 Thread 0x0000027c23d3b940 9512       4       org.gradle.internal.serialize.AbstractCollectionSerializer::read (6 bytes)

GC Heap History (20 events):
Event: 37.372 GC heap after
{Heap after GC invocations=11 (full 0):
 garbage-first heap   total 262144K, used 40723K [0x00000000e0000000, 0x0000000100000000)
  region size 1024K, 17 young (17408K), 17 survivors (17408K)
 Metaspace       used 45117K, committed 46528K, reserved 393216K
  class space    used 6550K, committed 7232K, reserved 327680K
}
Event: 45.396 GC heap before
{Heap before GC invocations=11 (full 0):
 garbage-first heap   total 262144K, used 179987K [0x00000000e0000000, 0x0000000100000000)
  region size 1024K, 153 young (156672K), 17 survivors (17408K)
 Metaspace       used 55068K, committed 56832K, reserved 393216K
  class space    used 7944K, committed 8832K, reserved 327680K
}
Event: 45.437 GC heap after
{Heap after GC invocations=12 (full 0):
 garbage-first heap   total 262144K, used 48075K [0x00000000e0000000, 0x0000000100000000)
  region size 1024K, 17 young (17408K), 17 survivors (17408K)
 Metaspace       used 55068K, committed 56832K, reserved 393216K
  class space    used 7944K, committed 8832K, reserved 327680K
}
Event: 46.826 GC heap before
{Heap before GC invocations=12 (full 0):
 garbage-first heap   total 262144K, used 189387K [0x00000000e0000000, 0x0000000100000000)
  region size 1024K, 154 young (157696K), 17 survivors (17408K)
 Metaspace       used 55814K, committed 57536K, reserved 393216K
  class space    used 8044K, committed 8896K, reserved 327680K
}
Event: 46.859 GC heap after
{Heap after GC invocations=13 (full 0):
 garbage-first heap   total 262144K, used 57344K [0x00000000e0000000, 0x0000000100000000)
  region size 1024K, 16 young (16384K), 16 survivors (16384K)
 Metaspace       used 55814K, committed 57536K, reserved 393216K
  class space    used 8044K, committed 8896K, reserved 327680K
}
Event: 49.418 GC heap before
{Heap before GC invocations=13 (full 0):
 garbage-first heap   total 262144K, used 198656K [0x00000000e0000000, 0x0000000100000000)
  region size 1024K, 153 young (156672K), 16 survivors (16384K)
 Metaspace       used 55963K, committed 57600K, reserved 393216K
  class space    used 8044K, committed 8896K, reserved 327680K
}
Event: 49.451 GC heap after
{Heap after GC invocations=14 (full 0):
 garbage-first heap   total 262144K, used 62464K [0x00000000e0000000, 0x0000000100000000)
  region size 1024K, 13 young (13312K), 13 survivors (13312K)
 Metaspace       used 55963K, committed 57600K, reserved 393216K
  class space    used 8044K, committed 8896K, reserved 327680K
}
Event: 51.641 GC heap before
{Heap before GC invocations=14 (full 0):
 garbage-first heap   total 262144K, used 207872K [0x00000000e0000000, 0x0000000100000000)
  region size 1024K, 153 young (156672K), 13 survivors (13312K)
 Metaspace       used 56079K, committed 57792K, reserved 393216K
  class space    used 8044K, committed 8896K, reserved 327680K
}
Event: 51.657 GC heap after
{Heap after GC invocations=15 (full 0):
 garbage-first heap   total 262144K, used 69120K [0x00000000e0000000, 0x0000000100000000)
  region size 1024K, 12 young (12288K), 12 survivors (12288K)
 Metaspace       used 56079K, committed 57792K, reserved 393216K
  class space    used 8044K, committed 8896K, reserved 327680K
}
Event: 53.704 GC heap before
{Heap before GC invocations=15 (full 0):
 garbage-first heap   total 262144K, used 212480K [0x00000000e0000000, 0x0000000100000000)
  region size 1024K, 154 young (157696K), 12 survivors (12288K)
 Metaspace       used 56190K, committed 57856K, reserved 393216K
  class space    used 8045K, committed 8896K, reserved 327680K
}
Event: 53.726 GC heap after
{Heap after GC invocations=16 (full 0):
 garbage-first heap   total 262144K, used 74538K [0x00000000e0000000, 0x0000000100000000)
  region size 1024K, 11 young (11264K), 11 survivors (11264K)
 Metaspace       used 56190K, committed 57856K, reserved 393216K
  class space    used 8045K, committed 8896K, reserved 327680K
}
Event: 55.390 GC heap before
{Heap before GC invocations=16 (full 0):
 garbage-first heap   total 262144K, used 218922K [0x00000000e0000000, 0x0000000100000000)
  region size 1024K, 153 young (156672K), 11 survivors (11264K)
 Metaspace       used 56224K, committed 57920K, reserved 393216K
  class space    used 8045K, committed 8896K, reserved 327680K
}
Event: 55.403 GC heap after
{Heap after GC invocations=17 (full 0):
 garbage-first heap   total 262144K, used 78090K [0x00000000e0000000, 0x0000000100000000)
  region size 1024K, 9 young (9216K), 9 survivors (9216K)
 Metaspace       used 56224K, committed 57920K, reserved 393216K
  class space    used 8045K, committed 8896K, reserved 327680K
}
Event: 56.195 GC heap before
{Heap before GC invocations=17 (full 0):
 garbage-first heap   total 262144K, used 224522K [0x00000000e0000000, 0x0000000100000000)
  region size 1024K, 153 young (156672K), 9 survivors (9216K)
 Metaspace       used 56280K, committed 57984K, reserved 393216K
  class space    used 8045K, committed 8896K, reserved 327680K
}
Event: 56.211 GC heap after
{Heap after GC invocations=18 (full 0):
 garbage-first heap   total 262144K, used 83722K [0x00000000e0000000, 0x0000000100000000)
  region size 1024K, 15 young (15360K), 15 survivors (15360K)
 Metaspace       used 56280K, committed 57984K, reserved 393216K
  class space    used 8045K, committed 8896K, reserved 327680K
}
Event: 56.792 GC heap before
{Heap before GC invocations=18 (full 0):
 garbage-first heap   total 262144K, used 225034K [0x00000000e0000000, 0x0000000100000000)
  region size 1024K, 153 young (156672K), 15 survivors (15360K)
 Metaspace       used 56343K, committed 57984K, reserved 393216K
  class space    used 8045K, committed 8896K, reserved 327680K
}
Event: 56.805 GC heap after
{Heap after GC invocations=19 (full 0):
 garbage-first heap   total 262144K, used 86883K [0x00000000e0000000, 0x0000000100000000)
  region size 1024K, 13 young (13312K), 13 survivors (13312K)
 Metaspace       used 56343K, committed 57984K, reserved 393216K
  class space    used 8045K, committed 8896K, reserved 327680K
}
Event: 57.733 GC heap before
{Heap before GC invocations=19 (full 0):
 garbage-first heap   total 262144K, used 231267K [0x00000000e0000000, 0x0000000100000000)
  region size 1024K, 153 young (156672K), 13 survivors (13312K)
 Metaspace       used 56382K, committed 58048K, reserved 393216K
  class space    used 8045K, committed 8896K, reserved 327680K
}
Event: 57.758 GC heap after
{Heap after GC invocations=20 (full 0):
 garbage-first heap   total 262144K, used 100352K [0x00000000e0000000, 0x0000000100000000)
  region size 1024K, 20 young (20480K), 20 survivors (20480K)
 Metaspace       used 56382K, committed 58048K, reserved 393216K
  class space    used 8045K, committed 8896K, reserved 327680K
}
Event: 60.087 GC heap before
{Heap before GC invocations=20 (full 0):
 garbage-first heap   total 262144K, used 237568K [0x00000000e0000000, 0x0000000100000000)
  region size 1024K, 151 young (154624K), 20 survivors (20480K)
 Metaspace       used 56612K, committed 58304K, reserved 393216K
  class space    used 8080K, committed 8896K, reserved 327680K
}

Dll operation events (14 events):
Event: 0.016 Loaded shared library C:\Users\AFIS\.antigravity-ide\extensions\redhat.java-1.55.0-win32-x64\jre\21.0.11-win32-x86_64\bin\java.dll
Event: 0.283 Loaded shared library C:\Users\AFIS\.antigravity-ide\extensions\redhat.java-1.55.0-win32-x64\jre\21.0.11-win32-x86_64\bin\zip.dll
Event: 0.429 Loaded shared library C:\Users\AFIS\.antigravity-ide\extensions\redhat.java-1.55.0-win32-x64\jre\21.0.11-win32-x86_64\bin\instrument.dll
Event: 0.459 Loaded shared library C:\Users\AFIS\.antigravity-ide\extensions\redhat.java-1.55.0-win32-x64\jre\21.0.11-win32-x86_64\bin\net.dll
Event: 0.466 Loaded shared library C:\Users\AFIS\.antigravity-ide\extensions\redhat.java-1.55.0-win32-x64\jre\21.0.11-win32-x86_64\bin\nio.dll
Event: 0.493 Loaded shared library C:\Users\AFIS\.antigravity-ide\extensions\redhat.java-1.55.0-win32-x64\jre\21.0.11-win32-x86_64\bin\zip.dll
Event: 1.755 Loaded shared library C:\Users\AFIS\.antigravity-ide\extensions\redhat.java-1.55.0-win32-x64\jre\21.0.11-win32-x86_64\bin\jimage.dll
Event: 2.943 Loaded shared library C:\Users\AFIS\.antigravity-ide\extensions\redhat.java-1.55.0-win32-x64\jre\21.0.11-win32-x86_64\bin\verify.dll
Event: 3.962 Loaded shared library C:\Users\AFIS\.gradle\native\c067742578af261105cb4f569cf0c3c89f3d7b1fecec35dd04571415982c5e48\windows-amd64\native-platform.dll
Event: 4.065 Loaded shared library C:\Users\AFIS\.gradle\native\100fb08df4bc3b14c8652ba06237920a3bd2aa13389f12d3474272988ae205f9\windows-amd64\native-platform-file-events.dll
Event: 9.931 Loaded shared library C:\Users\AFIS\.antigravity-ide\extensions\redhat.java-1.55.0-win32-x64\jre\21.0.11-win32-x86_64\bin\management.dll
Event: 9.953 Loaded shared library C:\Users\AFIS\.antigravity-ide\extensions\redhat.java-1.55.0-win32-x64\jre\21.0.11-win32-x86_64\bin\management_ext.dll
Event: 11.315 Loaded shared library C:\Users\AFIS\.antigravity-ide\extensions\redhat.java-1.55.0-win32-x64\jre\21.0.11-win32-x86_64\bin\extnet.dll
Event: 12.448 Loaded shared library C:\Users\AFIS\.antigravity-ide\extensions\redhat.java-1.55.0-win32-x64\jre\21.0.11-win32-x86_64\bin\sunmscapi.dll

Deoptimization events (20 events):
Event: 60.043 Thread 0x0000027c42571e50 Uncommon trap: trap_request=0xffffffd6 fr.pc=0x0000027c19ea8c08 relative=0x0000000000000a48
Event: 60.043 Thread 0x0000027c42571e50 Uncommon trap: reason=array_check action=maybe_recompile pc=0x0000027c19ea8c08 method=com.google.common.collect.RegularImmutableMap.fromEntryArrayCheckingBucketOverflow(I[Ljava/util/Map$Entry;Z)Lcom/google/common/collect/ImmutableMap; @ 220 c2
Event: 60.043 Thread 0x0000027c42571e50 DEOPT PACKING pc=0x0000027c19ea8c08 sp=0x0000009755cfab40
Event: 60.043 Thread 0x0000027c42571e50 DEOPT UNPACKING pc=0x0000027c19397ba2 sp=0x0000009755cfaae8 mode 2
Event: 60.064 Thread 0x0000027c3de44280 Uncommon trap: trap_request=0xffffff45 fr.pc=0x0000027c19e99170 relative=0x0000000000000730
Event: 60.064 Thread 0x0000027c3de44280 Uncommon trap: reason=unstable_if action=reinterpret pc=0x0000027c19e99170 method=org.gradle.internal.serialize.SetSerializer.createCollection(I)Ljava/util/Set; @ 1 c2
Event: 60.064 Thread 0x0000027c3de44280 DEOPT PACKING pc=0x0000027c19e99170 sp=0x00000097542f4c70
Event: 60.064 Thread 0x0000027c425724e0 Uncommon trap: trap_request=0xffffff45 fr.pc=0x0000027c19e8d4f0 relative=0x0000000000000730
Event: 60.064 Thread 0x0000027c425724e0 Uncommon trap: reason=unstable_if action=reinterpret pc=0x0000027c19e8d4f0 method=org.gradle.internal.serialize.SetSerializer.createCollection(I)Ljava/util/Set; @ 1 c2
Event: 60.064 Thread 0x0000027c425724e0 DEOPT PACKING pc=0x0000027c19e8d4f0 sp=0x0000009755dfa940
Event: 60.064 Thread 0x0000027c3de44280 DEOPT UNPACKING pc=0x0000027c19397ba2 sp=0x00000097542f4b00 mode 2
Event: 60.064 Thread 0x0000027c425724e0 DEOPT UNPACKING pc=0x0000027c19397ba2 sp=0x0000009755dfa848 mode 2
Event: 60.064 Thread 0x0000027c425724e0 Uncommon trap: trap_request=0xffffff45 fr.pc=0x0000027c19e9ace8 relative=0x0000000000000288
Event: 60.064 Thread 0x0000027c3de44280 Uncommon trap: trap_request=0xffffff45 fr.pc=0x0000027c19e9ace8 relative=0x0000000000000288
Event: 60.064 Thread 0x0000027c425724e0 Uncommon trap: reason=unstable_if action=reinterpret pc=0x0000027c19e9ace8 method=org.gradle.internal.serialize.SetSerializer.createCollection(I)Ljava/util/Set; @ 1 c2
Event: 60.064 Thread 0x0000027c3de44280 Uncommon trap: reason=unstable_if action=reinterpret pc=0x0000027c19e9ace8 method=org.gradle.internal.serialize.SetSerializer.createCollection(I)Ljava/util/Set; @ 1 c2
Event: 60.064 Thread 0x0000027c425724e0 DEOPT PACKING pc=0x0000027c19e9ace8 sp=0x0000009755dfa8d0
Event: 60.064 Thread 0x0000027c3de44280 DEOPT PACKING pc=0x0000027c19e9ace8 sp=0x00000097542f4b80
Event: 60.064 Thread 0x0000027c425724e0 DEOPT UNPACKING pc=0x0000027c19397ba2 sp=0x0000009755dfa848 mode 2
Event: 60.064 Thread 0x0000027c3de44280 DEOPT UNPACKING pc=0x0000027c19397ba2 sp=0x00000097542f4af8 mode 2

Classes loaded (20 events):
Event: 45.389 Loading class jdk/internal/reflect/UTF8
Event: 45.389 Loading class jdk/internal/reflect/UTF8 done
Event: 45.391 Loading class jdk/internal/reflect/Label
Event: 45.392 Loading class jdk/internal/reflect/Label done
Event: 45.392 Loading class jdk/internal/reflect/Label$PatchInfo
Event: 45.392 Loading class jdk/internal/reflect/Label$PatchInfo done
Event: 45.392 Loading class jdk/internal/reflect/MethodAccessorGenerator$1
Event: 45.392 Loading class jdk/internal/reflect/MethodAccessorGenerator$1 done
Event: 45.392 Loading class jdk/internal/reflect/ClassDefiner
Event: 45.392 Loading class jdk/internal/reflect/ClassDefiner done
Event: 45.392 Loading class jdk/internal/reflect/ClassDefiner$1
Event: 45.392 Loading class jdk/internal/reflect/ClassDefiner$1 done
Event: 45.393 Loading class jdk/internal/reflect/SerializationConstructorAccessorImpl
Event: 45.393 Loading class jdk/internal/reflect/SerializationConstructorAccessorImpl done
Event: 45.607 Loading class java/util/zip/ZipFile$ZipEntryIterator
Event: 45.608 Loading class java/util/zip/ZipFile$ZipEntryIterator done
Event: 45.613 Loading class java/util/zip/ZipInputStream
Event: 45.613 Loading class java/util/zip/ZipInputStream done
Event: 56.226 Loading class java/lang/foreign/MemorySegment
Event: 56.228 Loading class java/lang/foreign/MemorySegment done

Classes unloaded (0 events):
No events

Classes redefined (0 events):
No events

Internal exceptions (20 events):
Event: 41.197 Thread 0x0000027c3de44280 Exception <a 'java/lang/ClassNotFoundException'{0x00000000ea1c7f28}: groovy/lang/GString$1Customizer> (0x00000000ea1c7f28) 
thrown [s\src\hotspot\share\classfile\systemDictionary.cpp, line 313]
Event: 41.207 Thread 0x0000027c3de44280 Exception <a 'java/lang/ClassNotFoundException'{0x00000000ea0cd060}: org/codehaus/groovy/runtime/GStringImplBeanInfo> (0x00000000ea0cd060) 
thrown [s\src\hotspot\share\classfile\systemDictionary.cpp, line 313]
Event: 41.211 Thread 0x0000027c3de44280 Exception <a 'java/lang/ClassNotFoundException'{0x00000000ea0dddd8}: org/codehaus/groovy/runtime/GStringImplCustomizer> (0x00000000ea0dddd8) 
thrown [s\src\hotspot\share\classfile\systemDictionary.cpp, line 313]
Event: 41.235 Thread 0x0000027c3de44280 Exception <a 'java/lang/ClassNotFoundException'{0x00000000e9f45790}: org/gradle/api/internal/artifacts/dsl/dependencies/DefaultDependencyHandler_DecoratedBeanInfo> (0x00000000e9f45790) 
thrown [s\src\hotspot\share\classfile\systemDictionary.cpp, line 313]
Event: 41.236 Thread 0x0000027c3de44280 Exception <a 'java/lang/ClassNotFoundException'{0x00000000e9f59480}: org/gradle/api/internal/artifacts/dsl/dependencies/DefaultDependencyHandlerBeanInfo> (0x00000000e9f59480) 
thrown [s\src\hotspot\share\classfile\systemDictionary.cpp, line 313]
Event: 41.237 Thread 0x0000027c3de44280 Exception <a 'java/lang/ClassNotFoundException'{0x00000000e9f6d130}: org/gradle/api/internal/artifacts/dsl/dependencies/DefaultDependencyHandlerCustomizer> (0x00000000e9f6d130) 
thrown [s\src\hotspot\share\classfile\systemDictionary.cpp, line 313]
Event: 41.242 Thread 0x0000027c3de44280 Exception <a 'java/lang/ClassNotFoundException'{0x00000000e9fc4478}: org/gradle/api/internal/artifacts/dsl/dependencies/DefaultDependencyHandler_DecoratedCustomizer> (0x00000000e9fc4478) 
thrown [s\src\hotspot\share\classfile\systemDictionary.cpp, line 313]
Event: 41.338 Thread 0x0000027c3de44280 Exception <a 'java/lang/NoSuchMethodError'{0x00000000e9cbb710}: 'java.lang.Object java.lang.invoke.DirectMethodHandle$Holder.newInvokeSpecial(java.lang.Object, int, java.lang.Object)'> (0x00000000e9cbb710) 
thrown [s\src\hotspot\share\interpreter\linkResolver.cpp, line 773]
Event: 41.559 Thread 0x0000027c3de44280 Exception <a 'java/lang/NoSuchMethodError'{0x00000000e98e7b98}: 'java.lang.Object java.lang.invoke.DirectMethodHandle$Holder.newInvokeSpecial(java.lang.Object, java.lang.Object, java.lang.Object, int)'> (0x00000000e98e7b98) 
thrown [s\src\hotspot\share\interpreter\linkResolver.cpp, line 773]
Event: 41.559 Thread 0x0000027c3de44280 Exception <a 'java/lang/NoSuchMethodError'{0x00000000e98ec1f0}: 'java.lang.Object java.lang.invoke.Invokers$Holder.linkToTargetMethod(java.lang.Object, java.lang.Object, int, java.lang.Object)'> (0x00000000e98ec1f0) 
thrown [s\src\hotspot\share\interpreter\linkResolver.cpp, line 773]
Event: 41.633 Thread 0x0000027c3de44280 Exception <a 'java/lang/NoSuchMethodError'{0x00000000e9513858}: 'java.lang.Object java.lang.invoke.DirectMethodHandle$Holder.invokeSpecial(java.lang.Object, java.lang.Object, long, java.lang.Object, java.lang.Object)'> (0x00000000e9513858) 
thrown [s\src\hotspot\share\interpreter\linkResolver.cpp, line 773]
Event: 41.972 Thread 0x0000027c3de44280 Exception <a 'java/lang/NoSuchMethodError'{0x00000000e90c6a98}: 'int java.lang.invoke.DirectMethodHandle$Holder.invokeSpecialIFC(java.lang.Object, java.lang.Object, java.lang.Object)'> (0x00000000e90c6a98) 
thrown [s\src\hotspot\share\interpreter\linkResolver.cpp, line 773]
Event: 44.978 Thread 0x0000027c3de44280 Exception <a 'java/lang/NoSuchMethodError'{0x00000000e829dce8}: 'java.lang.Object java.lang.invoke.DirectMethodHandle$Holder.invokeSpecial(java.lang.Object, java.lang.Object, java.lang.Object, java.lang.Object, java.lang.Object, long)'> (0x00000000e829dce8) 
thrown [s\src\hotspot\share\interpreter\linkResolver.cpp, line 773]
Event: 44.981 Thread 0x0000027c3de44280 Exception <a 'java/lang/NoSuchMethodError'{0x00000000e82c2ad0}: 'void java.lang.invoke.DirectMethodHandle$Holder.invokeStatic(java.lang.Object, java.lang.Object, java.lang.Object, int, java.lang.Object)'> (0x00000000e82c2ad0) 
thrown [s\src\hotspot\share\interpreter\linkResolver.cpp, line 773]
Event: 45.442 Thread 0x0000027c3de44280 Exception <a 'java/lang/NoSuchMethodError'{0x00000000eff17b50}: 'java.lang.Object java.lang.invoke.DirectMethodHandle$Holder.newInvokeSpecial(java.lang.Object, java.lang.Object, java.lang.Object, java.lang.Object, int, java.lang.Object)'> (0x00000000eff17b50) 
thrown [s\src\hotspot\share\interpreter\linkResolver.cpp, line 773]
Event: 45.443 Thread 0x0000027c3de44280 Exception <a 'java/lang/NoSuchMethodError'{0x00000000eff201a0}: 'java.lang.Object java.lang.invoke.Invokers$Holder.linkToTargetMethod(java.lang.Object, java.lang.Object, java.lang.Object, int, java.lang.Object, java.lang.Object)'> (0x00000000eff201a0) 
thrown [s\src\hotspot\share\interpreter\linkResolver.cpp, line 773]
Event: 45.611 Thread 0x0000027c4256f060 Implicit null exception at 0x0000027c19ab3163 to 0x0000027c19ab3cfc
Event: 46.510 Thread 0x0000027c3de70ae0 Implicit null exception at 0x0000027c19d4d9fa to 0x0000027c19d4dbb4
Event: 46.894 Thread 0x0000027c3de44280 Implicit null exception at 0x0000027c19d664ab to 0x0000027c19d6665f
Event: 58.074 Thread 0x0000027c3de44280 Exception <a 'java/lang/NoSuchMethodError'{0x00000000ed708430}: 'java.lang.Object java.lang.invoke.DirectMethodHandle$Holder.invokeSpecialIFC(java.lang.Object, java.lang.Object, java.lang.Object)'> (0x00000000ed708430) 
thrown [s\src\hotspot\share\interpreter\linkResolver.cpp, line 773]

ZGC Phase Switch (0 events):
No events

VM Operations (20 events):
Event: 53.726 Executing safepoint VM operation: G1CollectForAllocation (GCLocker Initiated GC) done
Event: 54.737 Executing safepoint VM operation: Cleanup
Event: 54.751 Executing safepoint VM operation: Cleanup done
Event: 55.389 Executing safepoint VM operation: G1CollectForAllocation (G1 Evacuation Pause)
Event: 55.403 Executing safepoint VM operation: G1CollectForAllocation (G1 Evacuation Pause) done
Event: 56.195 Executing safepoint VM operation: G1CollectForAllocation (G1 Evacuation Pause)
Event: 56.195 Executing safepoint VM operation: G1CollectForAllocation (G1 Evacuation Pause) done
Event: 56.195 Executing safepoint VM operation: G1CollectForAllocation (GCLocker Initiated GC)
Event: 56.211 Executing safepoint VM operation: G1CollectForAllocation (GCLocker Initiated GC) done
Event: 56.792 Executing safepoint VM operation: G1CollectForAllocation (G1 Evacuation Pause)
Event: 56.805 Executing safepoint VM operation: G1CollectForAllocation (G1 Evacuation Pause) done
Event: 57.733 Executing safepoint VM operation: G1CollectForAllocation (G1 Evacuation Pause)
Event: 57.758 Executing safepoint VM operation: G1CollectForAllocation (G1 Evacuation Pause) done
Event: 58.020 Executing non-safepoint VM operation: HandshakeAllThreads (Deoptimize)
Event: 58.020 Executing non-safepoint VM operation: HandshakeAllThreads (Deoptimize) done
Event: 58.659 Executing safepoint VM operation: ICBufferFull
Event: 58.659 Executing safepoint VM operation: ICBufferFull done
Event: 59.692 Executing safepoint VM operation: Cleanup
Event: 59.692 Executing safepoint VM operation: Cleanup done
Event: 60.087 Executing safepoint VM operation: G1CollectForAllocation (G1 Evacuation Pause)

Memory protections (0 events):
No events

Nmethod flushes (20 events):
Event: 32.236 Thread 0x0000027c23d17400 flushing  nmethod 0x0000027c12044f10
Event: 32.236 Thread 0x0000027c23d17400 flushing  nmethod 0x0000027c12045290
Event: 32.236 Thread 0x0000027c23d17400 flushing  nmethod 0x0000027c12046110
Event: 32.236 Thread 0x0000027c23d17400 flushing  nmethod 0x0000027c12047910
Event: 32.236 Thread 0x0000027c23d17400 flushing  nmethod 0x0000027c1204b710
Event: 32.236 Thread 0x0000027c23d17400 flushing  nmethod 0x0000027c12066810
Event: 32.236 Thread 0x0000027c23d17400 flushing  nmethod 0x0000027c1206be90
Event: 32.236 Thread 0x0000027c23d17400 flushing  nmethod 0x0000027c1208cb10
Event: 32.236 Thread 0x0000027c23d17400 flushing  nmethod 0x0000027c1208d290
Event: 32.236 Thread 0x0000027c23d17400 flushing  nmethod 0x0000027c12090790
Event: 32.236 Thread 0x0000027c23d17400 flushing  nmethod 0x0000027c120d2890
Event: 32.236 Thread 0x0000027c23d17400 flushing  nmethod 0x0000027c1215f810
Event: 32.236 Thread 0x0000027c23d17400 flushing  nmethod 0x0000027c121c5610
Event: 32.236 Thread 0x0000027c23d17400 flushing  nmethod 0x0000027c121e2290
Event: 32.236 Thread 0x0000027c23d17400 flushing  nmethod 0x0000027c121e9290
Event: 32.236 Thread 0x0000027c23d17400 flushing  nmethod 0x0000027c1224ad10
Event: 32.236 Thread 0x0000027c23d17400 flushing  nmethod 0x0000027c1227d810
Event: 32.236 Thread 0x0000027c23d17400 flushing  nmethod 0x0000027c1227dd10
Event: 32.236 Thread 0x0000027c23d17400 flushing  nmethod 0x0000027c12280b10
Event: 32.236 Thread 0x0000027c23d17400 flushing osr nmethod 0x0000027c1244f110

Events (20 events):
Event: 32.330 Thread 0x0000027c23d40710 Thread added: 0x0000027c3f3a3cf0
Event: 36.805 Thread 0x0000027c3f3a3cf0 Thread exited: 0x0000027c3f3a3cf0
Event: 37.189 Thread 0x0000027c23d40710 Thread added: 0x0000027c3f3a2880
Event: 38.272 Thread 0x0000027c3f3a2880 Thread exited: 0x0000027c3f3a2880
Event: 38.998 Thread 0x0000027c3de44280 Thread added: 0x0000027c3de72bb0
Event: 45.047 Thread 0x0000027c3de44280 Thread added: 0x0000027c3de738d0
Event: 45.047 Thread 0x0000027c3de44280 Thread added: 0x0000027c3de70450
Event: 45.047 Thread 0x0000027c3de44280 Thread added: 0x0000027c3de71170
Event: 45.545 Thread 0x0000027c3de44280 Thread added: 0x0000027c3de70ae0
Event: 45.556 Thread 0x0000027c3de44280 Thread added: 0x0000027c3de71800
Event: 45.561 Thread 0x0000027c3de44280 Thread added: 0x0000027c4256f060
Event: 46.328 Thread 0x0000027c23d40710 Thread added: 0x0000027c3f3a43c0
Event: 46.874 Thread 0x0000027c3f3a43c0 Thread exited: 0x0000027c3f3a43c0
Event: 47.059 Thread 0x0000027c23d40710 Thread added: 0x0000027c3f3a2880
Event: 48.079 Thread 0x0000027c3f3a2880 Thread exited: 0x0000027c3f3a2880
Event: 58.075 Thread 0x0000027c3de44280 Thread added: 0x0000027c425717c0
Event: 58.076 Thread 0x0000027c3de44280 Thread added: 0x0000027c42571e50
Event: 58.076 Thread 0x0000027c3de44280 Thread added: 0x0000027c425724e0
Event: 58.858 Thread 0x0000027c23d3b940 Thread added: 0x0000027c3f3a43c0
Event: 59.198 Thread 0x0000027c3f3a43c0 Thread exited: 0x0000027c3f3a43c0


Dynamic libraries:
0x00007ff6a8920000 - 0x00007ff6a892e000 	C:\Users\AFIS\.antigravity-ide\extensions\redhat.java-1.55.0-win32-x64\jre\21.0.11-win32-x86_64\bin\java.exe
0x00007ffb40440000 - 0x00007ffb406a6000 	C:\WINDOWS\SYSTEM32\ntdll.dll
0x00007ffb3ed10000 - 0x00007ffb3edd9000 	C:\WINDOWS\System32\KERNEL32.DLL
0x00007ffb3db10000 - 0x00007ffb3df0a000 	C:\WINDOWS\System32\KERNELBASE.dll
0x00007ffb3df10000 - 0x00007ffb3e05c000 	C:\WINDOWS\System32\ucrtbase.dll
0x00007ffb2a800000 - 0x00007ffb2a818000 	C:\Users\AFIS\.antigravity-ide\extensions\redhat.java-1.55.0-win32-x64\jre\21.0.11-win32-x86_64\bin\jli.dll
0x00007ffb3fb60000 - 0x00007ffb3fd27000 	C:\WINDOWS\System32\USER32.dll
0x00007ffb3d850000 - 0x00007ffb3d877000 	C:\WINDOWS\System32\win32u.dll
0x00007ffb3ece0000 - 0x00007ffb3ed0b000 	C:\WINDOWS\System32\GDI32.dll
0x00007ffb3d880000 - 0x00007ffb3d9ab000 	C:\WINDOWS\System32\gdi32full.dll
0x00007ffb3da60000 - 0x00007ffb3db03000 	C:\WINDOWS\System32\msvcp_win.dll
0x00007ffb2a7e0000 - 0x00007ffb2a7fe000 	C:\Users\AFIS\.antigravity-ide\extensions\redhat.java-1.55.0-win32-x64\jre\21.0.11-win32-x86_64\bin\VCRUNTIME140.dll
0x00007ffb22c70000 - 0x00007ffb22f02000 	C:\WINDOWS\WinSxS\amd64_microsoft.windows.common-controls_6595b64144ccf1df_6.0.26100.8521_none_3e08b75ce33403b3\COMCTL32.dll
0x00007ffb3eeb0000 - 0x00007ffb3ef59000 	C:\WINDOWS\System32\msvcrt.dll
0x00007ffb40270000 - 0x00007ffb402a2000 	C:\WINDOWS\System32\IMM32.DLL
0x00007ffb2d6e0000 - 0x00007ffb2d6ec000 	C:\Users\AFIS\.antigravity-ide\extensions\redhat.java-1.55.0-win32-x64\jre\21.0.11-win32-x86_64\bin\vcruntime140_1.dll
0x00007ffb12ca0000 - 0x00007ffb12d2d000 	C:\Users\AFIS\.antigravity-ide\extensions\redhat.java-1.55.0-win32-x64\jre\21.0.11-win32-x86_64\bin\msvcp140.dll
0x00007ffaa9010000 - 0x00007ffaa9db2000 	C:\Users\AFIS\.antigravity-ide\extensions\redhat.java-1.55.0-win32-x64\jre\21.0.11-win32-x86_64\bin\server\jvm.dll
0x00007ffb40340000 - 0x00007ffb403f6000 	C:\WINDOWS\System32\ADVAPI32.dll
0x00007ffb3ee00000 - 0x00007ffb3eeaa000 	C:\WINDOWS\System32\sechost.dll
0x00007ffb3fd30000 - 0x00007ffb3fe48000 	C:\WINDOWS\System32\RPCRT4.dll
0x00007ffb401e0000 - 0x00007ffb40260000 	C:\WINDOWS\System32\WS2_32.dll
0x00007ffb3d530000 - 0x00007ffb3d58e000 	C:\WINDOWS\SYSTEM32\POWRPROF.dll
0x00007ffb32f50000 - 0x00007ffb32f86000 	C:\WINDOWS\SYSTEM32\WINMM.dll
0x00007ffb2bbd0000 - 0x00007ffb2bbdb000 	C:\WINDOWS\SYSTEM32\VERSION.dll
0x00007ffb3d510000 - 0x00007ffb3d524000 	C:\WINDOWS\SYSTEM32\UMPDC.dll
0x00007ffb3c460000 - 0x00007ffb3c47b000 	C:\WINDOWS\SYSTEM32\kernel.appcore.dll
0x00007ffb2bed0000 - 0x00007ffb2beda000 	C:\Users\AFIS\.antigravity-ide\extensions\redhat.java-1.55.0-win32-x64\jre\21.0.11-win32-x86_64\bin\jimage.dll
0x00007ffb3af10000 - 0x00007ffb3b152000 	C:\WINDOWS\SYSTEM32\DBGHELP.DLL
0x00007ffb3fe50000 - 0x00007ffb401d3000 	C:\WINDOWS\System32\combase.dll
0x00007ffb3eaf0000 - 0x00007ffb3ebc9000 	C:\WINDOWS\System32\OLEAUT32.dll
0x00007ffb15520000 - 0x00007ffb1555b000 	C:\WINDOWS\SYSTEM32\dbgcore.DLL
0x00007ffb3d9b0000 - 0x00007ffb3da58000 	C:\WINDOWS\System32\bcryptPrimitives.dll
0x00007ffb2b160000 - 0x00007ffb2b16f000 	C:\Users\AFIS\.antigravity-ide\extensions\redhat.java-1.55.0-win32-x64\jre\21.0.11-win32-x86_64\bin\instrument.dll
0x00007ffb2a7a0000 - 0x00007ffb2a7c0000 	C:\Users\AFIS\.antigravity-ide\extensions\redhat.java-1.55.0-win32-x64\jre\21.0.11-win32-x86_64\bin\java.dll
0x00007ffb3f140000 - 0x00007ffb3f8c4000 	C:\WINDOWS\System32\SHELL32.dll
0x00007ffb3b270000 - 0x00007ffb3baf0000 	C:\WINDOWS\SYSTEM32\windows.storage.dll
0x00007ffb3e3c0000 - 0x00007ffb3e4b6000 	C:\WINDOWS\System32\SHCORE.dll
0x00007ffb3e1b0000 - 0x00007ffb3e217000 	C:\WINDOWS\System32\shlwapi.dll
0x00007ffb3d5f0000 - 0x00007ffb3d619000 	C:\WINDOWS\SYSTEM32\profapi.dll
0x00007ffb1d7d0000 - 0x00007ffb1d7e8000 	C:\Users\AFIS\.antigravity-ide\extensions\redhat.java-1.55.0-win32-x64\jre\21.0.11-win32-x86_64\bin\zip.dll
0x00007ffb26510000 - 0x00007ffb26520000 	C:\Users\AFIS\.antigravity-ide\extensions\redhat.java-1.55.0-win32-x64\jre\21.0.11-win32-x86_64\bin\net.dll
0x00007ffb2e530000 - 0x00007ffb2e659000 	C:\WINDOWS\SYSTEM32\WINHTTP.dll
0x00007ffb3c9d0000 - 0x00007ffb3ca3c000 	C:\WINDOWS\system32\mswsock.dll
0x00007ffb1d720000 - 0x00007ffb1d736000 	C:\Users\AFIS\.antigravity-ide\extensions\redhat.java-1.55.0-win32-x64\jre\21.0.11-win32-x86_64\bin\nio.dll
0x00007ffb22190000 - 0x00007ffb221a0000 	C:\Users\AFIS\.antigravity-ide\extensions\redhat.java-1.55.0-win32-x64\jre\21.0.11-win32-x86_64\bin\verify.dll
0x00007ffb19020000 - 0x00007ffb19047000 	C:\Users\AFIS\.gradle\native\c067742578af261105cb4f569cf0c3c89f3d7b1fecec35dd04571415982c5e48\windows-amd64\native-platform.dll
0x00007ffacaad0000 - 0x00007ffacac14000 	C:\Users\AFIS\.gradle\native\100fb08df4bc3b14c8652ba06237920a3bd2aa13389f12d3474272988ae205f9\windows-amd64\native-platform-file-events.dll
0x00007ffb1d7c0000 - 0x00007ffb1d7ca000 	C:\Users\AFIS\.antigravity-ide\extensions\redhat.java-1.55.0-win32-x64\jre\21.0.11-win32-x86_64\bin\management.dll
0x00007ffb1cbc0000 - 0x00007ffb1cbcc000 	C:\Users\AFIS\.antigravity-ide\extensions\redhat.java-1.55.0-win32-x64\jre\21.0.11-win32-x86_64\bin\management_ext.dll
0x00007ffb3ede0000 - 0x00007ffb3ede8000 	C:\WINDOWS\System32\PSAPI.DLL
0x00007ffb3ccb0000 - 0x00007ffb3cccb000 	C:\WINDOWS\SYSTEM32\CRYPTSP.dll
0x00007ffb3c3c0000 - 0x00007ffb3c3f9000 	C:\WINDOWS\system32\rsaenh.dll
0x00007ffb3ca80000 - 0x00007ffb3cab3000 	C:\WINDOWS\SYSTEM32\USERENV.dll
0x00007ffb3d5c0000 - 0x00007ffb3d5ea000 	C:\WINDOWS\SYSTEM32\bcrypt.dll
0x00007ffb3ccd0000 - 0x00007ffb3ccdc000 	C:\WINDOWS\SYSTEM32\CRYPTBASE.dll
0x00007ffb3bed0000 - 0x00007ffb3bf03000 	C:\WINDOWS\SYSTEM32\IPHLPAPI.DLL
0x00007ffb3edf0000 - 0x00007ffb3edfa000 	C:\WINDOWS\System32\NSI.dll
0x00007ffb22080000 - 0x00007ffb22089000 	C:\Users\AFIS\.antigravity-ide\extensions\redhat.java-1.55.0-win32-x64\jre\21.0.11-win32-x86_64\bin\extnet.dll
0x00007ffb2b260000 - 0x00007ffb2b26e000 	C:\Users\AFIS\.antigravity-ide\extensions\redhat.java-1.55.0-win32-x64\jre\21.0.11-win32-x86_64\bin\sunmscapi.dll
0x00007ffb3d6d0000 - 0x00007ffb3d848000 	C:\WINDOWS\System32\CRYPT32.dll
0x00007ffb3ced0000 - 0x00007ffb3cf00000 	C:\WINDOWS\SYSTEM32\ncrypt.dll
0x00007ffb3ce80000 - 0x00007ffb3cebf000 	C:\WINDOWS\SYSTEM32\NTASN1.dll
0x00007ffb0a360000 - 0x00007ffb0a368000 	C:\WINDOWS\system32\wshunix.dll

JVMTI agents:
C:\Users\AFIS\.gradle\wrapper\dists\gradle-8.9-bin\90cnw93cvbtalezasaz0blq0a\gradle-8.9\lib\agents\gradle-instrumentation-agent-8.9.jar path:C:\Users\AFIS\.antigravity-ide\extensions\redhat.java-1.55.0-win32-x64\jre\21.0.11-win32-x86_64\bin\instrument.dll, loaded, initialized, instrumentlib options:none

dbghelp: loaded successfully - version: 4.0.5 - missing functions: none
symbol engine: initialized successfully - sym options: 0x614 - pdb path: .;C:\Users\AFIS\.antigravity-ide\extensions\redhat.java-1.55.0-win32-x64\jre\21.0.11-win32-x86_64\bin;C:\WINDOWS\SYSTEM32;C:\WINDOWS\WinSxS\amd64_microsoft.windows.common-controls_6595b64144ccf1df_6.0.26100.8521_none_3e08b75ce33403b3;C:\Users\AFIS\.antigravity-ide\extensions\redhat.java-1.55.0-win32-x64\jre\21.0.11-win32-x86_64\bin\server;C:\Users\AFIS\.gradle\native\c067742578af261105cb4f569cf0c3c89f3d7b1fecec35dd04571415982c5e48\windows-amd64;C:\Users\AFIS\.gradle\native\100fb08df4bc3b14c8652ba06237920a3bd2aa13389f12d3474272988ae205f9\windows-amd64

VM Arguments:
jvm_args: --add-opens=java.base/java.util=ALL-UNNAMED --add-opens=java.base/java.lang=ALL-UNNAMED --add-opens=java.base/java.lang.invoke=ALL-UNNAMED --add-opens=java.prefs/java.util.prefs=ALL-UNNAMED --add-exports=jdk.compiler/com.sun.tools.javac.api=ALL-UNNAMED --add-exports=jdk.compiler/com.sun.tools.javac.util=ALL-UNNAMED --add-opens=java.base/java.nio.charset=ALL-UNNAMED --add-opens=java.base/java.net=ALL-UNNAMED --add-opens=java.base/java.util.concurrent.atomic=ALL-UNNAMED -XX:MaxMetaspaceSize=384m -XX:+HeapDumpOnOutOfMemoryError -Xms256m -Xmx512m -Dfile.encoding=utf8 -Duser.country=IN -Duser.language=en -Duser.variant -javaagent:C:\Users\AFIS\.gradle\wrapper\dists\gradle-8.9-bin\90cnw93cvbtalezasaz0blq0a\gradle-8.9\lib\agents\gradle-instrumentation-agent-8.9.jar 
java_command: org.gradle.launcher.daemon.bootstrap.GradleDaemon 8.9
java_class_path (initial): C:\Users\AFIS\.gradle\wrapper\dists\gradle-8.9-bin\90cnw93cvbtalezasaz0blq0a\gradle-8.9\lib\gradle-daemon-main-8.9.jar
Launcher Type: SUN_STANDARD

[Global flags]
     intx CICompilerCount                          = 3                                         {product} {ergonomic}
   size_t CompressedClassSpaceSize                 = 335544320                                 {product} {ergonomic}
     uint ConcGCThreads                            = 1                                         {product} {ergonomic}
     uint G1ConcRefinementThreads                  = 4                                         {product} {ergonomic}
   size_t G1HeapRegionSize                         = 1048576                                   {product} {ergonomic}
    uintx GCDrainStackTargetSize                   = 64                                        {product} {ergonomic}
     bool HeapDumpOnOutOfMemoryError               = true                                   {manageable} {command line}
   size_t InitialHeapSize                          = 268435456                                 {product} {command line}
   size_t MarkStackSize                            = 4194304                                   {product} {ergonomic}
   size_t MaxHeapSize                              = 536870912                                 {product} {command line}
   size_t MaxMetaspaceSize                         = 402653184                                 {product} {command line}
   size_t MaxNewSize                               = 321912832                                 {product} {ergonomic}
   size_t MinHeapDeltaBytes                        = 1048576                                   {product} {ergonomic}
   size_t MinHeapSize                              = 268435456                                 {product} {command line}
    uintx NonNMethodCodeHeapSize                   = 5832780                                {pd product} {ergonomic}
    uintx NonProfiledCodeHeapSize                  = 122912730                              {pd product} {ergonomic}
    uintx ProfiledCodeHeapSize                     = 122912730                              {pd product} {ergonomic}
    uintx ReservedCodeCacheSize                    = 251658240                              {pd product} {ergonomic}
     bool SegmentedCodeCache                       = true                                      {product} {ergonomic}
   size_t SoftMaxHeapSize                          = 536870912                              {manageable} {ergonomic}
     bool UseCompressedOops                        = true                           {product lp64_product} {ergonomic}
     bool UseG1GC                                  = true                                      {product} {ergonomic}
     bool UseLargePagesIndividualAllocation        = false                                  {pd product} {ergonomic}

Logging:
Log output configuration:
 #0: stdout all=warning uptime,level,tags foldmultilines=false
 #1: stderr all=off uptime,level,tags foldmultilines=false

Release file:
JAVA_VERSION="21.0.11" 
MODULES="java.base java.compiler java.datatransfer java.xml java.prefs java.desktop java.instrument java.logging java.management java.security.sasl java.naming java.rmi java.management.rmi java.net.http java.scripting java.security.jgss java.transaction.xa java.sql java.sql.rowset java.xml.crypto java.se java.smartcardio jdk.accessibility jdk.internal.jvmstat jdk.attach jdk.charsets jdk.internal.opt jdk.zipfs jdk.compiler jdk.crypto.ec jdk.crypto.cryptoki jdk.crypto.mscapi jdk.dynalink jdk.internal.ed jdk.editpad jdk.hotspot.agent jdk.httpserver jdk.internal.le jdk.internal.vm.ci jdk.internal.vm.compiler jdk.internal.vm.compiler.management jdk.jartool jdk.javadoc jdk.jcmd jdk.management jdk.management.agent jdk.jconsole jdk.jdeps jdk.jdwp.agent jdk.jdi jdk.jfr jdk.jshell jdk.jsobject jdk.jstatd jdk.localedata jdk.management.jfr jdk.naming.dns jdk.naming.rmi jdk.net jdk.nio.mapmode jdk.random jdk.sctp jdk.security.auth jdk.security.jgss jdk.unsupported jdk.unsupported.desktop jdk.xml.dom" 

Environment Variables:
JAVA_HOME=C:\Program Files\Eclipse Adoptium\jdk-17.0.18.8-hotspot
PATH=C:\Program Files\Eclipse Adoptium\jdk-17.0.18.8-hotspot\bin;C:\Program Files (x86)\VMware\VMware Workstation\bin\;C:\WINDOWS\system32;C:\WINDOWS;C:\WINDOWS\System32\Wbem;C:\WINDOWS\System32\WindowsPowerShell\v1.0\;C:\WINDOWS\System32\OpenSSH\;C:\Users\AFIS\AppData\Local\Android\Sdk;C:\Program Files\Git\cmd;C:\Program Files\php-8.3.4-Win32-vs16-x64;C:\Program Files\MySQL\MySQL Server 9.0\bin;C:\Program Files\Amazon\AWSCLIV2\;C:\Users\AFIS\Desktop\Flutter\flutter\bin;C:\Program Files\cursor\resources\app\bin;C:\Program Files\SQL Anywhere 17\bin64;C:\Program Files\SQL Anywhere 17\bin32;C:\Users\AFIS\AppData\Local\nvm;C:\nvm4w\nodejs;C:\Users\AFIS\AppData\Local\Programs\Python\Python313\Scripts\;C:\Users\AFIS\AppData\Local\Programs\Python\Python313\;C:\Users\AFIS\AppData\Local\Programs\Python\Launcher\;C:\Users\AFIS\AppData\Local\Microsoft\WindowsApps;C:\Users\AFIS\AppData\Local\Programs\Microsoft VS Code\bin;C:\Users\AFIS\AppData\Local\Android\Sdk;C:\Users\AFIS\AppData\Local\GitHubDesktop\bin;C:\Users\AFIS\Desktop\Flutter\flutter\bin;C:\Users\AFIS\AppData\Roaming\npm;C:\Users\AFIS\AppData\Local\Programs\Antigravity\bin;C:\Users\AFIS\AppData\Local\Android\Sdk\platform-tools;C:\Users\AFIS\AppData\Local\Programs\Antigravity IDE\bin;C:\Users\AFIS\AppData\Local\Programs\Kiro\bin;C:\Users\AFIS\AppData\Local\nvm;C:\nvm4w\nodejs
USERNAME=AFIS
OS=Windows_NT
PROCESSOR_IDENTIFIER=Intel64 Family 6 Model 140 Stepping 1, GenuineIntel
TMP=C:\Users\AFIS\AppData\Local\Temp
TEMP=C:\Users\AFIS\AppData\Local\Temp




Periodic native trim disabled

---------------  S Y S T E M  ---------------

OS:
 Windows 11 , 64 bit Build 26100 (10.0.26100.8521)
OS uptime: 26 days 13:27 hours
Hyper-V role detected

CPU: total 4 (initial active 4) (2 cores per cpu, 2 threads per core) family 6 model 140 stepping 1 microcode 0xb4, cx8, cmov, fxsr, ht, mmx, 3dnowpref, sse, sse2, sse3, ssse3, sse4.1, sse4.2, popcnt, lzcnt, tsc, tscinvbit, avx, avx2, aes, erms, clmul, bmi1, bmi2, adx, avx512f, avx512dq, avx512cd, avx512bw, avx512vl, sha, fma, vzeroupper, avx512_vpopcntdq, avx512_vpclmulqdq, avx512_vaes, avx512_vnni, clflush, clflushopt, clwb, avx512_vbmi2, avx512_vbmi, hv, rdtscp, rdpid, fsrm, gfni, avx512_bitalg, f16c, cet_ibt, cet_ss, avx512_ifma
Processor Information for the first 4 processors :
  Max Mhz: 2901, Current Mhz: 2901, Mhz Limit: 2901

Memory: 4k page, system-wide physical 7834M (334M free)
TotalPageFile size 31386M (AvailPageFile size 3M)
current process WorkingSet (physical memory assigned to process): 367M, peak: 378M
current process commit charge ("private bytes"): 499M, peak: 500M

vm_info: OpenJDK 64-Bit Server VM (21.0.11+10-LTS) for windows-amd64 JRE (21.0.11+10-LTS), built on 2026-04-21T00:00:00Z by "admin" with MS VC++ 17.12 (VS2022)

END.
