#
# There is insufficient memory for the Java Runtime Environment to continue.
# Native memory allocation (malloc) failed to allocate 1369936 bytes. Error detail: Chunk::new
# Possible reasons:
#   The system is out of physical RAM or swap space
#   This process is running with CompressedOops enabled, and the Java Heap may be blocking the growth of the native heap
# Possible solutions:
#   Reduce memory load on the system
#   Increase physical memory or swap space
#   Check if swap backing store is full
#   Decrease Java heap size (-Xmx/-Xms)
#   Decrease number of Java threads
#   Decrease Java thread stack sizes (-Xss)
#   Set larger code cache with -XX:ReservedCodeCacheSize=
#   JVM is running with Unscaled Compressed Oops mode in which the Java heap is
#     placed in the first 4GB address space. The Java Heap base address is the
#     maximum limit for the native heap growth. Please use -XX:HeapBaseMinAddress
#     to set the Java Heap base and to place the Java Heap above 4GB virtual address.
# This output file may be truncated or incomplete.
#
#  Out of Memory Error (arena.cpp:168), pid=35488, tid=33644
#
# JRE version: OpenJDK Runtime Environment Temurin-21.0.11+10 (21.0.11+10) (build 21.0.11+10-LTS)
# Java VM: OpenJDK 64-Bit Server VM Temurin-21.0.11+10 (21.0.11+10-LTS, mixed mode, sharing, tiered, compressed oops, compressed class ptrs, g1 gc, windows-amd64)
# No core dump will be written. Minidumps are not enabled by default on client versions of Windows
#

---------------  S U M M A R Y ------------

Command Line: --add-opens=java.base/java.util=ALL-UNNAMED --add-opens=java.base/java.lang=ALL-UNNAMED --add-opens=java.base/java.lang.invoke=ALL-UNNAMED --add-opens=java.prefs/java.util.prefs=ALL-UNNAMED --add-exports=jdk.compiler/com.sun.tools.javac.api=ALL-UNNAMED --add-exports=jdk.compiler/com.sun.tools.javac.util=ALL-UNNAMED --add-opens=java.base/java.nio.charset=ALL-UNNAMED --add-opens=java.base/java.net=ALL-UNNAMED --add-opens=java.base/java.util.concurrent.atomic=ALL-UNNAMED -XX:MaxMetaspaceSize=384m -XX:+HeapDumpOnOutOfMemoryError -Xms256m -Xmx512m -Dfile.encoding=utf8 -Duser.country=IN -Duser.language=en -Duser.variant -javaagent:C:\Users\AFIS\.gradle\wrapper\dists\gradle-8.9-bin\90cnw93cvbtalezasaz0blq0a\gradle-8.9\lib\agents\gradle-instrumentation-agent-8.9.jar org.gradle.launcher.daemon.bootstrap.GradleDaemon 8.9

Host: 11th Gen Intel(R) Core(TM) i3-1115G4 @ 3.00GHz, 4 cores, 7G,  Windows 11 , 64 bit Build 26100 (10.0.26100.8875)
Time: Tue Aug 11 16:34:33 2026 India Standard Time elapsed time: 212.359546 seconds (0d 0h 3m 32s)

---------------  T H R E A D  ---------------

Current thread (0x000001d3be81fff0):  JavaThread "C2 CompilerThread0" daemon [_thread_in_native, id=33644, stack(0x000000b179800000,0x000000b179900000) (1024K)]


Current CompileTask:
C2:212359 15451       4       java.lang.invoke.DelegatingMethodHandle::makeReinvokerForm (326 bytes)

Stack: [0x000000b179800000,0x000000b179900000]
Native frames: (J=compiled Java code, j=interpreted, Vv=VM code, C=native code)
V  [jvm.dll+0x6d7e19]
V  [jvm.dll+0x8b5096]
V  [jvm.dll+0x8b764e]
V  [jvm.dll+0x8b7d33]
V  [jvm.dll+0x284596]
V  [jvm.dll+0xc685d]
V  [jvm.dll+0xc6da1]
V  [jvm.dll+0x3bed31]
V  [jvm.dll+0x38b2b2]
V  [jvm.dll+0x38a6fa]
V  [jvm.dll+0x24c700]
V  [jvm.dll+0x24bce0]
V  [jvm.dll+0x1cb4ae]
V  [jvm.dll+0x25baad]
V  [jvm.dll+0x25a03a]
V  [jvm.dll+0x3f868e]
V  [jvm.dll+0x85fb0d]
V  [jvm.dll+0x6d664d]
C  [ucrtbase.dll+0x2cd30]
C  [KERNEL32.DLL+0x2e957]
C  [ntdll.dll+0xaad6c]


---------------  P R O C E S S  ---------------

Threads class SMR info:
_java_thread_list=0x000001d3dcf8ea30, length=39, elements={
0x000001d3a96ef4c0, 0x000001d3be8161b0, 0x000001d3be817780, 0x000001d3be81bb90,
0x000001d3be81c5f0, 0x000001d3be81d050, 0x000001d3be81dab0, 0x000001d3be81fff0,
0x000001d3be82a480, 0x000001d3bea4fd80, 0x000001d3beab0310, 0x000001d3d89ce0e0,
0x000001d3be8ce600, 0x000001d3d93d79d0, 0x000001d3d8970740, 0x000001d3d8a2cbc0,
0x000001d3d8b05810, 0x000001d3d8b07250, 0x000001d3d8b04460, 0x000001d3d8b05ea0,
0x000001d3be92e9f0, 0x000001d3be92fda0, 0x000001d3be92f710, 0x000001d3be932500,
0x000001d3be932b90, 0x000001d3be9352f0, 0x000001d3be9317e0, 0x000001d3d93219f0,
0x000001d3d931b0f0, 0x000001d3dc567960, 0x000001d3d931ffb0, 0x000001d3be930ac0,
0x000001d3be931150, 0x000001d3be934c60, 0x000001d3be931e70, 0x000001d3be936010,
0x000001d3dc5693a0, 0x000001d3dc568680, 0x000001d3dc567ff0
}

Java Threads: ( => current thread )
  0x000001d3a96ef4c0 JavaThread "main"                              [_thread_blocked, id=23408, stack(0x000000b178a00000,0x000000b178b00000) (1024K)]
  0x000001d3be8161b0 JavaThread "Reference Handler"          daemon [_thread_blocked, id=26536, stack(0x000000b179200000,0x000000b179300000) (1024K)]
  0x000001d3be817780 JavaThread "Finalizer"                  daemon [_thread_blocked, id=18708, stack(0x000000b179300000,0x000000b179400000) (1024K)]
  0x000001d3be81bb90 JavaThread "Signal Dispatcher"          daemon [_thread_blocked, id=5396, stack(0x000000b179400000,0x000000b179500000) (1024K)]
  0x000001d3be81c5f0 JavaThread "Attach Listener"            daemon [_thread_blocked, id=21008, stack(0x000000b179500000,0x000000b179600000) (1024K)]
  0x000001d3be81d050 JavaThread "Service Thread"             daemon [_thread_blocked, id=2856, stack(0x000000b179600000,0x000000b179700000) (1024K)]
  0x000001d3be81dab0 JavaThread "Monitor Deflation Thread"   daemon [_thread_blocked, id=23476, stack(0x000000b179700000,0x000000b179800000) (1024K)]
=>0x000001d3be81fff0 JavaThread "C2 CompilerThread0"         daemon [_thread_in_native, id=33644, stack(0x000000b179800000,0x000000b179900000) (1024K)]
  0x000001d3be82a480 JavaThread "C1 CompilerThread0"         daemon [_thread_blocked, id=33600, stack(0x000000b179900000,0x000000b179a00000) (1024K)]
  0x000001d3bea4fd80 JavaThread "Common-Cleaner"             daemon [_thread_blocked, id=26076, stack(0x000000b179a00000,0x000000b179b00000) (1024K)]
  0x000001d3beab0310 JavaThread "Notification Thread"        daemon [_thread_blocked, id=25512, stack(0x000000b179b00000,0x000000b179c00000) (1024K)]
  0x000001d3d89ce0e0 JavaThread "Daemon health stats"               [_thread_blocked, id=19324, stack(0x000000b179f00000,0x000000b17a000000) (1024K)]
  0x000001d3be8ce600 JavaThread "Incoming local TCP Connector on port 64064"        [_thread_in_native, id=20248, stack(0x000000b17a000000,0x000000b17a100000) (1024K)]
  0x000001d3d93d79d0 JavaThread "Daemon periodic checks"            [_thread_blocked, id=22244, stack(0x000000b17a100000,0x000000b17a200000) (1024K)]
  0x000001d3d8970740 JavaThread "Daemon"                            [_thread_blocked, id=14756, stack(0x000000b17a200000,0x000000b17a300000) (1024K)]
  0x000001d3d8a2cbc0 JavaThread "Daemon worker"                     [_thread_in_native, id=31500, stack(0x000000b17a500000,0x000000b17a600000) (1024K)]
  0x000001d3d8b05810 JavaThread "Cache worker for journal cache (C:\Users\AFIS\.gradle\caches\journal-1)"        [_thread_blocked, id=7988, stack(0x000000b17a900000,0x000000b17aa00000) (1024K)]
  0x000001d3d8b07250 JavaThread "File lock request listener"        [_thread_in_native, id=28012, stack(0x000000b17aa00000,0x000000b17ab00000) (1024K)]
  0x000001d3d8b04460 JavaThread "Cache worker for file hash cache (C:\Users\AFIS\.gradle\caches\8.9\fileHashes)"        [_thread_blocked, id=20084, stack(0x000000b17ab00000,0x000000b17ac00000) (1024K)]
  0x000001d3d8b05ea0 JavaThread "File lock release action executor"        [_thread_blocked, id=22340, stack(0x000000b17ac00000,0x000000b17ad00000) (1024K)]
  0x000001d3be92e9f0 JavaThread "File watcher server"        daemon [_thread_in_native, id=8392, stack(0x000000b17af00000,0x000000b17b000000) (1024K)]
  0x000001d3be92fda0 JavaThread "File watcher consumer"      daemon [_thread_blocked, id=22052, stack(0x000000b17b000000,0x000000b17b100000) (1024K)]
  0x000001d3be92f710 JavaThread "Cache worker for file content cache (C:\Users\AFIS\.gradle\caches\8.9\fileContent)"        [_thread_blocked, id=28200, stack(0x000000b17b200000,0x000000b17b300000) (1024K)]
  0x000001d3be932500 JavaThread "jar transforms"                    [_thread_blocked, id=33020, stack(0x000000b17b500000,0x000000b17b600000) (1024K)]
  0x000001d3be932b90 JavaThread "jar transforms Thread 2"           [_thread_blocked, id=23104, stack(0x000000b17b600000,0x000000b17b700000) (1024K)]
  0x000001d3be9352f0 JavaThread "jar transforms Thread 3"           [_thread_blocked, id=12332, stack(0x000000b178800000,0x000000b178900000) (1024K)]
  0x000001d3be9317e0 JavaThread "VFS cleanup"                       [_thread_blocked, id=8572, stack(0x000000b17a600000,0x000000b17a700000) (1024K)]
  0x000001d3d93219f0 JavaThread "Memory manager"                    [_thread_blocked, id=18960, stack(0x000000b17c200000,0x000000b17c300000) (1024K)]
  0x000001d3d931b0f0 JavaThread "jar transforms Thread 4"           [_thread_blocked, id=27824, stack(0x000000b17b400000,0x000000b17b500000) (1024K)]
  0x000001d3dc567960 JavaThread "included builds"                   [_thread_blocked, id=25412, stack(0x000000b17cd00000,0x000000b17ce00000) (1024K)]
  0x000001d3d931ffb0 JavaThread "included builds"                   [_thread_blocked, id=31008, stack(0x000000b17c400000,0x000000b17c500000) (1024K)]
  0x000001d3be930ac0 JavaThread "Handler for socket connection from /127.0.0.1:64064 to /127.0.0.1:64890"        [_thread_in_native, id=31176, stack(0x000000b178700000,0x000000b178800000) (1024K)]
  0x000001d3be931150 JavaThread "Cancel handler"                    [_thread_blocked, id=1000, stack(0x000000b178900000,0x000000b178a00000) (1024K)]
  0x000001d3be934c60 JavaThread "Asynchronous log dispatcher for DefaultDaemonConnection: socket connection from /127.0.0.1:64064 to /127.0.0.1:64890"        [_thread_blocked, id=10032, stack(0x000000b17a300000,0x000000b17a400000) (1024K)]
  0x000001d3be931e70 JavaThread "Stdin handler"                     [_thread_blocked, id=18128, stack(0x000000b17a400000,0x000000b17a500000) (1024K)]
  0x000001d3be936010 JavaThread "Daemon client event forwarder"        [_thread_blocked, id=14728, stack(0x000000b17a700000,0x000000b17a800000) (1024K)]
  0x000001d3dc5693a0 JavaThread "Cache worker for file hash cache (C:\Users\AFIS\Desktop\ReactNativeIMC\MeloneLite\node_modules\expo-modules-core\android\.gradle\8.9\fileHashes)"        [_thread_blocked, id=7232, stack(0x000000b17a800000,0x000000b17a900000) (1024K)]
  0x000001d3dc568680 JavaThread "Cache worker for Build Output Cleanup Cache (C:\Users\AFIS\Desktop\ReactNativeIMC\MeloneLite\node_modules\expo-modules-core\android\.gradle\buildOutputCleanup)"        [_thread_blocked, id=8704, stack(0x000000b17ad00000,0x000000b17ae00000) (1024K)]
  0x000001d3dc567ff0 JavaThread "Cache worker for checksums cache (C:\Users\AFIS\Desktop\ReactNativeIMC\MeloneLite\node_modules\expo-modules-core\android\.gradle\8.9\checksums)"        [_thread_blocked, id=34332, stack(0x000000b17ae00000,0x000000b17af00000) (1024K)]
Total: 39

Other Threads:
  0x000001d3be7f7630 VMThread "VM Thread"                           [id=3368, stack(0x000000b179100000,0x000000b179200000) (1024K)]
  0x000001d3be7e73e0 WatcherThread "VM Periodic Task Thread"        [id=23556, stack(0x000000b179000000,0x000000b179100000) (1024K)]
  0x000001d3a9719880 WorkerThread "GC Thread#0"                     [id=25012, stack(0x000000b178b00000,0x000000b178c00000) (1024K)]
  0x000001d3bebf1610 WorkerThread "GC Thread#1"                     [id=31260, stack(0x000000b179c00000,0x000000b179d00000) (1024K)]
  0x000001d3bebf19c0 WorkerThread "GC Thread#2"                     [id=16040, stack(0x000000b179d00000,0x000000b179e00000) (1024K)]
  0x000001d3bebf1d70 WorkerThread "GC Thread#3"                     [id=26492, stack(0x000000b179e00000,0x000000b179f00000) (1024K)]
  0x000001d3a971ef90 ConcurrentGCThread "G1 Main Marker"            [id=18576, stack(0x000000b178c00000,0x000000b178d00000) (1024K)]
  0x000001d3a971f9b0 WorkerThread "G1 Conc#0"                       [id=17704, stack(0x000000b178d00000,0x000000b178e00000) (1024K)]
  0x000001d3a97aea10 ConcurrentGCThread "G1 Refine#0"               [id=22096, stack(0x000000b178e00000,0x000000b178f00000) (1024K)]
  0x000001d3be6b35b0 ConcurrentGCThread "G1 Service"                [id=31088, stack(0x000000b178f00000,0x000000b179000000) (1024K)]
Total: 10

Threads with active compile tasks:
C2 CompilerThread0  212421 15451       4       java.lang.invoke.DelegatingMethodHandle::makeReinvokerForm (326 bytes)
Total: 1

VM state: not at safepoint (normal execution)

VM Mutex/Monitor currently owned by a thread: None

Heap address: 0x00000000e0000000, size: 512 MB, Compressed Oops mode: 32-bit

CDS archive(s) mapped at: [0x000001d3bf000000-0x000001d3bfba0000-0x000001d3bfba0000), size 12189696, SharedBaseAddress: 0x000001d3bf000000, ArchiveRelocationMode: 1.
Compressed class space mapped at: 0x000001d3c0000000-0x000001d3d4000000, reserved size: 335544320
Narrow klass base: 0x000001d3bf000000, Narrow klass shift: 0, Narrow klass range: 0x100000000

GC Precious Log:
 CardTable entry size: 512
 Card Set container configuration: InlinePtr #cards 5 size 8 Array Of Cards #cards 12 size 40 Howl #buckets 4 coarsen threshold 1843 Howl Bitmap #cards 512 size 80 coarsen threshold 460 Card regions per heap region 1 cards per card region 2048
 CPUs: 4 total, 4 available
 Memory: 7834M
 Large Page Support: Disabled
 NUMA Support: Disabled
 Compressed Oops: Enabled (32-bit)
 Heap Region Size: 1M
 Heap Min Capacity: 256M
 Heap Initial Capacity: 256M
 Heap Max Capacity: 512M
 Pre-touch: Disabled
 Parallel Workers: 4
 Concurrent Workers: 1
 Concurrent Refinement Workers: 4
 Periodic GC: Disabled

Heap:
 garbage-first heap   total 262144K, used 135939K [0x00000000e0000000, 0x0000000100000000)
  region size 1024K, 42 young (43008K), 2 survivors (2048K)
 Metaspace       used 103301K, committed 105728K, reserved 458752K
  class space    used 14586K, committed 15744K, reserved 327680K

Heap Regions: E=young(eden), S=young(survivor), O=old, HS=humongous(starts), HC=humongous(continues), CS=collection set, F=free, TAMS=top-at-mark-start, PB=parsable bottom
|   0|0x00000000e0000000, 0x00000000e0100000, 0x00000000e0100000|100%|HS|  |TAMS 0x00000000e0000000| PB 0x00000000e0000000| Complete 
|   1|0x00000000e0100000, 0x00000000e0200000, 0x00000000e0200000|100%|HC|  |TAMS 0x00000000e0100000| PB 0x00000000e0100000| Complete 
|   2|0x00000000e0200000, 0x00000000e0300000, 0x00000000e0300000|100%|HC|  |TAMS 0x00000000e0200000| PB 0x00000000e0200000| Complete 
|   3|0x00000000e0300000, 0x00000000e0400000, 0x00000000e0400000|100%|HC|  |TAMS 0x00000000e0300000| PB 0x00000000e0300000| Complete 
|   4|0x00000000e0400000, 0x00000000e0500000, 0x00000000e0500000|100%| O|  |TAMS 0x00000000e0400000| PB 0x00000000e0400000| Untracked 
|   5|0x00000000e0500000, 0x00000000e0600000, 0x00000000e0600000|100%| O|  |TAMS 0x00000000e0500000| PB 0x00000000e0500000| Untracked 
|   6|0x00000000e0600000, 0x00000000e0700000, 0x00000000e0700000|100%| O|  |TAMS 0x00000000e0600000| PB 0x00000000e0600000| Untracked 
|   7|0x00000000e0700000, 0x00000000e0800000, 0x00000000e0800000|100%| O|  |TAMS 0x00000000e0700000| PB 0x00000000e0700000| Untracked 
|   8|0x00000000e0800000, 0x00000000e0900000, 0x00000000e0900000|100%|HS|  |TAMS 0x00000000e0800000| PB 0x00000000e0800000| Complete 
|   9|0x00000000e0900000, 0x00000000e0a00000, 0x00000000e0a00000|100%| O|  |TAMS 0x00000000e0900000| PB 0x00000000e0900000| Untracked 
|  10|0x00000000e0a00000, 0x00000000e0b00000, 0x00000000e0b00000|100%| O|  |TAMS 0x00000000e0a00000| PB 0x00000000e0a00000| Untracked 
|  11|0x00000000e0b00000, 0x00000000e0c00000, 0x00000000e0c00000|100%| O|  |TAMS 0x00000000e0b00000| PB 0x00000000e0b00000| Untracked 
|  12|0x00000000e0c00000, 0x00000000e0d00000, 0x00000000e0d00000|100%| O|  |TAMS 0x00000000e0c00000| PB 0x00000000e0c00000| Untracked 
|  13|0x00000000e0d00000, 0x00000000e0e00000, 0x00000000e0e00000|100%| O|  |TAMS 0x00000000e0d00000| PB 0x00000000e0d00000| Untracked 
|  14|0x00000000e0e00000, 0x00000000e0f00000, 0x00000000e0f00000|100%| O|  |TAMS 0x00000000e0e00000| PB 0x00000000e0e00000| Untracked 
|  15|0x00000000e0f00000, 0x00000000e1000000, 0x00000000e1000000|100%| O|  |TAMS 0x00000000e0f00000| PB 0x00000000e0f00000| Untracked 
|  16|0x00000000e1000000, 0x00000000e1100000, 0x00000000e1100000|100%| O|  |TAMS 0x00000000e1000000| PB 0x00000000e1000000| Untracked 
|  17|0x00000000e1100000, 0x00000000e1200000, 0x00000000e1200000|100%| O|  |TAMS 0x00000000e1100000| PB 0x00000000e1100000| Untracked 
|  18|0x00000000e1200000, 0x00000000e1300000, 0x00000000e1300000|100%| O|  |TAMS 0x00000000e1200000| PB 0x00000000e1200000| Untracked 
|  19|0x00000000e1300000, 0x00000000e1400000, 0x00000000e1400000|100%| O|  |TAMS 0x00000000e1300000| PB 0x00000000e1300000| Untracked 
|  20|0x00000000e1400000, 0x00000000e1500000, 0x00000000e1500000|100%| O|  |TAMS 0x00000000e1400000| PB 0x00000000e1400000| Untracked 
|  21|0x00000000e1500000, 0x00000000e1600000, 0x00000000e1600000|100%| O|  |TAMS 0x00000000e1500000| PB 0x00000000e1500000| Untracked 
|  22|0x00000000e1600000, 0x00000000e1700000, 0x00000000e1700000|100%| O|  |TAMS 0x00000000e1600000| PB 0x00000000e1600000| Untracked 
|  23|0x00000000e1700000, 0x00000000e1800000, 0x00000000e1800000|100%| O|  |TAMS 0x00000000e1700000| PB 0x00000000e1700000| Untracked 
|  24|0x00000000e1800000, 0x00000000e1900000, 0x00000000e1900000|100%| O|  |TAMS 0x00000000e1800000| PB 0x00000000e1800000| Untracked 
|  25|0x00000000e1900000, 0x00000000e1a00000, 0x00000000e1a00000|100%| O|  |TAMS 0x00000000e1900000| PB 0x00000000e1900000| Untracked 
|  26|0x00000000e1a00000, 0x00000000e1b00000, 0x00000000e1b00000|100%| O|  |TAMS 0x00000000e1a00000| PB 0x00000000e1a00000| Untracked 
|  27|0x00000000e1b00000, 0x00000000e1c00000, 0x00000000e1c00000|100%| O|  |TAMS 0x00000000e1b00000| PB 0x00000000e1b00000| Untracked 
|  28|0x00000000e1c00000, 0x00000000e1d00000, 0x00000000e1d00000|100%| O|  |TAMS 0x00000000e1c00000| PB 0x00000000e1c00000| Untracked 
|  29|0x00000000e1d00000, 0x00000000e1e00000, 0x00000000e1e00000|100%| O|  |TAMS 0x00000000e1d00000| PB 0x00000000e1d00000| Untracked 
|  30|0x00000000e1e00000, 0x00000000e1f00000, 0x00000000e1f00000|100%| O|  |TAMS 0x00000000e1e00000| PB 0x00000000e1e00000| Untracked 
|  31|0x00000000e1f00000, 0x00000000e2000000, 0x00000000e2000000|100%| O|  |TAMS 0x00000000e1f00000| PB 0x00000000e1f00000| Untracked 
|  32|0x00000000e2000000, 0x00000000e2100000, 0x00000000e2100000|100%| O|  |TAMS 0x00000000e2000000| PB 0x00000000e2000000| Untracked 
|  33|0x00000000e2100000, 0x00000000e2200000, 0x00000000e2200000|100%| O|  |TAMS 0x00000000e2100000| PB 0x00000000e2100000| Untracked 
|  34|0x00000000e2200000, 0x00000000e2300000, 0x00000000e2300000|100%| O|  |TAMS 0x00000000e2200000| PB 0x00000000e2200000| Untracked 
|  35|0x00000000e2300000, 0x00000000e2400000, 0x00000000e2400000|100%| O|  |TAMS 0x00000000e2300000| PB 0x00000000e2300000| Untracked 
|  36|0x00000000e2400000, 0x00000000e2500000, 0x00000000e2500000|100%| O|  |TAMS 0x00000000e2400000| PB 0x00000000e2400000| Untracked 
|  37|0x00000000e2500000, 0x00000000e2600000, 0x00000000e2600000|100%| O|  |TAMS 0x00000000e2500000| PB 0x00000000e2500000| Untracked 
|  38|0x00000000e2600000, 0x00000000e2700000, 0x00000000e2700000|100%| O|  |TAMS 0x00000000e2600000| PB 0x00000000e2600000| Untracked 
|  39|0x00000000e2700000, 0x00000000e2800000, 0x00000000e2800000|100%|HS|  |TAMS 0x00000000e2700000| PB 0x00000000e2700000| Complete 
|  40|0x00000000e2800000, 0x00000000e2900000, 0x00000000e2900000|100%|HC|  |TAMS 0x00000000e2800000| PB 0x00000000e2800000| Complete 
|  41|0x00000000e2900000, 0x00000000e2a00000, 0x00000000e2a00000|100%|HC|  |TAMS 0x00000000e2900000| PB 0x00000000e2900000| Complete 
|  42|0x00000000e2a00000, 0x00000000e2b00000, 0x00000000e2b00000|100%|HS|  |TAMS 0x00000000e2a00000| PB 0x00000000e2a00000| Complete 
|  43|0x00000000e2b00000, 0x00000000e2c00000, 0x00000000e2c00000|100%|HC|  |TAMS 0x00000000e2b00000| PB 0x00000000e2b00000| Complete 
|  44|0x00000000e2c00000, 0x00000000e2d00000, 0x00000000e2d00000|100%|HC|  |TAMS 0x00000000e2c00000| PB 0x00000000e2c00000| Complete 
|  45|0x00000000e2d00000, 0x00000000e2e00000, 0x00000000e2e00000|100%| O|  |TAMS 0x00000000e2d00000| PB 0x00000000e2d00000| Untracked 
|  46|0x00000000e2e00000, 0x00000000e2f00000, 0x00000000e2f00000|100%| O|  |TAMS 0x00000000e2e00000| PB 0x00000000e2e00000| Untracked 
|  47|0x00000000e2f00000, 0x00000000e3000000, 0x00000000e3000000|100%| O|  |TAMS 0x00000000e2f00000| PB 0x00000000e2f00000| Untracked 
|  48|0x00000000e3000000, 0x00000000e3100000, 0x00000000e3100000|100%| O|  |TAMS 0x00000000e3000000| PB 0x00000000e3000000| Untracked 
|  49|0x00000000e3100000, 0x00000000e3200000, 0x00000000e3200000|100%| O|  |TAMS 0x00000000e3100000| PB 0x00000000e3100000| Untracked 
|  50|0x00000000e3200000, 0x00000000e3300000, 0x00000000e3300000|100%| O|  |TAMS 0x00000000e3200000| PB 0x00000000e3200000| Untracked 
|  51|0x00000000e3300000, 0x00000000e3400000, 0x00000000e3400000|100%| O|  |TAMS 0x00000000e3300000| PB 0x00000000e3300000| Untracked 
|  52|0x00000000e3400000, 0x00000000e3500000, 0x00000000e3500000|100%| O|  |TAMS 0x00000000e3400000| PB 0x00000000e3400000| Untracked 
|  53|0x00000000e3500000, 0x00000000e3600000, 0x00000000e3600000|100%| O|  |TAMS 0x00000000e3500000| PB 0x00000000e3500000| Untracked 
|  54|0x00000000e3600000, 0x00000000e3700000, 0x00000000e3700000|100%| O|  |TAMS 0x00000000e3600000| PB 0x00000000e3600000| Untracked 
|  55|0x00000000e3700000, 0x00000000e3800000, 0x00000000e3800000|100%| O|  |TAMS 0x00000000e3700000| PB 0x00000000e3700000| Untracked 
|  56|0x00000000e3800000, 0x00000000e3900000, 0x00000000e3900000|100%| O|  |TAMS 0x00000000e3800000| PB 0x00000000e3800000| Untracked 
|  57|0x00000000e3900000, 0x00000000e3a00000, 0x00000000e3a00000|100%| O|  |TAMS 0x00000000e3900000| PB 0x00000000e3900000| Untracked 
|  58|0x00000000e3a00000, 0x00000000e3b00000, 0x00000000e3b00000|100%| O|  |TAMS 0x00000000e3a00000| PB 0x00000000e3a00000| Untracked 
|  59|0x00000000e3b00000, 0x00000000e3c00000, 0x00000000e3c00000|100%| O|  |TAMS 0x00000000e3b00000| PB 0x00000000e3b00000| Untracked 
|  60|0x00000000e3c00000, 0x00000000e3d00000, 0x00000000e3d00000|100%| O|  |TAMS 0x00000000e3c00000| PB 0x00000000e3c00000| Untracked 
|  61|0x00000000e3d00000, 0x00000000e3e00000, 0x00000000e3e00000|100%| O|  |TAMS 0x00000000e3d00000| PB 0x00000000e3d00000| Untracked 
|  62|0x00000000e3e00000, 0x00000000e3f00000, 0x00000000e3f00000|100%| O|  |TAMS 0x00000000e3e00000| PB 0x00000000e3e00000| Untracked 
|  63|0x00000000e3f00000, 0x00000000e4000000, 0x00000000e4000000|100%| O|Cm|TAMS 0x00000000e3f00000| PB 0x00000000e3f00000| Complete 
|  64|0x00000000e4000000, 0x00000000e4100000, 0x00000000e4100000|100%| O|  |TAMS 0x00000000e4000000| PB 0x00000000e4000000| Untracked 
|  65|0x00000000e4100000, 0x00000000e4200000, 0x00000000e4200000|100%| O|  |TAMS 0x00000000e4100000| PB 0x00000000e4100000| Untracked 
|  66|0x00000000e4200000, 0x00000000e4300000, 0x00000000e4300000|100%| O|  |TAMS 0x00000000e4200000| PB 0x00000000e4200000| Untracked 
|  67|0x00000000e4300000, 0x00000000e4400000, 0x00000000e4400000|100%| O|  |TAMS 0x00000000e4300000| PB 0x00000000e4300000| Untracked 
|  68|0x00000000e4400000, 0x00000000e4500000, 0x00000000e4500000|100%| O|  |TAMS 0x00000000e4400000| PB 0x00000000e4400000| Untracked 
|  69|0x00000000e4500000, 0x00000000e4600000, 0x00000000e4600000|100%| O|  |TAMS 0x00000000e4500000| PB 0x00000000e4500000| Untracked 
|  70|0x00000000e4600000, 0x00000000e4700000, 0x00000000e4700000|100%| O|  |TAMS 0x00000000e4600000| PB 0x00000000e4600000| Untracked 
|  71|0x00000000e4700000, 0x00000000e4800000, 0x00000000e4800000|100%| O|  |TAMS 0x00000000e4700000| PB 0x00000000e4700000| Untracked 
|  72|0x00000000e4800000, 0x00000000e4900000, 0x00000000e4900000|100%| O|Cm|TAMS 0x00000000e4800000| PB 0x00000000e4800000| Complete 
|  73|0x00000000e4900000, 0x00000000e4a00000, 0x00000000e4a00000|100%| O|  |TAMS 0x00000000e4900000| PB 0x00000000e4900000| Untracked 
|  74|0x00000000e4a00000, 0x00000000e4b00000, 0x00000000e4b00000|100%| O|  |TAMS 0x00000000e4a00000| PB 0x00000000e4a00000| Untracked 
|  75|0x00000000e4b00000, 0x00000000e4c00000, 0x00000000e4c00000|100%| O|  |TAMS 0x00000000e4b00000| PB 0x00000000e4b00000| Untracked 
|  76|0x00000000e4c00000, 0x00000000e4d00000, 0x00000000e4d00000|100%| O|  |TAMS 0x00000000e4c00000| PB 0x00000000e4c00000| Untracked 
|  77|0x00000000e4d00000, 0x00000000e4e00000, 0x00000000e4e00000|100%| O|  |TAMS 0x00000000e4d00000| PB 0x00000000e4d00000| Untracked 
|  78|0x00000000e4e00000, 0x00000000e4f00000, 0x00000000e4f00000|100%| O|  |TAMS 0x00000000e4e00000| PB 0x00000000e4e00000| Untracked 
|  79|0x00000000e4f00000, 0x00000000e5000000, 0x00000000e5000000|100%| O|  |TAMS 0x00000000e4f00000| PB 0x00000000e4f00000| Untracked 
|  80|0x00000000e5000000, 0x00000000e5100000, 0x00000000e5100000|100%| O|  |TAMS 0x00000000e5000000| PB 0x00000000e5000000| Untracked 
|  81|0x00000000e5100000, 0x00000000e5200000, 0x00000000e5200000|100%| O|  |TAMS 0x00000000e5100000| PB 0x00000000e5100000| Untracked 
|  82|0x00000000e5200000, 0x00000000e5300000, 0x00000000e5300000|100%| O|Cm|TAMS 0x00000000e5200000| PB 0x00000000e5200000| Complete 
|  83|0x00000000e5300000, 0x00000000e5400000, 0x00000000e5400000|100%| O|Cm|TAMS 0x00000000e5300000| PB 0x00000000e5300000| Complete 
|  84|0x00000000e5400000, 0x00000000e5500000, 0x00000000e5500000|100%| O|  |TAMS 0x00000000e5400000| PB 0x00000000e5400000| Untracked 
|  85|0x00000000e5500000, 0x00000000e5600000, 0x00000000e5600000|100%| O|  |TAMS 0x00000000e5500000| PB 0x00000000e5500000| Untracked 
|  86|0x00000000e5600000, 0x00000000e5700000, 0x00000000e5700000|100%| O|  |TAMS 0x00000000e5600000| PB 0x00000000e5600000| Untracked 
|  87|0x00000000e5700000, 0x00000000e5800000, 0x00000000e5800000|100%| O|  |TAMS 0x00000000e5700000| PB 0x00000000e5700000| Untracked 
|  88|0x00000000e5800000, 0x00000000e5900000, 0x00000000e5900000|100%| O|  |TAMS 0x00000000e5800000| PB 0x00000000e5800000| Untracked 
|  89|0x00000000e5900000, 0x00000000e5a00000, 0x00000000e5a00000|100%| O|  |TAMS 0x00000000e5900000| PB 0x00000000e5900000| Untracked 
|  90|0x00000000e5a00000, 0x00000000e5b00000, 0x00000000e5b00000|100%| O|  |TAMS 0x00000000e5a00000| PB 0x00000000e5a00000| Untracked 
|  91|0x00000000e5b00000, 0x00000000e5c00000, 0x00000000e5c00000|100%| O|  |TAMS 0x00000000e5b00000| PB 0x00000000e5b00000| Untracked 
|  92|0x00000000e5c00000, 0x00000000e5c00000, 0x00000000e5d00000|  0%| F|  |TAMS 0x00000000e5c00000| PB 0x00000000e5c00000| Untracked 
|  93|0x00000000e5d00000, 0x00000000e5d00000, 0x00000000e5e00000|  0%| F|  |TAMS 0x00000000e5d00000| PB 0x00000000e5d00000| Untracked 
|  94|0x00000000e5e00000, 0x00000000e5e00000, 0x00000000e5f00000|  0%| F|  |TAMS 0x00000000e5e00000| PB 0x00000000e5e00000| Untracked 
|  95|0x00000000e5f00000, 0x00000000e5f00000, 0x00000000e6000000|  0%| F|  |TAMS 0x00000000e5f00000| PB 0x00000000e5f00000| Untracked 
|  96|0x00000000e6000000, 0x00000000e6000000, 0x00000000e6100000|  0%| F|  |TAMS 0x00000000e6000000| PB 0x00000000e6000000| Untracked 
|  97|0x00000000e6100000, 0x00000000e6100000, 0x00000000e6200000|  0%| F|  |TAMS 0x00000000e6100000| PB 0x00000000e6100000| Untracked 
|  98|0x00000000e6200000, 0x00000000e6200000, 0x00000000e6300000|  0%| F|  |TAMS 0x00000000e6200000| PB 0x00000000e6200000| Untracked 
|  99|0x00000000e6300000, 0x00000000e6300000, 0x00000000e6400000|  0%| F|  |TAMS 0x00000000e6300000| PB 0x00000000e6300000| Untracked 
| 100|0x00000000e6400000, 0x00000000e6400000, 0x00000000e6500000|  0%| F|  |TAMS 0x00000000e6400000| PB 0x00000000e6400000| Untracked 
| 101|0x00000000e6500000, 0x00000000e6500000, 0x00000000e6600000|  0%| F|  |TAMS 0x00000000e6500000| PB 0x00000000e6500000| Untracked 
| 102|0x00000000e6600000, 0x00000000e6600000, 0x00000000e6700000|  0%| F|  |TAMS 0x00000000e6600000| PB 0x00000000e6600000| Untracked 
| 103|0x00000000e6700000, 0x00000000e6700000, 0x00000000e6800000|  0%| F|  |TAMS 0x00000000e6700000| PB 0x00000000e6700000| Untracked 
| 104|0x00000000e6800000, 0x00000000e6800000, 0x00000000e6900000|  0%| F|  |TAMS 0x00000000e6800000| PB 0x00000000e6800000| Untracked 
| 105|0x00000000e6900000, 0x00000000e6900000, 0x00000000e6a00000|  0%| F|  |TAMS 0x00000000e6900000| PB 0x00000000e6900000| Untracked 
| 106|0x00000000e6a00000, 0x00000000e6a00000, 0x00000000e6b00000|  0%| F|  |TAMS 0x00000000e6a00000| PB 0x00000000e6a00000| Untracked 
| 107|0x00000000e6b00000, 0x00000000e6b00000, 0x00000000e6c00000|  0%| F|  |TAMS 0x00000000e6b00000| PB 0x00000000e6b00000| Untracked 
| 108|0x00000000e6c00000, 0x00000000e6c00000, 0x00000000e6d00000|  0%| F|  |TAMS 0x00000000e6c00000| PB 0x00000000e6c00000| Untracked 
| 109|0x00000000e6d00000, 0x00000000e6d00000, 0x00000000e6e00000|  0%| F|  |TAMS 0x00000000e6d00000| PB 0x00000000e6d00000| Untracked 
| 110|0x00000000e6e00000, 0x00000000e6e00000, 0x00000000e6f00000|  0%| F|  |TAMS 0x00000000e6e00000| PB 0x00000000e6e00000| Untracked 
| 111|0x00000000e6f00000, 0x00000000e6f00000, 0x00000000e7000000|  0%| F|  |TAMS 0x00000000e6f00000| PB 0x00000000e6f00000| Untracked 
| 112|0x00000000e7000000, 0x00000000e7000000, 0x00000000e7100000|  0%| F|  |TAMS 0x00000000e7000000| PB 0x00000000e7000000| Untracked 
| 113|0x00000000e7100000, 0x00000000e7100000, 0x00000000e7200000|  0%| F|  |TAMS 0x00000000e7100000| PB 0x00000000e7100000| Untracked 
| 114|0x00000000e7200000, 0x00000000e7200000, 0x00000000e7300000|  0%| F|  |TAMS 0x00000000e7200000| PB 0x00000000e7200000| Untracked 
| 115|0x00000000e7300000, 0x00000000e7300000, 0x00000000e7400000|  0%| F|  |TAMS 0x00000000e7300000| PB 0x00000000e7300000| Untracked 
| 116|0x00000000e7400000, 0x00000000e7400000, 0x00000000e7500000|  0%| F|  |TAMS 0x00000000e7400000| PB 0x00000000e7400000| Untracked 
| 117|0x00000000e7500000, 0x00000000e7500000, 0x00000000e7600000|  0%| F|  |TAMS 0x00000000e7500000| PB 0x00000000e7500000| Untracked 
| 118|0x00000000e7600000, 0x00000000e7600000, 0x00000000e7700000|  0%| F|  |TAMS 0x00000000e7600000| PB 0x00000000e7600000| Untracked 
| 119|0x00000000e7700000, 0x00000000e7700000, 0x00000000e7800000|  0%| F|  |TAMS 0x00000000e7700000| PB 0x00000000e7700000| Untracked 
| 120|0x00000000e7800000, 0x00000000e7800000, 0x00000000e7900000|  0%| F|  |TAMS 0x00000000e7800000| PB 0x00000000e7800000| Untracked 
| 121|0x00000000e7900000, 0x00000000e7900000, 0x00000000e7a00000|  0%| F|  |TAMS 0x00000000e7900000| PB 0x00000000e7900000| Untracked 
| 122|0x00000000e7a00000, 0x00000000e7a00000, 0x00000000e7b00000|  0%| F|  |TAMS 0x00000000e7a00000| PB 0x00000000e7a00000| Untracked 
| 123|0x00000000e7b00000, 0x00000000e7b00000, 0x00000000e7c00000|  0%| F|  |TAMS 0x00000000e7b00000| PB 0x00000000e7b00000| Untracked 
| 124|0x00000000e7c00000, 0x00000000e7c00000, 0x00000000e7d00000|  0%| F|  |TAMS 0x00000000e7c00000| PB 0x00000000e7c00000| Untracked 
| 125|0x00000000e7d00000, 0x00000000e7d00000, 0x00000000e7e00000|  0%| F|  |TAMS 0x00000000e7d00000| PB 0x00000000e7d00000| Untracked 
| 126|0x00000000e7e00000, 0x00000000e7e00000, 0x00000000e7f00000|  0%| F|  |TAMS 0x00000000e7e00000| PB 0x00000000e7e00000| Untracked 
| 127|0x00000000e7f00000, 0x00000000e7f00000, 0x00000000e8000000|  0%| F|  |TAMS 0x00000000e7f00000| PB 0x00000000e7f00000| Untracked 
| 128|0x00000000e8000000, 0x00000000e8000000, 0x00000000e8100000|  0%| F|  |TAMS 0x00000000e8000000| PB 0x00000000e8000000| Untracked 
| 129|0x00000000e8100000, 0x00000000e8100000, 0x00000000e8200000|  0%| F|  |TAMS 0x00000000e8100000| PB 0x00000000e8100000| Untracked 
| 130|0x00000000e8200000, 0x00000000e8200000, 0x00000000e8300000|  0%| F|  |TAMS 0x00000000e8200000| PB 0x00000000e8200000| Untracked 
| 131|0x00000000e8300000, 0x00000000e8300000, 0x00000000e8400000|  0%| F|  |TAMS 0x00000000e8300000| PB 0x00000000e8300000| Untracked 
| 132|0x00000000e8400000, 0x00000000e8400000, 0x00000000e8500000|  0%| F|  |TAMS 0x00000000e8400000| PB 0x00000000e8400000| Untracked 
| 133|0x00000000e8500000, 0x00000000e8500000, 0x00000000e8600000|  0%| F|  |TAMS 0x00000000e8500000| PB 0x00000000e8500000| Untracked 
| 134|0x00000000e8600000, 0x00000000e8600000, 0x00000000e8700000|  0%| F|  |TAMS 0x00000000e8600000| PB 0x00000000e8600000| Untracked 
| 135|0x00000000e8700000, 0x00000000e8700000, 0x00000000e8800000|  0%| F|  |TAMS 0x00000000e8700000| PB 0x00000000e8700000| Untracked 
| 136|0x00000000e8800000, 0x00000000e8800000, 0x00000000e8900000|  0%| F|  |TAMS 0x00000000e8800000| PB 0x00000000e8800000| Untracked 
| 137|0x00000000e8900000, 0x00000000e8900000, 0x00000000e8a00000|  0%| F|  |TAMS 0x00000000e8900000| PB 0x00000000e8900000| Untracked 
| 138|0x00000000e8a00000, 0x00000000e8a00000, 0x00000000e8b00000|  0%| F|  |TAMS 0x00000000e8a00000| PB 0x00000000e8a00000| Untracked 
| 139|0x00000000e8b00000, 0x00000000e8b00000, 0x00000000e8c00000|  0%| F|  |TAMS 0x00000000e8b00000| PB 0x00000000e8b00000| Untracked 
| 140|0x00000000e8c00000, 0x00000000e8c00000, 0x00000000e8d00000|  0%| F|  |TAMS 0x00000000e8c00000| PB 0x00000000e8c00000| Untracked 
| 141|0x00000000e8d00000, 0x00000000e8d00000, 0x00000000e8e00000|  0%| F|  |TAMS 0x00000000e8d00000| PB 0x00000000e8d00000| Untracked 
| 142|0x00000000e8e00000, 0x00000000e8e00000, 0x00000000e8f00000|  0%| F|  |TAMS 0x00000000e8e00000| PB 0x00000000e8e00000| Untracked 
| 143|0x00000000e8f00000, 0x00000000e8f00000, 0x00000000e9000000|  0%| F|  |TAMS 0x00000000e8f00000| PB 0x00000000e8f00000| Untracked 
| 144|0x00000000e9000000, 0x00000000e9000000, 0x00000000e9100000|  0%| F|  |TAMS 0x00000000e9000000| PB 0x00000000e9000000| Untracked 
| 145|0x00000000e9100000, 0x00000000e9100000, 0x00000000e9200000|  0%| F|  |TAMS 0x00000000e9100000| PB 0x00000000e9100000| Untracked 
| 146|0x00000000e9200000, 0x00000000e9200000, 0x00000000e9300000|  0%| F|  |TAMS 0x00000000e9200000| PB 0x00000000e9200000| Untracked 
| 147|0x00000000e9300000, 0x00000000e9300000, 0x00000000e9400000|  0%| F|  |TAMS 0x00000000e9300000| PB 0x00000000e9300000| Untracked 
| 148|0x00000000e9400000, 0x00000000e9400000, 0x00000000e9500000|  0%| F|  |TAMS 0x00000000e9400000| PB 0x00000000e9400000| Untracked 
| 149|0x00000000e9500000, 0x00000000e9500000, 0x00000000e9600000|  0%| F|  |TAMS 0x00000000e9500000| PB 0x00000000e9500000| Untracked 
| 150|0x00000000e9600000, 0x00000000e9600000, 0x00000000e9700000|  0%| F|  |TAMS 0x00000000e9600000| PB 0x00000000e9600000| Untracked 
| 151|0x00000000e9700000, 0x00000000e9700000, 0x00000000e9800000|  0%| F|  |TAMS 0x00000000e9700000| PB 0x00000000e9700000| Untracked 
| 152|0x00000000e9800000, 0x00000000e9800000, 0x00000000e9900000|  0%| F|  |TAMS 0x00000000e9800000| PB 0x00000000e9800000| Untracked 
| 153|0x00000000e9900000, 0x00000000e9900000, 0x00000000e9a00000|  0%| F|  |TAMS 0x00000000e9900000| PB 0x00000000e9900000| Untracked 
| 154|0x00000000e9a00000, 0x00000000e9a00000, 0x00000000e9b00000|  0%| F|  |TAMS 0x00000000e9a00000| PB 0x00000000e9a00000| Untracked 
| 155|0x00000000e9b00000, 0x00000000e9b00000, 0x00000000e9c00000|  0%| F|  |TAMS 0x00000000e9b00000| PB 0x00000000e9b00000| Untracked 
| 156|0x00000000e9c00000, 0x00000000e9c00000, 0x00000000e9d00000|  0%| F|  |TAMS 0x00000000e9c00000| PB 0x00000000e9c00000| Untracked 
| 157|0x00000000e9d00000, 0x00000000e9d00000, 0x00000000e9e00000|  0%| F|  |TAMS 0x00000000e9d00000| PB 0x00000000e9d00000| Untracked 
| 158|0x00000000e9e00000, 0x00000000e9e00000, 0x00000000e9f00000|  0%| F|  |TAMS 0x00000000e9e00000| PB 0x00000000e9e00000| Untracked 
| 159|0x00000000e9f00000, 0x00000000e9f00000, 0x00000000ea000000|  0%| F|  |TAMS 0x00000000e9f00000| PB 0x00000000e9f00000| Untracked 
| 160|0x00000000ea000000, 0x00000000ea000000, 0x00000000ea100000|  0%| F|  |TAMS 0x00000000ea000000| PB 0x00000000ea000000| Untracked 
| 161|0x00000000ea100000, 0x00000000ea100000, 0x00000000ea200000|  0%| F|  |TAMS 0x00000000ea100000| PB 0x00000000ea100000| Untracked 
| 162|0x00000000ea200000, 0x00000000ea200000, 0x00000000ea300000|  0%| F|  |TAMS 0x00000000ea200000| PB 0x00000000ea200000| Untracked 
| 163|0x00000000ea300000, 0x00000000ea300000, 0x00000000ea400000|  0%| F|  |TAMS 0x00000000ea300000| PB 0x00000000ea300000| Untracked 
| 164|0x00000000ea400000, 0x00000000ea400000, 0x00000000ea500000|  0%| F|  |TAMS 0x00000000ea400000| PB 0x00000000ea400000| Untracked 
| 165|0x00000000ea500000, 0x00000000ea500000, 0x00000000ea600000|  0%| F|  |TAMS 0x00000000ea500000| PB 0x00000000ea500000| Untracked 
| 166|0x00000000ea600000, 0x00000000ea600000, 0x00000000ea700000|  0%| F|  |TAMS 0x00000000ea600000| PB 0x00000000ea600000| Untracked 
| 167|0x00000000ea700000, 0x00000000ea700000, 0x00000000ea800000|  0%| F|  |TAMS 0x00000000ea700000| PB 0x00000000ea700000| Untracked 
| 168|0x00000000ea800000, 0x00000000ea800000, 0x00000000ea900000|  0%| F|  |TAMS 0x00000000ea800000| PB 0x00000000ea800000| Untracked 
| 169|0x00000000ea900000, 0x00000000ea900000, 0x00000000eaa00000|  0%| F|  |TAMS 0x00000000ea900000| PB 0x00000000ea900000| Untracked 
| 170|0x00000000eaa00000, 0x00000000eaa00000, 0x00000000eab00000|  0%| F|  |TAMS 0x00000000eaa00000| PB 0x00000000eaa00000| Untracked 
| 171|0x00000000eab00000, 0x00000000eab00000, 0x00000000eac00000|  0%| F|  |TAMS 0x00000000eab00000| PB 0x00000000eab00000| Untracked 
| 172|0x00000000eac00000, 0x00000000eac00000, 0x00000000ead00000|  0%| F|  |TAMS 0x00000000eac00000| PB 0x00000000eac00000| Untracked 
| 173|0x00000000ead00000, 0x00000000ead00000, 0x00000000eae00000|  0%| F|  |TAMS 0x00000000ead00000| PB 0x00000000ead00000| Untracked 
| 174|0x00000000eae00000, 0x00000000eae00000, 0x00000000eaf00000|  0%| F|  |TAMS 0x00000000eae00000| PB 0x00000000eae00000| Untracked 
| 175|0x00000000eaf00000, 0x00000000eaf00000, 0x00000000eb000000|  0%| F|  |TAMS 0x00000000eaf00000| PB 0x00000000eaf00000| Untracked 
| 176|0x00000000eb000000, 0x00000000eb000000, 0x00000000eb100000|  0%| F|  |TAMS 0x00000000eb000000| PB 0x00000000eb000000| Untracked 
| 177|0x00000000eb100000, 0x00000000eb100000, 0x00000000eb200000|  0%| F|  |TAMS 0x00000000eb100000| PB 0x00000000eb100000| Untracked 
| 178|0x00000000eb200000, 0x00000000eb200000, 0x00000000eb300000|  0%| F|  |TAMS 0x00000000eb200000| PB 0x00000000eb200000| Untracked 
| 179|0x00000000eb300000, 0x00000000eb300000, 0x00000000eb400000|  0%| F|  |TAMS 0x00000000eb300000| PB 0x00000000eb300000| Untracked 
| 180|0x00000000eb400000, 0x00000000eb400000, 0x00000000eb500000|  0%| F|  |TAMS 0x00000000eb400000| PB 0x00000000eb400000| Untracked 
| 181|0x00000000eb500000, 0x00000000eb500000, 0x00000000eb600000|  0%| F|  |TAMS 0x00000000eb500000| PB 0x00000000eb500000| Untracked 
| 182|0x00000000eb600000, 0x00000000eb600000, 0x00000000eb700000|  0%| F|  |TAMS 0x00000000eb600000| PB 0x00000000eb600000| Untracked 
| 183|0x00000000eb700000, 0x00000000eb700000, 0x00000000eb800000|  0%| F|  |TAMS 0x00000000eb700000| PB 0x00000000eb700000| Untracked 
| 184|0x00000000eb800000, 0x00000000eb800000, 0x00000000eb900000|  0%| F|  |TAMS 0x00000000eb800000| PB 0x00000000eb800000| Untracked 
| 185|0x00000000eb900000, 0x00000000eb900000, 0x00000000eba00000|  0%| F|  |TAMS 0x00000000eb900000| PB 0x00000000eb900000| Untracked 
| 186|0x00000000eba00000, 0x00000000eba00000, 0x00000000ebb00000|  0%| F|  |TAMS 0x00000000eba00000| PB 0x00000000eba00000| Untracked 
| 187|0x00000000ebb00000, 0x00000000ebb00000, 0x00000000ebc00000|  0%| F|  |TAMS 0x00000000ebb00000| PB 0x00000000ebb00000| Untracked 
| 188|0x00000000ebc00000, 0x00000000ebc00000, 0x00000000ebd00000|  0%| F|  |TAMS 0x00000000ebc00000| PB 0x00000000ebc00000| Untracked 
| 189|0x00000000ebd00000, 0x00000000ebd00000, 0x00000000ebe00000|  0%| F|  |TAMS 0x00000000ebd00000| PB 0x00000000ebd00000| Untracked 
| 190|0x00000000ebe00000, 0x00000000ebe00000, 0x00000000ebf00000|  0%| F|  |TAMS 0x00000000ebe00000| PB 0x00000000ebe00000| Untracked 
| 191|0x00000000ebf00000, 0x00000000ebf00000, 0x00000000ec000000|  0%| F|  |TAMS 0x00000000ebf00000| PB 0x00000000ebf00000| Untracked 
| 192|0x00000000ec000000, 0x00000000ec000000, 0x00000000ec100000|  0%| F|  |TAMS 0x00000000ec000000| PB 0x00000000ec000000| Untracked 
| 193|0x00000000ec100000, 0x00000000ec100000, 0x00000000ec200000|  0%| F|  |TAMS 0x00000000ec100000| PB 0x00000000ec100000| Untracked 
| 194|0x00000000ec200000, 0x00000000ec200000, 0x00000000ec300000|  0%| F|  |TAMS 0x00000000ec200000| PB 0x00000000ec200000| Untracked 
| 195|0x00000000ec300000, 0x00000000ec300000, 0x00000000ec400000|  0%| F|  |TAMS 0x00000000ec300000| PB 0x00000000ec300000| Untracked 
| 196|0x00000000ec400000, 0x00000000ec400000, 0x00000000ec500000|  0%| F|  |TAMS 0x00000000ec400000| PB 0x00000000ec400000| Untracked 
| 197|0x00000000ec500000, 0x00000000ec500000, 0x00000000ec600000|  0%| F|  |TAMS 0x00000000ec500000| PB 0x00000000ec500000| Untracked 
| 198|0x00000000ec600000, 0x00000000ec600000, 0x00000000ec700000|  0%| F|  |TAMS 0x00000000ec600000| PB 0x00000000ec600000| Untracked 
| 199|0x00000000ec700000, 0x00000000ec700000, 0x00000000ec800000|  0%| F|  |TAMS 0x00000000ec700000| PB 0x00000000ec700000| Untracked 
| 200|0x00000000ec800000, 0x00000000ec800000, 0x00000000ec900000|  0%| F|  |TAMS 0x00000000ec800000| PB 0x00000000ec800000| Untracked 
| 201|0x00000000ec900000, 0x00000000ec900000, 0x00000000eca00000|  0%| F|  |TAMS 0x00000000ec900000| PB 0x00000000ec900000| Untracked 
| 202|0x00000000eca00000, 0x00000000eca00000, 0x00000000ecb00000|  0%| F|  |TAMS 0x00000000eca00000| PB 0x00000000eca00000| Untracked 
| 203|0x00000000ecb00000, 0x00000000ecb00000, 0x00000000ecc00000|  0%| F|  |TAMS 0x00000000ecb00000| PB 0x00000000ecb00000| Untracked 
| 204|0x00000000ecc00000, 0x00000000ecc00000, 0x00000000ecd00000|  0%| F|  |TAMS 0x00000000ecc00000| PB 0x00000000ecc00000| Untracked 
| 205|0x00000000ecd00000, 0x00000000ecd00000, 0x00000000ece00000|  0%| F|  |TAMS 0x00000000ecd00000| PB 0x00000000ecd00000| Untracked 
| 206|0x00000000ece00000, 0x00000000ece00000, 0x00000000ecf00000|  0%| F|  |TAMS 0x00000000ece00000| PB 0x00000000ece00000| Untracked 
| 207|0x00000000ecf00000, 0x00000000ecf00000, 0x00000000ed000000|  0%| F|  |TAMS 0x00000000ecf00000| PB 0x00000000ecf00000| Untracked 
| 208|0x00000000ed000000, 0x00000000ed000000, 0x00000000ed100000|  0%| F|  |TAMS 0x00000000ed000000| PB 0x00000000ed000000| Untracked 
| 209|0x00000000ed100000, 0x00000000ed100000, 0x00000000ed200000|  0%| F|  |TAMS 0x00000000ed100000| PB 0x00000000ed100000| Untracked 
| 210|0x00000000ed200000, 0x00000000ed2c0da0, 0x00000000ed300000| 75%| S|CS|TAMS 0x00000000ed200000| PB 0x00000000ed200000| Complete 
| 211|0x00000000ed300000, 0x00000000ed400000, 0x00000000ed400000|100%| S|CS|TAMS 0x00000000ed300000| PB 0x00000000ed300000| Complete 
| 212|0x00000000ed400000, 0x00000000ed400000, 0x00000000ed500000|  0%| F|  |TAMS 0x00000000ed400000| PB 0x00000000ed400000| Untracked 
| 213|0x00000000ed500000, 0x00000000ed500000, 0x00000000ed600000|  0%| F|  |TAMS 0x00000000ed500000| PB 0x00000000ed500000| Untracked 
| 214|0x00000000ed600000, 0x00000000ed600000, 0x00000000ed700000|  0%| F|  |TAMS 0x00000000ed600000| PB 0x00000000ed600000| Untracked 
| 215|0x00000000ed700000, 0x00000000ed700000, 0x00000000ed800000|  0%| F|  |TAMS 0x00000000ed700000| PB 0x00000000ed700000| Untracked 
| 216|0x00000000ed800000, 0x00000000ed8e4228, 0x00000000ed900000| 89%| E|  |TAMS 0x00000000ed800000| PB 0x00000000ed800000| Complete 
| 217|0x00000000ed900000, 0x00000000eda00000, 0x00000000eda00000|100%| E|CS|TAMS 0x00000000ed900000| PB 0x00000000ed900000| Complete 
| 218|0x00000000eda00000, 0x00000000edb00000, 0x00000000edb00000|100%| E|CS|TAMS 0x00000000eda00000| PB 0x00000000eda00000| Complete 
| 219|0x00000000edb00000, 0x00000000edc00000, 0x00000000edc00000|100%| E|CS|TAMS 0x00000000edb00000| PB 0x00000000edb00000| Complete 
| 220|0x00000000edc00000, 0x00000000edd00000, 0x00000000edd00000|100%| E|CS|TAMS 0x00000000edc00000| PB 0x00000000edc00000| Complete 
| 221|0x00000000edd00000, 0x00000000ede00000, 0x00000000ede00000|100%| E|CS|TAMS 0x00000000edd00000| PB 0x00000000edd00000| Complete 
| 222|0x00000000ede00000, 0x00000000edf00000, 0x00000000edf00000|100%| E|CS|TAMS 0x00000000ede00000| PB 0x00000000ede00000| Complete 
| 223|0x00000000edf00000, 0x00000000ee000000, 0x00000000ee000000|100%| E|CS|TAMS 0x00000000edf00000| PB 0x00000000edf00000| Complete 
| 224|0x00000000ee000000, 0x00000000ee100000, 0x00000000ee100000|100%| E|CS|TAMS 0x00000000ee000000| PB 0x00000000ee000000| Complete 
| 225|0x00000000ee100000, 0x00000000ee200000, 0x00000000ee200000|100%| E|CS|TAMS 0x00000000ee100000| PB 0x00000000ee100000| Complete 
| 226|0x00000000ee200000, 0x00000000ee300000, 0x00000000ee300000|100%| E|CS|TAMS 0x00000000ee200000| PB 0x00000000ee200000| Complete 
| 227|0x00000000ee300000, 0x00000000ee400000, 0x00000000ee400000|100%| E|CS|TAMS 0x00000000ee300000| PB 0x00000000ee300000| Complete 
| 228|0x00000000ee400000, 0x00000000ee500000, 0x00000000ee500000|100%| E|CS|TAMS 0x00000000ee400000| PB 0x00000000ee400000| Complete 
| 229|0x00000000ee500000, 0x00000000ee600000, 0x00000000ee600000|100%| E|CS|TAMS 0x00000000ee500000| PB 0x00000000ee500000| Complete 
| 230|0x00000000ee600000, 0x00000000ee700000, 0x00000000ee700000|100%| E|CS|TAMS 0x00000000ee600000| PB 0x00000000ee600000| Complete 
| 231|0x00000000ee700000, 0x00000000ee800000, 0x00000000ee800000|100%| E|CS|TAMS 0x00000000ee700000| PB 0x00000000ee700000| Complete 
| 232|0x00000000ee800000, 0x00000000ee900000, 0x00000000ee900000|100%| E|CS|TAMS 0x00000000ee800000| PB 0x00000000ee800000| Complete 
| 233|0x00000000ee900000, 0x00000000eea00000, 0x00000000eea00000|100%| E|CS|TAMS 0x00000000ee900000| PB 0x00000000ee900000| Complete 
| 234|0x00000000eea00000, 0x00000000eeb00000, 0x00000000eeb00000|100%| E|CS|TAMS 0x00000000eea00000| PB 0x00000000eea00000| Complete 
| 235|0x00000000eeb00000, 0x00000000eec00000, 0x00000000eec00000|100%| E|CS|TAMS 0x00000000eeb00000| PB 0x00000000eeb00000| Complete 
| 236|0x00000000eec00000, 0x00000000eed00000, 0x00000000eed00000|100%| E|CS|TAMS 0x00000000eec00000| PB 0x00000000eec00000| Complete 
| 237|0x00000000eed00000, 0x00000000eee00000, 0x00000000eee00000|100%| E|CS|TAMS 0x00000000eed00000| PB 0x00000000eed00000| Complete 
| 238|0x00000000eee00000, 0x00000000eef00000, 0x00000000eef00000|100%| E|CS|TAMS 0x00000000eee00000| PB 0x00000000eee00000| Complete 
| 239|0x00000000eef00000, 0x00000000ef000000, 0x00000000ef000000|100%| E|CS|TAMS 0x00000000eef00000| PB 0x00000000eef00000| Complete 
| 240|0x00000000ef000000, 0x00000000ef100000, 0x00000000ef100000|100%| E|CS|TAMS 0x00000000ef000000| PB 0x00000000ef000000| Complete 
| 241|0x00000000ef100000, 0x00000000ef200000, 0x00000000ef200000|100%| E|CS|TAMS 0x00000000ef100000| PB 0x00000000ef100000| Complete 
| 242|0x00000000ef200000, 0x00000000ef300000, 0x00000000ef300000|100%| E|CS|TAMS 0x00000000ef200000| PB 0x00000000ef200000| Complete 
| 243|0x00000000ef300000, 0x00000000ef400000, 0x00000000ef400000|100%| E|CS|TAMS 0x00000000ef300000| PB 0x00000000ef300000| Complete 
| 244|0x00000000ef400000, 0x00000000ef500000, 0x00000000ef500000|100%| E|CS|TAMS 0x00000000ef400000| PB 0x00000000ef400000| Complete 
| 245|0x00000000ef500000, 0x00000000ef600000, 0x00000000ef600000|100%| E|CS|TAMS 0x00000000ef500000| PB 0x00000000ef500000| Complete 
| 246|0x00000000ef600000, 0x00000000ef700000, 0x00000000ef700000|100%| E|CS|TAMS 0x00000000ef600000| PB 0x00000000ef600000| Complete 
| 247|0x00000000ef700000, 0x00000000ef800000, 0x00000000ef800000|100%| E|CS|TAMS 0x00000000ef700000| PB 0x00000000ef700000| Complete 
| 248|0x00000000ef800000, 0x00000000ef900000, 0x00000000ef900000|100%| E|CS|TAMS 0x00000000ef800000| PB 0x00000000ef800000| Complete 
| 249|0x00000000ef900000, 0x00000000efa00000, 0x00000000efa00000|100%| E|CS|TAMS 0x00000000ef900000| PB 0x00000000ef900000| Complete 
| 250|0x00000000efa00000, 0x00000000efb00000, 0x00000000efb00000|100%| E|CS|TAMS 0x00000000efa00000| PB 0x00000000efa00000| Complete 
| 251|0x00000000efb00000, 0x00000000efc00000, 0x00000000efc00000|100%| E|CS|TAMS 0x00000000efb00000| PB 0x00000000efb00000| Complete 
| 252|0x00000000efc00000, 0x00000000efd00000, 0x00000000efd00000|100%| E|CS|TAMS 0x00000000efc00000| PB 0x00000000efc00000| Complete 
| 253|0x00000000efd00000, 0x00000000efe00000, 0x00000000efe00000|100%| E|CS|TAMS 0x00000000efd00000| PB 0x00000000efd00000| Complete 
| 254|0x00000000efe00000, 0x00000000eff00000, 0x00000000eff00000|100%| E|CS|TAMS 0x00000000efe00000| PB 0x00000000efe00000| Complete 
| 255|0x00000000eff00000, 0x00000000f0000000, 0x00000000f0000000|100%| E|CS|TAMS 0x00000000eff00000| PB 0x00000000eff00000| Complete 

Card table byte_map: [0x000001d3bb8f0000,0x000001d3bb9f0000] _byte_map_base: 0x000001d3bb1f0000

Marking Bits: (CMBitMap*) 0x000001d3a9719ea0
 Bits: [0x000001d3bb9f0000, 0x000001d3bc1f0000)

Polling page: 0x000001d3a7970000

Metaspace:

Usage:
  Non-class:     86.64 MB used.
      Class:     14.24 MB used.
       Both:    100.88 MB used.

Virtual space:
  Non-class space:      128.00 MB reserved,      87.88 MB ( 69%) committed,  2 nodes.
      Class space:      320.00 MB reserved,      15.38 MB (  5%) committed,  1 nodes.
             Both:      448.00 MB reserved,     103.25 MB ( 23%) committed. 

Chunk freelists:
   Non-Class:  7.72 MB
       Class:  463.00 KB
        Both:  8.17 MB

MaxMetaspaceSize: 384.00 MB
CompressedClassSpaceSize: 320.00 MB
Initial GC threshold: 21.00 MB
Current GC threshold: 170.31 MB
CDS: on
 - commit_granule_bytes: 65536.
 - commit_granule_words: 8192.
 - virtual_space_node_default_size: 8388608.
 - enlarge_chunks_in_place: 1.
 - use_allocation_guard: 0.


Internal statistics:

num_allocs_failed_limit: 36.
num_arena_births: 4186.
num_arena_deaths: 0.
num_vsnodes_births: 3.
num_vsnodes_deaths: 0.
num_space_committed: 1652.
num_space_uncommitted: 0.
num_chunks_returned_to_freelist: 36.
num_chunks_taken_from_freelist: 8927.
num_chunk_merges: 24.
num_chunk_splits: 5832.
num_chunks_enlarged: 3616.
num_inconsistent_stats: 0.

CodeHeap 'non-profiled nmethods': size=120000Kb used=9257Kb max_used=9819Kb free=110742Kb
 bounds [0x000001d3b43c0000, 0x000001d3b4d60000, 0x000001d3bb8f0000]
CodeHeap 'profiled nmethods': size=120000Kb used=27771Kb max_used=29218Kb free=92228Kb
 bounds [0x000001d3ac8f0000, 0x000001d3ae580000, 0x000001d3b3e20000]
CodeHeap 'non-nmethods': size=5760Kb used=2977Kb max_used=3025Kb free=2782Kb
 bounds [0x000001d3b3e20000, 0x000001d3b4120000, 0x000001d3b43c0000]
CodeCache: size=245760Kb, used=40005Kb, max_used=42062Kb, free=205752Kb
 total_blobs=15107, nmethods=14119, adapters=891, full_count=0
Compilation: enabled, stopped_count=0, restarted_count=0

Compilation events (20 events):
Event: 211.396 Thread 0x000001d3be81fff0 nmethod 15442 0x000001d3b4446010 code [0x000001d3b44461a0, 0x000001d3b44462e0]
Event: 211.460 Thread 0x000001d3be82a480 15443       1       org.gradle.launcher.daemon.server.api.DaemonCommandExecution::getCommand (5 bytes)
Event: 211.460 Thread 0x000001d3be82a480 nmethod 15443 0x000001d3b44bc590 code [0x000001d3b44bc720, 0x000001d3b44bc7e8]
Event: 211.468 Thread 0x000001d3be82a480 15444       1       org.gradle.launcher.daemon.server.api.DaemonCommandExecution::getConnection (5 bytes)
Event: 211.468 Thread 0x000001d3be82a480 nmethod 15444 0x000001d3b4445c10 code [0x000001d3b4445da0, 0x000001d3b4445e68]
Event: 211.480 Thread 0x000001d3be82a480 15445       3       org.gradle.StartParameter::logBuildOrSettingsFileDeprecation (39 bytes)
Event: 211.482 Thread 0x000001d3be82a480 nmethod 15445 0x000001d3ad1d6990 code [0x000001d3ad1d6c80, 0x000001d3ad1d8150]
Event: 211.482 Thread 0x000001d3be82a480 15446       3       org.gradle.internal.deprecation.DeprecationLogger::deprecateProperty (10 bytes)
Event: 211.482 Thread 0x000001d3be82a480 nmethod 15446 0x000001d3acd54b90 code [0x000001d3acd54d60, 0x000001d3acd551b8]
Event: 211.491 Thread 0x000001d3be82a480 15447       3       java.lang.invoke.LambdaForm$MH/0x000001d3c0cebc00::invoke (43 bytes)
Event: 211.492 Thread 0x000001d3be82a480 nmethod 15447 0x000001d3acef4010 code [0x000001d3acef4260, 0x000001d3acef4be0]
Event: 211.650 Thread 0x000001d3be82a480 15448       3       com.google.common.util.concurrent.Striped$$Lambda/0x000001d3c024e000::get (8 bytes)
Event: 211.651 Thread 0x000001d3be82a480 nmethod 15448 0x000001d3ad0e7e10 code [0x000001d3ad0e8000, 0x000001d3ad0e8538]
Event: 211.651 Thread 0x000001d3be82a480 15449       3       com.google.common.util.concurrent.Striped$PaddedLock::<init> (6 bytes)
Event: 211.651 Thread 0x000001d3be82a480 nmethod 15449 0x000001d3ad23b290 code [0x000001d3ad23b460, 0x000001d3ad23b8d0]
Event: 212.220 Thread 0x000001d3be81fff0 15450   !   4       java.lang.invoke.BoundMethodHandle$Species_L::copyWithExtendL (31 bytes)
Event: 212.228 Thread 0x000001d3be81fff0 nmethod 15450 0x000001d3b465f990 code [0x000001d3b465fb60, 0x000001d3b46601b0]
Event: 212.229 Thread 0x000001d3be81fff0 15451       4       java.lang.invoke.DelegatingMethodHandle::makeReinvokerForm (326 bytes)
Event: 212.279 Thread 0x000001d3be82a480 15452       1       org.gradle.internal.watch.vfs.impl.WatchingVirtualFileSystem::access$900 (5 bytes)
Event: 212.279 Thread 0x000001d3be82a480 nmethod 15452 0x000001d3b455e290 code [0x000001d3b455e420, 0x000001d3b455e4d0]

GC Heap History (20 events):
Event: 38.653 GC heap before
{Heap before GC invocations=10 (full 0):
 garbage-first heap   total 262144K, used 183849K [0x00000000e0000000, 0x0000000100000000)
  region size 1024K, 153 young (156672K), 10 survivors (10240K)
 Metaspace       used 45564K, committed 47040K, reserved 393216K
  class space    used 6611K, committed 7360K, reserved 327680K
}
Event: 38.711 GC heap after
{Heap after GC invocations=11 (full 0):
 garbage-first heap   total 262144K, used 39391K [0x00000000e0000000, 0x0000000100000000)
  region size 1024K, 18 young (18432K), 18 survivors (18432K)
 Metaspace       used 45564K, committed 47040K, reserved 393216K
  class space    used 6611K, committed 7360K, reserved 327680K
}
Event: 51.853 GC heap before
{Heap before GC invocations=11 (full 0):
 garbage-first heap   total 262144K, used 177631K [0x00000000e0000000, 0x0000000100000000)
  region size 1024K, 153 young (156672K), 18 survivors (18432K)
 Metaspace       used 54530K, committed 56320K, reserved 393216K
  class space    used 7972K, committed 8832K, reserved 327680K
}
Event: 51.955 GC heap after
{Heap after GC invocations=12 (full 0):
 garbage-first heap   total 262144K, used 45343K [0x00000000e0000000, 0x0000000100000000)
  region size 1024K, 14 young (14336K), 14 survivors (14336K)
 Metaspace       used 54530K, committed 56320K, reserved 393216K
  class space    used 7972K, committed 8832K, reserved 327680K
}
Event: 55.462 GC heap before
{Heap before GC invocations=12 (full 0):
 garbage-first heap   total 262144K, used 79135K [0x00000000e0000000, 0x0000000100000000)
  region size 1024K, 49 young (50176K), 14 survivors (14336K)
 Metaspace       used 59435K, committed 61248K, reserved 393216K
  class space    used 8586K, committed 9472K, reserved 327680K
}
Event: 55.490 GC heap after
{Heap after GC invocations=13 (full 0):
 garbage-first heap   total 262144K, used 48981K [0x00000000e0000000, 0x0000000100000000)
  region size 1024K, 10 young (10240K), 10 survivors (10240K)
 Metaspace       used 59435K, committed 61248K, reserved 393216K
  class space    used 8586K, committed 9472K, reserved 327680K
}
Event: 73.018 GC heap before
{Heap before GC invocations=14 (full 0):
 garbage-first heap   total 262144K, used 200533K [0x00000000e0000000, 0x0000000100000000)
  region size 1024K, 153 young (156672K), 10 survivors (10240K)
 Metaspace       used 74842K, committed 76928K, reserved 393216K
  class space    used 10809K, committed 11840K, reserved 327680K
}
Event: 73.102 GC heap after
{Heap after GC invocations=15 (full 0):
 garbage-first heap   total 262144K, used 65365K [0x00000000e0000000, 0x0000000100000000)
  region size 1024K, 20 young (20480K), 20 survivors (20480K)
 Metaspace       used 74842K, committed 76928K, reserved 393216K
  class space    used 10809K, committed 11840K, reserved 327680K
}
Event: 90.112 GC heap before
{Heap before GC invocations=15 (full 0):
 garbage-first heap   total 262144K, used 200533K [0x00000000e0000000, 0x0000000100000000)
  region size 1024K, 153 young (156672K), 20 survivors (20480K)
 Metaspace       used 81857K, committed 84032K, reserved 458752K
  class space    used 11853K, committed 12928K, reserved 327680K
}
Event: 90.181 GC heap after
{Heap after GC invocations=16 (full 0):
 garbage-first heap   total 262144K, used 76049K [0x00000000e0000000, 0x0000000100000000)
  region size 1024K, 14 young (14336K), 14 survivors (14336K)
 Metaspace       used 81857K, committed 84032K, reserved 458752K
  class space    used 11853K, committed 12928K, reserved 327680K
}
Event: 132.686 GC heap before
{Heap before GC invocations=16 (full 0):
 garbage-first heap   total 262144K, used 217361K [0x00000000e0000000, 0x0000000100000000)
  region size 1024K, 153 young (156672K), 14 survivors (14336K)
 Metaspace       used 83772K, committed 86016K, reserved 458752K
  class space    used 11977K, committed 13056K, reserved 327680K
}
Event: 132.845 GC heap after
{Heap after GC invocations=17 (full 0):
 garbage-first heap   total 262144K, used 78848K [0x00000000e0000000, 0x0000000100000000)
  region size 1024K, 4 young (4096K), 4 survivors (4096K)
 Metaspace       used 83772K, committed 86016K, reserved 458752K
  class space    used 11977K, committed 13056K, reserved 327680K
}
Event: 165.977 GC heap before
{Heap before GC invocations=17 (full 0):
 garbage-first heap   total 262144K, used 230400K [0x00000000e0000000, 0x0000000100000000)
  region size 1024K, 153 young (156672K), 4 survivors (4096K)
 Metaspace       used 90581K, committed 92864K, reserved 458752K
  class space    used 12870K, committed 14016K, reserved 327680K
}
Event: 166.385 GC heap after
{Heap after GC invocations=18 (full 0):
 garbage-first heap   total 262144K, used 85504K [0x00000000e0000000, 0x0000000100000000)
  region size 1024K, 10 young (10240K), 10 survivors (10240K)
 Metaspace       used 90581K, committed 92864K, reserved 458752K
  class space    used 12870K, committed 14016K, reserved 327680K
}
Event: 166.411 GC heap before
{Heap before GC invocations=18 (full 0):
 garbage-first heap   total 262144K, used 87552K [0x00000000e0000000, 0x0000000100000000)
  region size 1024K, 12 young (12288K), 10 survivors (10240K)
 Metaspace       used 90586K, committed 92864K, reserved 458752K
  class space    used 12870K, committed 14016K, reserved 327680K
}
Event: 166.426 GC heap after
{Heap after GC invocations=19 (full 0):
 garbage-first heap   total 262144K, used 87340K [0x00000000e0000000, 0x0000000100000000)
  region size 1024K, 2 young (2048K), 2 survivors (2048K)
 Metaspace       used 90586K, committed 92864K, reserved 458752K
  class space    used 12870K, committed 14016K, reserved 327680K
}
Event: 196.194 GC heap before
{Heap before GC invocations=19 (full 0):
 garbage-first heap   total 262144K, used 234796K [0x00000000e0000000, 0x0000000100000000)
  region size 1024K, 147 young (150528K), 2 survivors (2048K)
 Metaspace       used 97252K, committed 99648K, reserved 458752K
  class space    used 13749K, committed 14912K, reserved 327680K
}
Event: 196.311 GC heap after
{Heap after GC invocations=20 (full 0):
 garbage-first heap   total 262144K, used 96023K [0x00000000e0000000, 0x0000000100000000)
  region size 1024K, 10 young (10240K), 10 survivors (10240K)
 Metaspace       used 97252K, committed 99648K, reserved 458752K
  class space    used 13749K, committed 14912K, reserved 327680K
}
Event: 203.782 GC heap before
{Heap before GC invocations=20 (full 0):
 garbage-first heap   total 262144K, used 139031K [0x00000000e0000000, 0x0000000100000000)
  region size 1024K, 54 young (55296K), 10 survivors (10240K)
 Metaspace       used 100905K, committed 103296K, reserved 458752K
  class space    used 14249K, committed 15424K, reserved 327680K
}
Event: 203.885 GC heap after
{Heap after GC invocations=21 (full 0):
 garbage-first heap   total 262144K, used 96003K [0x00000000e0000000, 0x0000000100000000)
  region size 1024K, 2 young (2048K), 2 survivors (2048K)
 Metaspace       used 100905K, committed 103296K, reserved 458752K
  class space    used 14249K, committed 15424K, reserved 327680K
}

Dll operation events (14 events):
Event: 0.052 Loaded shared library C:\Users\AFIS\.antigravity-ide\extensions\redhat.java-1.55.0-win32-x64\jre\21.0.11-win32-x86_64\bin\java.dll
Event: 0.438 Loaded shared library C:\Users\AFIS\.antigravity-ide\extensions\redhat.java-1.55.0-win32-x64\jre\21.0.11-win32-x86_64\bin\zip.dll
Event: 0.652 Loaded shared library C:\Users\AFIS\.antigravity-ide\extensions\redhat.java-1.55.0-win32-x64\jre\21.0.11-win32-x86_64\bin\instrument.dll
Event: 0.666 Loaded shared library C:\Users\AFIS\.antigravity-ide\extensions\redhat.java-1.55.0-win32-x64\jre\21.0.11-win32-x86_64\bin\net.dll
Event: 0.671 Loaded shared library C:\Users\AFIS\.antigravity-ide\extensions\redhat.java-1.55.0-win32-x64\jre\21.0.11-win32-x86_64\bin\nio.dll
Event: 0.680 Loaded shared library C:\Users\AFIS\.antigravity-ide\extensions\redhat.java-1.55.0-win32-x64\jre\21.0.11-win32-x86_64\bin\zip.dll
Event: 1.839 Loaded shared library C:\Users\AFIS\.antigravity-ide\extensions\redhat.java-1.55.0-win32-x64\jre\21.0.11-win32-x86_64\bin\jimage.dll
Event: 3.104 Loaded shared library C:\Users\AFIS\.antigravity-ide\extensions\redhat.java-1.55.0-win32-x64\jre\21.0.11-win32-x86_64\bin\verify.dll
Event: 4.114 Loaded shared library C:\Users\AFIS\.gradle\native\c067742578af261105cb4f569cf0c3c89f3d7b1fecec35dd04571415982c5e48\windows-amd64\native-platform.dll
Event: 6.878 Loaded shared library C:\Users\AFIS\.gradle\native\100fb08df4bc3b14c8652ba06237920a3bd2aa13389f12d3474272988ae205f9\windows-amd64\native-platform-file-events.dll
Event: 11.439 Loaded shared library C:\Users\AFIS\.antigravity-ide\extensions\redhat.java-1.55.0-win32-x64\jre\21.0.11-win32-x86_64\bin\management.dll
Event: 11.464 Loaded shared library C:\Users\AFIS\.antigravity-ide\extensions\redhat.java-1.55.0-win32-x64\jre\21.0.11-win32-x86_64\bin\management_ext.dll
Event: 12.227 Loaded shared library C:\Users\AFIS\.antigravity-ide\extensions\redhat.java-1.55.0-win32-x64\jre\21.0.11-win32-x86_64\bin\extnet.dll
Event: 13.262 Loaded shared library C:\Users\AFIS\.antigravity-ide\extensions\redhat.java-1.55.0-win32-x64\jre\21.0.11-win32-x86_64\bin\sunmscapi.dll

Deoptimization events (20 events):
Event: 183.706 Thread 0x000001d3dc567960 DEOPT PACKING pc=0x000001d3b4bb65e8 sp=0x000000b17cdf7eb0
Event: 183.706 Thread 0x000001d3dc567960 DEOPT UNPACKING pc=0x000001d3b3e77ba2 sp=0x000000b17cdf7df0 mode 2
Event: 183.712 Thread 0x000001d3dc567960 Uncommon trap: trap_request=0xffffffbe fr.pc=0x000001d3b4bb65e8 relative=0x00000000000002e8
Event: 183.712 Thread 0x000001d3dc567960 Uncommon trap: reason=profile_predicate action=maybe_recompile pc=0x000001d3b4bb65e8 method=java.util.Collections.indexedBinarySearch(Ljava/util/List;Ljava/lang/Object;Ljava/util/Comparator;)I @ 15 c2
Event: 183.712 Thread 0x000001d3dc567960 DEOPT PACKING pc=0x000001d3b4bb65e8 sp=0x000000b17cdf7eb0
Event: 183.712 Thread 0x000001d3dc567960 DEOPT UNPACKING pc=0x000001d3b3e77ba2 sp=0x000000b17cdf7df0 mode 2
Event: 183.726 Thread 0x000001d3dc567960 Uncommon trap: trap_request=0xffffffde fr.pc=0x000001d3b4be49b4 relative=0x00000000000008b4
Event: 183.726 Thread 0x000001d3dc567960 Uncommon trap: reason=class_check action=maybe_recompile pc=0x000001d3b4be49b4 method=com.google.common.cache.LocalCache$Segment.get(Ljava/lang/Object;I)Ljava/lang/Object; @ 14 c2
Event: 183.726 Thread 0x000001d3dc567960 DEOPT PACKING pc=0x000001d3b4be49b4 sp=0x000000b17cdf8d70
Event: 183.726 Thread 0x000001d3dc567960 DEOPT UNPACKING pc=0x000001d3b3e77ba2 sp=0x000000b17cdf8cb0 mode 2
Event: 191.093 Thread 0x000001d3d8a2cbc0 DEOPT PACKING pc=0x000001d3adbbb8ad sp=0x000000b17a5f9500
Event: 191.093 Thread 0x000001d3d8a2cbc0 DEOPT UNPACKING pc=0x000001d3b3e786e2 sp=0x000000b17a5f8960 mode 0
Event: 195.589 Thread 0x000001d3d8a2cbc0 Uncommon trap: trap_request=0xffffffd6 fr.pc=0x000001d3b4c802e0 relative=0x0000000000001600
Event: 195.589 Thread 0x000001d3d8a2cbc0 Uncommon trap: reason=array_check action=maybe_recompile pc=0x000001d3b4c802e0 method=java.util.ComparableTimSort.binarySort([Ljava/lang/Object;III)V @ 183 c2
Event: 195.589 Thread 0x000001d3d8a2cbc0 DEOPT PACKING pc=0x000001d3b4c802e0 sp=0x000000b17a5f7e40
Event: 195.590 Thread 0x000001d3d8a2cbc0 DEOPT UNPACKING pc=0x000001d3b3e77ba2 sp=0x000000b17a5f7e20 mode 2
Event: 209.851 Thread 0x000001d3d8a2cbc0 Uncommon trap: trap_request=0xffffff45 fr.pc=0x000001d3b4c12700 relative=0x00000000000057e0
Event: 209.851 Thread 0x000001d3d8a2cbc0 Uncommon trap: reason=unstable_if action=reinterpret pc=0x000001d3b4c12700 method=java.io.ObjectStreamClass.hasWriteReplaceMethod()Z @ 8 c2
Event: 209.851 Thread 0x000001d3d8a2cbc0 DEOPT PACKING pc=0x000001d3b4c12700 sp=0x000000b17a5fd630
Event: 209.851 Thread 0x000001d3d8a2cbc0 DEOPT UNPACKING pc=0x000001d3b3e77ba2 sp=0x000000b17a5fd620 mode 2

Classes loaded (20 events):
Event: 136.494 Loading class sun/security/internal/spec/TlsKeyMaterialParameterSpec
Event: 136.504 Loading class sun/security/internal/spec/TlsKeyMaterialParameterSpec done
Event: 136.506 Loading class com/sun/crypto/provider/TlsKeyMaterialGenerator
Event: 136.546 Loading class com/sun/crypto/provider/TlsKeyMaterialGenerator done
Event: 136.547 Loading class sun/security/internal/spec/TlsKeyMaterialSpec
Event: 136.571 Loading class sun/security/internal/spec/TlsKeyMaterialSpec done
Event: 136.575 Loading class sun/security/internal/spec/TlsPrfParameterSpec
Event: 136.577 Loading class sun/security/internal/spec/TlsPrfParameterSpec done
Event: 136.578 Loading class com/sun/crypto/provider/TlsPrfGenerator$V12
Event: 136.578 Loading class com/sun/crypto/provider/TlsPrfGenerator$V12 done
Event: 136.580 Loading class sun/security/ssl/Authenticator$TLS10Authenticator
Event: 136.583 Loading class sun/security/ssl/Authenticator$TLS10Authenticator done
Event: 136.588 Loading class sun/security/ssl/SSLCipher$T12GcmWriteCipherGenerator$GcmWriteCipher
Event: 136.610 Loading class sun/security/ssl/SSLCipher$T12GcmWriteCipherGenerator$GcmWriteCipher done
Event: 136.638 Loading class sun/security/ssl/NewSessionTicket$T12NewSessionTicketMessage
Event: 136.639 Loading class sun/security/ssl/NewSessionTicket$T12NewSessionTicketMessage done
Event: 136.640 Loading class sun/security/ssl/SSLCipher$T12GcmReadCipherGenerator$GcmReadCipher
Event: 136.644 Loading class sun/security/ssl/SSLCipher$T12GcmReadCipherGenerator$GcmReadCipher done
Event: 149.487 Loading class java/lang/Throwable$WrappedPrintWriter
Event: 149.491 Loading class java/lang/Throwable$WrappedPrintWriter done

Classes unloaded (0 events):
No events

Classes redefined (0 events):
No events

Internal exceptions (20 events):
Event: 199.046 Thread 0x000001d3d8a2cbc0 Exception <a 'java/lang/NoClassDefFoundError'{0x00000000efa9cc08}: com/android/Version> (0x00000000efa9cc08) 
thrown [s\src\hotspot\share\classfile\systemDictionary.cpp, line 302]
Event: 199.807 Thread 0x000001d3d8a2cbc0 Exception <a 'java/lang/NoSuchMethodError'{0x00000000ef63c7a0}: static Lorg/jetbrains/kotlin/gradle/plugin/internal/DefaultProjectIsolationStartParameterAccessor$Factory;.<clinit>()V> (0x00000000ef63c7a0) 
thrown [s\src\hotspot\share\prims\jni.cpp, line 1111]
Event: 199.818 Thread 0x000001d3d8a2cbc0 Exception <a 'java/lang/NoSuchMethodError'{0x00000000ef654d28}: static Lorg/jetbrains/kotlin/gradle/plugin/internal/DefaultJavaExecTaskParametersCompatibility$Factory;.<clinit>()V> (0x00000000ef654d28) 
thrown [s\src\hotspot\share\prims\jni.cpp, line 1111]
Event: 199.829 Thread 0x000001d3d8a2cbc0 Exception <a 'java/lang/NoSuchMethodError'{0x00000000ef6769f0}: static Lorg/jetbrains/kotlin/gradle/plugin/internal/DefaultMavenPublicationComponentAccessorFactory;.<clinit>()V> (0x00000000ef6769f0) 
thrown [s\src\hotspot\share\prims\jni.cpp, line 1111]
Event: 199.840 Thread 0x000001d3d8a2cbc0 Exception <a 'java/lang/NoSuchMethodError'{0x00000000ef694e30}: static Lorg/jetbrains/kotlin/gradle/plugin/internal/DefaultCompatibilityConventionRegistrar$Factory;.<clinit>()V> (0x00000000ef694e30) 
thrown [s\src\hotspot\share\prims\jni.cpp, line 1111]
Event: 199.844 Thread 0x000001d3d8a2cbc0 Exception <a 'java/lang/NoSuchMethodError'{0x00000000ef6ad5c0}: static Lorg/jetbrains/kotlin/gradle/plugin/internal/DefaultConfigurationCacheStartParameterAccessorVariantFactory;.<clinit>()V> (0x00000000ef6ad5c0) 
thrown [s\src\hotspot\share\prims\jni.cpp, line 1111]
Event: 200.305 Thread 0x000001d3d8a2cbc0 Exception <a 'java/lang/NoSuchMethodError'{0x00000000ef102ce0}: static Ljava/lang/Object;.<clinit>()V> (0x00000000ef102ce0) 
thrown [s\src\hotspot\share\prims\jni.cpp, line 1111]
Event: 200.357 Thread 0x000001d3d8a2cbc0 Exception <a 'java/lang/NoSuchMethodError'{0x00000000ef1499f0}: static Lorg/jetbrains/kotlin/gradle/plugin/statistics/MetricContainer;.<clinit>()V> (0x00000000ef1499f0) 
thrown [s\src\hotspot\share\prims\jni.cpp, line 1111]
Event: 205.377 Thread 0x000001d3d8a2cbc0 Exception <a 'java/lang/ClassNotFoundException'{0x00000000ef71bb50}: org/jetbrains/kotlin/gradle/targets/js/npm/DefaultNpmDependencyExtensionBeanInfo> (0x00000000ef71bb50) 
thrown [s\src\hotspot\share\classfile\systemDictionary.cpp, line 313]
Event: 205.381 Thread 0x000001d3d8a2cbc0 Exception <a 'java/lang/ClassNotFoundException'{0x00000000ef722308}: org/jetbrains/kotlin/gradle/targets/js/npm/DefaultNpmDependencyExtensionCustomizer> (0x00000000ef722308) 
thrown [s\src\hotspot\share\classfile\systemDictionary.cpp, line 313]
Event: 205.456 Thread 0x000001d3d8a2cbc0 Exception <a 'java/lang/ClassNotFoundException'{0x00000000ef797900}: org/jetbrains/kotlin/gradle/targets/js/npm/NpmDependencyExtensionKt$defaultNpmDependencyDelegate$1BeanInfo> (0x00000000ef797900) 
thrown [s\src\hotspot\share\classfile\systemDictionary.cpp, line 313]
Event: 205.461 Thread 0x000001d3d8a2cbc0 Exception <a 'java/lang/ClassNotFoundException'{0x00000000ef79ee70}: org/jetbrains/kotlin/gradle/targets/js/npm/NpmDependencyExtensionDelegateBeanInfo> (0x00000000ef79ee70) 
thrown [s\src\hotspot\share\classfile\systemDictionary.cpp, line 313]
Event: 205.462 Thread 0x000001d3d8a2cbc0 Exception <a 'java/lang/ClassNotFoundException'{0x00000000ef7a63a8}: org/jetbrains/kotlin/gradle/targets/js/npm/NpmDependencyExtensionDelegateCustomizer> (0x00000000ef7a63a8) 
thrown [s\src\hotspot\share\classfile\systemDictionary.cpp, line 313]
Event: 205.496 Thread 0x000001d3d8a2cbc0 Exception <a 'java/lang/ClassNotFoundException'{0x00000000ef7d1590}: org/jetbrains/kotlin/gradle/targets/js/npm/NpmDependencyExtensionKt$defaultNpmDependencyDelegate$1Customizer> (0x00000000ef7d1590) 
thrown [s\src\hotspot\share\classfile\systemDictionary.cpp, line 313]
Event: 205.526 Thread 0x000001d3d8a2cbc0 Exception <a 'java/lang/ClassNotFoundException'{0x00000000ef604c78}: org/jetbrains/kotlin/gradle/targets/js/npm/DefaultDevNpmDependencyExtensionBeanInfo> (0x00000000ef604c78) 
thrown [s\src\hotspot\share\classfile\systemDictionary.cpp, line 313]
Event: 205.528 Thread 0x000001d3d8a2cbc0 Exception <a 'java/lang/ClassNotFoundException'{0x00000000ef60b440}: org/jetbrains/kotlin/gradle/targets/js/npm/DefaultDevNpmDependencyExtensionCustomizer> (0x00000000ef60b440) 
thrown [s\src\hotspot\share\classfile\systemDictionary.cpp, line 313]
Event: 205.552 Thread 0x000001d3d8a2cbc0 Exception <a 'java/lang/ClassNotFoundException'{0x00000000ef647450}: org/jetbrains/kotlin/gradle/targets/js/npm/DefaultPeerNpmDependencyExtensionBeanInfo> (0x00000000ef647450) 
thrown [s\src\hotspot\share\classfile\systemDictionary.cpp, line 313]
Event: 205.555 Thread 0x000001d3d8a2cbc0 Exception <a 'java/lang/ClassNotFoundException'{0x00000000ef64dc20}: org/jetbrains/kotlin/gradle/targets/js/npm/DefaultPeerNpmDependencyExtensionCustomizer> (0x00000000ef64dc20) 
thrown [s\src\hotspot\share\classfile\systemDictionary.cpp, line 313]
Event: 205.564 Thread 0x000001d3d8a2cbc0 Exception <a 'java/lang/ClassNotFoundException'{0x00000000ef692de0}: org/jetbrains/kotlin/gradle/targets/js/npm/DefaultPeerNpmDependencyExtension$delegate$1BeanInfo> (0x00000000ef692de0) 
thrown [s\src\hotspot\share\classfile\systemDictionary.cpp, line 313]
Event: 205.565 Thread 0x000001d3d8a2cbc0 Exception <a 'java/lang/ClassNotFoundException'{0x00000000ef699938}: org/jetbrains/kotlin/gradle/targets/js/npm/DefaultPeerNpmDependencyExtension$delegate$1Customizer> (0x00000000ef699938) 
thrown [s\src\hotspot\share\classfile\systemDictionary.cpp, line 313]

ZGC Phase Switch (0 events):
No events

VM Operations (20 events):
Event: 204.321 Executing safepoint VM operation: CollectForMetadataAllocation (Metadata GC Threshold)
Event: 204.322 Executing safepoint VM operation: CollectForMetadataAllocation (Metadata GC Threshold) done
Event: 205.096 Executing safepoint VM operation: CollectForMetadataAllocation (Metadata GC Threshold)
Event: 205.098 Executing safepoint VM operation: CollectForMetadataAllocation (Metadata GC Threshold) done
Event: 205.877 Executing safepoint VM operation: CollectForMetadataAllocation (Metadata GC Threshold)
Event: 205.878 Executing safepoint VM operation: CollectForMetadataAllocation (Metadata GC Threshold) done
Event: 206.330 Executing safepoint VM operation: CollectForMetadataAllocation (Metadata GC Threshold)
Event: 206.331 Executing safepoint VM operation: CollectForMetadataAllocation (Metadata GC Threshold) done
Event: 206.336 Executing safepoint VM operation: G1PauseRemark
Event: 206.825 Executing safepoint VM operation: G1PauseRemark done
Event: 206.923 Executing safepoint VM operation: G1PauseCleanup
Event: 206.924 Executing safepoint VM operation: G1PauseCleanup done
Event: 207.927 Executing safepoint VM operation: Cleanup
Event: 207.928 Executing safepoint VM operation: Cleanup done
Event: 208.935 Executing safepoint VM operation: Cleanup
Event: 208.951 Executing safepoint VM operation: Cleanup done
Event: 209.963 Executing safepoint VM operation: Cleanup
Event: 209.963 Executing safepoint VM operation: Cleanup done
Event: 210.978 Executing safepoint VM operation: Cleanup
Event: 210.978 Executing safepoint VM operation: Cleanup done

Memory protections (0 events):
No events

Nmethod flushes (20 events):
Event: 206.793 Thread 0x000001d3be7f7630 flushing  nmethod 0x000001d3ad1ed690
Event: 206.793 Thread 0x000001d3be7f7630 flushing  nmethod 0x000001d3ad1eda90
Event: 206.793 Thread 0x000001d3be7f7630 flushing  nmethod 0x000001d3ad1edf10
Event: 206.793 Thread 0x000001d3be7f7630 flushing  nmethod 0x000001d3ad1ee390
Event: 206.793 Thread 0x000001d3be7f7630 flushing  nmethod 0x000001d3ad1eec90
Event: 206.793 Thread 0x000001d3be7f7630 flushing  nmethod 0x000001d3ad1eff10
Event: 206.793 Thread 0x000001d3be7f7630 flushing  nmethod 0x000001d3ad1f0490
Event: 206.793 Thread 0x000001d3be7f7630 flushing  nmethod 0x000001d3ad1f0990
Event: 206.793 Thread 0x000001d3be7f7630 flushing  nmethod 0x000001d3ad1f0e10
Event: 206.793 Thread 0x000001d3be7f7630 flushing  nmethod 0x000001d3ad1f1710
Event: 206.793 Thread 0x000001d3be7f7630 flushing  nmethod 0x000001d3ad250b90
Event: 206.793 Thread 0x000001d3be7f7630 flushing  nmethod 0x000001d3ad25cf10
Event: 206.793 Thread 0x000001d3be7f7630 flushing  nmethod 0x000001d3ad27a310
Event: 206.793 Thread 0x000001d3be7f7630 flushing  nmethod 0x000001d3ad281390
Event: 206.793 Thread 0x000001d3be7f7630 flushing  nmethod 0x000001d3ad2e6d90
Event: 206.793 Thread 0x000001d3be7f7630 flushing  nmethod 0x000001d3ad378e10
Event: 206.793 Thread 0x000001d3be7f7630 flushing  nmethod 0x000001d3ad37a810
Event: 206.793 Thread 0x000001d3be7f7630 flushing  nmethod 0x000001d3ad37ac90
Event: 206.794 Thread 0x000001d3be7f7630 flushing  nmethod 0x000001d3ad380790
Event: 206.794 Thread 0x000001d3be7f7630 flushing  nmethod 0x000001d3ad3e1610

Events (20 events):
Event: 209.891 Thread 0x000001d3dc568680 Thread exited: 0x000001d3dc568680
Event: 209.891 Thread 0x000001d3dc56bb00 Thread exited: 0x000001d3dc56bb00
Event: 209.891 Thread 0x000001d3dc82f730 Thread exited: 0x000001d3dc82f730
Event: 209.892 Thread 0x000001d3dc56ceb0 Thread exited: 0x000001d3dc56ceb0
Event: 209.892 Thread 0x000001d3dc833240 Thread exited: 0x000001d3dc833240
Event: 209.892 Thread 0x000001d3dc56c190 Thread exited: 0x000001d3dc56c190
Event: 209.892 Thread 0x000001d3dc56dbd0 Thread exited: 0x000001d3dc56dbd0
Event: 209.902 Thread 0x000001d3dc5665b0 Thread exited: 0x000001d3dc5665b0
Event: 209.903 Thread 0x000001d3dc5693a0 Thread exited: 0x000001d3dc5693a0
Event: 209.918 Thread 0x000001d3dc5672d0 Thread exited: 0x000001d3dc5672d0
Event: 209.938 Thread 0x000001d3dc566c40 Thread exited: 0x000001d3dc566c40
Event: 210.263 Thread 0x000001d3dc569a30 Thread exited: 0x000001d3dc569a30
Event: 211.412 Thread 0x000001d3d8970740 Thread added: 0x000001d3be930ac0
Event: 211.460 Thread 0x000001d3d8970740 Thread added: 0x000001d3be931150
Event: 211.472 Thread 0x000001d3d8a2cbc0 Thread added: 0x000001d3be934c60
Event: 211.478 Thread 0x000001d3d8a2cbc0 Thread added: 0x000001d3be931e70
Event: 211.479 Thread 0x000001d3d8a2cbc0 Thread added: 0x000001d3be936010
Event: 211.551 Thread 0x000001d3d8a2cbc0 Thread added: 0x000001d3dc5693a0
Event: 211.997 Thread 0x000001d3d8a2cbc0 Thread added: 0x000001d3dc568680
Event: 212.310 Thread 0x000001d3d8a2cbc0 Thread added: 0x000001d3dc567ff0


Dynamic libraries:
0x00007ff76c8f0000 - 0x00007ff76c8fe000 	C:\Users\AFIS\.antigravity-ide\extensions\redhat.java-1.55.0-win32-x64\jre\21.0.11-win32-x86_64\bin\java.exe
0x00007ffb7d780000 - 0x00007ffb7d9e6000 	C:\WINDOWS\SYSTEM32\ntdll.dll
0x00007ffb7bd30000 - 0x00007ffb7bdf9000 	C:\WINDOWS\System32\KERNEL32.DLL
0x00007ffb7a9a0000 - 0x00007ffb7ad9e000 	C:\WINDOWS\System32\KERNELBASE.dll
0x00007ffb7b0e0000 - 0x00007ffb7b22c000 	C:\WINDOWS\System32\ucrtbase.dll
0x00007ffb613d0000 - 0x00007ffb613e8000 	C:\Users\AFIS\.antigravity-ide\extensions\redhat.java-1.55.0-win32-x64\jre\21.0.11-win32-x86_64\bin\jli.dll
0x00007ffb7d0e0000 - 0x00007ffb7d2a7000 	C:\WINDOWS\System32\USER32.dll
0x00007ffb7b480000 - 0x00007ffb7b4a7000 	C:\WINDOWS\System32\win32u.dll
0x00007ffb7ca30000 - 0x00007ffb7ca5b000 	C:\WINDOWS\System32\GDI32.dll
0x00007ffb7af20000 - 0x00007ffb7b04a000 	C:\WINDOWS\System32\gdi32full.dll
0x00007ffb7adb0000 - 0x00007ffb7ae53000 	C:\WINDOWS\System32\msvcp_win.dll
0x00007ffb5d6a0000 - 0x00007ffb5d932000 	C:\WINDOWS\WinSxS\amd64_microsoft.windows.common-controls_6595b64144ccf1df_6.0.26100.8875_none_3e0d5d42e32fe9dd\COMCTL32.dll
0x00007ffb61020000 - 0x00007ffb6103e000 	C:\Users\AFIS\.antigravity-ide\extensions\redhat.java-1.55.0-win32-x64\jre\21.0.11-win32-x86_64\bin\VCRUNTIME140.dll
0x00007ffb7cf00000 - 0x00007ffb7cfa9000 	C:\WINDOWS\System32\msvcrt.dll
0x00007ffb7b5e0000 - 0x00007ffb7b612000 	C:\WINDOWS\System32\IMM32.DLL
0x00007ffb74920000 - 0x00007ffb7492c000 	C:\Users\AFIS\.antigravity-ide\extensions\redhat.java-1.55.0-win32-x64\jre\21.0.11-win32-x86_64\bin\vcruntime140_1.dll
0x00007ffb4fcd0000 - 0x00007ffb4fd5d000 	C:\Users\AFIS\.antigravity-ide\extensions\redhat.java-1.55.0-win32-x64\jre\21.0.11-win32-x86_64\bin\msvcp140.dll
0x00007ffaca560000 - 0x00007ffacb302000 	C:\Users\AFIS\.antigravity-ide\extensions\redhat.java-1.55.0-win32-x64\jre\21.0.11-win32-x86_64\bin\server\jvm.dll
0x00007ffb7b6f0000 - 0x00007ffb7b7a7000 	C:\WINDOWS\System32\ADVAPI32.dll
0x00007ffb7b620000 - 0x00007ffb7b6ca000 	C:\WINDOWS\System32\sechost.dll
0x00007ffb7ccd0000 - 0x00007ffb7cde8000 	C:\WINDOWS\System32\RPCRT4.dll
0x00007ffb7cdf0000 - 0x00007ffb7ce70000 	C:\WINDOWS\System32\WS2_32.dll
0x00007ffb7a820000 - 0x00007ffb7a87e000 	C:\WINDOWS\SYSTEM32\POWRPROF.dll
0x00007ffb6fe90000 - 0x00007ffb6fec6000 	C:\WINDOWS\SYSTEM32\WINMM.dll
0x00007ffb69480000 - 0x00007ffb6948b000 	C:\WINDOWS\SYSTEM32\VERSION.dll
0x00007ffb7a800000 - 0x00007ffb7a814000 	C:\WINDOWS\SYSTEM32\UMPDC.dll
0x00007ffb79660000 - 0x00007ffb7967b000 	C:\WINDOWS\SYSTEM32\kernel.appcore.dll
0x00007ffb748b0000 - 0x00007ffb748ba000 	C:\Users\AFIS\.antigravity-ide\extensions\redhat.java-1.55.0-win32-x64\jre\21.0.11-win32-x86_64\bin\jimage.dll
0x00007ffb780d0000 - 0x00007ffb78312000 	C:\WINDOWS\SYSTEM32\DBGHELP.DLL
0x00007ffb7b7b0000 - 0x00007ffb7bb33000 	C:\WINDOWS\System32\combase.dll
0x00007ffb7d000000 - 0x00007ffb7d0d9000 	C:\WINDOWS\System32\OLEAUT32.dll
0x00007ffb60e10000 - 0x00007ffb60e4b000 	C:\WINDOWS\SYSTEM32\dbgcore.DLL
0x00007ffb7b240000 - 0x00007ffb7b2ec000 	C:\WINDOWS\System32\bcryptPrimitives.dll
0x00007ffb72390000 - 0x00007ffb7239f000 	C:\Users\AFIS\.antigravity-ide\extensions\redhat.java-1.55.0-win32-x64\jre\21.0.11-win32-x86_64\bin\instrument.dll
0x00007ffb68270000 - 0x00007ffb68290000 	C:\Users\AFIS\.antigravity-ide\extensions\redhat.java-1.55.0-win32-x64\jre\21.0.11-win32-x86_64\bin\java.dll
0x00007ffb7bff0000 - 0x00007ffb7c782000 	C:\WINDOWS\System32\SHELL32.dll
0x00007ffb78400000 - 0x00007ffb78c92000 	C:\WINDOWS\SYSTEM32\windows.storage.dll
0x00007ffb7c790000 - 0x00007ffb7c887000 	C:\WINDOWS\System32\SHCORE.dll
0x00007ffb7b4b0000 - 0x00007ffb7b517000 	C:\WINDOWS\System32\shlwapi.dll
0x00007ffb7a8c0000 - 0x00007ffb7a8e9000 	C:\WINDOWS\SYSTEM32\profapi.dll
0x00007ffb61060000 - 0x00007ffb61078000 	C:\Users\AFIS\.antigravity-ide\extensions\redhat.java-1.55.0-win32-x64\jre\21.0.11-win32-x86_64\bin\zip.dll
0x00007ffb6b0a0000 - 0x00007ffb6b0b0000 	C:\Users\AFIS\.antigravity-ide\extensions\redhat.java-1.55.0-win32-x64\jre\21.0.11-win32-x86_64\bin\net.dll
0x00007ffb6fd60000 - 0x00007ffb6fe87000 	C:\WINDOWS\SYSTEM32\WINHTTP.dll
0x00007ffb79c30000 - 0x00007ffb79c9c000 	C:\WINDOWS\system32\mswsock.dll
0x00007ffb61040000 - 0x00007ffb61056000 	C:\Users\AFIS\.antigravity-ide\extensions\redhat.java-1.55.0-win32-x64\jre\21.0.11-win32-x86_64\bin\nio.dll
0x00007ffb69cf0000 - 0x00007ffb69d00000 	C:\Users\AFIS\.antigravity-ide\extensions\redhat.java-1.55.0-win32-x64\jre\21.0.11-win32-x86_64\bin\verify.dll
0x00007ffb5bf20000 - 0x00007ffb5bf47000 	C:\Users\AFIS\.gradle\native\c067742578af261105cb4f569cf0c3c89f3d7b1fecec35dd04571415982c5e48\windows-amd64\native-platform.dll
0x00007ffaf3d00000 - 0x00007ffaf3e44000 	C:\Users\AFIS\.gradle\native\100fb08df4bc3b14c8652ba06237920a3bd2aa13389f12d3474272988ae205f9\windows-amd64\native-platform-file-events.dll
0x00007ffb64fb0000 - 0x00007ffb64fba000 	C:\Users\AFIS\.antigravity-ide\extensions\redhat.java-1.55.0-win32-x64\jre\21.0.11-win32-x86_64\bin\management.dll
0x00007ffb613a0000 - 0x00007ffb613ac000 	C:\Users\AFIS\.antigravity-ide\extensions\redhat.java-1.55.0-win32-x64\jre\21.0.11-win32-x86_64\bin\management_ext.dll
0x00007ffb7bfe0000 - 0x00007ffb7bfe8000 	C:\WINDOWS\System32\PSAPI.DLL
0x00007ffb79f30000 - 0x00007ffb79f4b000 	C:\WINDOWS\SYSTEM32\CRYPTSP.dll
0x00007ffb795c0000 - 0x00007ffb795f9000 	C:\WINDOWS\system32\rsaenh.dll
0x00007ffb79cf0000 - 0x00007ffb79d22000 	C:\WINDOWS\SYSTEM32\USERENV.dll
0x00007ffb7a890000 - 0x00007ffb7a8ba000 	C:\WINDOWS\SYSTEM32\bcrypt.dll
0x00007ffb79f50000 - 0x00007ffb79f5c000 	C:\WINDOWS\SYSTEM32\CRYPTBASE.dll
0x00007ffb79000000 - 0x00007ffb79033000 	C:\WINDOWS\SYSTEM32\IPHLPAPI.DLL
0x00007ffb7ccb0000 - 0x00007ffb7ccba000 	C:\WINDOWS\System32\NSI.dll
0x00007ffb61330000 - 0x00007ffb61339000 	C:\Users\AFIS\.antigravity-ide\extensions\redhat.java-1.55.0-win32-x64\jre\21.0.11-win32-x86_64\bin\extnet.dll
0x00007ffb61320000 - 0x00007ffb6132e000 	C:\Users\AFIS\.antigravity-ide\extensions\redhat.java-1.55.0-win32-x64\jre\21.0.11-win32-x86_64\bin\sunmscapi.dll
0x00007ffb7b300000 - 0x00007ffb7b478000 	C:\WINDOWS\System32\CRYPT32.dll
0x00007ffb7a170000 - 0x00007ffb7a1a0000 	C:\WINDOWS\SYSTEM32\ncrypt.dll
0x00007ffb7a120000 - 0x00007ffb7a15f000 	C:\WINDOWS\SYSTEM32\NTASN1.dll
0x00007ffb13320000 - 0x00007ffb13328000 	C:\WINDOWS\system32\wshunix.dll
0x00007ffb79090000 - 0x00007ffb791e6000 	C:\WINDOWS\SYSTEM32\DNSAPI.dll
0x00007ffb79a30000 - 0x00007ffb79a3d000 	C:\WINDOWS\SYSTEM32\DSPARSE.dll
0x00007ffb694b0000 - 0x00007ffb694bb000 	C:\Windows\System32\rasadhlp.dll
0x00007ffb71e80000 - 0x00007ffb71f06000 	C:\WINDOWS\System32\fwpuclnt.dll

JVMTI agents:
C:\Users\AFIS\.gradle\wrapper\dists\gradle-8.9-bin\90cnw93cvbtalezasaz0blq0a\gradle-8.9\lib\agents\gradle-instrumentation-agent-8.9.jar path:C:\Users\AFIS\.antigravity-ide\extensions\redhat.java-1.55.0-win32-x64\jre\21.0.11-win32-x86_64\bin\instrument.dll, loaded, initialized, instrumentlib options:none

dbghelp: loaded successfully - version: 4.0.5 - missing functions: none
symbol engine: initialized successfully - sym options: 0x614 - pdb path: .;C:\Users\AFIS\.antigravity-ide\extensions\redhat.java-1.55.0-win32-x64\jre\21.0.11-win32-x86_64\bin;C:\WINDOWS\SYSTEM32;C:\WINDOWS\WinSxS\amd64_microsoft.windows.common-controls_6595b64144ccf1df_6.0.26100.8875_none_3e0d5d42e32fe9dd;C:\Users\AFIS\.antigravity-ide\extensions\redhat.java-1.55.0-win32-x64\jre\21.0.11-win32-x86_64\bin\server;C:\Users\AFIS\.gradle\native\c067742578af261105cb4f569cf0c3c89f3d7b1fecec35dd04571415982c5e48\windows-amd64;C:\Users\AFIS\.gradle\native\100fb08df4bc3b14c8652ba06237920a3bd2aa13389f12d3474272988ae205f9\windows-amd64

VM Arguments:
jvm_args: --add-opens=java.base/java.util=ALL-UNNAMED --add-opens=java.base/java.lang=ALL-UNNAMED --add-opens=java.base/java.lang.invoke=ALL-UNNAMED --add-opens=java.prefs/java.util.prefs=ALL-UNNAMED --add-exports=jdk.compiler/com.sun.tools.javac.api=ALL-UNNAMED --add-exports=jdk.compiler/com.sun.tools.javac.util=ALL-UNNAMED --add-opens=java.base/java.nio.charset=ALL-UNNAMED --add-opens=java.base/java.net=ALL-UNNAMED --add-opens=java.base/java.util.concurrent.atomic=ALL-UNNAMED -XX:MaxMetaspaceSize=384m -XX:+HeapDumpOnOutOfMemoryError -Xms256m -Xmx512m -Dfile.encoding=utf8 -Duser.country=IN -Duser.language=en -Duser.variant -javaagent:C:\Users\AFIS\.gradle\wrapper\dists\gradle-8.9-bin\90cnw93cvbtalezasaz0blq0a\gradle-8.9\lib\agents\gradle-instrumentation-agent-8.9.jar 
java_command: org.gradle.launcher.daemon.bootstrap.GradleDaemon 8.9
java_class_path (initial): C:\Users\AFIS\.gradle\wrapper\dists\gradle-8.9-bin\90cnw93cvbtalezasaz0blq0a\gradle-8.9\lib\gradle-daemon-main-8.9.jar
Launcher Type: SUN_STANDARD

[Global flags]
     intx CICompilerCount                          = 3                                         {product} {ergonomic}
   size_t CompressedClassSpaceSize                 = 335544320                                 {product} {ergonomic}
     uint ConcGCThreads                            = 1                                         {product} {ergonomic}
     uint G1ConcRefinementThreads                  = 4                                         {product} {ergonomic}
   size_t G1HeapRegionSize                         = 1048576                                   {product} {ergonomic}
    uintx GCDrainStackTargetSize                   = 64                                        {product} {ergonomic}
     bool HeapDumpOnOutOfMemoryError               = true                                   {manageable} {command line}
   size_t InitialHeapSize                          = 268435456                                 {product} {command line}
   size_t MarkStackSize                            = 4194304                                   {product} {ergonomic}
   size_t MaxHeapSize                              = 536870912                                 {product} {command line}
   size_t MaxMetaspaceSize                         = 402653184                                 {product} {command line}
   size_t MaxNewSize                               = 321912832                                 {product} {ergonomic}
   size_t MinHeapDeltaBytes                        = 1048576                                   {product} {ergonomic}
   size_t MinHeapSize                              = 268435456                                 {product} {command line}
    uintx NonNMethodCodeHeapSize                   = 5832780                                {pd product} {ergonomic}
    uintx NonProfiledCodeHeapSize                  = 122912730                              {pd product} {ergonomic}
    uintx ProfiledCodeHeapSize                     = 122912730                              {pd product} {ergonomic}
    uintx ReservedCodeCacheSize                    = 251658240                              {pd product} {ergonomic}
     bool SegmentedCodeCache                       = true                                      {product} {ergonomic}
   size_t SoftMaxHeapSize                          = 536870912                              {manageable} {ergonomic}
     bool UseCompressedOops                        = true                           {product lp64_product} {ergonomic}
     bool UseG1GC                                  = true                                      {product} {ergonomic}
     bool UseLargePagesIndividualAllocation        = false                                  {pd product} {ergonomic}

Logging:
Log output configuration:
 #0: stdout all=warning uptime,level,tags foldmultilines=false
 #1: stderr all=off uptime,level,tags foldmultilines=false

Release file:
JAVA_VERSION="21.0.11" 
MODULES="java.base java.compiler java.datatransfer java.xml java.prefs java.desktop java.instrument java.logging java.management java.security.sasl java.naming java.rmi java.management.rmi java.net.http java.scripting java.security.jgss java.transaction.xa java.sql java.sql.rowset java.xml.crypto java.se java.smartcardio jdk.accessibility jdk.internal.jvmstat jdk.attach jdk.charsets jdk.internal.opt jdk.zipfs jdk.compiler jdk.crypto.ec jdk.crypto.cryptoki jdk.crypto.mscapi jdk.dynalink jdk.internal.ed jdk.editpad jdk.hotspot.agent jdk.httpserver jdk.internal.le jdk.internal.vm.ci jdk.internal.vm.compiler jdk.internal.vm.compiler.management jdk.jartool jdk.javadoc jdk.jcmd jdk.management jdk.management.agent jdk.jconsole jdk.jdeps jdk.jdwp.agent jdk.jdi jdk.jfr jdk.jshell jdk.jsobject jdk.jstatd jdk.localedata jdk.management.jfr jdk.naming.dns jdk.naming.rmi jdk.net jdk.nio.mapmode jdk.random jdk.sctp jdk.security.auth jdk.security.jgss jdk.unsupported jdk.unsupported.desktop jdk.xml.dom" 

Environment Variables:
JAVA_HOME=C:\Program Files\Eclipse Adoptium\jdk-17.0.18.8-hotspot
PATH=C:\Program Files\Eclipse Adoptium\jdk-17.0.18.8-hotspot\bin;C:\Program Files (x86)\VMware\VMware Workstation\bin\;C:\WINDOWS\system32;C:\WINDOWS;C:\WINDOWS\System32\Wbem;C:\WINDOWS\System32\WindowsPowerShell\v1.0\;C:\WINDOWS\System32\OpenSSH\;C:\Users\AFIS\AppData\Local\Android\Sdk;C:\Program Files\Git\cmd;C:\Program Files\php-8.3.4-Win32-vs16-x64;C:\Program Files\MySQL\MySQL Server 9.0\bin;C:\Program Files\Amazon\AWSCLIV2\;C:\Users\AFIS\Desktop\Flutter\flutter\bin;C:\Program Files\cursor\resources\app\bin;C:\Program Files\SQL Anywhere 17\bin64;C:\Program Files\SQL Anywhere 17\bin32;C:\Users\AFIS\AppData\Local\nvm;C:\nvm4w\nodejs;C:\Users\AFIS\AppData\Local\Programs\Python\Python313\Scripts\;C:\Users\AFIS\AppData\Local\Programs\Python\Python313\;C:\Users\AFIS\AppData\Local\Programs\Python\Launcher\;C:\Users\AFIS\AppData\Local\Microsoft\WindowsApps;C:\Users\AFIS\AppData\Local\Programs\Microsoft VS Code\bin;C:\Users\AFIS\AppData\Local\Android\Sdk;C:\Users\AFIS\AppData\Local\GitHubDesktop\bin;C:\Users\AFIS\Desktop\Flutter\flutter\bin;C:\Users\AFIS\AppData\Roaming\npm;C:\Users\AFIS\AppData\Local\Programs\Antigravity\bin;C:\Users\AFIS\AppData\Local\Android\Sdk\platform-tools;C:\Users\AFIS\AppData\Local\Programs\Antigravity IDE\bin;C:\Users\AFIS\AppData\Local\Programs\Kiro\bin;C:\Users\AFIS\AppData\Local\nvm;C:\nvm4w\nodejs
USERNAME=AFIS
OS=Windows_NT
PROCESSOR_IDENTIFIER=Intel64 Family 6 Model 140 Stepping 1, GenuineIntel
TMP=C:\Users\AFIS\AppData\Local\Temp
TEMP=C:\Users\AFIS\AppData\Local\Temp




Periodic native trim disabled

---------------  S Y S T E M  ---------------

OS:
 Windows 11 , 64 bit Build 26100 (10.0.26100.8875)
OS uptime: 6 days 6:50 hours
Hyper-V role detected

CPU: total 4 (initial active 4) (2 cores per cpu, 2 threads per core) family 6 model 140 stepping 1 microcode 0xb4, cx8, cmov, fxsr, ht, mmx, 3dnowpref, sse, sse2, sse3, ssse3, sse4.1, sse4.2, popcnt, lzcnt, tsc, tscinvbit, avx, avx2, aes, erms, clmul, bmi1, bmi2, adx, avx512f, avx512dq, avx512cd, avx512bw, avx512vl, sha, fma, vzeroupper, avx512_vpopcntdq, avx512_vpclmulqdq, avx512_vaes, avx512_vnni, clflush, clflushopt, clwb, avx512_vbmi2, avx512_vbmi, hv, rdtscp, rdpid, fsrm, gfni, avx512_bitalg, f16c, cet_ibt, cet_ss, avx512_ifma
Processor Information for processor 0
  Max Mhz: 2901, Current Mhz: 2901, Mhz Limit: 2901
Processor Information for processor 1
  Max Mhz: 2901, Current Mhz: 2901, Mhz Limit: 2901
Processor Information for processor 2
  Max Mhz: 2901, Current Mhz: 1100, Mhz Limit: 2901
Processor Information for processor 3
  Max Mhz: 2901, Current Mhz: 2901, Mhz Limit: 2901

Memory: 4k page, system-wide physical 7834M (187M free)
TotalPageFile size 31386M (AvailPageFile size 1M)
current process WorkingSet (physical memory assigned to process): 318M, peak: 365M
current process commit charge ("private bytes"): 555M, peak: 558M

vm_info: OpenJDK 64-Bit Server VM (21.0.11+10-LTS) for windows-amd64 JRE (21.0.11+10-LTS), built on 2026-04-21T00:00:00Z by "admin" with MS VC++ 17.12 (VS2022)

END.
