#
# There is insufficient memory for the Java Runtime Environment to continue.
# Native memory allocation (mmap) failed to map 115343360 bytes. Error detail: G1 virtual space
# Possible reasons:
#   The system is out of physical RAM or swap space
#   This process is running with CompressedOops enabled, and the Java Heap may be blocking the growth of the native heap
# Possible solutions:
#   Reduce memory load on the system
#   Increase physical memory or swap space
#   Check if swap backing store is full
#   Decrease Java heap size (-Xmx/-Xms)
#   Decrease number of Java threads
#   Decrease Java thread stack sizes (-Xss)
#   Set larger code cache with -XX:ReservedCodeCacheSize=
#   JVM is running with Unscaled Compressed Oops mode in which the Java heap is
#     placed in the first 4GB address space. The Java Heap base address is the
#     maximum limit for the native heap growth. Please use -XX:HeapBaseMinAddress
#     to set the Java Heap base and to place the Java Heap above 4GB virtual address.
# This output file may be truncated or incomplete.
#
#  Out of Memory Error (os_windows.cpp:3714), pid=35264, tid=34868
#
# JRE version: OpenJDK Runtime Environment Temurin-21.0.11+10 (21.0.11+10) (build 21.0.11+10-LTS)
# Java VM: OpenJDK 64-Bit Server VM Temurin-21.0.11+10 (21.0.11+10-LTS, mixed mode, sharing, tiered, compressed oops, compressed class ptrs, g1 gc, windows-amd64)
# No core dump will be written. Minidumps are not enabled by default on client versions of Windows
#

---------------  S U M M A R Y ------------

Command Line: -XX:MaxMetaspaceSize=512m -XX:+HeapDumpOnOutOfMemoryError --add-opens=java.base/java.util=ALL-UNNAMED --add-opens=java.base/java.lang=ALL-UNNAMED --add-opens=java.base/java.lang.invoke=ALL-UNNAMED --add-opens=java.prefs/java.util.prefs=ALL-UNNAMED --add-exports=jdk.compiler/com.sun.tools.javac.api=ALL-UNNAMED --add-exports=jdk.compiler/com.sun.tools.javac.util=ALL-UNNAMED --add-opens=java.base/java.nio.charset=ALL-UNNAMED --add-opens=java.base/java.net=ALL-UNNAMED --add-opens=java.base/java.util.concurrent.atomic=ALL-UNNAMED -Xmx2048m -Dfile.encoding=UTF-8 -Duser.country=IN -Duser.language=en -Duser.variant -javaagent:C:\Users\AFIS\.gradle\wrapper\dists\gradle-8.9-bin\90cnw93cvbtalezasaz0blq0a\gradle-8.9\lib\agents\gradle-instrumentation-agent-8.9.jar org.gradle.launcher.daemon.bootstrap.GradleDaemon 8.9

Host: 11th Gen Intel(R) Core(TM) i3-1115G4 @ 3.00GHz, 4 cores, 7G,  Windows 11 , 64 bit Build 26100 (10.0.26100.8521)
Time: Mon Jun 29 10:06:33 2026 India Standard Time elapsed time: 57.882438 seconds (0d 0h 0m 57s)

---------------  T H R E A D  ---------------

Current thread (0x000001f5b2037ef0):  VMThread "VM Thread"          [id=34868, stack(0x0000008a59c00000,0x0000008a59d00000) (1024K)]

Stack: [0x0000008a59c00000,0x0000008a59d00000]
Native frames: (J=compiled Java code, j=interpreted, Vv=VM code, C=native code)
V  [jvm.dll+0x6d7e19]
V  [jvm.dll+0x8b5096]
V  [jvm.dll+0x8b764e]
V  [jvm.dll+0x8b7d33]
V  [jvm.dll+0x284596]
V  [jvm.dll+0x6d4735]
V  [jvm.dll+0x6c845a]
V  [jvm.dll+0x35ef08]
V  [jvm.dll+0x366b46]
V  [jvm.dll+0x3b7c2e]
V  [jvm.dll+0x3b7ed8]
V  [jvm.dll+0x33310c]
V  [jvm.dll+0x333197]
V  [jvm.dll+0x376f6c]
V  [jvm.dll+0x37570e]
V  [jvm.dll+0x332851]
V  [jvm.dll+0x374d7a]
V  [jvm.dll+0x8bda20]
V  [jvm.dll+0x8bed94]
V  [jvm.dll+0x8bf2c0]
V  [jvm.dll+0x8bf563]
V  [jvm.dll+0x85fb0d]
V  [jvm.dll+0x6d664d]
C  [ucrtbase.dll+0x2cd30]
C  [KERNEL32.DLL+0x2e957]
C  [ntdll.dll+0x87c1c]

VM_Operation (0x0000008a5c4fb620): G1CollectForAllocation, mode: safepoint, requested by thread 0x000001f5d37c1ef0


---------------  P R O C E S S  ---------------

Threads class SMR info:
_java_thread_list=0x000001f5d4790d50, length=41, elements={
0x000001f59b180340, 0x000001f5b205fd00, 0x000001f5b20612d0, 0x000001f5b20652b0,
0x000001f5b2065e40, 0x000001f5b2067170, 0x000001f5b20680b0, 0x000001f5b2068e40,
0x000001f5b206d210, 0x000001f5b22340d0, 0x000001f5b2288fb0, 0x000001f5d2c75520,
0x000001f5d2e71b60, 0x000001f5d2ee5140, 0x000001f5d2ef2e80, 0x000001f5d2ef34f0,
0x000001f5d2fb5530, 0x000001f5d2ff9500, 0x000001f5d2ff6710, 0x000001f5d2ff7ac0,
0x000001f5d2ff6da0, 0x000001f5d2ff7430, 0x000001f5d2ff6080, 0x000001f5d2ff8150,
0x000001f5d2ff8e70, 0x000001f5d37bbc80, 0x000001f5d37bc310, 0x000001f5d37bc9a0,
0x000001f5d37bd030, 0x000001f5d37bd6c0, 0x000001f5d37ba8d0, 0x000001f5d37bdd50,
0x000001f5d37baf60, 0x000001f5d37be3e0, 0x000001f5d37c1860, 0x000001f5d37c0b40,
0x000001f5d37bfe20, 0x000001f5d37bf100, 0x000001f5d37c1ef0, 0x000001f5d37bf790,
0x000001f5d21530f0
}

Java Threads: ( => current thread )
  0x000001f59b180340 JavaThread "main"                              [_thread_blocked, id=12676, stack(0x0000008a59500000,0x0000008a59600000) (1024K)]
  0x000001f5b205fd00 JavaThread "Reference Handler"          daemon [_thread_blocked, id=11952, stack(0x0000008a59d00000,0x0000008a59e00000) (1024K)]
  0x000001f5b20612d0 JavaThread "Finalizer"                  daemon [_thread_blocked, id=34932, stack(0x0000008a59e00000,0x0000008a59f00000) (1024K)]
  0x000001f5b20652b0 JavaThread "Signal Dispatcher"          daemon [_thread_blocked, id=24428, stack(0x0000008a59f00000,0x0000008a5a000000) (1024K)]
  0x000001f5b2065e40 JavaThread "Attach Listener"            daemon [_thread_blocked, id=27940, stack(0x0000008a5a000000,0x0000008a5a100000) (1024K)]
  0x000001f5b2067170 JavaThread "Service Thread"             daemon [_thread_blocked, id=26532, stack(0x0000008a5a100000,0x0000008a5a200000) (1024K)]
  0x000001f5b20680b0 JavaThread "Monitor Deflation Thread"   daemon [_thread_blocked, id=35256, stack(0x0000008a5a200000,0x0000008a5a300000) (1024K)]
  0x000001f5b2068e40 JavaThread "C2 CompilerThread0"         daemon [_thread_blocked, id=6776, stack(0x0000008a5a300000,0x0000008a5a400000) (1024K)]
  0x000001f5b206d210 JavaThread "C1 CompilerThread0"         daemon [_thread_blocked, id=24248, stack(0x0000008a5a400000,0x0000008a5a500000) (1024K)]
  0x000001f5b22340d0 JavaThread "Common-Cleaner"             daemon [_thread_blocked, id=36240, stack(0x0000008a5a500000,0x0000008a5a600000) (1024K)]
  0x000001f5b2288fb0 JavaThread "Notification Thread"        daemon [_thread_blocked, id=29512, stack(0x0000008a5a600000,0x0000008a5a700000) (1024K)]
  0x000001f5d2c75520 JavaThread "Daemon health stats"               [_thread_blocked, id=1504, stack(0x0000008a5ab00000,0x0000008a5ac00000) (1024K)]
  0x000001f5d2e71b60 JavaThread "Incoming local TCP Connector on port 60372"        [_thread_in_native, id=22988, stack(0x0000008a5ac00000,0x0000008a5ad00000) (1024K)]
  0x000001f5d2ee5140 JavaThread "Daemon periodic checks"            [_thread_blocked, id=17316, stack(0x0000008a5ad00000,0x0000008a5ae00000) (1024K)]
  0x000001f5d2ef2e80 JavaThread "Daemon"                            [_thread_blocked, id=29292, stack(0x0000008a5a900000,0x0000008a5aa00000) (1024K)]
  0x000001f5d2ef34f0 JavaThread "Handler for socket connection from /127.0.0.1:60372 to /127.0.0.1:60373"        [_thread_in_native, id=26832, stack(0x0000008a5ae00000,0x0000008a5af00000) (1024K)]
  0x000001f5d2fb5530 JavaThread "Cancel handler"                    [_thread_blocked, id=26984, stack(0x0000008a5af00000,0x0000008a5b000000) (1024K)]
  0x000001f5d2ff9500 JavaThread "Daemon worker"                     [_thread_blocked, id=19436, stack(0x0000008a5b000000,0x0000008a5b100000) (1024K)]
  0x000001f5d2ff6710 JavaThread "Asynchronous log dispatcher for DefaultDaemonConnection: socket connection from /127.0.0.1:60372 to /127.0.0.1:60373"        [_thread_blocked, id=8564, stack(0x0000008a5b100000,0x0000008a5b200000) (1024K)]
  0x000001f5d2ff7ac0 JavaThread "Stdin handler"                     [_thread_blocked, id=10308, stack(0x0000008a5b200000,0x0000008a5b300000) (1024K)]
  0x000001f5d2ff6da0 JavaThread "Daemon client event forwarder"        [_thread_blocked, id=7944, stack(0x0000008a5b300000,0x0000008a5b400000) (1024K)]
  0x000001f5d2ff7430 JavaThread "Cache worker for journal cache (C:\Users\AFIS\.gradle\caches\journal-1)"        [_thread_blocked, id=28232, stack(0x0000008a5b400000,0x0000008a5b500000) (1024K)]
  0x000001f5d2ff6080 JavaThread "File lock request listener"        [_thread_in_native, id=11148, stack(0x0000008a5b500000,0x0000008a5b600000) (1024K)]
  0x000001f5d2ff8150 JavaThread "Cache worker for file hash cache (C:\Users\AFIS\.gradle\caches\8.9\fileHashes)"        [_thread_blocked, id=36436, stack(0x0000008a5b600000,0x0000008a5b700000) (1024K)]
  0x000001f5d2ff8e70 JavaThread "Cache worker for file hash cache (C:\Users\AFIS\Desktop\ReactNativeIMC\MeloneLite\node_modules\react-native-gesture-handler\android\.gradle\8.9\fileHashes)"        [_thread_blocked, id=5608, stack(0x0000008a5b700000,0x0000008a5b800000) (1024K)]
  0x000001f5d37bbc80 JavaThread "Cache worker for Build Output Cleanup Cache (C:\Users\AFIS\Desktop\ReactNativeIMC\MeloneLite\node_modules\react-native-gesture-handler\android\.gradle\buildOutputCleanup)"        [_thread_blocked, id=33088, stack(0x0000008a5b800000,0x0000008a5b900000) (1024K)]
  0x000001f5d37bc310 JavaThread "File watcher server"        daemon [_thread_in_native, id=16928, stack(0x0000008a5b900000,0x0000008a5ba00000) (1024K)]
  0x000001f5d37bc9a0 JavaThread "File watcher consumer"      daemon [_thread_blocked, id=12436, stack(0x0000008a5ba00000,0x0000008a5bb00000) (1024K)]
  0x000001f5d37bd030 JavaThread "Cache worker for checksums cache (C:\Users\AFIS\Desktop\ReactNativeIMC\MeloneLite\node_modules\react-native-gesture-handler\android\.gradle\8.9\checksums)"        [_thread_blocked, id=25568, stack(0x0000008a5bb00000,0x0000008a5bc00000) (1024K)]
  0x000001f5d37bd6c0 JavaThread "Cache worker for file content cache (C:\Users\AFIS\.gradle\caches\8.9\fileContent)"        [_thread_blocked, id=36312, stack(0x0000008a5bc00000,0x0000008a5bd00000) (1024K)]
  0x000001f5d37ba8d0 JavaThread "Cache worker for cache directory md-rule (C:\Users\AFIS\.gradle\caches\8.9\md-rule)"        [_thread_blocked, id=34952, stack(0x0000008a5bd00000,0x0000008a5be00000) (1024K)]
  0x000001f5d37bdd50 JavaThread "Cache worker for cache directory md-supplier (C:\Users\AFIS\.gradle\caches\8.9\md-supplier)"        [_thread_blocked, id=32344, stack(0x0000008a5be00000,0x0000008a5bf00000) (1024K)]
  0x000001f5d37baf60 JavaThread "jar transforms"                    [_thread_blocked, id=23444, stack(0x0000008a5bf00000,0x0000008a5c000000) (1024K)]
  0x000001f5d37be3e0 JavaThread "jar transforms Thread 2"           [_thread_blocked, id=21660, stack(0x0000008a5c000000,0x0000008a5c100000) (1024K)]
  0x000001f5d37c1860 JavaThread "jar transforms Thread 3"           [_thread_blocked, id=3768, stack(0x0000008a5c100000,0x0000008a5c200000) (1024K)]
  0x000001f5d37c0b40 JavaThread "Unconstrained build operations"        [_thread_blocked, id=8256, stack(0x0000008a59300000,0x0000008a59400000) (1024K)]
  0x000001f5d37bfe20 JavaThread "Unconstrained build operations Thread 2"        [_thread_blocked, id=28532, stack(0x0000008a5c200000,0x0000008a5c300000) (1024K)]
  0x000001f5d37bf100 JavaThread "Unconstrained build operations Thread 3"        [_thread_blocked, id=31048, stack(0x0000008a5c300000,0x0000008a5c400000) (1024K)]
  0x000001f5d37c1ef0 JavaThread "Unconstrained build operations Thread 4"        [_thread_blocked, id=17376, stack(0x0000008a5c400000,0x0000008a5c500000) (1024K)]
  0x000001f5d37bf790 JavaThread "Unconstrained build operations Thread 5"        [_thread_blocked, id=35196, stack(0x0000008a5c600000,0x0000008a5c700000) (1024K)]
  0x000001f5d21530f0 JavaThread "Unconstrained build operations Thread 6"        [_thread_blocked, id=10016, stack(0x0000008a5c700000,0x0000008a5c800000) (1024K)]
Total: 41

Other Threads:
=>0x000001f5b2037ef0 VMThread "VM Thread"                           [id=34868, stack(0x0000008a59c00000,0x0000008a59d00000) (1024K)]
  0x000001f5b2025e10 WatcherThread "VM Periodic Task Thread"        [id=28456, stack(0x0000008a59b00000,0x0000008a59c00000) (1024K)]
  0x000001f59b1d7220 WorkerThread "GC Thread#0"                     [id=34820, stack(0x0000008a59600000,0x0000008a59700000) (1024K)]
  0x000001f5b23756c0 WorkerThread "GC Thread#1"                     [id=21324, stack(0x0000008a5a700000,0x0000008a5a800000) (1024K)]
  0x000001f5b23a2080 WorkerThread "GC Thread#2"                     [id=29312, stack(0x0000008a5a800000,0x0000008a5a900000) (1024K)]
  0x000001f5d234e350 WorkerThread "GC Thread#3"                     [id=14168, stack(0x0000008a5aa00000,0x0000008a5ab00000) (1024K)]
  0x000001f59b1e8120 ConcurrentGCThread "G1 Main Marker"            [id=5380, stack(0x0000008a59700000,0x0000008a59800000) (1024K)]
  0x000001f59b1e9350 WorkerThread "G1 Conc#0"                       [id=31376, stack(0x0000008a59800000,0x0000008a59900000) (1024K)]
  0x000001f5b1ef64f0 ConcurrentGCThread "G1 Refine#0"               [id=29792, stack(0x0000008a59900000,0x0000008a59a00000) (1024K)]
  0x000001f59b23dcb0 ConcurrentGCThread "G1 Service"                [id=33992, stack(0x0000008a59a00000,0x0000008a59b00000) (1024K)]
Total: 10

Threads with active compile tasks:
Total: 0

VM state: at safepoint (normal execution)

VM Mutex/Monitor currently owned by a thread:  ([mutex/lock_event])
[0x00007ffc2104f570] Threads_lock - owner thread: 0x000001f5b2037ef0
[0x00007ffc2104f670] Heap_lock - owner thread: 0x000001f5d37c1ef0

Heap address: 0x0000000080000000, size: 2048 MB, Compressed Oops mode: 32-bit

CDS archive(s) mapped at: [0x000001f5b3000000-0x000001f5b3ba0000-0x000001f5b3ba0000), size 12189696, SharedBaseAddress: 0x000001f5b3000000, ArchiveRelocationMode: 1.
Compressed class space mapped at: 0x000001f5b4000000-0x000001f5ce000000, reserved size: 436207616
Narrow klass base: 0x000001f5b3000000, Narrow klass shift: 0, Narrow klass range: 0x100000000

GC Precious Log:
 CardTable entry size: 512
 Card Set container configuration: InlinePtr #cards 5 size 8 Array Of Cards #cards 12 size 40 Howl #buckets 4 coarsen threshold 1843 Howl Bitmap #cards 512 size 80 coarsen threshold 460 Card regions per heap region 1 cards per card region 2048
 CPUs: 4 total, 4 available
 Memory: 7834M
 Large Page Support: Disabled
 NUMA Support: Disabled
 Compressed Oops: Enabled (32-bit)
 Heap Region Size: 1M
 Heap Min Capacity: 8M
 Heap Initial Capacity: 124M
 Heap Max Capacity: 2G
 Pre-touch: Disabled
 Parallel Workers: 4
 Concurrent Workers: 1
 Concurrent Refinement Workers: 4
 Periodic GC: Disabled

Heap:
 garbage-first heap   total 199680K, used 102587K [0x0000000080000000, 0x0000000100000000)
  region size 1024K, 12 young (12288K), 12 survivors (12288K)
 Metaspace       used 63233K, committed 64896K, reserved 491520K
  class space    used 8904K, committed 9728K, reserved 425984K

Heap Regions: E=young(eden), S=young(survivor), O=old, HS=humongous(starts), HC=humongous(continues), CS=collection set, F=free, TAMS=top-at-mark-start, PB=parsable bottom
|   0|0x0000000080000000, 0x0000000080100000, 0x0000000080100000|100%|HS|  |TAMS 0x0000000080000000| PB 0x0000000080000000| Complete 
|   1|0x0000000080100000, 0x0000000080200000, 0x0000000080200000|100%|HC|  |TAMS 0x0000000080100000| PB 0x0000000080100000| Complete 
|   2|0x0000000080200000, 0x0000000080300000, 0x0000000080300000|100%|HC|  |TAMS 0x0000000080200000| PB 0x0000000080200000| Complete 
|   3|0x0000000080300000, 0x0000000080400000, 0x0000000080400000|100%|HC|  |TAMS 0x0000000080300000| PB 0x0000000080300000| Complete 
|   4|0x0000000080400000, 0x0000000080500000, 0x0000000080500000|100%| O|  |TAMS 0x0000000080400000| PB 0x0000000080400000| Untracked 
|   5|0x0000000080500000, 0x0000000080600000, 0x0000000080600000|100%| O|  |TAMS 0x0000000080500000| PB 0x0000000080500000| Untracked 
|   6|0x0000000080600000, 0x0000000080700000, 0x0000000080700000|100%| O|  |TAMS 0x0000000080600000| PB 0x0000000080600000| Untracked 
|   7|0x0000000080700000, 0x0000000080800000, 0x0000000080800000|100%| O|  |TAMS 0x0000000080700000| PB 0x0000000080700000| Untracked 
|   8|0x0000000080800000, 0x0000000080900000, 0x0000000080900000|100%|HS|  |TAMS 0x0000000080800000| PB 0x0000000080800000| Complete 
|   9|0x0000000080900000, 0x0000000080a00000, 0x0000000080a00000|100%| O|  |TAMS 0x0000000080900000| PB 0x0000000080900000| Untracked 
|  10|0x0000000080a00000, 0x0000000080b00000, 0x0000000080b00000|100%| O|  |TAMS 0x0000000080a00000| PB 0x0000000080a00000| Untracked 
|  11|0x0000000080b00000, 0x0000000080c00000, 0x0000000080c00000|100%| O|  |TAMS 0x0000000080b00000| PB 0x0000000080b00000| Untracked 
|  12|0x0000000080c00000, 0x0000000080d00000, 0x0000000080d00000|100%| O|  |TAMS 0x0000000080c00000| PB 0x0000000080c00000| Untracked 
|  13|0x0000000080d00000, 0x0000000080e00000, 0x0000000080e00000|100%| O|  |TAMS 0x0000000080d00000| PB 0x0000000080d00000| Untracked 
|  14|0x0000000080e00000, 0x0000000080f00000, 0x0000000080f00000|100%| O|  |TAMS 0x0000000080e00000| PB 0x0000000080e00000| Untracked 
|  15|0x0000000080f00000, 0x0000000081000000, 0x0000000081000000|100%| O|  |TAMS 0x0000000080f00000| PB 0x0000000080f00000| Untracked 
|  16|0x0000000081000000, 0x0000000081100000, 0x0000000081100000|100%| O|  |TAMS 0x0000000081000000| PB 0x0000000081000000| Untracked 
|  17|0x0000000081100000, 0x0000000081200000, 0x0000000081200000|100%| O|  |TAMS 0x0000000081100000| PB 0x0000000081100000| Untracked 
|  18|0x0000000081200000, 0x0000000081300000, 0x0000000081300000|100%| O|  |TAMS 0x0000000081200000| PB 0x0000000081200000| Untracked 
|  19|0x0000000081300000, 0x0000000081400000, 0x0000000081400000|100%| O|  |TAMS 0x0000000081300000| PB 0x0000000081300000| Untracked 
|  20|0x0000000081400000, 0x0000000081500000, 0x0000000081500000|100%| O|  |TAMS 0x0000000081400000| PB 0x0000000081400000| Untracked 
|  21|0x0000000081500000, 0x0000000081600000, 0x0000000081600000|100%| O|  |TAMS 0x0000000081500000| PB 0x0000000081500000| Untracked 
|  22|0x0000000081600000, 0x0000000081700000, 0x0000000081700000|100%| O|  |TAMS 0x0000000081600000| PB 0x0000000081600000| Untracked 
|  23|0x0000000081700000, 0x0000000081800000, 0x0000000081800000|100%| O|  |TAMS 0x0000000081700000| PB 0x0000000081700000| Untracked 
|  24|0x0000000081800000, 0x0000000081900000, 0x0000000081900000|100%| O|  |TAMS 0x0000000081800000| PB 0x0000000081800000| Untracked 
|  25|0x0000000081900000, 0x0000000081a00000, 0x0000000081a00000|100%| O|  |TAMS 0x0000000081900000| PB 0x0000000081900000| Untracked 
|  26|0x0000000081a00000, 0x0000000081b00000, 0x0000000081b00000|100%| O|  |TAMS 0x0000000081a00000| PB 0x0000000081a00000| Untracked 
|  27|0x0000000081b00000, 0x0000000081c00000, 0x0000000081c00000|100%| O|  |TAMS 0x0000000081b00000| PB 0x0000000081b00000| Untracked 
|  28|0x0000000081c00000, 0x0000000081d00000, 0x0000000081d00000|100%| O|  |TAMS 0x0000000081c00000| PB 0x0000000081c00000| Untracked 
|  29|0x0000000081d00000, 0x0000000081e00000, 0x0000000081e00000|100%| O|  |TAMS 0x0000000081d00000| PB 0x0000000081d00000| Untracked 
|  30|0x0000000081e00000, 0x0000000081f00000, 0x0000000081f00000|100%| O|  |TAMS 0x0000000081e00000| PB 0x0000000081e00000| Untracked 
|  31|0x0000000081f00000, 0x0000000082000000, 0x0000000082000000|100%| O|  |TAMS 0x0000000081f00000| PB 0x0000000081f00000| Untracked 
|  32|0x0000000082000000, 0x0000000082100000, 0x0000000082100000|100%| O|  |TAMS 0x0000000082000000| PB 0x0000000082000000| Untracked 
|  33|0x0000000082100000, 0x0000000082200000, 0x0000000082200000|100%| O|  |TAMS 0x0000000082100000| PB 0x0000000082100000| Untracked 
|  34|0x0000000082200000, 0x0000000082300000, 0x0000000082300000|100%| O|  |TAMS 0x0000000082200000| PB 0x0000000082200000| Untracked 
|  35|0x0000000082300000, 0x0000000082400000, 0x0000000082400000|100%| O|  |TAMS 0x0000000082300000| PB 0x0000000082300000| Untracked 
|  36|0x0000000082400000, 0x0000000082500000, 0x0000000082500000|100%| O|  |TAMS 0x0000000082400000| PB 0x0000000082400000| Untracked 
|  37|0x0000000082500000, 0x0000000082600000, 0x0000000082600000|100%| O|  |TAMS 0x0000000082500000| PB 0x0000000082500000| Untracked 
|  38|0x0000000082600000, 0x0000000082700000, 0x0000000082700000|100%| O|  |TAMS 0x0000000082600000| PB 0x0000000082600000| Untracked 
|  39|0x0000000082700000, 0x0000000082800000, 0x0000000082800000|100%| O|  |TAMS 0x0000000082700000| PB 0x0000000082700000| Untracked 
|  40|0x0000000082800000, 0x0000000082900000, 0x0000000082900000|100%| O|  |TAMS 0x0000000082800000| PB 0x0000000082800000| Untracked 
|  41|0x0000000082900000, 0x0000000082a00000, 0x0000000082a00000|100%| O|  |TAMS 0x0000000082900000| PB 0x0000000082900000| Untracked 
|  42|0x0000000082a00000, 0x0000000082b00000, 0x0000000082b00000|100%| O|  |TAMS 0x0000000082a00000| PB 0x0000000082a00000| Untracked 
|  43|0x0000000082b00000, 0x0000000082c00000, 0x0000000082c00000|100%| O|  |TAMS 0x0000000082b00000| PB 0x0000000082b00000| Untracked 
|  44|0x0000000082c00000, 0x0000000082d00000, 0x0000000082d00000|100%| O|  |TAMS 0x0000000082c00000| PB 0x0000000082c00000| Untracked 
|  45|0x0000000082d00000, 0x0000000082e00000, 0x0000000082e00000|100%| O|  |TAMS 0x0000000082d00000| PB 0x0000000082d00000| Untracked 
|  46|0x0000000082e00000, 0x0000000082e00000, 0x0000000082f00000|  0%| F|  |TAMS 0x0000000082e00000| PB 0x0000000082e00000| Untracked 
|  47|0x0000000082f00000, 0x0000000083000000, 0x0000000083000000|100%| O|  |TAMS 0x0000000082f00000| PB 0x0000000082f00000| Untracked 
|  48|0x0000000083000000, 0x0000000083100000, 0x0000000083100000|100%| O|  |TAMS 0x0000000083000000| PB 0x0000000083000000| Untracked 
|  49|0x0000000083100000, 0x0000000083200000, 0x0000000083200000|100%|HS|  |TAMS 0x0000000083100000| PB 0x0000000083100000| Complete 
|  50|0x0000000083200000, 0x0000000083300000, 0x0000000083300000|100%|HS|  |TAMS 0x0000000083200000| PB 0x0000000083200000| Complete 
|  51|0x0000000083300000, 0x0000000083400000, 0x0000000083400000|100%| O|  |TAMS 0x0000000083300000| PB 0x0000000083300000| Untracked 
|  52|0x0000000083400000, 0x0000000083500000, 0x0000000083500000|100%| O|  |TAMS 0x0000000083400000| PB 0x0000000083400000| Untracked 
|  53|0x0000000083500000, 0x0000000083600000, 0x0000000083600000|100%| O|  |TAMS 0x0000000083500000| PB 0x0000000083500000| Untracked 
|  54|0x0000000083600000, 0x0000000083700000, 0x0000000083700000|100%| O|  |TAMS 0x0000000083600000| PB 0x0000000083600000| Untracked 
|  55|0x0000000083700000, 0x0000000083800000, 0x0000000083800000|100%| O|  |TAMS 0x0000000083700000| PB 0x0000000083700000| Untracked 
|  56|0x0000000083800000, 0x0000000083900000, 0x0000000083900000|100%| O|  |TAMS 0x0000000083800000| PB 0x0000000083800000| Untracked 
|  57|0x0000000083900000, 0x0000000083a00000, 0x0000000083a00000|100%| O|  |TAMS 0x0000000083900000| PB 0x0000000083900000| Untracked 
|  58|0x0000000083a00000, 0x0000000083b00000, 0x0000000083b00000|100%| O|  |TAMS 0x0000000083a00000| PB 0x0000000083a00000| Untracked 
|  59|0x0000000083b00000, 0x0000000083c00000, 0x0000000083c00000|100%| O|  |TAMS 0x0000000083b00000| PB 0x0000000083b00000| Untracked 
|  60|0x0000000083c00000, 0x0000000083d00000, 0x0000000083d00000|100%| O|  |TAMS 0x0000000083c00000| PB 0x0000000083c00000| Untracked 
|  61|0x0000000083d00000, 0x0000000083e00000, 0x0000000083e00000|100%| O|  |TAMS 0x0000000083d00000| PB 0x0000000083d00000| Untracked 
|  62|0x0000000083e00000, 0x0000000083f00000, 0x0000000083f00000|100%| O|  |TAMS 0x0000000083e00000| PB 0x0000000083e00000| Untracked 
|  63|0x0000000083f00000, 0x0000000084000000, 0x0000000084000000|100%| O|  |TAMS 0x0000000083f00000| PB 0x0000000083f00000| Untracked 
|  64|0x0000000084000000, 0x0000000084100000, 0x0000000084100000|100%| O|  |TAMS 0x0000000084000000| PB 0x0000000084000000| Untracked 
|  65|0x0000000084100000, 0x0000000084200000, 0x0000000084200000|100%| O|  |TAMS 0x0000000084100000| PB 0x0000000084100000| Untracked 
|  66|0x0000000084200000, 0x0000000084300000, 0x0000000084300000|100%| O|  |TAMS 0x0000000084200000| PB 0x0000000084200000| Untracked 
|  67|0x0000000084300000, 0x0000000084400000, 0x0000000084400000|100%| O|  |TAMS 0x0000000084300000| PB 0x0000000084300000| Untracked 
|  68|0x0000000084400000, 0x0000000084500000, 0x0000000084500000|100%| O|  |TAMS 0x0000000084400000| PB 0x0000000084400000| Untracked 
|  69|0x0000000084500000, 0x0000000084600000, 0x0000000084600000|100%| O|  |TAMS 0x0000000084500000| PB 0x0000000084500000| Untracked 
|  70|0x0000000084600000, 0x0000000084700000, 0x0000000084700000|100%| O|  |TAMS 0x0000000084600000| PB 0x0000000084600000| Untracked 
|  71|0x0000000084700000, 0x0000000084700000, 0x0000000084800000|  0%| F|  |TAMS 0x0000000084700000| PB 0x0000000084700000| Untracked 
|  72|0x0000000084800000, 0x0000000084900000, 0x0000000084900000|100%| O|  |TAMS 0x0000000084800000| PB 0x0000000084800000| Untracked 
|  73|0x0000000084900000, 0x0000000084a00000, 0x0000000084a00000|100%| O|  |TAMS 0x0000000084900000| PB 0x0000000084900000| Untracked 
|  74|0x0000000084a00000, 0x0000000084b00000, 0x0000000084b00000|100%| O|  |TAMS 0x0000000084a00000| PB 0x0000000084a00000| Untracked 
|  75|0x0000000084b00000, 0x0000000084c00000, 0x0000000084c00000|100%| O|  |TAMS 0x0000000084b00000| PB 0x0000000084b00000| Untracked 
|  76|0x0000000084c00000, 0x0000000084d00000, 0x0000000084d00000|100%| O|  |TAMS 0x0000000084c00000| PB 0x0000000084c00000| Untracked 
|  77|0x0000000084d00000, 0x0000000084e00000, 0x0000000084e00000|100%| O|  |TAMS 0x0000000084d00000| PB 0x0000000084d00000| Untracked 
|  78|0x0000000084e00000, 0x0000000084e00000, 0x0000000084f00000|  0%| F|  |TAMS 0x0000000084e00000| PB 0x0000000084e00000| Untracked 
|  79|0x0000000084f00000, 0x0000000084f00000, 0x0000000085000000|  0%| F|  |TAMS 0x0000000084f00000| PB 0x0000000084f00000| Untracked 
|  80|0x0000000085000000, 0x0000000085000000, 0x0000000085100000|  0%| F|  |TAMS 0x0000000085000000| PB 0x0000000085000000| Untracked 
|  81|0x0000000085100000, 0x0000000085100000, 0x0000000085200000|  0%| F|  |TAMS 0x0000000085100000| PB 0x0000000085100000| Untracked 
|  82|0x0000000085200000, 0x0000000085200000, 0x0000000085300000|  0%| F|  |TAMS 0x0000000085200000| PB 0x0000000085200000| Untracked 
|  83|0x0000000085300000, 0x0000000085300000, 0x0000000085400000|  0%| F|  |TAMS 0x0000000085300000| PB 0x0000000085300000| Untracked 
|  84|0x0000000085400000, 0x0000000085500000, 0x0000000085500000|100%| O|  |TAMS 0x0000000085400000| PB 0x0000000085400000| Untracked 
|  85|0x0000000085500000, 0x0000000085600000, 0x0000000085600000|100%| S|CS|TAMS 0x0000000085500000| PB 0x0000000085500000| Complete 
|  86|0x0000000085600000, 0x0000000085700000, 0x0000000085700000|100%| S|CS|TAMS 0x0000000085600000| PB 0x0000000085600000| Complete 
|  87|0x0000000085700000, 0x0000000085800000, 0x0000000085800000|100%| S|CS|TAMS 0x0000000085700000| PB 0x0000000085700000| Complete 
|  88|0x0000000085800000, 0x0000000085900000, 0x0000000085900000|100%| S|CS|TAMS 0x0000000085800000| PB 0x0000000085800000| Complete 
|  89|0x0000000085900000, 0x0000000085a00000, 0x0000000085a00000|100%| S|CS|TAMS 0x0000000085900000| PB 0x0000000085900000| Complete 
|  90|0x0000000085a00000, 0x0000000085a00000, 0x0000000085b00000|  0%| F|  |TAMS 0x0000000085a00000| PB 0x0000000085a00000| Untracked 
|  91|0x0000000085b00000, 0x0000000085b00000, 0x0000000085c00000|  0%| F|  |TAMS 0x0000000085b00000| PB 0x0000000085b00000| Untracked 
|  92|0x0000000085c00000, 0x0000000085c00000, 0x0000000085d00000|  0%| F|  |TAMS 0x0000000085c00000| PB 0x0000000085c00000| Untracked 
|  93|0x0000000085d00000, 0x0000000085d00000, 0x0000000085e00000|  0%| F|  |TAMS 0x0000000085d00000| PB 0x0000000085d00000| Untracked 
|  94|0x0000000085e00000, 0x0000000085e00000, 0x0000000085f00000|  0%| F|  |TAMS 0x0000000085e00000| PB 0x0000000085e00000| Untracked 
|  95|0x0000000085f00000, 0x0000000085f00000, 0x0000000086000000|  0%| F|  |TAMS 0x0000000085f00000| PB 0x0000000085f00000| Untracked 
|  96|0x0000000086000000, 0x0000000086000000, 0x0000000086100000|  0%| F|  |TAMS 0x0000000086000000| PB 0x0000000086000000| Untracked 
|  97|0x0000000086100000, 0x0000000086100000, 0x0000000086200000|  0%| F|  |TAMS 0x0000000086100000| PB 0x0000000086100000| Untracked 
|  98|0x0000000086200000, 0x0000000086200000, 0x0000000086300000|  0%| F|  |TAMS 0x0000000086200000| PB 0x0000000086200000| Untracked 
|  99|0x0000000086300000, 0x0000000086300000, 0x0000000086400000|  0%| F|  |TAMS 0x0000000086300000| PB 0x0000000086300000| Untracked 
| 100|0x0000000086400000, 0x0000000086400000, 0x0000000086500000|  0%| F|  |TAMS 0x0000000086400000| PB 0x0000000086400000| Untracked 
| 101|0x0000000086500000, 0x0000000086500000, 0x0000000086600000|  0%| F|  |TAMS 0x0000000086500000| PB 0x0000000086500000| Untracked 
| 102|0x0000000086600000, 0x0000000086600000, 0x0000000086700000|  0%| F|  |TAMS 0x0000000086600000| PB 0x0000000086600000| Untracked 
| 103|0x0000000086700000, 0x0000000086700000, 0x0000000086800000|  0%| F|  |TAMS 0x0000000086700000| PB 0x0000000086700000| Untracked 
| 104|0x0000000086800000, 0x0000000086800000, 0x0000000086900000|  0%| F|  |TAMS 0x0000000086800000| PB 0x0000000086800000| Untracked 
| 105|0x0000000086900000, 0x0000000086900000, 0x0000000086a00000|  0%| F|  |TAMS 0x0000000086900000| PB 0x0000000086900000| Untracked 
| 106|0x0000000086a00000, 0x0000000086a00000, 0x0000000086b00000|  0%| F|  |TAMS 0x0000000086a00000| PB 0x0000000086a00000| Untracked 
| 107|0x0000000086b00000, 0x0000000086b00000, 0x0000000086c00000|  0%| F|  |TAMS 0x0000000086b00000| PB 0x0000000086b00000| Untracked 
| 108|0x0000000086c00000, 0x0000000086c00000, 0x0000000086d00000|  0%| F|  |TAMS 0x0000000086c00000| PB 0x0000000086c00000| Untracked 
| 109|0x0000000086d00000, 0x0000000086d00000, 0x0000000086e00000|  0%| F|  |TAMS 0x0000000086d00000| PB 0x0000000086d00000| Untracked 
| 110|0x0000000086e00000, 0x0000000086e00000, 0x0000000086f00000|  0%| F|  |TAMS 0x0000000086e00000| PB 0x0000000086e00000| Untracked 
| 111|0x0000000086f00000, 0x0000000086f00000, 0x0000000087000000|  0%| F|  |TAMS 0x0000000086f00000| PB 0x0000000086f00000| Untracked 
| 112|0x0000000087000000, 0x0000000087000000, 0x0000000087100000|  0%| F|  |TAMS 0x0000000087000000| PB 0x0000000087000000| Untracked 
| 113|0x0000000087100000, 0x0000000087100000, 0x0000000087200000|  0%| F|  |TAMS 0x0000000087100000| PB 0x0000000087100000| Untracked 
| 114|0x0000000087200000, 0x0000000087200000, 0x0000000087300000|  0%| F|  |TAMS 0x0000000087200000| PB 0x0000000087200000| Untracked 
| 115|0x0000000087300000, 0x0000000087300000, 0x0000000087400000|  0%| F|  |TAMS 0x0000000087300000| PB 0x0000000087300000| Untracked 
| 116|0x0000000087400000, 0x0000000087400000, 0x0000000087500000|  0%| F|  |TAMS 0x0000000087400000| PB 0x0000000087400000| Untracked 
| 117|0x0000000087500000, 0x0000000087500000, 0x0000000087600000|  0%| F|  |TAMS 0x0000000087500000| PB 0x0000000087500000| Untracked 
| 118|0x0000000087600000, 0x0000000087600000, 0x0000000087700000|  0%| F|  |TAMS 0x0000000087600000| PB 0x0000000087600000| Untracked 
| 119|0x0000000087700000, 0x0000000087700000, 0x0000000087800000|  0%| F|  |TAMS 0x0000000087700000| PB 0x0000000087700000| Untracked 
| 120|0x0000000087800000, 0x0000000087800000, 0x0000000087900000|  0%| F|  |TAMS 0x0000000087800000| PB 0x0000000087800000| Untracked 
| 121|0x0000000087900000, 0x0000000087900000, 0x0000000087a00000|  0%| F|  |TAMS 0x0000000087900000| PB 0x0000000087900000| Untracked 
| 122|0x0000000087a00000, 0x0000000087a00000, 0x0000000087b00000|  0%| F|  |TAMS 0x0000000087a00000| PB 0x0000000087a00000| Untracked 
| 123|0x0000000087b00000, 0x0000000087b00000, 0x0000000087c00000|  0%| F|  |TAMS 0x0000000087b00000| PB 0x0000000087b00000| Untracked 
| 124|0x0000000087c00000, 0x0000000087c00000, 0x0000000087d00000|  0%| F|  |TAMS 0x0000000087c00000| PB 0x0000000087c00000| Untracked 
| 125|0x0000000087d00000, 0x0000000087d00000, 0x0000000087e00000|  0%| F|  |TAMS 0x0000000087d00000| PB 0x0000000087d00000| Untracked 
| 126|0x0000000087e00000, 0x0000000087e00000, 0x0000000087f00000|  0%| F|  |TAMS 0x0000000087e00000| PB 0x0000000087e00000| Untracked 
| 127|0x0000000087f00000, 0x0000000087f00000, 0x0000000088000000|  0%| F|  |TAMS 0x0000000087f00000| PB 0x0000000087f00000| Untracked 
| 128|0x0000000088000000, 0x0000000088000000, 0x0000000088100000|  0%| F|  |TAMS 0x0000000088000000| PB 0x0000000088000000| Untracked 
| 129|0x0000000088100000, 0x0000000088100000, 0x0000000088200000|  0%| F|  |TAMS 0x0000000088100000| PB 0x0000000088100000| Untracked 
| 130|0x0000000088200000, 0x0000000088200000, 0x0000000088300000|  0%| F|  |TAMS 0x0000000088200000| PB 0x0000000088200000| Untracked 
| 131|0x0000000088300000, 0x0000000088300000, 0x0000000088400000|  0%| F|  |TAMS 0x0000000088300000| PB 0x0000000088300000| Untracked 
| 132|0x0000000088400000, 0x0000000088400000, 0x0000000088500000|  0%| F|  |TAMS 0x0000000088400000| PB 0x0000000088400000| Untracked 
| 133|0x0000000088500000, 0x0000000088500000, 0x0000000088600000|  0%| F|  |TAMS 0x0000000088500000| PB 0x0000000088500000| Untracked 
| 134|0x0000000088600000, 0x0000000088600000, 0x0000000088700000|  0%| F|  |TAMS 0x0000000088600000| PB 0x0000000088600000| Untracked 
| 135|0x0000000088700000, 0x0000000088700000, 0x0000000088800000|  0%| F|  |TAMS 0x0000000088700000| PB 0x0000000088700000| Untracked 
| 136|0x0000000088800000, 0x0000000088800000, 0x0000000088900000|  0%| F|  |TAMS 0x0000000088800000| PB 0x0000000088800000| Untracked 
| 137|0x0000000088900000, 0x0000000088900000, 0x0000000088a00000|  0%| F|  |TAMS 0x0000000088900000| PB 0x0000000088900000| Untracked 
| 138|0x0000000088a00000, 0x0000000088a00000, 0x0000000088b00000|  0%| F|  |TAMS 0x0000000088a00000| PB 0x0000000088a00000| Untracked 
| 139|0x0000000088b00000, 0x0000000088b00000, 0x0000000088c00000|  0%| F|  |TAMS 0x0000000088b00000| PB 0x0000000088b00000| Untracked 
| 140|0x0000000088c00000, 0x0000000088c00000, 0x0000000088d00000|  0%| F|  |TAMS 0x0000000088c00000| PB 0x0000000088c00000| Untracked 
| 141|0x0000000088d00000, 0x0000000088d00000, 0x0000000088e00000|  0%| F|  |TAMS 0x0000000088d00000| PB 0x0000000088d00000| Untracked 
| 142|0x0000000088e00000, 0x0000000088e00000, 0x0000000088f00000|  0%| F|  |TAMS 0x0000000088e00000| PB 0x0000000088e00000| Untracked 
| 143|0x0000000088f00000, 0x0000000088f00000, 0x0000000089000000|  0%| F|  |TAMS 0x0000000088f00000| PB 0x0000000088f00000| Untracked 
| 144|0x0000000089000000, 0x0000000089000000, 0x0000000089100000|  0%| F|  |TAMS 0x0000000089000000| PB 0x0000000089000000| Untracked 
| 145|0x0000000089100000, 0x0000000089100000, 0x0000000089200000|  0%| F|  |TAMS 0x0000000089100000| PB 0x0000000089100000| Untracked 
| 146|0x0000000089200000, 0x0000000089200000, 0x0000000089300000|  0%| F|  |TAMS 0x0000000089200000| PB 0x0000000089200000| Untracked 
| 147|0x0000000089300000, 0x0000000089300000, 0x0000000089400000|  0%| F|  |TAMS 0x0000000089300000| PB 0x0000000089300000| Untracked 
| 148|0x0000000089400000, 0x0000000089400000, 0x0000000089500000|  0%| F|  |TAMS 0x0000000089400000| PB 0x0000000089400000| Untracked 
| 149|0x0000000089500000, 0x0000000089500000, 0x0000000089600000|  0%| F|  |TAMS 0x0000000089500000| PB 0x0000000089500000| Untracked 
| 150|0x0000000089600000, 0x0000000089600000, 0x0000000089700000|  0%| F|  |TAMS 0x0000000089600000| PB 0x0000000089600000| Untracked 
| 151|0x0000000089700000, 0x0000000089700000, 0x0000000089800000|  0%| F|  |TAMS 0x0000000089700000| PB 0x0000000089700000| Untracked 
| 152|0x0000000089800000, 0x0000000089800000, 0x0000000089900000|  0%| F|  |TAMS 0x0000000089800000| PB 0x0000000089800000| Untracked 
| 153|0x0000000089900000, 0x0000000089900000, 0x0000000089a00000|  0%| F|  |TAMS 0x0000000089900000| PB 0x0000000089900000| Untracked 
| 154|0x0000000089a00000, 0x0000000089a00000, 0x0000000089b00000|  0%| F|  |TAMS 0x0000000089a00000| PB 0x0000000089a00000| Untracked 
| 155|0x0000000089b00000, 0x0000000089b00000, 0x0000000089c00000|  0%| F|  |TAMS 0x0000000089b00000| PB 0x0000000089b00000| Untracked 
| 156|0x0000000089c00000, 0x0000000089c00000, 0x0000000089d00000|  0%| F|  |TAMS 0x0000000089c00000| PB 0x0000000089c00000| Untracked 
| 157|0x0000000089d00000, 0x0000000089d00000, 0x0000000089e00000|  0%| F|  |TAMS 0x0000000089d00000| PB 0x0000000089d00000| Untracked 
| 158|0x0000000089e00000, 0x0000000089e00000, 0x0000000089f00000|  0%| F|  |TAMS 0x0000000089e00000| PB 0x0000000089e00000| Untracked 
| 159|0x0000000089f00000, 0x0000000089f00000, 0x000000008a000000|  0%| F|  |TAMS 0x0000000089f00000| PB 0x0000000089f00000| Untracked 
| 160|0x000000008a000000, 0x000000008a000000, 0x000000008a100000|  0%| F|  |TAMS 0x000000008a000000| PB 0x000000008a000000| Untracked 
| 161|0x000000008a100000, 0x000000008a100000, 0x000000008a200000|  0%| F|  |TAMS 0x000000008a100000| PB 0x000000008a100000| Untracked 
| 162|0x000000008a200000, 0x000000008a200000, 0x000000008a300000|  0%| F|  |TAMS 0x000000008a200000| PB 0x000000008a200000| Untracked 
| 163|0x000000008a300000, 0x000000008a300000, 0x000000008a400000|  0%| F|  |TAMS 0x000000008a300000| PB 0x000000008a300000| Untracked 
| 164|0x000000008a400000, 0x000000008a400000, 0x000000008a500000|  0%| F|  |TAMS 0x000000008a400000| PB 0x000000008a400000| Untracked 
| 165|0x000000008a500000, 0x000000008a500000, 0x000000008a600000|  0%| F|  |TAMS 0x000000008a500000| PB 0x000000008a500000| Untracked 
| 166|0x000000008a600000, 0x000000008a600000, 0x000000008a700000|  0%| F|  |TAMS 0x000000008a600000| PB 0x000000008a600000| Untracked 
| 167|0x000000008a700000, 0x000000008a700000, 0x000000008a800000|  0%| F|  |TAMS 0x000000008a700000| PB 0x000000008a700000| Untracked 
| 168|0x000000008a800000, 0x000000008a800000, 0x000000008a900000|  0%| F|  |TAMS 0x000000008a800000| PB 0x000000008a800000| Untracked 
| 169|0x000000008a900000, 0x000000008a900000, 0x000000008aa00000|  0%| F|  |TAMS 0x000000008a900000| PB 0x000000008a900000| Untracked 
| 170|0x000000008aa00000, 0x000000008aa00000, 0x000000008ab00000|  0%| F|  |TAMS 0x000000008aa00000| PB 0x000000008aa00000| Untracked 
| 171|0x000000008ab00000, 0x000000008ab00000, 0x000000008ac00000|  0%| F|  |TAMS 0x000000008ab00000| PB 0x000000008ab00000| Untracked 
| 172|0x000000008ac00000, 0x000000008ac00000, 0x000000008ad00000|  0%| F|  |TAMS 0x000000008ac00000| PB 0x000000008ac00000| Untracked 
| 173|0x000000008ad00000, 0x000000008ad00000, 0x000000008ae00000|  0%| F|  |TAMS 0x000000008ad00000| PB 0x000000008ad00000| Untracked 
| 174|0x000000008ae00000, 0x000000008af00000, 0x000000008af00000|100%| S|CS|TAMS 0x000000008ae00000| PB 0x000000008ae00000| Complete 
| 175|0x000000008af00000, 0x000000008b000000, 0x000000008b000000|100%| S|CS|TAMS 0x000000008af00000| PB 0x000000008af00000| Complete 
| 176|0x000000008b000000, 0x000000008b100000, 0x000000008b100000|100%| S|CS|TAMS 0x000000008b000000| PB 0x000000008b000000| Complete 
| 177|0x000000008b100000, 0x000000008b200000, 0x000000008b200000|100%| S|CS|TAMS 0x000000008b100000| PB 0x000000008b100000| Complete 
| 178|0x000000008b200000, 0x000000008b300000, 0x000000008b300000|100%| S|CS|TAMS 0x000000008b200000| PB 0x000000008b200000| Complete 
| 179|0x000000008b300000, 0x000000008b400000, 0x000000008b400000|100%| S|CS|TAMS 0x000000008b300000| PB 0x000000008b300000| Complete 
| 180|0x000000008b400000, 0x000000008b500000, 0x000000008b500000|100%| S|CS|TAMS 0x000000008b400000| PB 0x000000008b400000| Complete 
|2034|0x00000000ff200000, 0x00000000ff22ed70, 0x00000000ff300000| 18%| O|  |TAMS 0x00000000ff200000| PB 0x00000000ff200000| Untracked 
|2035|0x00000000ff300000, 0x00000000ff400000, 0x00000000ff400000|100%| O|  |TAMS 0x00000000ff300000| PB 0x00000000ff300000| Untracked 
|2036|0x00000000ff400000, 0x00000000ff500000, 0x00000000ff500000|100%| O|  |TAMS 0x00000000ff400000| PB 0x00000000ff400000| Untracked 
|2037|0x00000000ff500000, 0x00000000ff600000, 0x00000000ff600000|100%| O|  |TAMS 0x00000000ff500000| PB 0x00000000ff500000| Untracked 
|2038|0x00000000ff600000, 0x00000000ff700000, 0x00000000ff700000|100%| O|  |TAMS 0x00000000ff600000| PB 0x00000000ff600000| Untracked 
|2039|0x00000000ff700000, 0x00000000ff800000, 0x00000000ff800000|100%| O|  |TAMS 0x00000000ff700000| PB 0x00000000ff700000| Untracked 
|2040|0x00000000ff800000, 0x00000000ff900000, 0x00000000ff900000|100%| O|  |TAMS 0x00000000ff800000| PB 0x00000000ff800000| Untracked 
|2041|0x00000000ff900000, 0x00000000ffa00000, 0x00000000ffa00000|100%| O|  |TAMS 0x00000000ff900000| PB 0x00000000ff900000| Untracked 
|2042|0x00000000ffa00000, 0x00000000ffb00000, 0x00000000ffb00000|100%| O|  |TAMS 0x00000000ffa00000| PB 0x00000000ffa00000| Untracked 
|2043|0x00000000ffb00000, 0x00000000ffb00000, 0x00000000ffc00000|  0%| F|  |TAMS 0x00000000ffb00000| PB 0x00000000ffb00000| Untracked 
|2044|0x00000000ffc00000, 0x00000000ffc00000, 0x00000000ffd00000|  0%| F|  |TAMS 0x00000000ffc00000| PB 0x00000000ffc00000| Untracked 
|2045|0x00000000ffd00000, 0x00000000ffe00000, 0x00000000ffe00000|100%| O|  |TAMS 0x00000000ffd00000| PB 0x00000000ffd00000| Untracked 
|2046|0x00000000ffe00000, 0x00000000fff00000, 0x00000000fff00000|100%| O|  |TAMS 0x00000000ffe00000| PB 0x00000000ffe00000| Untracked 
|2047|0x00000000fff00000, 0x0000000100000000, 0x0000000100000000|100%| O|  |TAMS 0x00000000fff00000| PB 0x00000000fff00000| Untracked 

Card table byte_map: [0x000001f5ad780000,0x000001f5adb80000] _byte_map_base: 0x000001f5ad380000

Marking Bits: (CMBitMap*) 0x000001f59b1d7840
 Bits: [0x000001f5adb80000, 0x000001f5afb80000)

Polling page: 0x000001f598f80000

Metaspace:

Usage:
  Non-class:     53.06 MB used.
      Class:      8.70 MB used.
       Both:     61.75 MB used.

Virtual space:
  Non-class space:       64.00 MB reserved,      53.88 MB ( 84%) committed,  1 nodes.
      Class space:      416.00 MB reserved,       9.50 MB (  2%) committed,  1 nodes.
             Both:      480.00 MB reserved,      63.38 MB ( 13%) committed. 

Chunk freelists:
   Non-Class:  9.70 MB
       Class:  6.47 MB
        Both:  16.17 MB

MaxMetaspaceSize: 512.00 MB
CompressedClassSpaceSize: 416.00 MB
Initial GC threshold: 21.00 MB
Current GC threshold: 105.56 MB
CDS: on
 - commit_granule_bytes: 65536.
 - commit_granule_words: 8192.
 - virtual_space_node_default_size: 8388608.
 - enlarge_chunks_in_place: 1.
 - use_allocation_guard: 0.


Internal statistics:

num_allocs_failed_limit: 9.
num_arena_births: 3018.
num_arena_deaths: 2.
num_vsnodes_births: 2.
num_vsnodes_deaths: 0.
num_space_committed: 1014.
num_space_uncommitted: 0.
num_chunks_returned_to_freelist: 13.
num_chunks_taken_from_freelist: 5711.
num_chunk_merges: 6.
num_chunk_splits: 3738.
num_chunks_enlarged: 2336.
num_inconsistent_stats: 0.

CodeHeap 'non-profiled nmethods': size=120000Kb used=5388Kb max_used=5891Kb free=114612Kb
 bounds [0x000001f5a5e50000, 0x000001f5a6420000, 0x000001f5ad380000]
CodeHeap 'profiled nmethods': size=120000Kb used=14785Kb max_used=16332Kb free=105214Kb
 bounds [0x000001f59e380000, 0x000001f59f380000, 0x000001f5a58b0000]
CodeHeap 'non-nmethods': size=5760Kb used=2894Kb max_used=2957Kb free=2865Kb
 bounds [0x000001f5a58b0000, 0x000001f5a5ba0000, 0x000001f5a5e50000]
CodeCache: size=245760Kb, used=23067Kb, max_used=25180Kb, free=222691Kb
 total_blobs=9252, nmethods=8324, adapters=832, full_count=0
Compilation: enabled, stopped_count=0, restarted_count=0

Compilation events (20 events):
Event: 57.730 Thread 0x000001f5b206d210 10291       3       org.gradle.internal.time.DefaultTimer::<init> (14 bytes)
Event: 57.730 Thread 0x000001f5b206d210 nmethod 10291 0x000001f59f1f0090 code [0x000001f59f1f0260, 0x000001f59f1f05d0]
Event: 57.770 Thread 0x000001f5b206d210 10292       3       org.gradle.api.internal.provider.ValueState::finalizeOnReadIfNeeded (23 bytes)
Event: 57.771 Thread 0x000001f5b206d210 nmethod 10292 0x000001f59f1ef990 code [0x000001f59f1efb60, 0x000001f59f1eff18]
Event: 57.772 Thread 0x000001f5b2068e40 10293       4       sun.security.provider.ByteArrayAccess::i2bLittle (33 bytes)
Event: 57.777 Thread 0x000001f5b2068e40 nmethod 10293 0x000001f5a6181790 code [0x000001f5a6181920, 0x000001f5a6181b90]
Event: 57.783 Thread 0x000001f5b206d210 10294   !   3       org.gradle.internal.operations.DefaultBuildOperationQueue$WorkerRunnable::getNextOperation (51 bytes)
Event: 57.784 Thread 0x000001f5b206d210 nmethod 10294 0x000001f59e75f410 code [0x000001f59e75f680, 0x000001f59e7601b8]
Event: 57.784 Thread 0x000001f5b206d210 10295       3       java.util.LinkedList::pollFirst (19 bytes)
Event: 57.784 Thread 0x000001f5b206d210 nmethod 10295 0x000001f59e75f010 code [0x000001f59e75f1c0, 0x000001f59e75f358]
Event: 57.795 Thread 0x000001f5b206d210 10296       3       org.gradle.api.internal.provider.Providers$FixedValueProvider::calculateOwnValue (8 bytes)
Event: 57.795 Thread 0x000001f5b206d210 nmethod 10296 0x000001f59e75e890 code [0x000001f59e75ea60, 0x000001f59e75ee98]
Event: 57.799 Thread 0x000001f5b206d210 10297       3       org.gradle.api.internal.artifacts.transform.TransformExecutionResult$Builder$ProducedExecutionOutput::resolveForWorkspace (13 bytes)
Event: 57.800 Thread 0x000001f5b206d210 nmethod 10297 0x000001f59e94f510 code [0x000001f59e94f720, 0x000001f59e94fdc0]
Event: 57.800 Thread 0x000001f5b206d210 10298       3       org.gradle.api.internal.artifacts.transform.TransformExecutionResult$Builder$ProducedExecutionOutput::resolveForWorkspaceDirectly (13 bytes)
Event: 57.800 Thread 0x000001f5b206d210 nmethod 10298 0x000001f59e94f110 code [0x000001f59e94f2c0, 0x000001f59e94f470]
Event: 57.800 Thread 0x000001f5b206d210 10299       3       org.gradle.api.internal.artifacts.transform.TransformExecutionResult$Builder$ProducedExecutionOutput$$Lambda/0x000001f5b493ded8::<init> (10 bytes)
Event: 57.800 Thread 0x000001f5b206d210 nmethod 10299 0x000001f59e94ed10 code [0x000001f59e94eec0, 0x000001f59e94f078]
Event: 57.800 Thread 0x000001f5b206d210 10300       3       com.google.common.collect.ImmutableSortedMap::entrySet (5 bytes)
Event: 57.801 Thread 0x000001f5b206d210 nmethod 10300 0x000001f59eb1f610 code [0x000001f59eb1f840, 0x000001f59eb20108]

GC Heap History (20 events):
Event: 52.021 GC heap after
{Heap after GC invocations=35 (full 0):
 garbage-first heap   total 142336K, used 78215K [0x0000000080000000, 0x0000000100000000)
  region size 1024K, 5 young (5120K), 5 survivors (5120K)
 Metaspace       used 62970K, committed 64640K, reserved 491520K
  class space    used 8903K, committed 9728K, reserved 425984K
}
Event: 52.555 GC heap before
{Heap before GC invocations=35 (full 0):
 garbage-first heap   total 142336K, used 132487K [0x0000000080000000, 0x0000000100000000)
  region size 1024K, 60 young (61440K), 5 survivors (5120K)
 Metaspace       used 62987K, committed 64640K, reserved 491520K
  class space    used 8903K, committed 9728K, reserved 425984K
}
Event: 52.563 GC heap after
{Heap after GC invocations=36 (full 0):
 garbage-first heap   total 143360K, used 78063K [0x0000000080000000, 0x0000000100000000)
  region size 1024K, 5 young (5120K), 5 survivors (5120K)
 Metaspace       used 62987K, committed 64640K, reserved 491520K
  class space    used 8903K, committed 9728K, reserved 425984K
}
Event: 52.796 GC heap before
{Heap before GC invocations=36 (full 0):
 garbage-first heap   total 143360K, used 100591K [0x0000000080000000, 0x0000000100000000)
  region size 1024K, 29 young (29696K), 5 survivors (5120K)
 Metaspace       used 63004K, committed 64704K, reserved 491520K
  class space    used 8903K, committed 9728K, reserved 425984K
}
Event: 52.801 GC heap after
{Heap after GC invocations=37 (full 0):
 garbage-first heap   total 178176K, used 79075K [0x0000000080000000, 0x0000000100000000)
  region size 1024K, 4 young (4096K), 4 survivors (4096K)
 Metaspace       used 63004K, committed 64704K, reserved 491520K
  class space    used 8903K, committed 9728K, reserved 425984K
}
Event: 53.317 GC heap before
{Heap before GC invocations=38 (full 0):
 garbage-first heap   total 178176K, used 167139K [0x0000000080000000, 0x0000000100000000)
  region size 1024K, 90 young (92160K), 4 survivors (4096K)
 Metaspace       used 63010K, committed 64704K, reserved 491520K
  class space    used 8903K, committed 9728K, reserved 425984K
}
Event: 53.324 GC heap after
{Heap after GC invocations=39 (full 0):
 garbage-first heap   total 178176K, used 82053K [0x0000000080000000, 0x0000000100000000)
  region size 1024K, 6 young (6144K), 6 survivors (6144K)
 Metaspace       used 63010K, committed 64704K, reserved 491520K
  class space    used 8903K, committed 9728K, reserved 425984K
}
Event: 54.064 GC heap before
{Heap before GC invocations=39 (full 0):
 garbage-first heap   total 178176K, used 167045K [0x0000000080000000, 0x0000000100000000)
  region size 1024K, 90 young (92160K), 6 survivors (6144K)
 Metaspace       used 63043K, committed 64768K, reserved 491520K
  class space    used 8904K, committed 9728K, reserved 425984K
}
Event: 54.073 GC heap after
{Heap after GC invocations=40 (full 0):
 garbage-first heap   total 179200K, used 84085K [0x0000000080000000, 0x0000000100000000)
  region size 1024K, 8 young (8192K), 8 survivors (8192K)
 Metaspace       used 63043K, committed 64768K, reserved 491520K
  class space    used 8904K, committed 9728K, reserved 425984K
}
Event: 55.203 GC heap before
{Heap before GC invocations=40 (full 0):
 garbage-first heap   total 179200K, used 168053K [0x0000000080000000, 0x0000000100000000)
  region size 1024K, 91 young (93184K), 8 survivors (8192K)
 Metaspace       used 63081K, committed 64832K, reserved 491520K
  class space    used 8904K, committed 9728K, reserved 425984K
}
Event: 55.213 GC heap after
{Heap after GC invocations=41 (full 0):
 garbage-first heap   total 179200K, used 84676K [0x0000000080000000, 0x0000000100000000)
  region size 1024K, 8 young (8192K), 8 survivors (8192K)
 Metaspace       used 63081K, committed 64832K, reserved 491520K
  class space    used 8904K, committed 9728K, reserved 425984K
}
Event: 55.871 GC heap before
{Heap before GC invocations=42 (full 0):
 garbage-first heap   total 179200K, used 167620K [0x0000000080000000, 0x0000000100000000)
  region size 1024K, 91 young (93184K), 8 survivors (8192K)
 Metaspace       used 63105K, committed 64832K, reserved 491520K
  class space    used 8904K, committed 9728K, reserved 425984K
}
Event: 55.880 GC heap after
{Heap after GC invocations=43 (full 0):
 garbage-first heap   total 181248K, used 87278K [0x0000000080000000, 0x0000000100000000)
  region size 1024K, 9 young (9216K), 9 survivors (9216K)
 Metaspace       used 63105K, committed 64832K, reserved 491520K
  class space    used 8904K, committed 9728K, reserved 425984K
}
Event: 56.427 GC heap before
{Heap before GC invocations=43 (full 0):
 garbage-first heap   total 181248K, used 170222K [0x0000000080000000, 0x0000000100000000)
  region size 1024K, 90 young (92160K), 9 survivors (9216K)
 Metaspace       used 63143K, committed 64832K, reserved 491520K
  class space    used 8904K, committed 9728K, reserved 425984K
}
Event: 56.435 GC heap after
{Heap after GC invocations=44 (full 0):
 garbage-first heap   total 184320K, used 88086K [0x0000000080000000, 0x0000000100000000)
  region size 1024K, 8 young (8192K), 8 survivors (8192K)
 Metaspace       used 63143K, committed 64832K, reserved 491520K
  class space    used 8904K, committed 9728K, reserved 425984K
}
Event: 56.861 GC heap before
{Heap before GC invocations=44 (full 0):
 garbage-first heap   total 184320K, used 162838K [0x0000000080000000, 0x0000000100000000)
  region size 1024K, 83 young (84992K), 8 survivors (8192K)
 Metaspace       used 63174K, committed 64896K, reserved 491520K
  class space    used 8904K, committed 9728K, reserved 425984K
}
Event: 56.868 GC heap after
{Heap after GC invocations=45 (full 0):
 garbage-first heap   total 184320K, used 90111K [0x0000000080000000, 0x0000000100000000)
  region size 1024K, 8 young (8192K), 8 survivors (8192K)
 Metaspace       used 63174K, committed 64896K, reserved 491520K
  class space    used 8904K, committed 9728K, reserved 425984K
}
Event: 57.163 GC heap before
{Heap before GC invocations=46 (full 0):
 garbage-first heap   total 184320K, used 174079K [0x0000000080000000, 0x0000000100000000)
  region size 1024K, 90 young (92160K), 8 survivors (8192K)
 Metaspace       used 63186K, committed 64896K, reserved 491520K
  class space    used 8904K, committed 9728K, reserved 425984K
}
Event: 57.171 GC heap after
{Heap after GC invocations=47 (full 0):
 garbage-first heap   total 186368K, used 89242K [0x0000000080000000, 0x0000000100000000)
  region size 1024K, 8 young (8192K), 8 survivors (8192K)
 Metaspace       used 63186K, committed 64896K, reserved 491520K
  class space    used 8904K, committed 9728K, reserved 425984K
}
Event: 57.809 GC heap before
{Heap before GC invocations=47 (full 0):
 garbage-first heap   total 186368K, used 176282K [0x0000000080000000, 0x0000000100000000)
  region size 1024K, 92 young (94208K), 8 survivors (8192K)
 Metaspace       used 63233K, committed 64896K, reserved 491520K
  class space    used 8904K, committed 9728K, reserved 425984K
}

Dll operation events (14 events):
Event: 0.017 Loaded shared library C:\Users\AFIS\.antigravity-ide\extensions\redhat.java-1.55.0-win32-x64\jre\21.0.11-win32-x86_64\bin\java.dll
Event: 0.231 Loaded shared library C:\Users\AFIS\.antigravity-ide\extensions\redhat.java-1.55.0-win32-x64\jre\21.0.11-win32-x86_64\bin\zip.dll
Event: 0.281 Loaded shared library C:\Users\AFIS\.antigravity-ide\extensions\redhat.java-1.55.0-win32-x64\jre\21.0.11-win32-x86_64\bin\instrument.dll
Event: 0.288 Loaded shared library C:\Users\AFIS\.antigravity-ide\extensions\redhat.java-1.55.0-win32-x64\jre\21.0.11-win32-x86_64\bin\net.dll
Event: 0.291 Loaded shared library C:\Users\AFIS\.antigravity-ide\extensions\redhat.java-1.55.0-win32-x64\jre\21.0.11-win32-x86_64\bin\nio.dll
Event: 0.297 Loaded shared library C:\Users\AFIS\.antigravity-ide\extensions\redhat.java-1.55.0-win32-x64\jre\21.0.11-win32-x86_64\bin\zip.dll
Event: 0.669 Loaded shared library C:\Users\AFIS\.antigravity-ide\extensions\redhat.java-1.55.0-win32-x64\jre\21.0.11-win32-x86_64\bin\jimage.dll
Event: 0.985 Loaded shared library C:\Users\AFIS\.antigravity-ide\extensions\redhat.java-1.55.0-win32-x64\jre\21.0.11-win32-x86_64\bin\verify.dll
Event: 1.350 Loaded shared library C:\Users\AFIS\.gradle\native\c067742578af261105cb4f569cf0c3c89f3d7b1fecec35dd04571415982c5e48\windows-amd64\native-platform.dll
Event: 1.367 Loaded shared library C:\Users\AFIS\.gradle\native\100fb08df4bc3b14c8652ba06237920a3bd2aa13389f12d3474272988ae205f9\windows-amd64\native-platform-file-events.dll
Event: 3.402 Loaded shared library C:\Users\AFIS\.antigravity-ide\extensions\redhat.java-1.55.0-win32-x64\jre\21.0.11-win32-x86_64\bin\management.dll
Event: 3.406 Loaded shared library C:\Users\AFIS\.antigravity-ide\extensions\redhat.java-1.55.0-win32-x64\jre\21.0.11-win32-x86_64\bin\management_ext.dll
Event: 3.940 Loaded shared library C:\Users\AFIS\.antigravity-ide\extensions\redhat.java-1.55.0-win32-x64\jre\21.0.11-win32-x86_64\bin\extnet.dll
Event: 4.472 Loaded shared library C:\Users\AFIS\.antigravity-ide\extensions\redhat.java-1.55.0-win32-x64\jre\21.0.11-win32-x86_64\bin\sunmscapi.dll

Deoptimization events (20 events):
Event: 56.569 Thread 0x000001f5d37bf790 Uncommon trap: trap_request=0xffffffde fr.pc=0x000001f5a5f5d488 relative=0x00000000000001c8
Event: 56.569 Thread 0x000001f5d37bf790 Uncommon trap: reason=class_check action=maybe_recompile pc=0x000001f5a5f5d488 method=java.nio.ByteBuffer.putBuffer(ILjava/nio/ByteBuffer;II)V @ 1 c2
Event: 56.569 Thread 0x000001f5d37bf790 DEOPT PACKING pc=0x000001f5a5f5d488 sp=0x0000008a5c6fd3a0
Event: 56.569 Thread 0x000001f5d37bf790 DEOPT UNPACKING pc=0x000001f5a5907ba2 sp=0x0000008a5c6fd358 mode 2
Event: 57.070 Thread 0x000001f5d37c1ef0 Uncommon trap: trap_request=0xffffff45 fr.pc=0x000001f5a620133c relative=0x000000000000025c
Event: 57.070 Thread 0x000001f5d37c1ef0 Uncommon trap: reason=unstable_if action=reinterpret pc=0x000001f5a620133c method=com.esotericsoftware.kryo.io.Output.writeString(Ljava/lang/CharSequence;)V @ 83 c2
Event: 57.070 Thread 0x000001f5d37c1ef0 DEOPT PACKING pc=0x000001f5a620133c sp=0x0000008a5c4fb5c0
Event: 57.070 Thread 0x000001f5d37c1ef0 DEOPT UNPACKING pc=0x000001f5a5907ba2 sp=0x0000008a5c4fb4e8 mode 2
Event: 57.202 Thread 0x000001f5d37c1ef0 Uncommon trap: trap_request=0xffffff45 fr.pc=0x000001f5a62cc5ec relative=0x000000000000026c
Event: 57.202 Thread 0x000001f5d37c1ef0 Uncommon trap: reason=unstable_if action=reinterpret pc=0x000001f5a62cc5ec method=com.esotericsoftware.kryo.io.Output.writeString(Ljava/lang/CharSequence;)V @ 83 c2
Event: 57.202 Thread 0x000001f5d37c1ef0 DEOPT PACKING pc=0x000001f5a62cc5ec sp=0x0000008a5c4fb650
Event: 57.202 Thread 0x000001f5d37c1ef0 DEOPT UNPACKING pc=0x000001f5a5907ba2 sp=0x0000008a5c4fb5e0 mode 2
Event: 57.218 Thread 0x000001f5d37c1ef0 DEOPT PACKING pc=0x000001f59ecab831 sp=0x0000008a5c4fb7e0
Event: 57.218 Thread 0x000001f5d37c1ef0 DEOPT UNPACKING pc=0x000001f5a59086e2 sp=0x0000008a5c4faca8 mode 0
Event: 57.331 Thread 0x000001f5d21530f0 DEOPT PACKING pc=0x000001f59e4ae562 sp=0x0000008a5c7fb080
Event: 57.331 Thread 0x000001f5d21530f0 DEOPT UNPACKING pc=0x000001f5a59086e2 sp=0x0000008a5c7fa540 mode 0
Event: 57.634 Thread 0x000001f5d21530f0 Uncommon trap: trap_request=0xffffff45 fr.pc=0x000001f5a638129c relative=0x00000000000003dc
Event: 57.634 Thread 0x000001f5d21530f0 Uncommon trap: reason=unstable_if action=reinterpret pc=0x000001f5a638129c method=java.util.concurrent.ConcurrentLinkedQueue.offer(Ljava/lang/Object;)Z @ 96 c2
Event: 57.634 Thread 0x000001f5d21530f0 DEOPT PACKING pc=0x000001f5a638129c sp=0x0000008a5c7fa8c0
Event: 57.634 Thread 0x000001f5d21530f0 DEOPT UNPACKING pc=0x000001f5a5907ba2 sp=0x0000008a5c7fa858 mode 2

Classes loaded (20 events):
Event: 44.834 Loading class jdk/internal/reflect/ClassFileAssembler
Event: 44.835 Loading class jdk/internal/reflect/ClassFileAssembler done
Event: 44.835 Loading class jdk/internal/reflect/UTF8
Event: 44.836 Loading class jdk/internal/reflect/UTF8 done
Event: 44.836 Loading class jdk/internal/reflect/Label
Event: 44.837 Loading class jdk/internal/reflect/Label done
Event: 44.837 Loading class jdk/internal/reflect/Label$PatchInfo
Event: 44.837 Loading class jdk/internal/reflect/Label$PatchInfo done
Event: 44.837 Loading class jdk/internal/reflect/MethodAccessorGenerator$1
Event: 44.837 Loading class jdk/internal/reflect/MethodAccessorGenerator$1 done
Event: 44.837 Loading class jdk/internal/reflect/ClassDefiner
Event: 44.837 Loading class jdk/internal/reflect/ClassDefiner done
Event: 44.837 Loading class jdk/internal/reflect/ClassDefiner$1
Event: 44.838 Loading class jdk/internal/reflect/ClassDefiner$1 done
Event: 44.839 Loading class jdk/internal/reflect/SerializationConstructorAccessorImpl
Event: 44.839 Loading class jdk/internal/reflect/SerializationConstructorAccessorImpl done
Event: 45.319 Loading class java/util/zip/ZipFile$ZipEntryIterator
Event: 45.321 Loading class java/util/zip/ZipFile$ZipEntryIterator done
Event: 45.337 Loading class java/util/zip/ZipInputStream
Event: 45.338 Loading class java/util/zip/ZipInputStream done

Classes unloaded (4 events):
Event: 31.395 Thread 0x000001f5b2037ef0 Unloading class 0x000001f5b476d000 '_BuildScript_$_run_closure1$_closure3'
Event: 31.395 Thread 0x000001f5b2037ef0 Unloading class 0x000001f5b476c930 '_BuildScript_$_run_closure1$_closure2'
Event: 31.395 Thread 0x000001f5b2037ef0 Unloading class 0x000001f5b476c540 '_BuildScript_$_run_closure1'
Event: 31.395 Thread 0x000001f5b2037ef0 Unloading class 0x000001f5b476c000 '_BuildScript_'

Classes redefined (0 events):
No events

Internal exceptions (20 events):
Event: 30.214 Thread 0x000001f5d2ff9500 Exception <a 'java/lang/NoSuchMethodError'{0x0000000083cb5f68}: 'void java.lang.invoke.DirectMethodHandle$Holder.invokeStatic(java.lang.Object, java.lang.Object, java.lang.Object, int, java.lang.Object)'> (0x0000000083cb5f68) 
thrown [s\src\hotspot\share\interpreter\linkResolver.cpp, line 773]
Event: 30.438 Thread 0x000001f5d37c0b40 Implicit null exception at 0x000001f5a5f35ff9 to 0x000001f5a5f36024
Event: 30.552 Thread 0x000001f5d37bf100 Exception <a 'sun/nio/fs/WindowsException'{0x00000000837e58b8}> (0x00000000837e58b8) 
thrown [s\src\hotspot\share\prims\jni.cpp, line 520]
Event: 32.570 Thread 0x000001f5d37c0b40 Exception <a 'java/lang/NoSuchMethodError'{0x0000000085e49148}: 'java.lang.Object java.lang.invoke.DirectMethodHandle$Holder.invokeStaticInit(java.lang.Object, java.lang.Object, java.lang.Object, java.lang.Object, java.lang.Object)'> (0x0000000085e49148) 
thrown [s\src\hotspot\share\interpreter\linkResolver.cpp, line 773]
Event: 32.570 Thread 0x000001f5d37c0b40 Exception <a 'java/lang/NoSuchMethodError'{0x0000000085e4cf90}: 'java.lang.Object java.lang.invoke.Invokers$Holder.invoke_MT(java.lang.Object, java.lang.Object, java.lang.Object, java.lang.Object, java.lang.Object, java.lang.Object)'> (0x0000000085e4cf90) 
thrown [s\src\hotspot\share\interpreter\linkResolver.cpp, line 773]
Event: 32.572 Thread 0x000001f5d37c0b40 Exception <a 'java/lang/NoSuchMethodError'{0x0000000085e89ab8}: 'int java.lang.invoke.DirectMethodHandle$Holder.invokeStaticInit(java.lang.Object, java.lang.Object, java.lang.Object, java.lang.Object, java.lang.Object)'> (0x0000000085e89ab8) 
thrown [s\src\hotspot\share\interpreter\linkResolver.cpp, line 773]
Event: 32.572 Thread 0x000001f5d37c0b40 Exception <a 'java/lang/NoSuchMethodError'{0x0000000085e8d818}: 'int java.lang.invoke.DirectMethodHandle$Holder.invokeStaticInit(java.lang.Object, int)'> (0x0000000085e8d818) 
thrown [s\src\hotspot\share\interpreter\linkResolver.cpp, line 773]
Event: 32.574 Thread 0x000001f5d37c0b40 Exception <a 'java/lang/NoSuchMethodError'{0x0000000085e95070}: 'int java.lang.invoke.DirectMethodHandle$Holder.invokeStaticInit(java.lang.Object, java.lang.Object, java.lang.Object, java.lang.Object, java.lang.Object, java.lang.Object)'> (0x0000000085e95070) 
thrown [s\src\hotspot\share\interpreter\linkResolver.cpp, line 773]
Event: 32.582 Thread 0x000001f5d37c0b40 Exception <a 'java/lang/NoSuchMethodError'{0x0000000085ec8400}: 'java.lang.Object java.lang.invoke.DirectMethodHandle$Holder.invokeStatic(java.lang.Object, int, java.lang.Object, java.lang.Object)'> (0x0000000085ec8400) 
thrown [s\src\hotspot\share\interpreter\linkResolver.cpp, line 773]
Event: 32.583 Thread 0x000001f5d37c0b40 Exception <a 'java/lang/NoSuchMethodError'{0x0000000085ecc750}: 'java.lang.Object java.lang.invoke.DirectMethodHandle$Holder.invokeSpecial(java.lang.Object, java.lang.Object, int, java.lang.Object, java.lang.Object)'> (0x0000000085ecc750) 
thrown [s\src\hotspot\share\interpreter\linkResolver.cpp, line 773]
Event: 32.583 Thread 0x000001f5d37c0b40 Exception <a 'java/lang/NoSuchMethodError'{0x0000000085ed0388}: 'java.lang.Object java.lang.invoke.DelegatingMethodHandle$Holder.delegate(java.lang.Object, int, java.lang.Object, java.lang.Object)'> (0x0000000085ed0388) 
thrown [s\src\hotspot\share\interpreter\linkResolver.cpp, line 773]
Event: 32.585 Thread 0x000001f5d37c0b40 Implicit null exception at 0x000001f5a61f4c78 to 0x000001f5a61f5014
Event: 32.589 Thread 0x000001f5d37c0b40 Implicit null exception at 0x000001f5a6032575 to 0x000001f5a6032688
Event: 32.591 Thread 0x000001f5d37c0b40 Exception <a 'java/lang/NoSuchMethodError'{0x0000000085d094d0}: 'int java.lang.invoke.DirectMethodHandle$Holder.invokeSpecial(java.lang.Object, java.lang.Object, int)'> (0x0000000085d094d0) 
thrown [s\src\hotspot\share\interpreter\linkResolver.cpp, line 773]
Event: 32.598 Thread 0x000001f5d37c0b40 Exception <a 'java/lang/NoSuchMethodError'{0x0000000085d11138}: 'int java.lang.invoke.Invokers$Holder.linkToTargetMethod(java.lang.Object, int, java.lang.Object)'> (0x0000000085d11138) 
thrown [s\src\hotspot\share\interpreter\linkResolver.cpp, line 773]
Event: 44.858 Thread 0x000001f5d2ff9500 Exception <a 'java/lang/NoSuchMethodError'{0x0000000083f67068}: 'java.lang.Object java.lang.invoke.DirectMethodHandle$Holder.newInvokeSpecial(java.lang.Object, java.lang.Object, java.lang.Object, java.lang.Object, int, java.lang.Object)'> (0x0000000083f67068) 
thrown [s\src\hotspot\share\interpreter\linkResolver.cpp, line 773]
Event: 44.862 Thread 0x000001f5d2ff9500 Exception <a 'java/lang/NoSuchMethodError'{0x0000000083f6f628}: 'java.lang.Object java.lang.invoke.Invokers$Holder.linkToTargetMethod(java.lang.Object, java.lang.Object, java.lang.Object, int, java.lang.Object, java.lang.Object)'> (0x0000000083f6f628) 
thrown [s\src\hotspot\share\interpreter\linkResolver.cpp, line 773]
Event: 44.903 Thread 0x000001f5d2ff9500 Implicit null exception at 0x000001f5a63d37d0 to 0x000001f5a63d4a3c
Event: 45.330 Thread 0x000001f5d37bf790 Implicit null exception at 0x000001f5a60405e3 to 0x000001f5a6041144
Event: 46.512 Thread 0x000001f5d37bf790 Implicit null exception at 0x000001f5a640faaf to 0x000001f5a640ff0d

ZGC Phase Switch (0 events):
No events

VM Operations (20 events):
Event: 55.466 Executing safepoint VM operation: G1PauseCleanup done
Event: 55.871 Executing safepoint VM operation: G1CollectForAllocation (G1 Evacuation Pause)
Event: 55.871 Executing safepoint VM operation: G1CollectForAllocation (G1 Evacuation Pause) done
Event: 55.871 Executing safepoint VM operation: G1CollectForAllocation (GCLocker Initiated GC)
Event: 55.880 Executing safepoint VM operation: G1CollectForAllocation (GCLocker Initiated GC) done
Event: 56.427 Executing safepoint VM operation: G1CollectForAllocation (G1 Evacuation Pause)
Event: 56.435 Executing safepoint VM operation: G1CollectForAllocation (G1 Evacuation Pause) done
Event: 56.861 Executing safepoint VM operation: G1TryInitiateConcMark (G1 Humongous Allocation)
Event: 56.861 Executing safepoint VM operation: G1TryInitiateConcMark (G1 Humongous Allocation) done
Event: 56.861 Executing safepoint VM operation: G1CollectForAllocation (GCLocker Initiated GC)
Event: 56.868 Executing safepoint VM operation: G1CollectForAllocation (GCLocker Initiated GC) done
Event: 57.046 Executing safepoint VM operation: G1PauseRemark
Event: 57.051 Executing safepoint VM operation: G1PauseRemark done
Event: 57.121 Executing safepoint VM operation: G1PauseCleanup
Event: 57.121 Executing safepoint VM operation: G1PauseCleanup done
Event: 57.162 Executing safepoint VM operation: G1CollectForAllocation (G1 Evacuation Pause)
Event: 57.171 Executing safepoint VM operation: G1CollectForAllocation (G1 Evacuation Pause) done
Event: 57.809 Executing safepoint VM operation: G1CollectForAllocation (G1 Evacuation Pause)
Event: 57.809 Executing safepoint VM operation: G1CollectForAllocation (G1 Evacuation Pause) done
Event: 57.809 Executing safepoint VM operation: G1CollectForAllocation (GCLocker Initiated GC)

Memory protections (0 events):
No events

Nmethod flushes (20 events):
Event: 55.400 Thread 0x000001f5b2037ef0 flushing  nmethod 0x000001f59eb02290
Event: 55.400 Thread 0x000001f5b2037ef0 flushing  nmethod 0x000001f59ee17110
Event: 57.050 Thread 0x000001f5b2037ef0 flushing  nmethod 0x000001f59e8d1210
Event: 57.050 Thread 0x000001f5b2037ef0 flushing  nmethod 0x000001f59ee29d10
Event: 57.050 Thread 0x000001f5b2037ef0 flushing  nmethod 0x000001f59ef15b10
Event: 57.050 Thread 0x000001f5b2037ef0 flushing  nmethod 0x000001f59f187990
Event: 57.050 Thread 0x000001f5b2037ef0 flushing  nmethod 0x000001f59e416910
Event: 57.050 Thread 0x000001f5b2037ef0 flushing  nmethod 0x000001f59ea41610
Event: 57.050 Thread 0x000001f5b2037ef0 flushing  nmethod 0x000001f59ea75410
Event: 57.050 Thread 0x000001f5b2037ef0 flushing  nmethod 0x000001f59f03d710
Event: 57.050 Thread 0x000001f5b2037ef0 flushing  nmethod 0x000001f5a6181790
Event: 57.050 Thread 0x000001f5b2037ef0 flushing  nmethod 0x000001f59e516f10
Event: 57.050 Thread 0x000001f5b2037ef0 flushing  nmethod 0x000001f59e5dd710
Event: 57.050 Thread 0x000001f5b2037ef0 flushing  nmethod 0x000001f59e910610
Event: 57.050 Thread 0x000001f5b2037ef0 flushing  nmethod 0x000001f59eafb090
Event: 57.050 Thread 0x000001f5b2037ef0 flushing  nmethod 0x000001f59ef96310
Event: 57.050 Thread 0x000001f5b2037ef0 flushing  nmethod 0x000001f59e73b010
Event: 57.050 Thread 0x000001f5b2037ef0 flushing  nmethod 0x000001f59eb04f90
Event: 57.050 Thread 0x000001f5b2037ef0 flushing  nmethod 0x000001f59ec61990
Event: 57.050 Thread 0x000001f5b2037ef0 flushing  nmethod 0x000001f59f06cc90

Events (20 events):
Event: 25.167 Thread 0x000001f5b206d210 Thread added: 0x000001f5d694e030
Event: 26.285 Thread 0x000001f5d694e030 Thread exited: 0x000001f5d694e030
Event: 26.620 Thread 0x000001f5b206d210 Thread added: 0x000001f5b21f0bf0
Event: 27.457 Thread 0x000001f5b21f0bf0 Thread exited: 0x000001f5b21f0bf0
Event: 30.328 Thread 0x000001f5d2ff9500 Thread added: 0x000001f5d37c0b40
Event: 30.328 Thread 0x000001f5d2ff9500 Thread added: 0x000001f5d37bfe20
Event: 30.329 Thread 0x000001f5d2ff9500 Thread added: 0x000001f5d37bf100
Event: 30.637 Thread 0x000001f5b206d210 Thread added: 0x000001f5d6adc9e0
Event: 30.972 Thread 0x000001f5d6adc9e0 Thread exited: 0x000001f5d6adc9e0
Event: 30.999 Thread 0x000001f5b206d210 Thread added: 0x000001f5d4734430
Event: 33.352 Thread 0x000001f5d4734430 Thread exited: 0x000001f5d4734430
Event: 45.182 Thread 0x000001f5d2ff9500 Thread added: 0x000001f5d37c1ef0
Event: 45.189 Thread 0x000001f5d2ff9500 Thread added: 0x000001f5d37bf790
Event: 45.434 Thread 0x000001f5d2ff9500 Thread added: 0x000001f5d21530f0
Event: 46.750 Thread 0x000001f5b206d210 Thread added: 0x000001f5d3bf7e10
Event: 47.686 Thread 0x000001f5d3bf7e10 Thread exited: 0x000001f5d3bf7e10
Event: 47.719 Thread 0x000001f5b206d210 Thread added: 0x000001f5d3bf7e10
Event: 48.517 Thread 0x000001f5d3bf7e10 Thread exited: 0x000001f5d3bf7e10
Event: 48.619 Thread 0x000001f5b206d210 Thread added: 0x000001f5d3bf7e10
Event: 49.329 Thread 0x000001f5d3bf7e10 Thread exited: 0x000001f5d3bf7e10


Dynamic libraries:
0x00007ff716240000 - 0x00007ff71624e000 	C:\Users\AFIS\.antigravity-ide\extensions\redhat.java-1.55.0-win32-x64\jre\21.0.11-win32-x86_64\bin\java.exe
0x00007ffce87c0000 - 0x00007ffce8a26000 	C:\WINDOWS\SYSTEM32\ntdll.dll
0x00007ffce76e0000 - 0x00007ffce77a9000 	C:\WINDOWS\System32\KERNEL32.DLL
0x00007ffce5a50000 - 0x00007ffce5e4a000 	C:\WINDOWS\System32\KERNELBASE.dll
0x00007ffce6170000 - 0x00007ffce62bc000 	C:\WINDOWS\System32\ucrtbase.dll
0x00007ffcb3740000 - 0x00007ffcb375e000 	C:\Users\AFIS\.antigravity-ide\extensions\redhat.java-1.55.0-win32-x64\jre\21.0.11-win32-x86_64\bin\VCRUNTIME140.dll
0x00007ffcb3760000 - 0x00007ffcb3778000 	C:\Users\AFIS\.antigravity-ide\extensions\redhat.java-1.55.0-win32-x64\jre\21.0.11-win32-x86_64\bin\jli.dll
0x00007ffce66e0000 - 0x00007ffce68a7000 	C:\WINDOWS\System32\USER32.dll
0x00007ffce6500000 - 0x00007ffce6527000 	C:\WINDOWS\System32\win32u.dll
0x00007ffce7ab0000 - 0x00007ffce7adb000 	C:\WINDOWS\System32\GDI32.dll
0x00007ffce5f90000 - 0x00007ffce60bb000 	C:\WINDOWS\System32\gdi32full.dll
0x00007ffce5ee0000 - 0x00007ffce5f83000 	C:\WINDOWS\System32\msvcp_win.dll
0x00007ffcc4700000 - 0x00007ffcc4992000 	C:\WINDOWS\WinSxS\amd64_microsoft.windows.common-controls_6595b64144ccf1df_6.0.26100.8521_none_3e08b75ce33403b3\COMCTL32.dll
0x00007ffce75a0000 - 0x00007ffce7649000 	C:\WINDOWS\System32\msvcrt.dll
0x00007ffce7bd0000 - 0x00007ffce7c02000 	C:\WINDOWS\System32\IMM32.DLL
0x00007ffcb3fc0000 - 0x00007ffcb3fcc000 	C:\Users\AFIS\.antigravity-ide\extensions\redhat.java-1.55.0-win32-x64\jre\21.0.11-win32-x86_64\bin\vcruntime140_1.dll
0x00007ffc29b40000 - 0x00007ffc29bcd000 	C:\Users\AFIS\.antigravity-ide\extensions\redhat.java-1.55.0-win32-x64\jre\21.0.11-win32-x86_64\bin\msvcp140.dll
0x00007ffc20390000 - 0x00007ffc21132000 	C:\Users\AFIS\.antigravity-ide\extensions\redhat.java-1.55.0-win32-x64\jre\21.0.11-win32-x86_64\bin\server\jvm.dll
0x00007ffce8110000 - 0x00007ffce81c6000 	C:\WINDOWS\System32\ADVAPI32.dll
0x00007ffce7a00000 - 0x00007ffce7aaa000 	C:\WINDOWS\System32\sechost.dll
0x00007ffce6530000 - 0x00007ffce6648000 	C:\WINDOWS\System32\RPCRT4.dll
0x00007ffce7650000 - 0x00007ffce76d0000 	C:\WINDOWS\System32\WS2_32.dll
0x00007ffce58b0000 - 0x00007ffce590e000 	C:\WINDOWS\SYSTEM32\POWRPROF.dll
0x00007ffcdb2c0000 - 0x00007ffcdb2f6000 	C:\WINDOWS\SYSTEM32\WINMM.dll
0x00007ffcd35a0000 - 0x00007ffcd35ab000 	C:\WINDOWS\SYSTEM32\VERSION.dll
0x00007ffce5890000 - 0x00007ffce58a4000 	C:\WINDOWS\SYSTEM32\UMPDC.dll
0x00007ffce47e0000 - 0x00007ffce47fb000 	C:\WINDOWS\SYSTEM32\kernel.appcore.dll
0x00007ffccc960000 - 0x00007ffccc96a000 	C:\Users\AFIS\.antigravity-ide\extensions\redhat.java-1.55.0-win32-x64\jre\21.0.11-win32-x86_64\bin\jimage.dll
0x00007ffce30d0000 - 0x00007ffce3312000 	C:\WINDOWS\SYSTEM32\DBGHELP.DLL
0x00007ffce7c40000 - 0x00007ffce7fc3000 	C:\WINDOWS\System32\combase.dll
0x00007ffce7ae0000 - 0x00007ffce7bb9000 	C:\WINDOWS\System32\OLEAUT32.dll
0x00007ffccae20000 - 0x00007ffccae5b000 	C:\WINDOWS\SYSTEM32\dbgcore.DLL
0x00007ffce60c0000 - 0x00007ffce6168000 	C:\WINDOWS\System32\bcryptPrimitives.dll
0x00007ffcb4000000 - 0x00007ffcb400f000 	C:\Users\AFIS\.antigravity-ide\extensions\redhat.java-1.55.0-win32-x64\jre\21.0.11-win32-x86_64\bin\instrument.dll
0x00007ffcb37b0000 - 0x00007ffcb37d0000 	C:\Users\AFIS\.antigravity-ide\extensions\redhat.java-1.55.0-win32-x64\jre\21.0.11-win32-x86_64\bin\java.dll
0x00007ffce6bb0000 - 0x00007ffce7334000 	C:\WINDOWS\System32\SHELL32.dll
0x00007ffce35e0000 - 0x00007ffce3e60000 	C:\WINDOWS\SYSTEM32\windows.storage.dll
0x00007ffce6ab0000 - 0x00007ffce6ba6000 	C:\WINDOWS\System32\SHCORE.dll
0x00007ffce7340000 - 0x00007ffce73a7000 	C:\WINDOWS\System32\shlwapi.dll
0x00007ffce5970000 - 0x00007ffce5999000 	C:\WINDOWS\SYSTEM32\profapi.dll
0x00007ffcb3720000 - 0x00007ffcb3738000 	C:\Users\AFIS\.antigravity-ide\extensions\redhat.java-1.55.0-win32-x64\jre\21.0.11-win32-x86_64\bin\zip.dll
0x00007ffcb3ff0000 - 0x00007ffcb4000000 	C:\Users\AFIS\.antigravity-ide\extensions\redhat.java-1.55.0-win32-x64\jre\21.0.11-win32-x86_64\bin\net.dll
0x00007ffcd5e40000 - 0x00007ffcd5f69000 	C:\WINDOWS\SYSTEM32\WINHTTP.dll
0x00007ffce4d50000 - 0x00007ffce4dbc000 	C:\WINDOWS\system32\mswsock.dll
0x00007ffc70f30000 - 0x00007ffc70f46000 	C:\Users\AFIS\.antigravity-ide\extensions\redhat.java-1.55.0-win32-x64\jre\21.0.11-win32-x86_64\bin\nio.dll
0x00007ffc90b50000 - 0x00007ffc90b60000 	C:\Users\AFIS\.antigravity-ide\extensions\redhat.java-1.55.0-win32-x64\jre\21.0.11-win32-x86_64\bin\verify.dll
0x00007ffcb8360000 - 0x00007ffcb8387000 	C:\Users\AFIS\.gradle\native\c067742578af261105cb4f569cf0c3c89f3d7b1fecec35dd04571415982c5e48\windows-amd64\native-platform.dll
0x00007ffc50070000 - 0x00007ffc501b4000 	C:\Users\AFIS\.gradle\native\100fb08df4bc3b14c8652ba06237920a3bd2aa13389f12d3474272988ae205f9\windows-amd64\native-platform-file-events.dll
0x00007ffc91a20000 - 0x00007ffc91a2a000 	C:\Users\AFIS\.antigravity-ide\extensions\redhat.java-1.55.0-win32-x64\jre\21.0.11-win32-x86_64\bin\management.dll
0x00007ffc906a0000 - 0x00007ffc906ac000 	C:\Users\AFIS\.antigravity-ide\extensions\redhat.java-1.55.0-win32-x64\jre\21.0.11-win32-x86_64\bin\management_ext.dll
0x00007ffce8770000 - 0x00007ffce8778000 	C:\WINDOWS\System32\PSAPI.DLL
0x00007ffce5030000 - 0x00007ffce504b000 	C:\WINDOWS\SYSTEM32\CRYPTSP.dll
0x00007ffce4740000 - 0x00007ffce4779000 	C:\WINDOWS\system32\rsaenh.dll
0x00007ffce4e00000 - 0x00007ffce4e33000 	C:\WINDOWS\SYSTEM32\USERENV.dll
0x00007ffce5940000 - 0x00007ffce596a000 	C:\WINDOWS\SYSTEM32\bcrypt.dll
0x00007ffce5050000 - 0x00007ffce505c000 	C:\WINDOWS\SYSTEM32\CRYPTBASE.dll
0x00007ffce4250000 - 0x00007ffce4283000 	C:\WINDOWS\SYSTEM32\IPHLPAPI.DLL
0x00007ffce7510000 - 0x00007ffce751a000 	C:\WINDOWS\System32\NSI.dll
0x00007ffc8d670000 - 0x00007ffc8d679000 	C:\Users\AFIS\.antigravity-ide\extensions\redhat.java-1.55.0-win32-x64\jre\21.0.11-win32-x86_64\bin\extnet.dll
0x00007ffc8e5f0000 - 0x00007ffc8e5fe000 	C:\Users\AFIS\.antigravity-ide\extensions\redhat.java-1.55.0-win32-x64\jre\21.0.11-win32-x86_64\bin\sunmscapi.dll
0x00007ffce6380000 - 0x00007ffce64f8000 	C:\WINDOWS\System32\CRYPT32.dll
0x00007ffce5250000 - 0x00007ffce5280000 	C:\WINDOWS\SYSTEM32\ncrypt.dll
0x00007ffce5200000 - 0x00007ffce523f000 	C:\WINDOWS\SYSTEM32\NTASN1.dll
0x00007ffc88ab0000 - 0x00007ffc88ab8000 	C:\WINDOWS\system32\wshunix.dll
0x00007ffce4290000 - 0x00007ffce43da000 	C:\WINDOWS\SYSTEM32\DNSAPI.dll
0x00007ffce4b50000 - 0x00007ffce4b5d000 	C:\WINDOWS\SYSTEM32\DSPARSE.dll
0x00007ffcd3790000 - 0x00007ffcd379b000 	C:\Windows\System32\rasadhlp.dll
0x00007ffcd6160000 - 0x00007ffcd61e6000 	C:\WINDOWS\System32\fwpuclnt.dll

JVMTI agents:
C:\Users\AFIS\.gradle\wrapper\dists\gradle-8.9-bin\90cnw93cvbtalezasaz0blq0a\gradle-8.9\lib\agents\gradle-instrumentation-agent-8.9.jar path:C:\Users\AFIS\.antigravity-ide\extensions\redhat.java-1.55.0-win32-x64\jre\21.0.11-win32-x86_64\bin\instrument.dll, loaded, initialized, instrumentlib options:none

dbghelp: loaded successfully - version: 4.0.5 - missing functions: none
symbol engine: initialized successfully - sym options: 0x614 - pdb path: .;C:\Users\AFIS\.antigravity-ide\extensions\redhat.java-1.55.0-win32-x64\jre\21.0.11-win32-x86_64\bin;C:\WINDOWS\SYSTEM32;C:\WINDOWS\WinSxS\amd64_microsoft.windows.common-controls_6595b64144ccf1df_6.0.26100.8521_none_3e08b75ce33403b3;C:\Users\AFIS\.antigravity-ide\extensions\redhat.java-1.55.0-win32-x64\jre\21.0.11-win32-x86_64\bin\server;C:\Users\AFIS\.gradle\native\c067742578af261105cb4f569cf0c3c89f3d7b1fecec35dd04571415982c5e48\windows-amd64;C:\Users\AFIS\.gradle\native\100fb08df4bc3b14c8652ba06237920a3bd2aa13389f12d3474272988ae205f9\windows-amd64

VM Arguments:
jvm_args: -XX:MaxMetaspaceSize=512m -XX:+HeapDumpOnOutOfMemoryError --add-opens=java.base/java.util=ALL-UNNAMED --add-opens=java.base/java.lang=ALL-UNNAMED --add-opens=java.base/java.lang.invoke=ALL-UNNAMED --add-opens=java.prefs/java.util.prefs=ALL-UNNAMED --add-exports=jdk.compiler/com.sun.tools.javac.api=ALL-UNNAMED --add-exports=jdk.compiler/com.sun.tools.javac.util=ALL-UNNAMED --add-opens=java.base/java.nio.charset=ALL-UNNAMED --add-opens=java.base/java.net=ALL-UNNAMED --add-opens=java.base/java.util.concurrent.atomic=ALL-UNNAMED -Xmx2048m -Dfile.encoding=UTF-8 -Duser.country=IN -Duser.language=en -Duser.variant -javaagent:C:\Users\AFIS\.gradle\wrapper\dists\gradle-8.9-bin\90cnw93cvbtalezasaz0blq0a\gradle-8.9\lib\agents\gradle-instrumentation-agent-8.9.jar 
java_command: org.gradle.launcher.daemon.bootstrap.GradleDaemon 8.9
java_class_path (initial): C:\Users\AFIS\.gradle\wrapper\dists\gradle-8.9-bin\90cnw93cvbtalezasaz0blq0a\gradle-8.9\lib\gradle-daemon-main-8.9.jar
Launcher Type: SUN_STANDARD

[Global flags]
     intx CICompilerCount                          = 3                                         {product} {ergonomic}
   size_t CompressedClassSpaceSize                 = 436207616                                 {product} {ergonomic}
     uint ConcGCThreads                            = 1                                         {product} {ergonomic}
     uint G1ConcRefinementThreads                  = 4                                         {product} {ergonomic}
   size_t G1HeapRegionSize                         = 1048576                                   {product} {ergonomic}
    uintx GCDrainStackTargetSize                   = 64                                        {product} {ergonomic}
     bool HeapDumpOnOutOfMemoryError               = true                                   {manageable} {command line}
   size_t InitialHeapSize                          = 130023424                                 {product} {ergonomic}
   size_t MarkStackSize                            = 4194304                                   {product} {ergonomic}
   size_t MaxHeapSize                              = 2147483648                                {product} {command line}
   size_t MaxMetaspaceSize                         = 536870912                                 {product} {command line}
   size_t MaxNewSize                               = 1287651328                                {product} {ergonomic}
   size_t MinHeapDeltaBytes                        = 1048576                                   {product} {ergonomic}
   size_t MinHeapSize                              = 8388608                                   {product} {ergonomic}
    uintx NonNMethodCodeHeapSize                   = 5832780                                {pd product} {ergonomic}
    uintx NonProfiledCodeHeapSize                  = 122912730                              {pd product} {ergonomic}
    uintx ProfiledCodeHeapSize                     = 122912730                              {pd product} {ergonomic}
    uintx ReservedCodeCacheSize                    = 251658240                              {pd product} {ergonomic}
     bool SegmentedCodeCache                       = true                                      {product} {ergonomic}
   size_t SoftMaxHeapSize                          = 2147483648                             {manageable} {ergonomic}
     bool UseCompressedOops                        = true                           {product lp64_product} {ergonomic}
     bool UseG1GC                                  = true                                      {product} {ergonomic}
     bool UseLargePagesIndividualAllocation        = false                                  {pd product} {ergonomic}

Logging:
Log output configuration:
 #0: stdout all=warning uptime,level,tags foldmultilines=false
 #1: stderr all=off uptime,level,tags foldmultilines=false

Release file:
JAVA_VERSION="21.0.11" 
MODULES="java.base java.compiler java.datatransfer java.xml java.prefs java.desktop java.instrument java.logging java.management java.security.sasl java.naming java.rmi java.management.rmi java.net.http java.scripting java.security.jgss java.transaction.xa java.sql java.sql.rowset java.xml.crypto java.se java.smartcardio jdk.accessibility jdk.internal.jvmstat jdk.attach jdk.charsets jdk.internal.opt jdk.zipfs jdk.compiler jdk.crypto.ec jdk.crypto.cryptoki jdk.crypto.mscapi jdk.dynalink jdk.internal.ed jdk.editpad jdk.hotspot.agent jdk.httpserver jdk.internal.le jdk.internal.vm.ci jdk.internal.vm.compiler jdk.internal.vm.compiler.management jdk.jartool jdk.javadoc jdk.jcmd jdk.management jdk.management.agent jdk.jconsole jdk.jdeps jdk.jdwp.agent jdk.jdi jdk.jfr jdk.jshell jdk.jsobject jdk.jstatd jdk.localedata jdk.management.jfr jdk.naming.dns jdk.naming.rmi jdk.net jdk.nio.mapmode jdk.random jdk.sctp jdk.security.auth jdk.security.jgss jdk.unsupported jdk.unsupported.desktop jdk.xml.dom" 

Environment Variables:
JAVA_HOME=C:\Program Files\Eclipse Adoptium\jdk-17.0.18.8-hotspot
PATH=C:\Program Files\Eclipse Adoptium\jdk-17.0.18.8-hotspot\bin;C:\Program Files (x86)\VMware\VMware Workstation\bin\;C:\WINDOWS\system32;C:\WINDOWS;C:\WINDOWS\System32\Wbem;C:\WINDOWS\System32\WindowsPowerShell\v1.0\;C:\WINDOWS\System32\OpenSSH\;C:\Users\AFIS\AppData\Local\Android\Sdk;C:\Program Files\Git\cmd;C:\Program Files\php-8.3.4-Win32-vs16-x64;C:\Program Files\MySQL\MySQL Server 9.0\bin;C:\Program Files\Amazon\AWSCLIV2\;C:\Users\AFIS\Desktop\Flutter\flutter\bin;C:\Program Files\cursor\resources\app\bin;C:\Program Files\SQL Anywhere 17\bin64;C:\Program Files\SQL Anywhere 17\bin32;%NVM_HOME%;%NVM_SYMLINK%;C:\Users\AFIS\AppData\Local\Programs\Python\Python313\Scripts\;C:\Users\AFIS\AppData\Local\Programs\Python\Python313\;C:\Users\AFIS\AppData\Local\Programs\Python\Launcher\;C:\Users\AFIS\AppData\Local\Microsoft\WindowsApps;C:\Users\AFIS\AppData\Local\Programs\Microsoft VS Code\bin;C:\Users\AFIS\AppData\Local\Android\Sdk;C:\Users\AFIS\AppData\Local\GitHubDesktop\bin;C:\Users\AFIS\Desktop\Flutter\flutter\bin;C:\Users\AFIS\AppData\Roaming\npm;C:\Users\AFIS\AppData\Local\Programs\Antigravity\bin;C:\Users\AFIS\AppData\Local\Android\Sdk\platform-tools;C:\Users\AFIS\AppData\Local\Programs\Antigravity IDE\bin;C:\Users\AFIS\AppData\Local\Programs\Kiro\bin;C:\Users\AFIS\AppData\Local\nvm;C:\nvm4w\nodejs
USERNAME=AFIS
OS=Windows_NT
PROCESSOR_IDENTIFIER=Intel64 Family 6 Model 140 Stepping 1, GenuineIntel
TMP=C:\Users\AFIS\AppData\Local\Temp
TEMP=C:\Users\AFIS\AppData\Local\Temp




Periodic native trim disabled

---------------  S Y S T E M  ---------------

OS:
 Windows 11 , 64 bit Build 26100 (10.0.26100.8521)
OS uptime: 8 days 6:46 hours
Hyper-V role detected

CPU: total 4 (initial active 4) (2 cores per cpu, 2 threads per core) family 6 model 140 stepping 1 microcode 0xb4, cx8, cmov, fxsr, ht, mmx, 3dnowpref, sse, sse2, sse3, ssse3, sse4.1, sse4.2, popcnt, lzcnt, tsc, tscinvbit, avx, avx2, aes, erms, clmul, bmi1, bmi2, adx, avx512f, avx512dq, avx512cd, avx512bw, avx512vl, sha, fma, vzeroupper, avx512_vpopcntdq, avx512_vpclmulqdq, avx512_vaes, avx512_vnni, clflush, clflushopt, clwb, avx512_vbmi2, avx512_vbmi, hv, rdtscp, rdpid, fsrm, gfni, avx512_bitalg, f16c, cet_ibt, cet_ss, avx512_ifma
Processor Information for the first 4 processors :
  Max Mhz: 2901, Current Mhz: 2901, Mhz Limit: 2901

Memory: 4k page, system-wide physical 7834M (643M free)
TotalPageFile size 31386M (AvailPageFile size 19M)
current process WorkingSet (physical memory assigned to process): 294M, peak: 303M
current process commit charge ("private bytes"): 409M, peak: 519M

vm_info: OpenJDK 64-Bit Server VM (21.0.11+10-LTS) for windows-amd64 JRE (21.0.11+10-LTS), built on 2026-04-21T00:00:00Z by "admin" with MS VC++ 17.12 (VS2022)

END.
